Archive member included to satisfy reference by file (symbol)

/usr/local/Caskroom/gcc-arm-embedded/9-2019-q4-major/gcc-arm-none-eabi-9-2019-q4-major/bin/../lib/gcc/arm-none-eabi/9.2.1/thumb/v7e-m/nofp/libgcc.a(_aeabi_uldivmod.o)
                              CMakeFiles/testTFTforATKF4.elf.dir/Drivers/STM32F4xx_HAL_Driver/Src/stm32f4xx_hal_rcc.c.obj (__aeabi_uldivmod)
/usr/local/Caskroom/gcc-arm-embedded/9-2019-q4-major/gcc-arm-none-eabi-9-2019-q4-major/bin/../lib/gcc/arm-none-eabi/9.2.1/thumb/v7e-m/nofp/libgcc.a(_udivmoddi4.o)
                              /usr/local/Caskroom/gcc-arm-embedded/9-2019-q4-major/gcc-arm-none-eabi-9-2019-q4-major/bin/../lib/gcc/arm-none-eabi/9.2.1/thumb/v7e-m/nofp/libgcc.a(_aeabi_uldivmod.o) (__udivmoddi4)
/usr/local/Caskroom/gcc-arm-embedded/9-2019-q4-major/gcc-arm-none-eabi-9-2019-q4-major/bin/../lib/gcc/arm-none-eabi/9.2.1/thumb/v7e-m/nofp/libgcc.a(unwind-arm.o)
                              CMakeFiles/testTFTforATKF4.elf.dir/Core/Src/main_cpp.cpp.obj (__aeabi_unwind_cpp_pr0)
/usr/local/Caskroom/gcc-arm-embedded/9-2019-q4-major/gcc-arm-none-eabi-9-2019-q4-major/bin/../lib/gcc/arm-none-eabi/9.2.1/thumb/v7e-m/nofp/libgcc.a(libunwind.o)
                              /usr/local/Caskroom/gcc-arm-embedded/9-2019-q4-major/gcc-arm-none-eabi-9-2019-q4-major/bin/../lib/gcc/arm-none-eabi/9.2.1/thumb/v7e-m/nofp/libgcc.a(unwind-arm.o) (restore_core_regs)
/usr/local/Caskroom/gcc-arm-embedded/9-2019-q4-major/gcc-arm-none-eabi-9-2019-q4-major/bin/../lib/gcc/arm-none-eabi/9.2.1/thumb/v7e-m/nofp/libgcc.a(pr-support.o)
                              /usr/local/Caskroom/gcc-arm-embedded/9-2019-q4-major/gcc-arm-none-eabi-9-2019-q4-major/bin/../lib/gcc/arm-none-eabi/9.2.1/thumb/v7e-m/nofp/libgcc.a(unwind-arm.o) (__gnu_unwind_execute)
/usr/local/Caskroom/gcc-arm-embedded/9-2019-q4-major/gcc-arm-none-eabi-9-2019-q4-major/bin/../lib/gcc/arm-none-eabi/9.2.1/thumb/v7e-m/nofp/libgcc.a(_dvmd_tls.o)
                              /usr/local/Caskroom/gcc-arm-embedded/9-2019-q4-major/gcc-arm-none-eabi-9-2019-q4-major/bin/../lib/gcc/arm-none-eabi/9.2.1/thumb/v7e-m/nofp/libgcc.a(_aeabi_uldivmod.o) (__aeabi_ldiv0)
/usr/local/Caskroom/gcc-arm-embedded/9-2019-q4-major/gcc-arm-none-eabi-9-2019-q4-major/bin/../lib/gcc/arm-none-eabi/9.2.1/../../../../arm-none-eabi/lib/thumb/v7e-m/nofp/libg.a(lib_a-abort.o)
                              /usr/local/Caskroom/gcc-arm-embedded/9-2019-q4-major/gcc-arm-none-eabi-9-2019-q4-major/bin/../lib/gcc/arm-none-eabi/9.2.1/thumb/v7e-m/nofp/libgcc.a(unwind-arm.o) (abort)
/usr/local/Caskroom/gcc-arm-embedded/9-2019-q4-major/gcc-arm-none-eabi-9-2019-q4-major/bin/../lib/gcc/arm-none-eabi/9.2.1/../../../../arm-none-eabi/lib/thumb/v7e-m/nofp/libg.a(lib_a-errno.o)
                              CMakeFiles/testTFTforATKF4.elf.dir/Core/Src/syscalls.c.obj (__errno)
/usr/local/Caskroom/gcc-arm-embedded/9-2019-q4-major/gcc-arm-none-eabi-9-2019-q4-major/bin/../lib/gcc/arm-none-eabi/9.2.1/../../../../arm-none-eabi/lib/thumb/v7e-m/nofp/libg.a(lib_a-exit.o)
                              /usr/local/Caskroom/gcc-arm-embedded/9-2019-q4-major/gcc-arm-none-eabi-9-2019-q4-major/bin/../lib/gcc/arm-none-eabi/9.2.1/../../../../arm-none-eabi/lib/thumb/v7e-m/nofp/crt0.o (exit)
/usr/local/Caskroom/gcc-arm-embedded/9-2019-q4-major/gcc-arm-none-eabi-9-2019-q4-major/bin/../lib/gcc/arm-none-eabi/9.2.1/../../../../arm-none-eabi/lib/thumb/v7e-m/nofp/libg.a(lib_a-impure.o)
                              /usr/local/Caskroom/gcc-arm-embedded/9-2019-q4-major/gcc-arm-none-eabi-9-2019-q4-major/bin/../lib/gcc/arm-none-eabi/9.2.1/../../../../arm-none-eabi/lib/thumb/v7e-m/nofp/libg.a(lib_a-exit.o) (_global_impure_ptr)
/usr/local/Caskroom/gcc-arm-embedded/9-2019-q4-major/gcc-arm-none-eabi-9-2019-q4-major/bin/../lib/gcc/arm-none-eabi/9.2.1/../../../../arm-none-eabi/lib/thumb/v7e-m/nofp/libg.a(lib_a-init.o)
                              /usr/local/Caskroom/gcc-arm-embedded/9-2019-q4-major/gcc-arm-none-eabi-9-2019-q4-major/bin/../lib/gcc/arm-none-eabi/9.2.1/../../../../arm-none-eabi/lib/thumb/v7e-m/nofp/crt0.o (__libc_init_array)
/usr/local/Caskroom/gcc-arm-embedded/9-2019-q4-major/gcc-arm-none-eabi-9-2019-q4-major/bin/../lib/gcc/arm-none-eabi/9.2.1/../../../../arm-none-eabi/lib/thumb/v7e-m/nofp/libg.a(lib_a-memcpy.o)
                              /usr/local/Caskroom/gcc-arm-embedded/9-2019-q4-major/gcc-arm-none-eabi-9-2019-q4-major/bin/../lib/gcc/arm-none-eabi/9.2.1/thumb/v7e-m/nofp/libgcc.a(unwind-arm.o) (memcpy)
/usr/local/Caskroom/gcc-arm-embedded/9-2019-q4-major/gcc-arm-none-eabi-9-2019-q4-major/bin/../lib/gcc/arm-none-eabi/9.2.1/../../../../arm-none-eabi/lib/thumb/v7e-m/nofp/libg.a(lib_a-memset.o)
                              /usr/local/Caskroom/gcc-arm-embedded/9-2019-q4-major/gcc-arm-none-eabi-9-2019-q4-major/bin/../lib/gcc/arm-none-eabi/9.2.1/../../../../arm-none-eabi/lib/thumb/v7e-m/nofp/crt0.o (memset)
[...]
Memory Configuration

Name             Origin             Length             Attributes
RAM              0x0000000020000000 0x0000000000020000 xrw
CCMRAM           0x0000000010000000 0x0000000000010000 xrw
FLASH            0x0000000008000000 0x0000000000080000 xr
*default*        0x0000000000000000 0xffffffffffffffff

Linker script and memory map

LOAD /usr/local/Caskroom/gcc-arm-embedded/9-2019-q4-major/gcc-arm-none-eabi-9-2019-q4-major/bin/../lib/gcc/arm-none-eabi/9.2.1/thumb/v7e-m/nofp/crti.o
LOAD /usr/local/Caskroom/gcc-arm-embedded/9-2019-q4-major/gcc-arm-none-eabi-9-2019-q4-major/bin/../lib/gcc/arm-none-eabi/9.2.1/thumb/v7e-m/nofp/crtbegin.o
LOAD /usr/local/Caskroom/gcc-arm-embedded/9-2019-q4-major/gcc-arm-none-eabi-9-2019-q4-major/bin/../lib/gcc/arm-none-eabi/9.2.1/../../../../arm-none-eabi/lib/thumb/v7e-m/nofp/crt0.o
LOAD CMakeFiles/testTFTforATKF4.elf.dir/Core/Src/fsmc.c.obj
LOAD CMakeFiles/testTFTforATKF4.elf.dir/Core/Src/gpio.c.obj
LOAD CMakeFiles/testTFTforATKF4.elf.dir/Core/Src/i2c.c.obj
LOAD CMakeFiles/testTFTforATKF4.elf.dir/Core/Src/main.c.obj
LOAD CMakeFiles/testTFTforATKF4.elf.dir/Core/Src/main_cpp.cpp.obj
LOAD CMakeFiles/testTFTforATKF4.elf.dir/Core/Src/pic.c.obj
LOAD CMakeFiles/testTFTforATKF4.elf.dir/Core/Src/stm32f4xx_hal_msp.c.obj
LOAD CMakeFiles/testTFTforATKF4.elf.dir/Core/Src/stm32f4xx_it.c.obj
LOAD CMakeFiles/testTFTforATKF4.elf.dir/Core/Src/syscalls.c.obj
LOAD CMakeFiles/testTFTforATKF4.elf.dir/Core/Src/system_stm32f4xx.c.obj
LOAD CMakeFiles/testTFTforATKF4.elf.dir/Core/Src/touch.c.obj
LOAD CMakeFiles/testTFTforATKF4.elf.dir/Core/Src/usart.c.obj
LOAD CMakeFiles/testTFTforATKF4.elf.dir/Drivers/STM32F4xx_HAL_Driver/Src/stm32f4xx_hal.c.obj
LOAD CMakeFiles/testTFTforATKF4.elf.dir/Drivers/STM32F4xx_HAL_Driver/Src/stm32f4xx_hal_cortex.c.obj
LOAD CMakeFiles/testTFTforATKF4.elf.dir/Drivers/STM32F4xx_HAL_Driver/Src/stm32f4xx_hal_dma.c.obj
LOAD CMakeFiles/testTFTforATKF4.elf.dir/Drivers/STM32F4xx_HAL_Driver/Src/stm32f4xx_hal_dma_ex.c.obj
LOAD CMakeFiles/testTFTforATKF4.elf.dir/Drivers/STM32F4xx_HAL_Driver/Src/stm32f4xx_hal_exti.c.obj
LOAD CMakeFiles/testTFTforATKF4.elf.dir/Drivers/STM32F4xx_HAL_Driver/Src/stm32f4xx_hal_flash.c.obj
LOAD CMakeFiles/testTFTforATKF4.elf.dir/Drivers/STM32F4xx_HAL_Driver/Src/stm32f4xx_hal_flash_ex.c.obj
LOAD CMakeFiles/testTFTforATKF4.elf.dir/Drivers/STM32F4xx_HAL_Driver/Src/stm32f4xx_hal_flash_ramfunc.c.obj
LOAD CMakeFiles/testTFTforATKF4.elf.dir/Drivers/STM32F4xx_HAL_Driver/Src/stm32f4xx_hal_gpio.c.obj
LOAD CMakeFiles/testTFTforATKF4.elf.dir/Drivers/STM32F4xx_HAL_Driver/Src/stm32f4xx_hal_i2c.c.obj
LOAD CMakeFiles/testTFTforATKF4.elf.dir/Drivers/STM32F4xx_HAL_Driver/Src/stm32f4xx_hal_i2c_ex.c.obj
LOAD CMakeFiles/testTFTforATKF4.elf.dir/Drivers/STM32F4xx_HAL_Driver/Src/stm32f4xx_hal_pwr.c.obj
LOAD CMakeFiles/testTFTforATKF4.elf.dir/Drivers/STM32F4xx_HAL_Driver/Src/stm32f4xx_hal_pwr_ex.c.obj
LOAD CMakeFiles/testTFTforATKF4.elf.dir/Drivers/STM32F4xx_HAL_Driver/Src/stm32f4xx_hal_rcc.c.obj
LOAD CMakeFiles/testTFTforATKF4.elf.dir/Drivers/STM32F4xx_HAL_Driver/Src/stm32f4xx_hal_rcc_ex.c.obj
LOAD CMakeFiles/testTFTforATKF4.elf.dir/Drivers/STM32F4xx_HAL_Driver/Src/stm32f4xx_hal_sram.c.obj
LOAD CMakeFiles/testTFTforATKF4.elf.dir/Drivers/STM32F4xx_HAL_Driver/Src/stm32f4xx_hal_tim.c.obj
LOAD CMakeFiles/testTFTforATKF4.elf.dir/Drivers/STM32F4xx_HAL_Driver/Src/stm32f4xx_hal_tim_ex.c.obj
LOAD CMakeFiles/testTFTforATKF4.elf.dir/Drivers/STM32F4xx_HAL_Driver/Src/stm32f4xx_hal_uart.c.obj
LOAD CMakeFiles/testTFTforATKF4.elf.dir/Drivers/STM32F4xx_HAL_Driver/Src/stm32f4xx_ll_fsmc.c.obj
LOAD CMakeFiles/testTFTforATKF4.elf.dir/Hardwares/LCD/lcd.c.obj
LOAD CMakeFiles/testTFTforATKF4.elf.dir/startup/startup_stm32f407xx.s.obj
LOAD /usr/local/Caskroom/gcc-arm-embedded/9-2019-q4-major/gcc-arm-none-eabi-9-2019-q4-major/bin/../lib/gcc/arm-none-eabi/9.2.1/../../../../arm-none-eabi/lib/thumb/v7e-m/nofp/libstdc++.a
LOAD /usr/local/Caskroom/gcc-arm-embedded/9-2019-q4-major/gcc-arm-none-eabi-9-2019-q4-major/bin/../lib/gcc/arm-none-eabi/9.2.1/../../../../arm-none-eabi/lib/thumb/v7e-m/nofp/libm.a
START GROUP
LOAD /usr/local/Caskroom/gcc-arm-embedded/9-2019-q4-major/gcc-arm-none-eabi-9-2019-q4-major/bin/../lib/gcc/arm-none-eabi/9.2.1/thumb/v7e-m/nofp/libgcc.a
LOAD /usr/local/Caskroom/gcc-arm-embedded/9-2019-q4-major/gcc-arm-none-eabi-9-2019-q4-major/bin/../lib/gcc/arm-none-eabi/9.2.1/../../../../arm-none-eabi/lib/thumb/v7e-m/nofp/libg.a
LOAD /usr/local/Caskroom/gcc-arm-embedded/9-2019-q4-major/gcc-arm-none-eabi-9-2019-q4-major/bin/../lib/gcc/arm-none-eabi/9.2.1/../../../../arm-none-eabi/lib/thumb/v7e-m/nofp/libc.a
END GROUP
LOAD /usr/local/Caskroom/gcc-arm-embedded/9-2019-q4-major/gcc-arm-none-eabi-9-2019-q4-major/bin/../lib/gcc/arm-none-eabi/9.2.1/thumb/v7e-m/nofp/crtend.o
LOAD /usr/local/Caskroom/gcc-arm-embedded/9-2019-q4-major/gcc-arm-none-eabi-9-2019-q4-major/bin/../lib/gcc/arm-none-eabi/9.2.1/thumb/v7e-m/nofp/crtn.o
                0x0000000020020000                _estack = 0x20020000
                0x0000000000000200                _Min_Heap_Size = 0x200
                0x0000000000000400                _Min_Stack_Size = 0x400

.isr_vector     0x0000000008000000      0x188
                0x0000000008000000                . = ALIGN (0x4)
 *(.isr_vector)
 .isr_vector    0x0000000008000000      0x188 CMakeFiles/testTFTforATKF4.elf.dir/startup/startup_stm32f407xx.s.obj
                0x0000000008000000                g_pfnVectors
                0x0000000008000188                . = ALIGN (0x4)

.text           0x00000000080001c0     0x85f8
                0x00000000080001c0                . = ALIGN (0x4)
 *(.text)
 .text          0x00000000080001c0       0x40 /usr/local/Caskroom/gcc-arm-embedded/9-2019-q4-major/gcc-arm-none-eabi-9-2019-q4-major/bin/../lib/gcc/arm-none-eabi/9.2.1/thumb/v7e-m/nofp/crtbegin.o
 .text          0x0000000008000200       0x30 /usr/local/Caskroom/gcc-arm-embedded/9-2019-q4-major/gcc-arm-none-eabi-9-2019-q4-major/bin/../lib/gcc/arm-none-eabi/9.2.1/thumb/v7e-m/nofp/libgcc.a(_aeabi_uldivmod.o)
                0x0000000008000200                __aeabi_uldivmod
 .text          0x0000000008000230      0x2c0 /usr/local/Caskroom/gcc-arm-embedded/9-2019-q4-major/gcc-arm-none-eabi-9-2019-q4-major/bin/../lib/gcc/arm-none-eabi/9.2.1/thumb/v7e-m/nofp/libgcc.a(_udivmoddi4.o)
                0x0000000008000230                __udivmoddi4
 .text          0x00000000080004f0      0x9b8 /usr/local/Caskroom/gcc-arm-embedded/9-2019-q4-major/gcc-arm-none-eabi-9-2019-q4-major/bin/../lib/gcc/arm-none-eabi/9.2.1/thumb/v7e-m/nofp/libgcc.a(unwind-arm.o)
                0x0000000008000798                _Unwind_GetCFA
                0x000000000800079c                __gnu_Unwind_RaiseException
                0x00000000080007fc                __gnu_Unwind_ForcedUnwind
                0x0000000008000810                __gnu_Unwind_Resume
                0x0000000008000854                __gnu_Unwind_Resume_or_Rethrow
                0x0000000008000864                _Unwind_Complete
                0x0000000008000868                _Unwind_DeleteException
                0x0000000008000874                _Unwind_VRS_Get
                0x00000000080008bc                _Unwind_VRS_Set
                0x0000000008000904                __gnu_Unwind_Backtrace
                0x0000000008000c24                __aeabi_unwind_cpp_pr0
                0x0000000008000c28                __aeabi_unwind_cpp_pr1
                0x0000000008000c2c                __aeabi_unwind_cpp_pr2
                0x0000000008000c30                _Unwind_VRS_Pop
 .text          0x0000000008000ea8      0x1ac /usr/local/Caskroom/gcc-arm-embedded/9-2019-q4-major/gcc-arm-none-eabi-9-2019-q4-major/bin/../lib/gcc/arm-none-eabi/9.2.1/thumb/v7e-m/nofp/libgcc.a(libunwind.o)
                0x0000000008000ea8                __restore_core_regs
                0x0000000008000ea8                restore_core_regs
                0x0000000008000ec0                __gnu_Unwind_Restore_VFP
                0x0000000008000ec8                __gnu_Unwind_Save_VFP
                0x0000000008000ed0                __gnu_Unwind_Restore_VFP_D
                0x0000000008000ed8                __gnu_Unwind_Save_VFP_D
                0x0000000008000ee0                __gnu_Unwind_Restore_VFP_D_16_to_31
                0x0000000008000ee8                __gnu_Unwind_Save_VFP_D_16_to_31
                0x0000000008000ef0                __gnu_Unwind_Restore_WMMXD
                0x0000000008000f34                __gnu_Unwind_Save_WMMXD
                0x0000000008000f78                __gnu_Unwind_Restore_WMMXC
                0x0000000008000f8c                __gnu_Unwind_Save_WMMXC
                0x0000000008000fa0                _Unwind_RaiseException
                0x0000000008000fa0                ___Unwind_RaiseException
                0x0000000008000fc4                ___Unwind_Resume
                0x0000000008000fc4                _Unwind_Resume
                0x0000000008000fe8                ___Unwind_Resume_or_Rethrow
                0x0000000008000fe8                _Unwind_Resume_or_Rethrow
                0x000000000800100c                _Unwind_ForcedUnwind
                0x000000000800100c                ___Unwind_ForcedUnwind
                0x0000000008001030                _Unwind_Backtrace
                0x0000000008001030                ___Unwind_Backtrace
 .text          0x0000000008001054      0x340 /usr/local/Caskroom/gcc-arm-embedded/9-2019-q4-major/gcc-arm-none-eabi-9-2019-q4-major/bin/../lib/gcc/arm-none-eabi/9.2.1/thumb/v7e-m/nofp/libgcc.a(pr-support.o)
                0x00000000080010ac                __gnu_unwind_execute
                0x0000000008001348                __gnu_unwind_frame
                0x0000000008001374                _Unwind_GetRegionStart
                0x0000000008001380                _Unwind_GetLanguageSpecificData
 .text          0x0000000008001394        0x4 /usr/local/Caskroom/gcc-arm-embedded/9-2019-q4-major/gcc-arm-none-eabi-9-2019-q4-major/bin/../lib/gcc/arm-none-eabi/9.2.1/thumb/v7e-m/nofp/libgcc.a(_dvmd_tls.o)
                0x0000000008001394                __aeabi_ldiv0
                0x0000000008001394                __aeabi_idiv0
 .text          0x0000000008001398      0x134 /usr/local/Caskroom/gcc-arm-embedded/9-2019-q4-major/gcc-arm-none-eabi-9-2019-q4-major/bin/../lib/gcc/arm-none-eabi/9.2.1/../../../../arm-none-eabi/lib/thumb/v7e-m/nofp/libg.a(lib_a-memcpy.o)
                0x0000000008001398                memcpy
 *fill*         0x00000000080014cc       0x34 
 .text          0x0000000008001500       0xdc /usr/local/Caskroom/gcc-arm-embedded/9-2019-q4-major/gcc-arm-none-eabi-9-2019-q4-major/bin/../lib/gcc/arm-none-eabi/9.2.1/../../../../arm-none-eabi/lib/thumb/v7e-m/nofp/libg.a(lib_a-strlen.o)
                0x0000000008001500                strlen
 *fill*         0x00000000080015dc        0x4 
 .text          0x00000000080015e0       0xa0 /usr/local/Caskroom/gcc-arm-embedded/9-2019-q4-major/gcc-arm-none-eabi-9-2019-q4-major/bin/../lib/gcc/arm-none-eabi/9.2.1/../../../../arm-none-eabi/lib/thumb/v7e-m/nofp/libg.a(lib_a-memchr.o)
                0x00000000080015e0                memchr
 .text          0x0000000008001680      0x378 /usr/local/Caskroom/gcc-arm-embedded/9-2019-q4-major/gcc-arm-none-eabi-9-2019-q4-major/bin/../lib/gcc/arm-none-eabi/9.2.1/thumb/v7e-m/nofp/libgcc.a(_arm_addsubdf3.o)
                0x0000000008001680                __aeabi_drsub
                0x0000000008001688                __subdf3
                0x0000000008001688                __aeabi_dsub
                0x000000000800168c                __aeabi_dadd
                0x000000000800168c                __adddf3
                0x0000000008001904                __aeabi_ui2d
                0x0000000008001904                __floatunsidf
                0x0000000008001924                __floatsidf
                0x0000000008001924                __aeabi_i2d
                0x0000000008001948                __extendsfdf2
                0x0000000008001948                __aeabi_f2d
                0x000000000800198c                __aeabi_ul2d
                0x000000000800198c                __floatundidf
                0x000000000800199c                __aeabi_l2d
                0x000000000800199c                __floatdidf
 .text          0x00000000080019f8      0x424 /usr/local/Caskroom/gcc-arm-embedded/9-2019-q4-major/gcc-arm-none-eabi-9-2019-q4-major/bin/../lib/gcc/arm-none-eabi/9.2.1/thumb/v7e-m/nofp/libgcc.a(_arm_muldivdf3.o)
                0x00000000080019f8                __aeabi_dmul
                0x00000000080019f8                __muldf3
                0x0000000008001c4c                __aeabi_ddiv
                0x0000000008001c4c                __divdf3
 .text          0x0000000008001e1c      0x110 /usr/local/Caskroom/gcc-arm-embedded/9-2019-q4-major/gcc-arm-none-eabi-9-2019-q4-major/bin/../lib/gcc/arm-none-eabi/9.2.1/thumb/v7e-m/nofp/libgcc.a(_arm_cmpdf2.o)
                0x0000000008001e1c                __gedf2
                0x0000000008001e1c                __gtdf2
                0x0000000008001e24                __ledf2
                0x0000000008001e24                __ltdf2
                0x0000000008001e2c                __cmpdf2
                0x0000000008001e2c                __eqdf2
                0x0000000008001e2c                __nedf2
                0x0000000008001ea8                __aeabi_cdrcmple
                0x0000000008001eb8                __aeabi_cdcmple
                0x0000000008001eb8                __aeabi_cdcmpeq
                0x0000000008001ec8                __aeabi_dcmpeq
                0x0000000008001edc                __aeabi_dcmplt
                0x0000000008001ef0                __aeabi_dcmple
                0x0000000008001f04                __aeabi_dcmpge
                0x0000000008001f18                __aeabi_dcmpgt
 .text          0x0000000008001f2c       0x2c /usr/local/Caskroom/gcc-arm-embedded/9-2019-q4-major/gcc-arm-none-eabi-9-2019-q4-major/bin/../lib/gcc/arm-none-eabi/9.2.1/thumb/v7e-m/nofp/libgcc.a(_arm_unorddf2.o)
                0x0000000008001f2c                __aeabi_dcmpun
                0x0000000008001f2c                __unorddf2
 .text          0x0000000008001f58       0x50 /usr/local/Caskroom/gcc-arm-embedded/9-2019-q4-major/gcc-arm-none-eabi-9-2019-q4-major/bin/../lib/gcc/arm-none-eabi/9.2.1/thumb/v7e-m/nofp/libgcc.a(_arm_fixdfsi.o)
                0x0000000008001f58                __fixdfsi
                0x0000000008001f58                __aeabi_d2iz
 *(.text*)
 .text.HAL_FSMC_MspInit
                0x0000000008001fa8       0xa8 CMakeFiles/testTFTforATKF4.elf.dir/Core/Src/fsmc.c.obj
 .text.MX_FSMC_Init_Fast
                0x0000000008002050       0x78 CMakeFiles/testTFTforATKF4.elf.dir/Core/Src/fsmc.c.obj
                0x0000000008002050                MX_FSMC_Init_Fast
 .text.MX_FSMC_Init
                0x00000000080020c8       0x7c CMakeFiles/testTFTforATKF4.elf.dir/Core/Src/fsmc.c.obj
                0x00000000080020c8                MX_FSMC_Init
 .text.HAL_SRAM_MspInit
                0x0000000008002144        0x8 CMakeFiles/testTFTforATKF4.elf.dir/Core/Src/fsmc.c.obj
                0x0000000008002144                HAL_SRAM_MspInit
 .text.MX_GPIO_Init
                0x000000000800214c      0x144 CMakeFiles/testTFTforATKF4.elf.dir/Core/Src/gpio.c.obj
                0x000000000800214c                MX_GPIO_Init
 .text.MX_I2C1_Init
                0x0000000008002290       0x3c CMakeFiles/testTFTforATKF4.elf.dir/Core/Src/i2c.c.obj
                0x0000000008002290                MX_I2C1_Init
 .text.HAL_I2C_MspInit
                0x00000000080022cc       0x74 CMakeFiles/testTFTforATKF4.elf.dir/Core/Src/i2c.c.obj
                0x00000000080022cc                HAL_I2C_MspInit
 .text.Error_Handler
                0x0000000008002340        0x4 CMakeFiles/testTFTforATKF4.elf.dir/Core/Src/main.c.obj
                0x0000000008002340                Error_Handler
 .text.SystemClock_Config
                0x0000000008002344       0xa8 CMakeFiles/testTFTforATKF4.elf.dir/Core/Src/main.c.obj
                0x0000000008002344                SystemClock_Config
 .text.main     0x00000000080023ec       0x24 CMakeFiles/testTFTforATKF4.elf.dir/Core/Src/main.c.obj
                0x00000000080023ec                main
 .text._Z8main_cppv
                0x0000000008002410       0x50 CMakeFiles/testTFTforATKF4.elf.dir/Core/Src/main_cpp.cpp.obj
                0x0000000008002410                main_cpp()
 .text.JumpToCpp
                0x0000000008002460        0x6 CMakeFiles/testTFTforATKF4.elf.dir/Core/Src/main_cpp.cpp.obj
                0x0000000008002460                JumpToCpp
 *fill*         0x0000000008002466        0x2 
 .text.HAL_MspInit
                0x0000000008002468       0x38 CMakeFiles/testTFTforATKF4.elf.dir/Core/Src/stm32f4xx_hal_msp.c.obj
                0x0000000008002468                HAL_MspInit
 .text.NMI_Handler
                0x00000000080024a0        0x2 CMakeFiles/testTFTforATKF4.elf.dir/Core/Src/stm32f4xx_it.c.obj
                0x00000000080024a0                NMI_Handler
 .text.HardFault_Handler
                0x00000000080024a2        0x2 CMakeFiles/testTFTforATKF4.elf.dir/Core/Src/stm32f4xx_it.c.obj
                0x00000000080024a2                HardFault_Handler
 .text.MemManage_Handler
                0x00000000080024a4        0x2 CMakeFiles/testTFTforATKF4.elf.dir/Core/Src/stm32f4xx_it.c.obj
                0x00000000080024a4                MemManage_Handler
 .text.BusFault_Handler
                0x00000000080024a6        0x2 CMakeFiles/testTFTforATKF4.elf.dir/Core/Src/stm32f4xx_it.c.obj
                0x00000000080024a6                BusFault_Handler
 .text.UsageFault_Handler
                0x00000000080024a8        0x2 CMakeFiles/testTFTforATKF4.elf.dir/Core/Src/stm32f4xx_it.c.obj
                0x00000000080024a8                UsageFault_Handler
 .text.SVC_Handler
                0x00000000080024aa        0x2 CMakeFiles/testTFTforATKF4.elf.dir/Core/Src/stm32f4xx_it.c.obj
                0x00000000080024aa                SVC_Handler
 .text.DebugMon_Handler
                0x00000000080024ac        0x2 CMakeFiles/testTFTforATKF4.elf.dir/Core/Src/stm32f4xx_it.c.obj
                0x00000000080024ac                DebugMon_Handler
 .text.PendSV_Handler
                0x00000000080024ae        0x2 CMakeFiles/testTFTforATKF4.elf.dir/Core/Src/stm32f4xx_it.c.obj
                0x00000000080024ae                PendSV_Handler
 .text.SysTick_Handler
                0x00000000080024b0        0x8 CMakeFiles/testTFTforATKF4.elf.dir/Core/Src/stm32f4xx_it.c.obj
                0x00000000080024b0                SysTick_Handler
 .text._getpid  0x00000000080024b8        0x4 CMakeFiles/testTFTforATKF4.elf.dir/Core/Src/syscalls.c.obj
                0x00000000080024b8                _getpid
 .text._kill    0x00000000080024bc       0x10 CMakeFiles/testTFTforATKF4.elf.dir/Core/Src/syscalls.c.obj
                0x00000000080024bc                _kill
 .text._exit    0x00000000080024cc        0xc CMakeFiles/testTFTforATKF4.elf.dir/Core/Src/syscalls.c.obj
                0x00000000080024cc                _exit
 .text._sbrk    0x00000000080024d8       0x3c CMakeFiles/testTFTforATKF4.elf.dir/Core/Src/syscalls.c.obj
                0x00000000080024d8                _sbrk
 .text.SystemInit
                0x0000000008002514        0x2 CMakeFiles/testTFTforATKF4.elf.dir/Core/Src/system_stm32f4xx.c.obj
                0x0000000008002514                SystemInit
 .text.cmp      0x0000000008002516        0x8 CMakeFiles/testTFTforATKF4.elf.dir/Core/Src/touch.c.obj
                0x0000000008002516                cmp
 *fill*         0x000000000800251e        0x2 
 .text.Set_CS_High
                0x0000000008002520       0x14 CMakeFiles/testTFTforATKF4.elf.dir/Core/Src/touch.c.obj
                0x0000000008002520                Set_CS_High
 .text.Set_CS_Low
                0x0000000008002534       0x14 CMakeFiles/testTFTforATKF4.elf.dir/Core/Src/touch.c.obj
                0x0000000008002534                Set_CS_Low
 .text.Set_MOSI_High
                0x0000000008002548       0x14 CMakeFiles/testTFTforATKF4.elf.dir/Core/Src/touch.c.obj
                0x0000000008002548                Set_MOSI_High
 .text.Set_MOSI_Low
                0x000000000800255c       0x14 CMakeFiles/testTFTforATKF4.elf.dir/Core/Src/touch.c.obj
                0x000000000800255c                Set_MOSI_Low
 .text.Set_SCK_High
                0x0000000008002570       0x14 CMakeFiles/testTFTforATKF4.elf.dir/Core/Src/touch.c.obj
                0x0000000008002570                Set_SCK_High
 .text.Set_SCK_Low
                0x0000000008002584       0x14 CMakeFiles/testTFTforATKF4.elf.dir/Core/Src/touch.c.obj
                0x0000000008002584                Set_SCK_Low
 .text.Read_MISO
                0x0000000008002598       0x18 CMakeFiles/testTFTforATKF4.elf.dir/Core/Src/touch.c.obj
                0x0000000008002598                Read_MISO
 .text.Read_PEN
                0x00000000080025b0       0x18 CMakeFiles/testTFTforATKF4.elf.dir/Core/Src/touch.c.obj
                0x00000000080025b0                Read_PEN
 .text.delay_us
                0x00000000080025c8       0x9c CMakeFiles/testTFTforATKF4.elf.dir/Core/Src/touch.c.obj
                0x00000000080025c8                delay_us
 .text.SPI_WriteByte
                0x0000000008002664       0x34 CMakeFiles/testTFTforATKF4.elf.dir/Core/Src/touch.c.obj
                0x0000000008002664                SPI_WriteByte
 .text.TP_Read_AD
                0x0000000008002698       0x6c CMakeFiles/testTFTforATKF4.elf.dir/Core/Src/touch.c.obj
                0x0000000008002698                TP_Read_AD
 .text.TP_Read_XOrY
                0x0000000008002704       0x70 CMakeFiles/testTFTforATKF4.elf.dir/Core/Src/touch.c.obj
                0x0000000008002704                TP_Read_XOrY
 .text.TP_Read_XY
                0x0000000008002774       0x20 CMakeFiles/testTFTforATKF4.elf.dir/Core/Src/touch.c.obj
                0x0000000008002774                TP_Read_XY
 .text.TP_Read_XY_Twice
                0x0000000008002794       0x74 CMakeFiles/testTFTforATKF4.elf.dir/Core/Src/touch.c.obj
                0x0000000008002794                TP_Read_XY_Twice
 .text.TP_Scan  0x0000000008002808       0x18 CMakeFiles/testTFTforATKF4.elf.dir/Core/Src/touch.c.obj
                0x0000000008002808                TP_Scan
 .text.TP_Init  0x0000000008002820        0xa CMakeFiles/testTFTforATKF4.elf.dir/Core/Src/touch.c.obj
                0x0000000008002820                TP_Init
 *fill*         0x000000000800282a        0x2 
 .text.MX_USART1_UART_Init
                0x000000000800282c       0x34 CMakeFiles/testTFTforATKF4.elf.dir/Core/Src/usart.c.obj
                0x000000000800282c                MX_USART1_UART_Init
 .text.HAL_UART_MspInit
                0x0000000008002860       0x74 CMakeFiles/testTFTforATKF4.elf.dir/Core/Src/usart.c.obj
                0x0000000008002860                HAL_UART_MspInit
 .text.HAL_InitTick
                0x00000000080028d4       0x4c CMakeFiles/testTFTforATKF4.elf.dir/Drivers/STM32F4xx_HAL_Driver/Src/stm32f4xx_hal.c.obj
                0x00000000080028d4                HAL_InitTick
 .text.HAL_Init
                0x0000000008002920       0x34 CMakeFiles/testTFTforATKF4.elf.dir/Drivers/STM32F4xx_HAL_Driver/Src/stm32f4xx_hal.c.obj
                0x0000000008002920                HAL_Init
 .text.HAL_IncTick
                0x0000000008002954       0x18 CMakeFiles/testTFTforATKF4.elf.dir/Drivers/STM32F4xx_HAL_Driver/Src/stm32f4xx_hal.c.obj
                0x0000000008002954                HAL_IncTick
 .text.HAL_GetTick
                0x000000000800296c        0xc CMakeFiles/testTFTforATKF4.elf.dir/Drivers/STM32F4xx_HAL_Driver/Src/stm32f4xx_hal.c.obj
                0x000000000800296c                HAL_GetTick
 .text.HAL_Delay
                0x0000000008002978       0x28 CMakeFiles/testTFTforATKF4.elf.dir/Drivers/STM32F4xx_HAL_Driver/Src/stm32f4xx_hal.c.obj
                0x0000000008002978                HAL_Delay
 .text.HAL_NVIC_SetPriorityGrouping
                0x00000000080029a0       0x24 CMakeFiles/testTFTforATKF4.elf.dir/Drivers/STM32F4xx_HAL_Driver/Src/stm32f4xx_hal_cortex.c.obj
                0x00000000080029a0                HAL_NVIC_SetPriorityGrouping
 .text.HAL_NVIC_SetPriority
                0x00000000080029c4       0x68 CMakeFiles/testTFTforATKF4.elf.dir/Drivers/STM32F4xx_HAL_Driver/Src/stm32f4xx_hal_cortex.c.obj
                0x00000000080029c4                HAL_NVIC_SetPriority
 .text.HAL_SYSTICK_Config
                0x0000000008002a2c       0x2c CMakeFiles/testTFTforATKF4.elf.dir/Drivers/STM32F4xx_HAL_Driver/Src/stm32f4xx_hal_cortex.c.obj
                0x0000000008002a2c                HAL_SYSTICK_Config
 .text.HAL_GPIO_Init
                0x0000000008002a58      0x1d4 CMakeFiles/testTFTforATKF4.elf.dir/Drivers/STM32F4xx_HAL_Driver/Src/stm32f4xx_hal_gpio.c.obj
                0x0000000008002a58                HAL_GPIO_Init
 .text.HAL_GPIO_ReadPin
                0x0000000008002c2c        0xe CMakeFiles/testTFTforATKF4.elf.dir/Drivers/STM32F4xx_HAL_Driver/Src/stm32f4xx_hal_gpio.c.obj
                0x0000000008002c2c                HAL_GPIO_ReadPin
 .text.HAL_GPIO_WritePin
                0x0000000008002c3a        0xc CMakeFiles/testTFTforATKF4.elf.dir/Drivers/STM32F4xx_HAL_Driver/Src/stm32f4xx_hal_gpio.c.obj
                0x0000000008002c3a                HAL_GPIO_WritePin
 *fill*         0x0000000008002c46        0x2 
 .text.HAL_I2C_Init
                0x0000000008002c48      0x1bc CMakeFiles/testTFTforATKF4.elf.dir/Drivers/STM32F4xx_HAL_Driver/Src/stm32f4xx_hal_i2c.c.obj
                0x0000000008002c48                HAL_I2C_Init
 .text.HAL_RCC_OscConfig
                0x0000000008002e04      0x3f8 CMakeFiles/testTFTforATKF4.elf.dir/Drivers/STM32F4xx_HAL_Driver/Src/stm32f4xx_hal_rcc.c.obj
                0x0000000008002e04                HAL_RCC_OscConfig
 .text.HAL_RCC_GetSysClockFreq
                0x00000000080031fc       0xcc CMakeFiles/testTFTforATKF4.elf.dir/Drivers/STM32F4xx_HAL_Driver/Src/stm32f4xx_hal_rcc.c.obj
                0x00000000080031fc                HAL_RCC_GetSysClockFreq
 .text.HAL_RCC_ClockConfig
                0x00000000080032c8      0x160 CMakeFiles/testTFTforATKF4.elf.dir/Drivers/STM32F4xx_HAL_Driver/Src/stm32f4xx_hal_rcc.c.obj
                0x00000000080032c8                HAL_RCC_ClockConfig
 .text.HAL_RCC_GetHCLKFreq
                0x0000000008003428        0xc CMakeFiles/testTFTforATKF4.elf.dir/Drivers/STM32F4xx_HAL_Driver/Src/stm32f4xx_hal_rcc.c.obj
                0x0000000008003428                HAL_RCC_GetHCLKFreq
 .text.HAL_RCC_GetPCLK1Freq
                0x0000000008003434       0x20 CMakeFiles/testTFTforATKF4.elf.dir/Drivers/STM32F4xx_HAL_Driver/Src/stm32f4xx_hal_rcc.c.obj
                0x0000000008003434                HAL_RCC_GetPCLK1Freq
 .text.HAL_RCC_GetPCLK2Freq
                0x0000000008003454       0x20 CMakeFiles/testTFTforATKF4.elf.dir/Drivers/STM32F4xx_HAL_Driver/Src/stm32f4xx_hal_rcc.c.obj
                0x0000000008003454                HAL_RCC_GetPCLK2Freq
 .text.HAL_SRAM_Init
                0x0000000008003474       0x52 CMakeFiles/testTFTforATKF4.elf.dir/Drivers/STM32F4xx_HAL_Driver/Src/stm32f4xx_hal_sram.c.obj
                0x0000000008003474                HAL_SRAM_Init
 *fill*         0x00000000080034c6        0x2 
 .text.UART_SetConfig
                0x00000000080034c8      0x11c CMakeFiles/testTFTforATKF4.elf.dir/Drivers/STM32F4xx_HAL_Driver/Src/stm32f4xx_hal_uart.c.obj
 .text.UART_WaitOnFlagUntilTimeout
                0x00000000080035e4       0x68 CMakeFiles/testTFTforATKF4.elf.dir/Drivers/STM32F4xx_HAL_Driver/Src/stm32f4xx_hal_uart.c.obj
 .text.HAL_UART_Init
                0x000000000800364c       0x5e CMakeFiles/testTFTforATKF4.elf.dir/Drivers/STM32F4xx_HAL_Driver/Src/stm32f4xx_hal_uart.c.obj
                0x000000000800364c                HAL_UART_Init
 .text.HAL_UART_Transmit
                0x00000000080036aa       0xd8 CMakeFiles/testTFTforATKF4.elf.dir/Drivers/STM32F4xx_HAL_Driver/Src/stm32f4xx_hal_uart.c.obj
                0x00000000080036aa                HAL_UART_Transmit
 *fill*         0x0000000008003782        0x2 
 .text.FSMC_NORSRAM_Init
                0x0000000008003784       0x5c CMakeFiles/testTFTforATKF4.elf.dir/Drivers/STM32F4xx_HAL_Driver/Src/stm32f4xx_ll_fsmc.c.obj
                0x0000000008003784                FSMC_NORSRAM_Init
 .text.FSMC_NORSRAM_Timing_Init
                0x00000000080037e0       0x40 CMakeFiles/testTFTforATKF4.elf.dir/Drivers/STM32F4xx_HAL_Driver/Src/stm32f4xx_ll_fsmc.c.obj
                0x00000000080037e0                FSMC_NORSRAM_Timing_Init
 .text.FSMC_NORSRAM_Extended_Timing_Init
                0x0000000008003820       0x44 CMakeFiles/testTFTforATKF4.elf.dir/Drivers/STM32F4xx_HAL_Driver/Src/stm32f4xx_ll_fsmc.c.obj
                0x0000000008003820                FSMC_NORSRAM_Extended_Timing_Init
 .text.LCD_WR_REG
                0x0000000008003864       0x18 CMakeFiles/testTFTforATKF4.elf.dir/Hardwares/LCD/lcd.c.obj
                0x0000000008003864                LCD_WR_REG
 .text.LCD_WR_DATA
                0x000000000800387c       0x18 CMakeFiles/testTFTforATKF4.elf.dir/Hardwares/LCD/lcd.c.obj
                0x000000000800387c                LCD_WR_DATA
 .text.LCD_RD_DATA
                0x0000000008003894       0x18 CMakeFiles/testTFTforATKF4.elf.dir/Hardwares/LCD/lcd.c.obj
                0x0000000008003894                LCD_RD_DATA
 .text.LCD_WriteReg
                0x00000000080038ac        0xc CMakeFiles/testTFTforATKF4.elf.dir/Hardwares/LCD/lcd.c.obj
                0x00000000080038ac                LCD_WriteReg
 .text.LCD_ReadReg
                0x00000000080038b8        0xc CMakeFiles/testTFTforATKF4.elf.dir/Hardwares/LCD/lcd.c.obj
                0x00000000080038b8                LCD_ReadReg
 .text.LCD_WriteRAM_Prepare
                0x00000000080038c4       0x14 CMakeFiles/testTFTforATKF4.elf.dir/Hardwares/LCD/lcd.c.obj
                0x00000000080038c4                LCD_WriteRAM_Prepare
 .text.LCD_Scan_Dir
                0x00000000080038d8      0x134 CMakeFiles/testTFTforATKF4.elf.dir/Hardwares/LCD/lcd.c.obj
                0x00000000080038d8                LCD_Scan_Dir
 .text.LCD_Display_Dir
                0x0000000008003a0c       0x84 CMakeFiles/testTFTforATKF4.elf.dir/Hardwares/LCD/lcd.c.obj
                0x0000000008003a0c                LCD_Display_Dir
 .text.LCD_SetCursor
                0x0000000008003a90       0x40 CMakeFiles/testTFTforATKF4.elf.dir/Hardwares/LCD/lcd.c.obj
                0x0000000008003a90                LCD_SetCursor
 .text.LCD_Clear
                0x0000000008003ad0       0x34 CMakeFiles/testTFTforATKF4.elf.dir/Hardwares/LCD/lcd.c.obj
                0x0000000008003ad0                LCD_Clear
 .text.LCD_Init
                0x0000000008003b04      0x2a0 CMakeFiles/testTFTforATKF4.elf.dir/Hardwares/LCD/lcd.c.obj
                0x0000000008003b04                LCD_Init
 .text.Reset_Handler
                0x0000000008003da4       0x50 CMakeFiles/testTFTforATKF4.elf.dir/startup/startup_stm32f407xx.s.obj
                0x0000000008003da4                Reset_Handler
 .text.Default_Handler
                0x0000000008003df4        0x2 CMakeFiles/testTFTforATKF4.elf.dir/startup/startup_stm32f407xx.s.obj
                0x0000000008003df4                DMA1_Stream3_IRQHandler
                0x0000000008003df4                HASH_RNG_IRQHandler
                0x0000000008003df4                EXTI2_IRQHandler
                0x0000000008003df4                TIM8_CC_IRQHandler
                0x0000000008003df4                TIM1_CC_IRQHandler
                0x0000000008003df4                DMA2_Stream5_IRQHandler
                0x0000000008003df4                DMA1_Stream5_IRQHandler
                0x0000000008003df4                PVD_IRQHandler
                0x0000000008003df4                SDIO_IRQHandler
                0x0000000008003df4                TAMP_STAMP_IRQHandler
                0x0000000008003df4                CAN2_RX1_IRQHandler
                0x0000000008003df4                EXTI3_IRQHandler
                0x0000000008003df4                TIM8_TRG_COM_TIM14_IRQHandler
                0x0000000008003df4                TIM1_UP_TIM10_IRQHandler
                0x0000000008003df4                TIM8_UP_TIM13_IRQHandler
                0x0000000008003df4                I2C3_ER_IRQHandler
                0x0000000008003df4                EXTI0_IRQHandler
                0x0000000008003df4                I2C2_EV_IRQHandler
                0x0000000008003df4                DMA1_Stream2_IRQHandler
                0x0000000008003df4                CAN1_RX0_IRQHandler
                0x0000000008003df4                FPU_IRQHandler
                0x0000000008003df4                OTG_HS_WKUP_IRQHandler
                0x0000000008003df4                CAN2_SCE_IRQHandler
                0x0000000008003df4                DMA2_Stream2_IRQHandler
                0x0000000008003df4                SPI1_IRQHandler
                0x0000000008003df4                TIM6_DAC_IRQHandler
                0x0000000008003df4                TIM1_BRK_TIM9_IRQHandler
                0x0000000008003df4                DCMI_IRQHandler
                0x0000000008003df4                CAN2_RX0_IRQHandler
                0x0000000008003df4                DMA2_Stream3_IRQHandler
                0x0000000008003df4                USART6_IRQHandler
                0x0000000008003df4                USART3_IRQHandler
                0x0000000008003df4                CAN1_RX1_IRQHandler
                0x0000000008003df4                UART5_IRQHandler
                0x0000000008003df4                DMA2_Stream0_IRQHandler
                0x0000000008003df4                TIM4_IRQHandler
                0x0000000008003df4                I2C1_EV_IRQHandler
                0x0000000008003df4                DMA1_Stream6_IRQHandler
                0x0000000008003df4                DMA1_Stream1_IRQHandler
                0x0000000008003df4                UART4_IRQHandler
                0x0000000008003df4                TIM3_IRQHandler
                0x0000000008003df4                RCC_IRQHandler
                0x0000000008003df4                TIM8_BRK_TIM12_IRQHandler
                0x0000000008003df4                Default_Handler
                0x0000000008003df4                EXTI15_10_IRQHandler
                0x0000000008003df4                ADC_IRQHandler
                0x0000000008003df4                DMA1_Stream7_IRQHandler
                0x0000000008003df4                TIM7_IRQHandler
                0x0000000008003df4                CAN2_TX_IRQHandler
                0x0000000008003df4                TIM5_IRQHandler
                0x0000000008003df4                DMA2_Stream7_IRQHandler
                0x0000000008003df4                I2C3_EV_IRQHandler
                0x0000000008003df4                EXTI9_5_IRQHandler
                0x0000000008003df4                RTC_WKUP_IRQHandler
                0x0000000008003df4                ETH_WKUP_IRQHandler
                0x0000000008003df4                SPI2_IRQHandler
                0x0000000008003df4                OTG_HS_EP1_IN_IRQHandler
                0x0000000008003df4                DMA1_Stream0_IRQHandler
                0x0000000008003df4                CAN1_TX_IRQHandler
                0x0000000008003df4                EXTI4_IRQHandler
                0x0000000008003df4                FSMC_IRQHandler
                0x0000000008003df4                ETH_IRQHandler
                0x0000000008003df4                OTG_HS_EP1_OUT_IRQHandler
                0x0000000008003df4                WWDG_IRQHandler
                0x0000000008003df4                TIM2_IRQHandler
                0x0000000008003df4                OTG_FS_WKUP_IRQHandler
                0x0000000008003df4                TIM1_TRG_COM_TIM11_IRQHandler
                0x0000000008003df4                OTG_HS_IRQHandler
                0x0000000008003df4                EXTI1_IRQHandler
                0x0000000008003df4                USART2_IRQHandler
                0x0000000008003df4                I2C2_ER_IRQHandler
                0x0000000008003df4                DMA2_Stream1_IRQHandler
                0x0000000008003df4                CAN1_SCE_IRQHandler
                0x0000000008003df4                FLASH_IRQHandler
                0x0000000008003df4                DMA2_Stream4_IRQHandler
                0x0000000008003df4                USART1_IRQHandler
                0x0000000008003df4                OTG_FS_IRQHandler
                0x0000000008003df4                SPI3_IRQHandler
                0x0000000008003df4                DMA1_Stream4_IRQHandler
                0x0000000008003df4                I2C1_ER_IRQHandler
                0x0000000008003df4                DMA2_Stream6_IRQHandler
                0x0000000008003df4                RTC_Alarm_IRQHandler
 *fill*         0x0000000008003df6        0x2 
 .text.abort    0x0000000008003df8       0x10 /usr/local/Caskroom/gcc-arm-embedded/9-2019-q4-major/gcc-arm-none-eabi-9-2019-q4-major/bin/../lib/gcc/arm-none-eabi/9.2.1/../../../../arm-none-eabi/lib/thumb/v7e-m/nofp/libg.a(lib_a-abort.o)
                0x0000000008003df8                abort
 .text.__errno  0x0000000008003e08        0xc /usr/local/Caskroom/gcc-arm-embedded/9-2019-q4-major/gcc-arm-none-eabi-9-2019-q4-major/bin/../lib/gcc/arm-none-eabi/9.2.1/../../../../arm-none-eabi/lib/thumb/v7e-m/nofp/libg.a(lib_a-errno.o)
                0x0000000008003e08                __errno
 .text.__libc_init_array
                0x0000000008003e14       0x48 /usr/local/Caskroom/gcc-arm-embedded/9-2019-q4-major/gcc-arm-none-eabi-9-2019-q4-major/bin/../lib/gcc/arm-none-eabi/9.2.1/../../../../arm-none-eabi/lib/thumb/v7e-m/nofp/libg.a(lib_a-init.o)
                0x0000000008003e14                __libc_init_array
 .text.memset   0x0000000008003e5c       0xa0 /usr/local/Caskroom/gcc-arm-embedded/9-2019-q4-major/gcc-arm-none-eabi-9-2019-q4-major/bin/../lib/gcc/arm-none-eabi/9.2.1/../../../../arm-none-eabi/lib/thumb/v7e-m/nofp/libg.a(lib_a-memset.o)
                0x0000000008003e5c                memset
 .text.qsort    0x0000000008003efc      0x64c /usr/local/Caskroom/gcc-arm-embedded/9-2019-q4-major/gcc-arm-none-eabi-9-2019-q4-major/bin/../lib/gcc/arm-none-eabi/9.2.1/../../../../arm-none-eabi/lib/thumb/v7e-m/nofp/libg.a(lib_a-qsort.o)
                0x0000000008003efc                qsort
 .text._raise_r
                0x0000000008004548       0x58 /usr/local/Caskroom/gcc-arm-embedded/9-2019-q4-major/gcc-arm-none-eabi-9-2019-q4-major/bin/../lib/gcc/arm-none-eabi/9.2.1/../../../../arm-none-eabi/lib/thumb/v7e-m/nofp/libg.a(lib_a-signal.o)
                0x0000000008004548                _raise_r
 .text.raise    0x00000000080045a0       0x10 /usr/local/Caskroom/gcc-arm-embedded/9-2019-q4-major/gcc-arm-none-eabi-9-2019-q4-major/bin/../lib/gcc/arm-none-eabi/9.2.1/../../../../arm-none-eabi/lib/thumb/v7e-m/nofp/libg.a(lib_a-signal.o)
                0x00000000080045a0                raise
 .text._kill_r  0x00000000080045b0       0x2c /usr/local/Caskroom/gcc-arm-embedded/9-2019-q4-major/gcc-arm-none-eabi-9-2019-q4-major/bin/../lib/gcc/arm-none-eabi/9.2.1/../../../../arm-none-eabi/lib/thumb/v7e-m/nofp/libg.a(lib_a-signalr.o)
                0x00000000080045b0                _kill_r
 .text._getpid_r
                0x00000000080045dc        0x4 /usr/local/Caskroom/gcc-arm-embedded/9-2019-q4-major/gcc-arm-none-eabi-9-2019-q4-major/bin/../lib/gcc/arm-none-eabi/9.2.1/../../../../arm-none-eabi/lib/thumb/v7e-m/nofp/libg.a(lib_a-signalr.o)
                0x00000000080045dc                _getpid_r
 .text.sprintf  0x00000000080045e0       0x44 /usr/local/Caskroom/gcc-arm-embedded/9-2019-q4-major/gcc-arm-none-eabi-9-2019-q4-major/bin/../lib/gcc/arm-none-eabi/9.2.1/../../../../arm-none-eabi/lib/thumb/v7e-m/nofp/libg.a(lib_a-sprintf.o)
                0x00000000080045e0                sprintf
 .text._svfprintf_r
                0x0000000008004624     0x1acc /usr/local/Caskroom/gcc-arm-embedded/9-2019-q4-major/gcc-arm-none-eabi-9-2019-q4-major/bin/../lib/gcc/arm-none-eabi/9.2.1/../../../../arm-none-eabi/lib/thumb/v7e-m/nofp/libg.a(lib_a-svfprintf.o)
                0x0000000008004624                _svfprintf_r
 .text.startup.register_fini
                0x00000000080060f0       0x14 /usr/local/Caskroom/gcc-arm-embedded/9-2019-q4-major/gcc-arm-none-eabi-9-2019-q4-major/bin/../lib/gcc/arm-none-eabi/9.2.1/../../../../arm-none-eabi/lib/thumb/v7e-m/nofp/libg.a(lib_a-__call_atexit.o)
 .text.atexit   0x0000000008006104        0xc /usr/local/Caskroom/gcc-arm-embedded/9-2019-q4-major/gcc-arm-none-eabi-9-2019-q4-major/bin/../lib/gcc/arm-none-eabi/9.2.1/../../../../arm-none-eabi/lib/thumb/v7e-m/nofp/libg.a(lib_a-atexit.o)
                0x0000000008006104                atexit
 .text.quorem   0x0000000008006110      0x11c /usr/local/Caskroom/gcc-arm-embedded/9-2019-q4-major/gcc-arm-none-eabi-9-2019-q4-major/bin/../lib/gcc/arm-none-eabi/9.2.1/../../../../arm-none-eabi/lib/thumb/v7e-m/nofp/libg.a(lib_a-dtoa.o)
 *fill*         0x000000000800622c        0x4 
 .text._dtoa_r  0x0000000008006230      0xeb8 /usr/local/Caskroom/gcc-arm-embedded/9-2019-q4-major/gcc-arm-none-eabi-9-2019-q4-major/bin/../lib/gcc/arm-none-eabi/9.2.1/../../../../arm-none-eabi/lib/thumb/v7e-m/nofp/libg.a(lib_a-dtoa.o)
                0x0000000008006230                _dtoa_r
 .text.__libc_fini_array
                0x00000000080070e8       0x2c /usr/local/Caskroom/gcc-arm-embedded/9-2019-q4-major/gcc-arm-none-eabi-9-2019-q4-major/bin/../lib/gcc/arm-none-eabi/9.2.1/../../../../arm-none-eabi/lib/thumb/v7e-m/nofp/libg.a(lib_a-fini.o)
                0x00000000080070e8                __libc_fini_array
 .text._malloc_trim_r
                0x0000000008007114       0xa0 /usr/local/Caskroom/gcc-arm-embedded/9-2019-q4-major/gcc-arm-none-eabi-9-2019-q4-major/bin/../lib/gcc/arm-none-eabi/9.2.1/../../../../arm-none-eabi/lib/thumb/v7e-m/nofp/libg.a(lib_a-freer.o)
                0x0000000008007114                _malloc_trim_r
 .text._free_r  0x00000000080071b4      0x208 /usr/local/Caskroom/gcc-arm-embedded/9-2019-q4-major/gcc-arm-none-eabi-9-2019-q4-major/bin/../lib/gcc/arm-none-eabi/9.2.1/../../../../arm-none-eabi/lib/thumb/v7e-m/nofp/libg.a(lib_a-freer.o)
                0x00000000080071b4                _free_r
 .text._localeconv_r
                0x00000000080073bc        0x8 /usr/local/Caskroom/gcc-arm-embedded/9-2019-q4-major/gcc-arm-none-eabi-9-2019-q4-major/bin/../lib/gcc/arm-none-eabi/9.2.1/../../../../arm-none-eabi/lib/thumb/v7e-m/nofp/libg.a(lib_a-localeconv.o)
                0x00000000080073bc                _localeconv_r
 .text.__retarget_lock_acquire_recursive
                0x00000000080073c4        0x4 /usr/local/Caskroom/gcc-arm-embedded/9-2019-q4-major/gcc-arm-none-eabi-9-2019-q4-major/bin/../lib/gcc/arm-none-eabi/9.2.1/../../../../arm-none-eabi/lib/thumb/v7e-m/nofp/libg.a(lib_a-lock.o)
                0x00000000080073c4                __retarget_lock_acquire_recursive
 .text.__retarget_lock_release_recursive
                0x00000000080073c8        0x4 /usr/local/Caskroom/gcc-arm-embedded/9-2019-q4-major/gcc-arm-none-eabi-9-2019-q4-major/bin/../lib/gcc/arm-none-eabi/9.2.1/../../../../arm-none-eabi/lib/thumb/v7e-m/nofp/libg.a(lib_a-lock.o)
                0x00000000080073c8                __retarget_lock_release_recursive
 .text._malloc_r
                0x00000000080073cc      0x574 /usr/local/Caskroom/gcc-arm-embedded/9-2019-q4-major/gcc-arm-none-eabi-9-2019-q4-major/bin/../lib/gcc/arm-none-eabi/9.2.1/../../../../arm-none-eabi/lib/thumb/v7e-m/nofp/libg.a(lib_a-mallocr.o)
                0x00000000080073cc                _malloc_r
 .text.__malloc_lock
                0x0000000008007940        0xc /usr/local/Caskroom/gcc-arm-embedded/9-2019-q4-major/gcc-arm-none-eabi-9-2019-q4-major/bin/../lib/gcc/arm-none-eabi/9.2.1/../../../../arm-none-eabi/lib/thumb/v7e-m/nofp/libg.a(lib_a-mlock.o)
                0x0000000008007940                __malloc_lock
 .text.__malloc_unlock
                0x000000000800794c        0xc /usr/local/Caskroom/gcc-arm-embedded/9-2019-q4-major/gcc-arm-none-eabi-9-2019-q4-major/bin/../lib/gcc/arm-none-eabi/9.2.1/../../../../arm-none-eabi/lib/thumb/v7e-m/nofp/libg.a(lib_a-mlock.o)
                0x000000000800794c                __malloc_unlock
 .text._Balloc  0x0000000008007958       0x4c /usr/local/Caskroom/gcc-arm-embedded/9-2019-q4-major/gcc-arm-none-eabi-9-2019-q4-major/bin/../lib/gcc/arm-none-eabi/9.2.1/../../../../arm-none-eabi/lib/thumb/v7e-m/nofp/libg.a(lib_a-mprec.o)
                0x0000000008007958                _Balloc
 .text._Bfree   0x00000000080079a4       0x14 /usr/local/Caskroom/gcc-arm-embedded/9-2019-q4-major/gcc-arm-none-eabi-9-2019-q4-major/bin/../lib/gcc/arm-none-eabi/9.2.1/../../../../arm-none-eabi/lib/thumb/v7e-m/nofp/libg.a(lib_a-mprec.o)
                0x00000000080079a4                _Bfree
 .text.__multadd
                0x00000000080079b8       0x80 /usr/local/Caskroom/gcc-arm-embedded/9-2019-q4-major/gcc-arm-none-eabi-9-2019-q4-major/bin/../lib/gcc/arm-none-eabi/9.2.1/../../../../arm-none-eabi/lib/thumb/v7e-m/nofp/libg.a(lib_a-mprec.o)
                0x00000000080079b8                __multadd
 .text.__hi0bits
                0x0000000008007a38       0x40 /usr/local/Caskroom/gcc-arm-embedded/9-2019-q4-major/gcc-arm-none-eabi-9-2019-q4-major/bin/../lib/gcc/arm-none-eabi/9.2.1/../../../../arm-none-eabi/lib/thumb/v7e-m/nofp/libg.a(lib_a-mprec.o)
                0x0000000008007a38                __hi0bits
 .text.__lo0bits
                0x0000000008007a78       0x60 /usr/local/Caskroom/gcc-arm-embedded/9-2019-q4-major/gcc-arm-none-eabi-9-2019-q4-major/bin/../lib/gcc/arm-none-eabi/9.2.1/../../../../arm-none-eabi/lib/thumb/v7e-m/nofp/libg.a(lib_a-mprec.o)
                0x0000000008007a78                __lo0bits
 .text.__i2b    0x0000000008007ad8       0x14 /usr/local/Caskroom/gcc-arm-embedded/9-2019-q4-major/gcc-arm-none-eabi-9-2019-q4-major/bin/../lib/gcc/arm-none-eabi/9.2.1/../../../../arm-none-eabi/lib/thumb/v7e-m/nofp/libg.a(lib_a-mprec.o)
                0x0000000008007ad8                __i2b
 .text.__multiply
                0x0000000008007aec      0x144 /usr/local/Caskroom/gcc-arm-embedded/9-2019-q4-major/gcc-arm-none-eabi-9-2019-q4-major/bin/../lib/gcc/arm-none-eabi/9.2.1/../../../../arm-none-eabi/lib/thumb/v7e-m/nofp/libg.a(lib_a-mprec.o)
                0x0000000008007aec                __multiply
 .text.__pow5mult
                0x0000000008007c30       0xa0 /usr/local/Caskroom/gcc-arm-embedded/9-2019-q4-major/gcc-arm-none-eabi-9-2019-q4-major/bin/../lib/gcc/arm-none-eabi/9.2.1/../../../../arm-none-eabi/lib/thumb/v7e-m/nofp/libg.a(lib_a-mprec.o)
                0x0000000008007c30                __pow5mult
 .text.__lshift
                0x0000000008007cd0       0xd4 /usr/local/Caskroom/gcc-arm-embedded/9-2019-q4-major/gcc-arm-none-eabi-9-2019-q4-major/bin/../lib/gcc/arm-none-eabi/9.2.1/../../../../arm-none-eabi/lib/thumb/v7e-m/nofp/libg.a(lib_a-mprec.o)
                0x0000000008007cd0                __lshift
 .text.__mcmp   0x0000000008007da4       0x3c /usr/local/Caskroom/gcc-arm-embedded/9-2019-q4-major/gcc-arm-none-eabi-9-2019-q4-major/bin/../lib/gcc/arm-none-eabi/9.2.1/../../../../arm-none-eabi/lib/thumb/v7e-m/nofp/libg.a(lib_a-mprec.o)
                0x0000000008007da4                __mcmp
 .text.__mdiff  0x0000000008007de0      0x138 /usr/local/Caskroom/gcc-arm-embedded/9-2019-q4-major/gcc-arm-none-eabi-9-2019-q4-major/bin/../lib/gcc/arm-none-eabi/9.2.1/../../../../arm-none-eabi/lib/thumb/v7e-m/nofp/libg.a(lib_a-mprec.o)
                0x0000000008007de0                __mdiff
 .text.__d2b    0x0000000008007f18       0xa8 /usr/local/Caskroom/gcc-arm-embedded/9-2019-q4-major/gcc-arm-none-eabi-9-2019-q4-major/bin/../lib/gcc/arm-none-eabi/9.2.1/../../../../arm-none-eabi/lib/thumb/v7e-m/nofp/libg.a(lib_a-mprec.o)
                0x0000000008007f18                __d2b
 .text.frexp    0x0000000008007fc0       0x70 /usr/local/Caskroom/gcc-arm-embedded/9-2019-q4-major/gcc-arm-none-eabi-9-2019-q4-major/bin/../lib/gcc/arm-none-eabi/9.2.1/../../../../arm-none-eabi/lib/thumb/v7e-m/nofp/libg.a(lib_a-s_frexp.o)
                0x0000000008007fc0                frexp
 .text._sbrk_r  0x0000000008008030       0x24 /usr/local/Caskroom/gcc-arm-embedded/9-2019-q4-major/gcc-arm-none-eabi-9-2019-q4-major/bin/../lib/gcc/arm-none-eabi/9.2.1/../../../../arm-none-eabi/lib/thumb/v7e-m/nofp/libg.a(lib_a-sbrkr.o)
                0x0000000008008030                _sbrk_r
 .text.strncpy  0x0000000008008054       0x68 /usr/local/Caskroom/gcc-arm-embedded/9-2019-q4-major/gcc-arm-none-eabi-9-2019-q4-major/bin/../lib/gcc/arm-none-eabi/9.2.1/../../../../arm-none-eabi/lib/thumb/v7e-m/nofp/libg.a(lib_a-strncpy.o)
                0x0000000008008054                strncpy
 .text.__ssprint_r
                0x00000000080080bc       0xf8 /usr/local/Caskroom/gcc-arm-embedded/9-2019-q4-major/gcc-arm-none-eabi-9-2019-q4-major/bin/../lib/gcc/arm-none-eabi/9.2.1/../../../../arm-none-eabi/lib/thumb/v7e-m/nofp/libg.a(lib_a-svfiprintf.o)
                0x00000000080080bc                __ssprint_r
 .text.__register_exitproc
                0x00000000080081b4       0x8c /usr/local/Caskroom/gcc-arm-embedded/9-2019-q4-major/gcc-arm-none-eabi-9-2019-q4-major/bin/../lib/gcc/arm-none-eabi/9.2.1/../../../../arm-none-eabi/lib/thumb/v7e-m/nofp/libg.a(lib_a-__atexit.o)
                0x00000000080081b4                __register_exitproc
 .text._calloc_r
                0x0000000008008240       0x60 /usr/local/Caskroom/gcc-arm-embedded/9-2019-q4-major/gcc-arm-none-eabi-9-2019-q4-major/bin/../lib/gcc/arm-none-eabi/9.2.1/../../../../arm-none-eabi/lib/thumb/v7e-m/nofp/libg.a(lib_a-callocr.o)
                0x0000000008008240                _calloc_r
 .text.__ascii_mbtowc
                0x00000000080082a0       0x2c /usr/local/Caskroom/gcc-arm-embedded/9-2019-q4-major/gcc-arm-none-eabi-9-2019-q4-major/bin/../lib/gcc/arm-none-eabi/9.2.1/../../../../arm-none-eabi/lib/thumb/v7e-m/nofp/libg.a(lib_a-mbtowc_r.o)
                0x00000000080082a0                __ascii_mbtowc
 .text.memmove  0x00000000080082cc       0xd8 /usr/local/Caskroom/gcc-arm-embedded/9-2019-q4-major/gcc-arm-none-eabi-9-2019-q4-major/bin/../lib/gcc/arm-none-eabi/9.2.1/../../../../arm-none-eabi/lib/thumb/v7e-m/nofp/libg.a(lib_a-memmove.o)
                0x00000000080082cc                memmove
 .text._realloc_r
                0x00000000080083a4      0x3e0 /usr/local/Caskroom/gcc-arm-embedded/9-2019-q4-major/gcc-arm-none-eabi-9-2019-q4-major/bin/../lib/gcc/arm-none-eabi/9.2.1/../../../../arm-none-eabi/lib/thumb/v7e-m/nofp/libg.a(lib_a-reallocr.o)
                0x00000000080083a4                _realloc_r
 .text.__ascii_wctomb
                0x0000000008008784       0x1c /usr/local/Caskroom/gcc-arm-embedded/9-2019-q4-major/gcc-arm-none-eabi-9-2019-q4-major/bin/../lib/gcc/arm-none-eabi/9.2.1/../../../../arm-none-eabi/lib/thumb/v7e-m/nofp/libg.a(lib_a-wctomb_r.o)
                0x0000000008008784                __ascii_wctomb
 *(.glue_7)
 .glue_7        0x00000000080087a0        0x0 linker stubs
 *(.glue_7t)
 .glue_7t       0x00000000080087a0        0x0 linker stubs
 *(.eh_frame)
 .eh_frame      0x00000000080087a0        0x0 /usr/local/Caskroom/gcc-arm-embedded/9-2019-q4-major/gcc-arm-none-eabi-9-2019-q4-major/bin/../lib/gcc/arm-none-eabi/9.2.1/thumb/v7e-m/nofp/crtbegin.o
 *(.init)
 .init          0x00000000080087a0        0x4 /usr/local/Caskroom/gcc-arm-embedded/9-2019-q4-major/gcc-arm-none-eabi-9-2019-q4-major/bin/../lib/gcc/arm-none-eabi/9.2.1/thumb/v7e-m/nofp/crti.o
                0x00000000080087a0                _init
 .init          0x00000000080087a4        0x8 /usr/local/Caskroom/gcc-arm-embedded/9-2019-q4-major/gcc-arm-none-eabi-9-2019-q4-major/bin/../lib/gcc/arm-none-eabi/9.2.1/thumb/v7e-m/nofp/crtn.o
 *(.fini)
 .fini          0x00000000080087ac        0x4 /usr/local/Caskroom/gcc-arm-embedded/9-2019-q4-major/gcc-arm-none-eabi-9-2019-q4-major/bin/../lib/gcc/arm-none-eabi/9.2.1/thumb/v7e-m/nofp/crti.o
                0x00000000080087ac                _fini
 .fini          0x00000000080087b0        0x8 /usr/local/Caskroom/gcc-arm-embedded/9-2019-q4-major/gcc-arm-none-eabi-9-2019-q4-major/bin/../lib/gcc/arm-none-eabi/9.2.1/thumb/v7e-m/nofp/crtn.o
                0x00000000080087b8                . = ALIGN (0x4)
                0x00000000080087b8                _etext = .

.vfp11_veneer   0x00000000080087b8        0x0
 .vfp11_veneer  0x00000000080087b8        0x0 linker stubs

.v4_bx          0x00000000080087b8        0x0
 .v4_bx         0x00000000080087b8        0x0 linker stubs

.iplt           0x00000000080087b8        0x0
 .iplt          0x00000000080087b8        0x0 /usr/local/Caskroom/gcc-arm-embedded/9-2019-q4-major/gcc-arm-none-eabi-9-2019-q4-major/bin/../lib/gcc/arm-none-eabi/9.2.1/thumb/v7e-m/nofp/crtbegin.o

.rodata         0x00000000080087b8      0x2b0
                0x00000000080087b8                . = ALIGN (0x4)
 *(.rodata)
 *(.rodata*)
 .rodata._Z8main_cppv.str1.4
                0x00000000080087b8        0xb CMakeFiles/testTFTforATKF4.elf.dir/Core/Src/main_cpp.cpp.obj
 *fill*         0x00000000080087c3        0x1 
 .rodata.AHBPrescTable
                0x00000000080087c4       0x10 CMakeFiles/testTFTforATKF4.elf.dir/Core/Src/system_stm32f4xx.c.obj
                0x00000000080087c4                AHBPrescTable
 .rodata.APBPrescTable
                0x00000000080087d4        0x8 CMakeFiles/testTFTforATKF4.elf.dir/Core/Src/system_stm32f4xx.c.obj
                0x00000000080087d4                APBPrescTable
 .rodata._global_impure_ptr
                0x00000000080087dc        0x4 /usr/local/Caskroom/gcc-arm-embedded/9-2019-q4-major/gcc-arm-none-eabi-9-2019-q4-major/bin/../lib/gcc/arm-none-eabi/9.2.1/../../../../arm-none-eabi/lib/thumb/v7e-m/nofp/libg.a(lib_a-impure.o)
                0x00000000080087dc                _global_impure_ptr
 .rodata._svfprintf_r.str1.4
                0x00000000080087e0       0x42 /usr/local/Caskroom/gcc-arm-embedded/9-2019-q4-major/gcc-arm-none-eabi-9-2019-q4-major/bin/../lib/gcc/arm-none-eabi/9.2.1/../../../../arm-none-eabi/lib/thumb/v7e-m/nofp/libg.a(lib_a-svfprintf.o)
 *fill*         0x0000000008008822        0x2 
 .rodata.blanks.7345
                0x0000000008008824       0x10 /usr/local/Caskroom/gcc-arm-embedded/9-2019-q4-major/gcc-arm-none-eabi-9-2019-q4-major/bin/../lib/gcc/arm-none-eabi/9.2.1/../../../../arm-none-eabi/lib/thumb/v7e-m/nofp/libg.a(lib_a-svfprintf.o)
 .rodata.zeroes.7346
                0x0000000008008834       0x10 /usr/local/Caskroom/gcc-arm-embedded/9-2019-q4-major/gcc-arm-none-eabi-9-2019-q4-major/bin/../lib/gcc/arm-none-eabi/9.2.1/../../../../arm-none-eabi/lib/thumb/v7e-m/nofp/libg.a(lib_a-svfprintf.o)
 .rodata._dtoa_r.str1.4
                0x0000000008008844        0xd /usr/local/Caskroom/gcc-arm-embedded/9-2019-q4-major/gcc-arm-none-eabi-9-2019-q4-major/bin/../lib/gcc/arm-none-eabi/9.2.1/../../../../arm-none-eabi/lib/thumb/v7e-m/nofp/libg.a(lib_a-dtoa.o)
                                         0x12 (size before relaxing)
 *fill*         0x0000000008008851        0x7 
 .rodata.__mprec_bigtens
                0x0000000008008858       0x28 /usr/local/Caskroom/gcc-arm-embedded/9-2019-q4-major/gcc-arm-none-eabi-9-2019-q4-major/bin/../lib/gcc/arm-none-eabi/9.2.1/../../../../arm-none-eabi/lib/thumb/v7e-m/nofp/libg.a(lib_a-mprec.o)
                0x0000000008008858                __mprec_bigtens
 .rodata.__mprec_tens
                0x0000000008008880       0xc8 /usr/local/Caskroom/gcc-arm-embedded/9-2019-q4-major/gcc-arm-none-eabi-9-2019-q4-major/bin/../lib/gcc/arm-none-eabi/9.2.1/../../../../arm-none-eabi/lib/thumb/v7e-m/nofp/libg.a(lib_a-mprec.o)
                0x0000000008008880                __mprec_tens
 .rodata.p05.6115
                0x0000000008008948        0xc /usr/local/Caskroom/gcc-arm-embedded/9-2019-q4-major/gcc-arm-none-eabi-9-2019-q4-major/bin/../lib/gcc/arm-none-eabi/9.2.1/../../../../arm-none-eabi/lib/thumb/v7e-m/nofp/libg.a(lib_a-mprec.o)
 .rodata._setlocale_r.str1.4
                0x0000000008008954        0xa /usr/local/Caskroom/gcc-arm-embedded/9-2019-q4-major/gcc-arm-none-eabi-9-2019-q4-major/bin/../lib/gcc/arm-none-eabi/9.2.1/../../../../arm-none-eabi/lib/thumb/v7e-m/nofp/libg.a(lib_a-locale.o)
                                          0xd (size before relaxing)
 *fill*         0x000000000800895e        0x2 
 .rodata.str1.4
                0x0000000008008960        0x2 /usr/local/Caskroom/gcc-arm-embedded/9-2019-q4-major/gcc-arm-none-eabi-9-2019-q4-major/bin/../lib/gcc/arm-none-eabi/9.2.1/../../../../arm-none-eabi/lib/thumb/v7e-m/nofp/libg.a(lib_a-locale.o)
 *fill*         0x0000000008008962        0x2 
 .rodata._ctype_
                0x0000000008008964      0x101 /usr/local/Caskroom/gcc-arm-embedded/9-2019-q4-major/gcc-arm-none-eabi-9-2019-q4-major/bin/../lib/gcc/arm-none-eabi/9.2.1/../../../../arm-none-eabi/lib/thumb/v7e-m/nofp/libg.a(lib_a-ctype_.o)
                0x0000000008008964                _ctype_
                0x0000000008008a68                . = ALIGN (0x4)
 *fill*         0x0000000008008a65        0x3 

.ARM.extab      0x0000000008008a68       0x24
 *(.ARM.extab* .gnu.linkonce.armextab.*)
 .ARM.extab.text.JumpToCpp
                0x0000000008008a68        0xc CMakeFiles/testTFTforATKF4.elf.dir/Core/Src/main_cpp.cpp.obj
 .ARM.extab     0x0000000008008a74       0x18 /usr/local/Caskroom/gcc-arm-embedded/9-2019-q4-major/gcc-arm-none-eabi-9-2019-q4-major/bin/../lib/gcc/arm-none-eabi/9.2.1/thumb/v7e-m/nofp/libgcc.a(pr-support.o)

.ARM            0x0000000008008a8c       0xd0
                0x0000000008008a8c                __exidx_start = .
 *(.ARM.exidx*)
 .ARM.exidx.text._Z8main_cppv
                0x0000000008008b44        0x8 CMakeFiles/testTFTforATKF4.elf.dir/Core/Src/main_cpp.cpp.obj
 .ARM.exidx.text.JumpToCpp
                0x0000000008008b4c       0x10 CMakeFiles/testTFTforATKF4.elf.dir/Core/Src/main_cpp.cpp.obj
                                          0x8 (size before relaxing)
 .ARM.exidx     0x0000000008008a8c        0x8 /usr/local/Caskroom/gcc-arm-embedded/9-2019-q4-major/gcc-arm-none-eabi-9-2019-q4-major/bin/../lib/gcc/arm-none-eabi/9.2.1/thumb/v7e-m/nofp/libgcc.a(_udivmoddi4.o)
 .ARM.exidx     0x0000000008008a94       0x78 /usr/local/Caskroom/gcc-arm-embedded/9-2019-q4-major/gcc-arm-none-eabi-9-2019-q4-major/bin/../lib/gcc/arm-none-eabi/9.2.1/thumb/v7e-m/nofp/libgcc.a(unwind-arm.o)
                                         0xd8 (size before relaxing)
 .ARM.exidx     0x0000000008008b0c       0x38 /usr/local/Caskroom/gcc-arm-embedded/9-2019-q4-major/gcc-arm-none-eabi-9-2019-q4-major/bin/../lib/gcc/arm-none-eabi/9.2.1/thumb/v7e-m/nofp/libgcc.a(pr-support.o)
                0x0000000008008b5c                __exidx_end = .

.rel.dyn        0x0000000008008b5c        0x0
 .rel.iplt      0x0000000008008b5c        0x0 /usr/local/Caskroom/gcc-arm-embedded/9-2019-q4-major/gcc-arm-none-eabi-9-2019-q4-major/bin/../lib/gcc/arm-none-eabi/9.2.1/thumb/v7e-m/nofp/crtbegin.o

.preinit_array  0x0000000008008b5c        0x0
                0x0000000008008b5c                PROVIDE (__preinit_array_start = .)
 *(.preinit_array*)
                0x0000000008008b5c                PROVIDE (__preinit_array_end = .)

.init_array     0x0000000008008b5c        0x8
                0x0000000008008b5c                PROVIDE (__init_array_start = .)
 *(SORT_BY_NAME(.init_array.*))
 .init_array.00000
                0x0000000008008b5c        0x4 /usr/local/Caskroom/gcc-arm-embedded/9-2019-q4-major/gcc-arm-none-eabi-9-2019-q4-major/bin/../lib/gcc/arm-none-eabi/9.2.1/../../../../arm-none-eabi/lib/thumb/v7e-m/nofp/libg.a(lib_a-__call_atexit.o)
 *(.init_array*)
 .init_array    0x0000000008008b60        0x4 /usr/local/Caskroom/gcc-arm-embedded/9-2019-q4-major/gcc-arm-none-eabi-9-2019-q4-major/bin/../lib/gcc/arm-none-eabi/9.2.1/thumb/v7e-m/nofp/crtbegin.o
                0x0000000008008b64                PROVIDE (__init_array_end = .)

.fini_array     0x0000000008008b64        0x4
                0x0000000008008b64                PROVIDE (__fini_array_start = .)
 *(SORT_BY_NAME(.fini_array.*))
 *(.fini_array*)
 .fini_array    0x0000000008008b64        0x4 /usr/local/Caskroom/gcc-arm-embedded/9-2019-q4-major/gcc-arm-none-eabi-9-2019-q4-major/bin/../lib/gcc/arm-none-eabi/9.2.1/thumb/v7e-m/nofp/crtbegin.o
                0x0000000008008b68                PROVIDE (__fini_array_end = .)
                0x0000000008008b68                _sidata = LOADADDR (.data)

.data           0x0000000020000000      0x9b8 load address 0x0000000008008b68
                0x0000000020000000                . = ALIGN (0x4)
                0x0000000020000000                _sdata = .
 *(.data)
 *(.data*)
 .data.SystemCoreClock
                0x0000000020000000        0x4 CMakeFiles/testTFTforATKF4.elf.dir/Core/Src/system_stm32f4xx.c.obj
                0x0000000020000000                SystemCoreClock
 .data.uwTickFreq
                0x0000000020000004        0x1 CMakeFiles/testTFTforATKF4.elf.dir/Drivers/STM32F4xx_HAL_Driver/Src/stm32f4xx_hal.c.obj
                0x0000000020000004                uwTickFreq
 *fill*         0x0000000020000005        0x3 
 .data.uwTickPrio
                0x0000000020000008        0x4 CMakeFiles/testTFTforATKF4.elf.dir/Drivers/STM32F4xx_HAL_Driver/Src/stm32f4xx_hal.c.obj
                0x0000000020000008                uwTickPrio
 .data._impure_ptr
                0x000000002000000c        0x4 /usr/local/Caskroom/gcc-arm-embedded/9-2019-q4-major/gcc-arm-none-eabi-9-2019-q4-major/bin/../lib/gcc/arm-none-eabi/9.2.1/../../../../arm-none-eabi/lib/thumb/v7e-m/nofp/libg.a(lib_a-impure.o)
                0x000000002000000c                _impure_ptr
 .data.impure_data
                0x0000000020000010      0x428 /usr/local/Caskroom/gcc-arm-embedded/9-2019-q4-major/gcc-arm-none-eabi-9-2019-q4-major/bin/../lib/gcc/arm-none-eabi/9.2.1/../../../../arm-none-eabi/lib/thumb/v7e-m/nofp/libg.a(lib_a-impure.o)
 .data.__atexit_recursive_mutex
                0x0000000020000438        0x4 /usr/local/Caskroom/gcc-arm-embedded/9-2019-q4-major/gcc-arm-none-eabi-9-2019-q4-major/bin/../lib/gcc/arm-none-eabi/9.2.1/../../../../arm-none-eabi/lib/thumb/v7e-m/nofp/libg.a(lib_a-__call_atexit.o)
                0x0000000020000438                __atexit_recursive_mutex
 .data.__malloc_av_
                0x000000002000043c      0x408 /usr/local/Caskroom/gcc-arm-embedded/9-2019-q4-major/gcc-arm-none-eabi-9-2019-q4-major/bin/../lib/gcc/arm-none-eabi/9.2.1/../../../../arm-none-eabi/lib/thumb/v7e-m/nofp/libg.a(lib_a-mallocr.o)
                0x000000002000043c                __malloc_av_
 .data.__malloc_sbrk_base
                0x0000000020000844        0x4 /usr/local/Caskroom/gcc-arm-embedded/9-2019-q4-major/gcc-arm-none-eabi-9-2019-q4-major/bin/../lib/gcc/arm-none-eabi/9.2.1/../../../../arm-none-eabi/lib/thumb/v7e-m/nofp/libg.a(lib_a-mallocr.o)
                0x0000000020000844                __malloc_sbrk_base
 .data.__malloc_trim_threshold
                0x0000000020000848        0x4 /usr/local/Caskroom/gcc-arm-embedded/9-2019-q4-major/gcc-arm-none-eabi-9-2019-q4-major/bin/../lib/gcc/arm-none-eabi/9.2.1/../../../../arm-none-eabi/lib/thumb/v7e-m/nofp/libg.a(lib_a-mallocr.o)
                0x0000000020000848                __malloc_trim_threshold
 .data.__global_locale
                0x000000002000084c      0x16c /usr/local/Caskroom/gcc-arm-embedded/9-2019-q4-major/gcc-arm-none-eabi-9-2019-q4-major/bin/../lib/gcc/arm-none-eabi/9.2.1/../../../../arm-none-eabi/lib/thumb/v7e-m/nofp/libg.a(lib_a-locale.o)
                0x000000002000084c                __global_locale
                0x00000000200009b8                . = ALIGN (0x4)
                0x00000000200009b8                _edata = .
                0x0000000008009520                _siccmram = LOADADDR (.ccmram)

.igot.plt       0x00000000200009b8        0x0 load address 0x0000000008009520
 .igot.plt      0x00000000200009b8        0x0 /usr/local/Caskroom/gcc-arm-embedded/9-2019-q4-major/gcc-arm-none-eabi-9-2019-q4-major/bin/../lib/gcc/arm-none-eabi/9.2.1/thumb/v7e-m/nofp/crtbegin.o

.ccmram         0x0000000010000000        0x0 load address 0x0000000008009520
                0x0000000010000000                . = ALIGN (0x4)
                0x0000000010000000                _sccmram = .
 *(.ccmram)
 *(.ccmram*)
                0x0000000010000000                . = ALIGN (0x4)
                0x0000000010000000                _eccmram = .
                0x0000000010000000                . = ALIGN (0x4)

.bss            0x00000000200009b8      0x180
                0x00000000200009b8                _sbss = .
                0x00000000200009b8                __bss_start__ = _sbss
 *(.bss)
 .bss           0x00000000200009b8       0x1c /usr/local/Caskroom/gcc-arm-embedded/9-2019-q4-major/gcc-arm-none-eabi-9-2019-q4-major/bin/../lib/gcc/arm-none-eabi/9.2.1/thumb/v7e-m/nofp/crtbegin.o
 *(.bss*)
 .bss.FSMC_Initialized
                0x00000000200009d4        0x4 CMakeFiles/testTFTforATKF4.elf.dir/Core/Src/fsmc.c.obj
 .bss.hsram1    0x00000000200009d8       0x50 CMakeFiles/testTFTforATKF4.elf.dir/Core/Src/fsmc.c.obj
                0x00000000200009d8                hsram1
 .bss.hi2c1     0x0000000020000a28       0x54 CMakeFiles/testTFTforATKF4.elf.dir/Core/Src/i2c.c.obj
                0x0000000020000a28                hi2c1
 .bss.heap_end.6023
                0x0000000020000a7c        0x4 CMakeFiles/testTFTforATKF4.elf.dir/Core/Src/syscalls.c.obj
 .bss.pos       0x0000000020000a80        0x4 CMakeFiles/testTFTforATKF4.elf.dir/Core/Src/touch.c.obj
                0x0000000020000a80                pos
 .bss.huart1    0x0000000020000a84       0x44 CMakeFiles/testTFTforATKF4.elf.dir/Core/Src/usart.c.obj
                0x0000000020000a84                huart1
 .bss.uwTick    0x0000000020000ac8        0x4 CMakeFiles/testTFTforATKF4.elf.dir/Drivers/STM32F4xx_HAL_Driver/Src/stm32f4xx_hal.c.obj
                0x0000000020000ac8                uwTick
 .bss.lcddev    0x0000000020000acc        0xe CMakeFiles/testTFTforATKF4.elf.dir/Hardwares/LCD/lcd.c.obj
                0x0000000020000acc                lcddev
 *fill*         0x0000000020000ada        0x2 
 .bss.__malloc_current_mallinfo
                0x0000000020000adc       0x28 /usr/local/Caskroom/gcc-arm-embedded/9-2019-q4-major/gcc-arm-none-eabi-9-2019-q4-major/bin/../lib/gcc/arm-none-eabi/9.2.1/../../../../arm-none-eabi/lib/thumb/v7e-m/nofp/libg.a(lib_a-mallocr.o)
                0x0000000020000adc                __malloc_current_mallinfo
 .bss.__malloc_max_sbrked_mem
                0x0000000020000b04        0x4 /usr/local/Caskroom/gcc-arm-embedded/9-2019-q4-major/gcc-arm-none-eabi-9-2019-q4-major/bin/../lib/gcc/arm-none-eabi/9.2.1/../../../../arm-none-eabi/lib/thumb/v7e-m/nofp/libg.a(lib_a-mallocr.o)
                0x0000000020000b04                __malloc_max_sbrked_mem
 .bss.__malloc_max_total_mem
                0x0000000020000b08        0x4 /usr/local/Caskroom/gcc-arm-embedded/9-2019-q4-major/gcc-arm-none-eabi-9-2019-q4-major/bin/../lib/gcc/arm-none-eabi/9.2.1/../../../../arm-none-eabi/lib/thumb/v7e-m/nofp/libg.a(lib_a-mallocr.o)
                0x0000000020000b08                __malloc_max_total_mem
 .bss.__malloc_top_pad
                0x0000000020000b0c        0x4 /usr/local/Caskroom/gcc-arm-embedded/9-2019-q4-major/gcc-arm-none-eabi-9-2019-q4-major/bin/../lib/gcc/arm-none-eabi/9.2.1/../../../../arm-none-eabi/lib/thumb/v7e-m/nofp/libg.a(lib_a-mallocr.o)
                0x0000000020000b0c                __malloc_top_pad
 *(COMMON)
 COMMON         0x0000000020000b10       0x21 /usr/local/Caskroom/gcc-arm-embedded/9-2019-q4-major/gcc-arm-none-eabi-9-2019-q4-major/bin/../lib/gcc/arm-none-eabi/9.2.1/../../../../arm-none-eabi/lib/thumb/v7e-m/nofp/libg.a(lib_a-lock.o)
                0x0000000020000b10                __lock___atexit_recursive_mutex
                0x0000000020000b14                __lock___arc4random_mutex
                0x0000000020000b18                __lock___env_recursive_mutex
                0x0000000020000b1c                __lock___sinit_recursive_mutex
                0x0000000020000b20                __lock___malloc_recursive_mutex
                0x0000000020000b24                __lock___at_quick_exit_mutex
                0x0000000020000b28                __lock___dd_hash_mutex
                0x0000000020000b2c                __lock___tz_mutex
                0x0000000020000b30                __lock___sfp_recursive_mutex
 *fill*         0x0000000020000b31        0x3 
 COMMON         0x0000000020000b34        0x4 /usr/local/Caskroom/gcc-arm-embedded/9-2019-q4-major/gcc-arm-none-eabi-9-2019-q4-major/bin/../lib/gcc/arm-none-eabi/9.2.1/../../../../arm-none-eabi/lib/thumb/v7e-m/nofp/libg.a(lib_a-reent.o)
                0x0000000020000b34                errno
                0x0000000020000b38                . = ALIGN (0x4)
                0x0000000020000b38                _ebss = .
                0x0000000020000b38                __bss_end__ = _ebss

._user_heap_stack
                0x0000000020000b38      0x600
                0x0000000020000b38                . = ALIGN (0x8)
                0x0000000020000b38                PROVIDE (end = .)
                [!provide]                        PROVIDE (_end = .)
                0x0000000020000d38                . = (. + _Min_Heap_Size)
 *fill*         0x0000000020000b38      0x200 
                0x0000000020001138                . = (. + _Min_Stack_Size)
 *fill*         0x0000000020000d38      0x400 
                0x0000000020001138                . = ALIGN (0x8)

/DISCARD/
 libc.a(*)
 libm.a(*)
 libgcc.a(*)

.ARM.attributes
                0x0000000000000000       0x2a
 *(.ARM.attributes)
 .ARM.attributes
                0x0000000000000000       0x1e /usr/local/Caskroom/gcc-arm-embedded/9-2019-q4-major/gcc-arm-none-eabi-9-2019-q4-major/bin/../lib/gcc/arm-none-eabi/9.2.1/thumb/v7e-m/nofp/crti.o
 .ARM.attributes
                0x000000000000001e       0x2e /usr/local/Caskroom/gcc-arm-embedded/9-2019-q4-major/gcc-arm-none-eabi-9-2019-q4-major/bin/../lib/gcc/arm-none-eabi/9.2.1/thumb/v7e-m/nofp/crtbegin.o
 .ARM.attributes
                0x000000000000004c       0x2e CMakeFiles/testTFTforATKF4.elf.dir/Core/Src/fsmc.c.obj
 .ARM.attributes
                0x000000000000007a       0x2e CMakeFiles/testTFTforATKF4.elf.dir/Core/Src/gpio.c.obj
 .ARM.attributes
                0x00000000000000a8       0x2e CMakeFiles/testTFTforATKF4.elf.dir/Core/Src/i2c.c.obj
 .ARM.attributes
                0x00000000000000d6       0x2e CMakeFiles/testTFTforATKF4.elf.dir/Core/Src/main.c.obj
 .ARM.attributes
                0x0000000000000104       0x2e CMakeFiles/testTFTforATKF4.elf.dir/Core/Src/main_cpp.cpp.obj
 .ARM.attributes
                0x0000000000000132       0x2e CMakeFiles/testTFTforATKF4.elf.dir/Core/Src/stm32f4xx_hal_msp.c.obj
 .ARM.attributes
                0x0000000000000160       0x2e CMakeFiles/testTFTforATKF4.elf.dir/Core/Src/stm32f4xx_it.c.obj
 .ARM.attributes
                0x000000000000018e       0x2e CMakeFiles/testTFTforATKF4.elf.dir/Core/Src/syscalls.c.obj
 .ARM.attributes
                0x00000000000001bc       0x2e CMakeFiles/testTFTforATKF4.elf.dir/Core/Src/system_stm32f4xx.c.obj
 .ARM.attributes
                0x00000000000001ea       0x2e CMakeFiles/testTFTforATKF4.elf.dir/Core/Src/touch.c.obj
 .ARM.attributes
                0x0000000000000218       0x2e CMakeFiles/testTFTforATKF4.elf.dir/Core/Src/usart.c.obj
 .ARM.attributes
                0x0000000000000246       0x2e CMakeFiles/testTFTforATKF4.elf.dir/Drivers/STM32F4xx_HAL_Driver/Src/stm32f4xx_hal.c.obj
 .ARM.attributes
                0x0000000000000274       0x2e CMakeFiles/testTFTforATKF4.elf.dir/Drivers/STM32F4xx_HAL_Driver/Src/stm32f4xx_hal_cortex.c.obj
 .ARM.attributes
                0x00000000000002a2       0x2e CMakeFiles/testTFTforATKF4.elf.dir/Drivers/STM32F4xx_HAL_Driver/Src/stm32f4xx_hal_gpio.c.obj
 .ARM.attributes
                0x00000000000002d0       0x2e CMakeFiles/testTFTforATKF4.elf.dir/Drivers/STM32F4xx_HAL_Driver/Src/stm32f4xx_hal_i2c.c.obj
 .ARM.attributes
                0x00000000000002fe       0x2e CMakeFiles/testTFTforATKF4.elf.dir/Drivers/STM32F4xx_HAL_Driver/Src/stm32f4xx_hal_rcc.c.obj
 .ARM.attributes
                0x000000000000032c       0x2e CMakeFiles/testTFTforATKF4.elf.dir/Drivers/STM32F4xx_HAL_Driver/Src/stm32f4xx_hal_sram.c.obj
 .ARM.attributes
                0x000000000000035a       0x2e CMakeFiles/testTFTforATKF4.elf.dir/Drivers/STM32F4xx_HAL_Driver/Src/stm32f4xx_hal_uart.c.obj
 .ARM.attributes
                0x0000000000000388       0x2e CMakeFiles/testTFTforATKF4.elf.dir/Drivers/STM32F4xx_HAL_Driver/Src/stm32f4xx_ll_fsmc.c.obj
 .ARM.attributes
                0x00000000000003b6       0x2e CMakeFiles/testTFTforATKF4.elf.dir/Hardwares/LCD/lcd.c.obj
 .ARM.attributes
                0x00000000000003e4       0x21 CMakeFiles/testTFTforATKF4.elf.dir/startup/startup_stm32f407xx.s.obj
 .ARM.attributes
                0x0000000000000405       0x1e /usr/local/Caskroom/gcc-arm-embedded/9-2019-q4-major/gcc-arm-none-eabi-9-2019-q4-major/bin/../lib/gcc/arm-none-eabi/9.2.1/thumb/v7e-m/nofp/libgcc.a(_aeabi_uldivmod.o)
 .ARM.attributes
                0x0000000000000423       0x2e /usr/local/Caskroom/gcc-arm-embedded/9-2019-q4-major/gcc-arm-none-eabi-9-2019-q4-major/bin/../lib/gcc/arm-none-eabi/9.2.1/thumb/v7e-m/nofp/libgcc.a(_udivmoddi4.o)
 .ARM.attributes
                0x0000000000000451       0x1e /usr/local/Caskroom/gcc-arm-embedded/9-2019-q4-major/gcc-arm-none-eabi-9-2019-q4-major/bin/../lib/gcc/arm-none-eabi/9.2.1/thumb/v7e-m/nofp/libgcc.a(_dvmd_tls.o)
 .ARM.attributes
                0x000000000000046f       0x2e /usr/local/Caskroom/gcc-arm-embedded/9-2019-q4-major/gcc-arm-none-eabi-9-2019-q4-major/bin/../lib/gcc/arm-none-eabi/9.2.1/../../../../arm-none-eabi/lib/thumb/v7e-m/nofp/libg.a(lib_a-errno.o)
 .ARM.attributes
                0x000000000000049d       0x2e /usr/local/Caskroom/gcc-arm-embedded/9-2019-q4-major/gcc-arm-none-eabi-9-2019-q4-major/bin/../lib/gcc/arm-none-eabi/9.2.1/../../../../arm-none-eabi/lib/thumb/v7e-m/nofp/libg.a(lib_a-impure.o)
 .ARM.attributes
                0x00000000000004cb       0x2e /usr/local/Caskroom/gcc-arm-embedded/9-2019-q4-major/gcc-arm-none-eabi-9-2019-q4-major/bin/../lib/gcc/arm-none-eabi/9.2.1/../../../../arm-none-eabi/lib/thumb/v7e-m/nofp/libg.a(lib_a-init.o)
 .ARM.attributes
                0x00000000000004f9       0x1c /usr/local/Caskroom/gcc-arm-embedded/9-2019-q4-major/gcc-arm-none-eabi-9-2019-q4-major/bin/../lib/gcc/arm-none-eabi/9.2.1/../../../../arm-none-eabi/lib/thumb/v7e-m/nofp/libg.a(lib_a-memcpy.o)
 .ARM.attributes
                0x0000000000000515       0x2e /usr/local/Caskroom/gcc-arm-embedded/9-2019-q4-major/gcc-arm-none-eabi-9-2019-q4-major/bin/../lib/gcc/arm-none-eabi/9.2.1/../../../../arm-none-eabi/lib/thumb/v7e-m/nofp/libg.a(lib_a-memset.o)
 .ARM.attributes
                0x0000000000000543       0x2e /usr/local/Caskroom/gcc-arm-embedded/9-2019-q4-major/gcc-arm-none-eabi-9-2019-q4-major/bin/../lib/gcc/arm-none-eabi/9.2.1/../../../../arm-none-eabi/lib/thumb/v7e-m/nofp/libg.a(lib_a-qsort.o)
 .ARM.attributes
                0x0000000000000571       0x2e /usr/local/Caskroom/gcc-arm-embedded/9-2019-q4-major/gcc-arm-none-eabi-9-2019-q4-major/bin/../lib/gcc/arm-none-eabi/9.2.1/../../../../arm-none-eabi/lib/thumb/v7e-m/nofp/libg.a(lib_a-sprintf.o)
 .ARM.attributes
                0x000000000000059f       0x1c /usr/local/Caskroom/gcc-arm-embedded/9-2019-q4-major/gcc-arm-none-eabi-9-2019-q4-major/bin/../lib/gcc/arm-none-eabi/9.2.1/../../../../arm-none-eabi/lib/thumb/v7e-m/nofp/libg.a(lib_a-strlen.o)
 .ARM.attributes
                0x00000000000005bb       0x2e /usr/local/Caskroom/gcc-arm-embedded/9-2019-q4-major/gcc-arm-none-eabi-9-2019-q4-major/bin/../lib/gcc/arm-none-eabi/9.2.1/../../../../arm-none-eabi/lib/thumb/v7e-m/nofp/libg.a(lib_a-svfprintf.o)
 .ARM.attributes
                0x00000000000005e9       0x2e /usr/local/Caskroom/gcc-arm-embedded/9-2019-q4-major/gcc-arm-none-eabi-9-2019-q4-major/bin/../lib/gcc/arm-none-eabi/9.2.1/../../../../arm-none-eabi/lib/thumb/v7e-m/nofp/libg.a(lib_a-__call_atexit.o)
 .ARM.attributes
                0x0000000000000617       0x2e /usr/local/Caskroom/gcc-arm-embedded/9-2019-q4-major/gcc-arm-none-eabi-9-2019-q4-major/bin/../lib/gcc/arm-none-eabi/9.2.1/../../../../arm-none-eabi/lib/thumb/v7e-m/nofp/libg.a(lib_a-atexit.o)
 .ARM.attributes
                0x0000000000000645       0x2e /usr/local/Caskroom/gcc-arm-embedded/9-2019-q4-major/gcc-arm-none-eabi-9-2019-q4-major/bin/../lib/gcc/arm-none-eabi/9.2.1/../../../../arm-none-eabi/lib/thumb/v7e-m/nofp/libg.a(lib_a-dtoa.o)
 .ARM.attributes
                0x0000000000000673       0x2e /usr/local/Caskroom/gcc-arm-embedded/9-2019-q4-major/gcc-arm-none-eabi-9-2019-q4-major/bin/../lib/gcc/arm-none-eabi/9.2.1/../../../../arm-none-eabi/lib/thumb/v7e-m/nofp/libg.a(lib_a-fini.o)
 .ARM.attributes
                0x00000000000006a1       0x2e /usr/local/Caskroom/gcc-arm-embedded/9-2019-q4-major/gcc-arm-none-eabi-9-2019-q4-major/bin/../lib/gcc/arm-none-eabi/9.2.1/../../../../arm-none-eabi/lib/thumb/v7e-m/nofp/libg.a(lib_a-freer.o)
 .ARM.attributes
                0x00000000000006cf       0x2e /usr/local/Caskroom/gcc-arm-embedded/9-2019-q4-major/gcc-arm-none-eabi-9-2019-q4-major/bin/../lib/gcc/arm-none-eabi/9.2.1/../../../../arm-none-eabi/lib/thumb/v7e-m/nofp/libg.a(lib_a-localeconv.o)
 .ARM.attributes
                0x00000000000006fd       0x2e /usr/local/Caskroom/gcc-arm-embedded/9-2019-q4-major/gcc-arm-none-eabi-9-2019-q4-major/bin/../lib/gcc/arm-none-eabi/9.2.1/../../../../arm-none-eabi/lib/thumb/v7e-m/nofp/libg.a(lib_a-lock.o)
 .ARM.attributes
                0x000000000000072b       0x2e /usr/local/Caskroom/gcc-arm-embedded/9-2019-q4-major/gcc-arm-none-eabi-9-2019-q4-major/bin/../lib/gcc/arm-none-eabi/9.2.1/../../../../arm-none-eabi/lib/thumb/v7e-m/nofp/libg.a(lib_a-mallocr.o)
 .ARM.attributes
                0x0000000000000759       0x1c /usr/local/Caskroom/gcc-arm-embedded/9-2019-q4-major/gcc-arm-none-eabi-9-2019-q4-major/bin/../lib/gcc/arm-none-eabi/9.2.1/../../../../arm-none-eabi/lib/thumb/v7e-m/nofp/libg.a(lib_a-memchr.o)
 .ARM.attributes
                0x0000000000000775       0x2e /usr/local/Caskroom/gcc-arm-embedded/9-2019-q4-major/gcc-arm-none-eabi-9-2019-q4-major/bin/../lib/gcc/arm-none-eabi/9.2.1/../../../../arm-none-eabi/lib/thumb/v7e-m/nofp/libg.a(lib_a-mlock.o)
 .ARM.attributes
                0x00000000000007a3       0x2e /usr/local/Caskroom/gcc-arm-embedded/9-2019-q4-major/gcc-arm-none-eabi-9-2019-q4-major/bin/../lib/gcc/arm-none-eabi/9.2.1/../../../../arm-none-eabi/lib/thumb/v7e-m/nofp/libg.a(lib_a-mprec.o)
 .ARM.attributes
                0x00000000000007d1       0x2e /usr/local/Caskroom/gcc-arm-embedded/9-2019-q4-major/gcc-arm-none-eabi-9-2019-q4-major/bin/../lib/gcc/arm-none-eabi/9.2.1/../../../../arm-none-eabi/lib/thumb/v7e-m/nofp/libg.a(lib_a-reent.o)
 .ARM.attributes
                0x00000000000007ff       0x2e /usr/local/Caskroom/gcc-arm-embedded/9-2019-q4-major/gcc-arm-none-eabi-9-2019-q4-major/bin/../lib/gcc/arm-none-eabi/9.2.1/../../../../arm-none-eabi/lib/thumb/v7e-m/nofp/libg.a(lib_a-s_frexp.o)
 .ARM.attributes
                0x000000000000082d       0x2e /usr/local/Caskroom/gcc-arm-embedded/9-2019-q4-major/gcc-arm-none-eabi-9-2019-q4-major/bin/../lib/gcc/arm-none-eabi/9.2.1/../../../../arm-none-eabi/lib/thumb/v7e-m/nofp/libg.a(lib_a-sbrkr.o)
 .ARM.attributes
                0x000000000000085b       0x2e /usr/local/Caskroom/gcc-arm-embedded/9-2019-q4-major/gcc-arm-none-eabi-9-2019-q4-major/bin/../lib/gcc/arm-none-eabi/9.2.1/../../../../arm-none-eabi/lib/thumb/v7e-m/nofp/libg.a(lib_a-strncpy.o)
 .ARM.attributes
                0x0000000000000889       0x2e /usr/local/Caskroom/gcc-arm-embedded/9-2019-q4-major/gcc-arm-none-eabi-9-2019-q4-major/bin/../lib/gcc/arm-none-eabi/9.2.1/../../../../arm-none-eabi/lib/thumb/v7e-m/nofp/libg.a(lib_a-svfiprintf.o)
 .ARM.attributes
                0x00000000000008b7       0x2e /usr/local/Caskroom/gcc-arm-embedded/9-2019-q4-major/gcc-arm-none-eabi-9-2019-q4-major/bin/../lib/gcc/arm-none-eabi/9.2.1/../../../../arm-none-eabi/lib/thumb/v7e-m/nofp/libg.a(lib_a-__atexit.o)
 .ARM.attributes
                0x00000000000008e5       0x2e /usr/local/Caskroom/gcc-arm-embedded/9-2019-q4-major/gcc-arm-none-eabi-9-2019-q4-major/bin/../lib/gcc/arm-none-eabi/9.2.1/../../../../arm-none-eabi/lib/thumb/v7e-m/nofp/libg.a(lib_a-callocr.o)
 .ARM.attributes
                0x0000000000000913       0x2e /usr/local/Caskroom/gcc-arm-embedded/9-2019-q4-major/gcc-arm-none-eabi-9-2019-q4-major/bin/../lib/gcc/arm-none-eabi/9.2.1/../../../../arm-none-eabi/lib/thumb/v7e-m/nofp/libg.a(lib_a-locale.o)
 .ARM.attributes
                0x0000000000000941       0x2e /usr/local/Caskroom/gcc-arm-embedded/9-2019-q4-major/gcc-arm-none-eabi-9-2019-q4-major/bin/../lib/gcc/arm-none-eabi/9.2.1/../../../../arm-none-eabi/lib/thumb/v7e-m/nofp/libg.a(lib_a-mbtowc_r.o)
 .ARM.attributes
                0x000000000000096f       0x2e /usr/local/Caskroom/gcc-arm-embedded/9-2019-q4-major/gcc-arm-none-eabi-9-2019-q4-major/bin/../lib/gcc/arm-none-eabi/9.2.1/../../../../arm-none-eabi/lib/thumb/v7e-m/nofp/libg.a(lib_a-memmove.o)
 .ARM.attributes
                0x000000000000099d       0x2e /usr/local/Caskroom/gcc-arm-embedded/9-2019-q4-major/gcc-arm-none-eabi-9-2019-q4-major/bin/../lib/gcc/arm-none-eabi/9.2.1/../../../../arm-none-eabi/lib/thumb/v7e-m/nofp/libg.a(lib_a-reallocr.o)
 .ARM.attributes
                0x00000000000009cb       0x2e /usr/local/Caskroom/gcc-arm-embedded/9-2019-q4-major/gcc-arm-none-eabi-9-2019-q4-major/bin/../lib/gcc/arm-none-eabi/9.2.1/../../../../arm-none-eabi/lib/thumb/v7e-m/nofp/libg.a(lib_a-wctomb_r.o)
 .ARM.attributes
                0x00000000000009f9       0x2e /usr/local/Caskroom/gcc-arm-embedded/9-2019-q4-major/gcc-arm-none-eabi-9-2019-q4-major/bin/../lib/gcc/arm-none-eabi/9.2.1/../../../../arm-none-eabi/lib/thumb/v7e-m/nofp/libg.a(lib_a-ctype_.o)
 .ARM.attributes
                0x0000000000000a27       0x1e /usr/local/Caskroom/gcc-arm-embedded/9-2019-q4-major/gcc-arm-none-eabi-9-2019-q4-major/bin/../lib/gcc/arm-none-eabi/9.2.1/thumb/v7e-m/nofp/libgcc.a(_arm_addsubdf3.o)
 .ARM.attributes
                0x0000000000000a45       0x1e /usr/local/Caskroom/gcc-arm-embedded/9-2019-q4-major/gcc-arm-none-eabi-9-2019-q4-major/bin/../lib/gcc/arm-none-eabi/9.2.1/thumb/v7e-m/nofp/libgcc.a(_arm_muldivdf3.o)
 .ARM.attributes
                0x0000000000000a63       0x1e /usr/local/Caskroom/gcc-arm-embedded/9-2019-q4-major/gcc-arm-none-eabi-9-2019-q4-major/bin/../lib/gcc/arm-none-eabi/9.2.1/thumb/v7e-m/nofp/libgcc.a(_arm_cmpdf2.o)
 .ARM.attributes
                0x0000000000000a81       0x1e /usr/local/Caskroom/gcc-arm-embedded/9-2019-q4-major/gcc-arm-none-eabi-9-2019-q4-major/bin/../lib/gcc/arm-none-eabi/9.2.1/thumb/v7e-m/nofp/libgcc.a(_arm_unorddf2.o)
 .ARM.attributes
                0x0000000000000a9f       0x1e /usr/local/Caskroom/gcc-arm-embedded/9-2019-q4-major/gcc-arm-none-eabi-9-2019-q4-major/bin/../lib/gcc/arm-none-eabi/9.2.1/thumb/v7e-m/nofp/libgcc.a(_arm_fixdfsi.o)
 .ARM.attributes
                0x0000000000000abd       0x1e /usr/local/Caskroom/gcc-arm-embedded/9-2019-q4-major/gcc-arm-none-eabi-9-2019-q4-major/bin/../lib/gcc/arm-none-eabi/9.2.1/thumb/v7e-m/nofp/crtn.o
OUTPUT(testTFTforATKF4.elf elf32-littlearm)

.debug_info     0x0000000000000000    0x13d10
 .debug_info    0x0000000000000000      0xc60 CMakeFiles/testTFTforATKF4.elf.dir/Core/Src/fsmc.c.obj
 .debug_info    0x0000000000000c60      0x66c CMakeFiles/testTFTforATKF4.elf.dir/Core/Src/gpio.c.obj
 .debug_info    0x00000000000012cc      0xb28 CMakeFiles/testTFTforATKF4.elf.dir/Core/Src/i2c.c.obj
 .debug_info    0x0000000000001df4     0x1050 CMakeFiles/testTFTforATKF4.elf.dir/Core/Src/main.c.obj
 .debug_info    0x0000000000002e44     0x14bb CMakeFiles/testTFTforATKF4.elf.dir/Core/Src/main_cpp.cpp.obj
 .debug_info    0x00000000000042ff      0x390 CMakeFiles/testTFTforATKF4.elf.dir/Core/Src/stm32f4xx_hal_msp.c.obj
 .debug_info    0x000000000000468f      0x238 CMakeFiles/testTFTforATKF4.elf.dir/Core/Src/stm32f4xx_it.c.obj
 .debug_info    0x00000000000048c7     0x112a CMakeFiles/testTFTforATKF4.elf.dir/Core/Src/syscalls.c.obj
 .debug_info    0x00000000000059f1      0x3fe CMakeFiles/testTFTforATKF4.elf.dir/Core/Src/system_stm32f4xx.c.obj
 .debug_info    0x0000000000005def     0x1213 CMakeFiles/testTFTforATKF4.elf.dir/Core/Src/touch.c.obj
 .debug_info    0x0000000000007002      0xa97 CMakeFiles/testTFTforATKF4.elf.dir/Core/Src/usart.c.obj
 .debug_info    0x0000000000007a99      0xa79 CMakeFiles/testTFTforATKF4.elf.dir/Drivers/STM32F4xx_HAL_Driver/Src/stm32f4xx_hal.c.obj
 .debug_info    0x0000000000008512     0x1154 CMakeFiles/testTFTforATKF4.elf.dir/Drivers/STM32F4xx_HAL_Driver/Src/stm32f4xx_hal_cortex.c.obj
 .debug_info    0x0000000000009666      0x884 CMakeFiles/testTFTforATKF4.elf.dir/Drivers/STM32F4xx_HAL_Driver/Src/stm32f4xx_hal_gpio.c.obj
 .debug_info    0x0000000000009eea     0x39d9 CMakeFiles/testTFTforATKF4.elf.dir/Drivers/STM32F4xx_HAL_Driver/Src/stm32f4xx_hal_i2c.c.obj
 .debug_info    0x000000000000d8c3      0xb5d CMakeFiles/testTFTforATKF4.elf.dir/Drivers/STM32F4xx_HAL_Driver/Src/stm32f4xx_hal_rcc.c.obj
 .debug_info    0x000000000000e420      0xd8d CMakeFiles/testTFTforATKF4.elf.dir/Drivers/STM32F4xx_HAL_Driver/Src/stm32f4xx_hal_sram.c.obj
 .debug_info    0x000000000000f1ad     0x1dab CMakeFiles/testTFTforATKF4.elf.dir/Drivers/STM32F4xx_HAL_Driver/Src/stm32f4xx_hal_uart.c.obj
 .debug_info    0x0000000000010f58      0xc2d CMakeFiles/testTFTforATKF4.elf.dir/Drivers/STM32F4xx_HAL_Driver/Src/stm32f4xx_ll_fsmc.c.obj
 .debug_info    0x0000000000011b85     0x2169 CMakeFiles/testTFTforATKF4.elf.dir/Hardwares/LCD/lcd.c.obj
 .debug_info    0x0000000000013cee       0x22 CMakeFiles/testTFTforATKF4.elf.dir/startup/startup_stm32f407xx.s.obj

.debug_abbrev   0x0000000000000000     0x2e14
 .debug_abbrev  0x0000000000000000      0x224 CMakeFiles/testTFTforATKF4.elf.dir/Core/Src/fsmc.c.obj
 .debug_abbrev  0x0000000000000224      0x17b CMakeFiles/testTFTforATKF4.elf.dir/Core/Src/gpio.c.obj
 .debug_abbrev  0x000000000000039f      0x1ed CMakeFiles/testTFTforATKF4.elf.dir/Core/Src/i2c.c.obj
 .debug_abbrev  0x000000000000058c      0x215 CMakeFiles/testTFTforATKF4.elf.dir/Core/Src/main.c.obj
 .debug_abbrev  0x00000000000007a1      0x348 CMakeFiles/testTFTforATKF4.elf.dir/Core/Src/main_cpp.cpp.obj
 .debug_abbrev  0x0000000000000ae9      0x11a CMakeFiles/testTFTforATKF4.elf.dir/Core/Src/stm32f4xx_hal_msp.c.obj
 .debug_abbrev  0x0000000000000c03       0xef CMakeFiles/testTFTforATKF4.elf.dir/Core/Src/stm32f4xx_it.c.obj
 .debug_abbrev  0x0000000000000cf2      0x31e CMakeFiles/testTFTforATKF4.elf.dir/Core/Src/syscalls.c.obj
 .debug_abbrev  0x0000000000001010      0x148 CMakeFiles/testTFTforATKF4.elf.dir/Core/Src/system_stm32f4xx.c.obj
 .debug_abbrev  0x0000000000001158      0x381 CMakeFiles/testTFTforATKF4.elf.dir/Core/Src/touch.c.obj
 .debug_abbrev  0x00000000000014d9      0x1ed CMakeFiles/testTFTforATKF4.elf.dir/Core/Src/usart.c.obj
 .debug_abbrev  0x00000000000016c6      0x219 CMakeFiles/testTFTforATKF4.elf.dir/Drivers/STM32F4xx_HAL_Driver/Src/stm32f4xx_hal.c.obj
 .debug_abbrev  0x00000000000018df      0x390 CMakeFiles/testTFTforATKF4.elf.dir/Drivers/STM32F4xx_HAL_Driver/Src/stm32f4xx_hal_cortex.c.obj
 .debug_abbrev  0x0000000000001c6f      0x21c CMakeFiles/testTFTforATKF4.elf.dir/Drivers/STM32F4xx_HAL_Driver/Src/stm32f4xx_hal_gpio.c.obj
 .debug_abbrev  0x0000000000001e8b      0x2ab CMakeFiles/testTFTforATKF4.elf.dir/Drivers/STM32F4xx_HAL_Driver/Src/stm32f4xx_hal_i2c.c.obj
 .debug_abbrev  0x0000000000002136      0x2ae CMakeFiles/testTFTforATKF4.elf.dir/Drivers/STM32F4xx_HAL_Driver/Src/stm32f4xx_hal_rcc.c.obj
 .debug_abbrev  0x00000000000023e4      0x240 CMakeFiles/testTFTforATKF4.elf.dir/Drivers/STM32F4xx_HAL_Driver/Src/stm32f4xx_hal_sram.c.obj
 .debug_abbrev  0x0000000000002624      0x2c0 CMakeFiles/testTFTforATKF4.elf.dir/Drivers/STM32F4xx_HAL_Driver/Src/stm32f4xx_hal_uart.c.obj
 .debug_abbrev  0x00000000000028e4      0x1d9 CMakeFiles/testTFTforATKF4.elf.dir/Drivers/STM32F4xx_HAL_Driver/Src/stm32f4xx_ll_fsmc.c.obj
 .debug_abbrev  0x0000000000002abd      0x345 CMakeFiles/testTFTforATKF4.elf.dir/Hardwares/LCD/lcd.c.obj
 .debug_abbrev  0x0000000000002e02       0x12 CMakeFiles/testTFTforATKF4.elf.dir/startup/startup_stm32f407xx.s.obj

.debug_loc      0x0000000000000000     0x9670
 .debug_loc     0x0000000000000000       0x4a CMakeFiles/testTFTforATKF4.elf.dir/Core/Src/fsmc.c.obj
 .debug_loc     0x000000000000004a       0x67 CMakeFiles/testTFTforATKF4.elf.dir/Core/Src/i2c.c.obj
 .debug_loc     0x00000000000000b1       0x44 CMakeFiles/testTFTforATKF4.elf.dir/Core/Src/main_cpp.cpp.obj
 .debug_loc     0x00000000000000f5      0x436 CMakeFiles/testTFTforATKF4.elf.dir/Core/Src/syscalls.c.obj
 .debug_loc     0x000000000000052b      0x16c CMakeFiles/testTFTforATKF4.elf.dir/Core/Src/system_stm32f4xx.c.obj
 .debug_loc     0x0000000000000697      0x3ec CMakeFiles/testTFTforATKF4.elf.dir/Core/Src/touch.c.obj
 .debug_loc     0x0000000000000a83       0x84 CMakeFiles/testTFTforATKF4.elf.dir/Core/Src/usart.c.obj
 .debug_loc     0x0000000000000b07      0x141 CMakeFiles/testTFTforATKF4.elf.dir/Drivers/STM32F4xx_HAL_Driver/Src/stm32f4xx_hal.c.obj
 .debug_loc     0x0000000000000c48      0x744 CMakeFiles/testTFTforATKF4.elf.dir/Drivers/STM32F4xx_HAL_Driver/Src/stm32f4xx_hal_cortex.c.obj
 .debug_loc     0x000000000000138c      0x513 CMakeFiles/testTFTforATKF4.elf.dir/Drivers/STM32F4xx_HAL_Driver/Src/stm32f4xx_hal_gpio.c.obj
 .debug_loc     0x000000000000189f     0x404f CMakeFiles/testTFTforATKF4.elf.dir/Drivers/STM32F4xx_HAL_Driver/Src/stm32f4xx_hal_i2c.c.obj
 .debug_loc     0x00000000000058ee      0x56f CMakeFiles/testTFTforATKF4.elf.dir/Drivers/STM32F4xx_HAL_Driver/Src/stm32f4xx_hal_rcc.c.obj
 .debug_loc     0x0000000000005e5d      0x975 CMakeFiles/testTFTforATKF4.elf.dir/Drivers/STM32F4xx_HAL_Driver/Src/stm32f4xx_hal_sram.c.obj
 .debug_loc     0x00000000000067d2     0x203b CMakeFiles/testTFTforATKF4.elf.dir/Drivers/STM32F4xx_HAL_Driver/Src/stm32f4xx_hal_uart.c.obj
 .debug_loc     0x000000000000880d      0x7b4 CMakeFiles/testTFTforATKF4.elf.dir/Drivers/STM32F4xx_HAL_Driver/Src/stm32f4xx_ll_fsmc.c.obj
 .debug_loc     0x0000000000008fc1      0x6af CMakeFiles/testTFTforATKF4.elf.dir/Hardwares/LCD/lcd.c.obj

.debug_aranges  0x0000000000000000      0xc30
 .debug_aranges
                0x0000000000000000       0x48 CMakeFiles/testTFTforATKF4.elf.dir/Core/Src/fsmc.c.obj
 .debug_aranges
                0x0000000000000048       0x20 CMakeFiles/testTFTforATKF4.elf.dir/Core/Src/gpio.c.obj
 .debug_aranges
                0x0000000000000068       0x30 CMakeFiles/testTFTforATKF4.elf.dir/Core/Src/i2c.c.obj
 .debug_aranges
                0x0000000000000098       0x30 CMakeFiles/testTFTforATKF4.elf.dir/Core/Src/main.c.obj
 .debug_aranges
                0x00000000000000c8       0x28 CMakeFiles/testTFTforATKF4.elf.dir/Core/Src/main_cpp.cpp.obj
 .debug_aranges
                0x00000000000000f0       0x20 CMakeFiles/testTFTforATKF4.elf.dir/Core/Src/stm32f4xx_hal_msp.c.obj
 .debug_aranges
                0x0000000000000110       0x60 CMakeFiles/testTFTforATKF4.elf.dir/Core/Src/stm32f4xx_it.c.obj
 .debug_aranges
                0x0000000000000170       0xb0 CMakeFiles/testTFTforATKF4.elf.dir/Core/Src/syscalls.c.obj
 .debug_aranges
                0x0000000000000220       0x28 CMakeFiles/testTFTforATKF4.elf.dir/Core/Src/system_stm32f4xx.c.obj
 .debug_aranges
                0x0000000000000248       0xa0 CMakeFiles/testTFTforATKF4.elf.dir/Core/Src/touch.c.obj
 .debug_aranges
                0x00000000000002e8       0x30 CMakeFiles/testTFTforATKF4.elf.dir/Core/Src/usart.c.obj
 .debug_aranges
                0x0000000000000318       0xf0 CMakeFiles/testTFTforATKF4.elf.dir/Drivers/STM32F4xx_HAL_Driver/Src/stm32f4xx_hal.c.obj
 .debug_aranges
                0x0000000000000408       0xa8 CMakeFiles/testTFTforATKF4.elf.dir/Drivers/STM32F4xx_HAL_Driver/Src/stm32f4xx_hal_cortex.c.obj
 .debug_aranges
                0x00000000000004b0       0x58 CMakeFiles/testTFTforATKF4.elf.dir/Drivers/STM32F4xx_HAL_Driver/Src/stm32f4xx_hal_gpio.c.obj
 .debug_aranges
                0x0000000000000508      0x2a0 CMakeFiles/testTFTforATKF4.elf.dir/Drivers/STM32F4xx_HAL_Driver/Src/stm32f4xx_hal_i2c.c.obj
 .debug_aranges
                0x00000000000007a8       0x88 CMakeFiles/testTFTforATKF4.elf.dir/Drivers/STM32F4xx_HAL_Driver/Src/stm32f4xx_hal_rcc.c.obj
 .debug_aranges
                0x0000000000000830       0xa0 CMakeFiles/testTFTforATKF4.elf.dir/Drivers/STM32F4xx_HAL_Driver/Src/stm32f4xx_hal_sram.c.obj
 .debug_aranges
                0x00000000000008d0      0x200 CMakeFiles/testTFTforATKF4.elf.dir/Drivers/STM32F4xx_HAL_Driver/Src/stm32f4xx_hal_uart.c.obj
 .debug_aranges
                0x0000000000000ad0       0xa8 CMakeFiles/testTFTforATKF4.elf.dir/Drivers/STM32F4xx_HAL_Driver/Src/stm32f4xx_ll_fsmc.c.obj
 .debug_aranges
                0x0000000000000b78       0x90 CMakeFiles/testTFTforATKF4.elf.dir/Hardwares/LCD/lcd.c.obj
 .debug_aranges
                0x0000000000000c08       0x28 CMakeFiles/testTFTforATKF4.elf.dir/startup/startup_stm32f407xx.s.obj

.debug_ranges   0x0000000000000000      0xb78
 .debug_ranges  0x0000000000000000       0x38 CMakeFiles/testTFTforATKF4.elf.dir/Core/Src/fsmc.c.obj
 .debug_ranges  0x0000000000000038       0x10 CMakeFiles/testTFTforATKF4.elf.dir/Core/Src/gpio.c.obj
 .debug_ranges  0x0000000000000048       0x20 CMakeFiles/testTFTforATKF4.elf.dir/Core/Src/i2c.c.obj
 .debug_ranges  0x0000000000000068       0x20 CMakeFiles/testTFTforATKF4.elf.dir/Core/Src/main.c.obj
 .debug_ranges  0x0000000000000088       0x18 CMakeFiles/testTFTforATKF4.elf.dir/Core/Src/main_cpp.cpp.obj
 .debug_ranges  0x00000000000000a0       0x10 CMakeFiles/testTFTforATKF4.elf.dir/Core/Src/stm32f4xx_hal_msp.c.obj
 .debug_ranges  0x00000000000000b0       0x50 CMakeFiles/testTFTforATKF4.elf.dir/Core/Src/stm32f4xx_it.c.obj