Archive member included to satisfy reference by file (symbol)

/usr/local/Caskroom/gcc-arm-embedded/9-2019-q4-major/gcc-arm-none-eabi-9-2019-q4-major/bin/../lib/gcc/arm-none-eabi/9.2.1/thumb/v7e-m/nofp/libgcc.a(_aeabi_uldivmod.o)
                              CMakeFiles/testTFTforATKF4.elf.dir/Drivers/STM32F4xx_HAL_Driver/Src/stm32f4xx_hal_rcc.c.obj (__aeabi_uldivmod)
/usr/local/Caskroom/gcc-arm-embedded/9-2019-q4-major/gcc-arm-none-eabi-9-2019-q4-major/bin/../lib/gcc/arm-none-eabi/9.2.1/thumb/v7e-m/nofp/libgcc.a(_udivmoddi4.o)
                              /usr/local/Caskroom/gcc-arm-embedded/9-2019-q4-major/gcc-arm-none-eabi-9-2019-q4-major/bin/../lib/gcc/arm-none-eabi/9.2.1/thumb/v7e-m/nofp/libgcc.a(_aeabi_uldivmod.o) (__udivmoddi4)
/usr/local/Caskroom/gcc-arm-embedded/9-2019-q4-major/gcc-arm-none-eabi-9-2019-q4-major/bin/../lib/gcc/arm-none-eabi/9.2.1/thumb/v7e-m/nofp/libgcc.a(unwind-arm.o)
                              CMakeFiles/testTFTforATKF4.elf.dir/Core/Src/main_cpp.cpp.obj (__aeabi_unwind_cpp_pr0)
/usr/local/Caskroom/gcc-arm-embedded/9-2019-q4-major/gcc-arm-none-eabi-9-2019-q4-major/bin/../lib/gcc/arm-none-eabi/9.2.1/thumb/v7e-m/nofp/libgcc.a(libunwind.o)
                              /usr/local/Caskroom/gcc-arm-embedded/9-2019-q4-major/gcc-arm-none-eabi-9-2019-q4-major/bin/../lib/gcc/arm-none-eabi/9.2.1/thumb/v7e-m/nofp/libgcc.a(unwind-arm.o) (restore_core_regs)
/usr/local/Caskroom/gcc-arm-embedded/9-2019-q4-major/gcc-arm-none-eabi-9-2019-q4-major/bin/../lib/gcc/arm-none-eabi/9.2.1/thumb/v7e-m/nofp/libgcc.a(pr-support.o)
                              /usr/local/Caskroom/gcc-arm-embedded/9-2019-q4-major/gcc-arm-none-eabi-9-2019-q4-major/bin/../lib/gcc/arm-none-eabi/9.2.1/thumb/v7e-m/nofp/libgcc.a(unwind-arm.o) (__gnu_unwind_execute)
/usr/local/Caskroom/gcc-arm-embedded/9-2019-q4-major/gcc-arm-none-eabi-9-2019-q4-major/bin/../lib/gcc/arm-none-eabi/9.2.1/thumb/v7e-m/nofp/libgcc.a(_dvmd_tls.o)
                              /usr/local/Caskroom/gcc-arm-embedded/9-2019-q4-major/gcc-arm-none-eabi-9-2019-q4-major/bin/../lib/gcc/arm-none-eabi/9.2.1/thumb/v7e-m/nofp/libgcc.a(_aeabi_uldivmod.o) (__aeabi_ldiv0)
/usr/local/Caskroom/gcc-arm-embedded/9-2019-q4-major/gcc-arm-none-eabi-9-2019-q4-major/bin/../lib/gcc/arm-none-eabi/9.2.1/../../../../arm-none-eabi/lib/thumb/v7e-m/nofp/libg.a(lib_a-abort.o)
                              /usr/local/Caskroom/gcc-arm-embedded/9-2019-q4-major/gcc-arm-none-eabi-9-2019-q4-major/bin/../lib/gcc/arm-none-eabi/9.2.1/thumb/v7e-m/nofp/libgcc.a(unwind-arm.o) (abort)
/usr/local/Caskroom/gcc-arm-embedded/9-2019-q4-major/gcc-arm-none-eabi-9-2019-q4-major/bin/../lib/gcc/arm-none-eabi/9.2.1/../../../../arm-none-eabi/lib/thumb/v7e-m/nofp/libg.a(lib_a-errno.o)
                              CMakeFiles/testTFTforATKF4.elf.dir/Core/Src/syscalls.c.obj (__errno)
/usr/local/Caskroom/gcc-arm-embedded/9-2019-q4-major/gcc-arm-none-eabi-9-2019-q4-major/bin/../lib/gcc/arm-none-eabi/9.2.1/../../../../arm-none-eabi/lib/thumb/v7e-m/nofp/libg.a(lib_a-exit.o)
                              /usr/local/Caskroom/gcc-arm-embedded/9-2019-q4-major/gcc-arm-none-eabi-9-2019-q4-major/bin/../lib/gcc/arm-none-eabi/9.2.1/../../../../arm-none-eabi/lib/thumb/v7e-m/nofp/crt0.o (exit)
/usr/local/Caskroom/gcc-arm-embedded/9-2019-q4-major/gcc-arm-none-eabi-9-2019-q4-major/bin/../lib/gcc/arm-none-eabi/9.2.1/../../../../arm-none-eabi/lib/thumb/v7e-m/nofp/libg.a(lib_a-impure.o)
                              /usr/local/Caskroom/gcc-arm-embedded/9-2019-q4-major/gcc-arm-none-eabi-9-2019-q4-major/bin/../lib/gcc/arm-none-eabi/9.2.1/../../../../arm-none-eabi/lib/thumb/v7e-m/nofp/libg.a(lib_a-exit.o) (_global_impure_ptr)
/usr/local/Caskroom/gcc-arm-embedded/9-2019-q4-major/gcc-arm-none-eabi-9-2019-q4-major/bin/../lib/gcc/arm-none-eabi/9.2.1/../../../../arm-none-eabi/lib/thumb/v7e-m/nofp/libg.a(lib_a-init.o)
                              /usr/local/Caskroom/gcc-arm-embedded/9-2019-q4-major/gcc-arm-none-eabi-9-2019-q4-major/bin/../lib/gcc/arm-none-eabi/9.2.1/../../../../arm-none-eabi/lib/thumb/v7e-m/nofp/crt0.o (__libc_init_array)
/usr/local/Caskroom/gcc-arm-embedded/9-2019-q4-major/gcc-arm-none-eabi-9-2019-q4-major/bin/../lib/gcc/arm-none-eabi/9.2.1/../../../../arm-none-eabi/lib/thumb/v7e-m/nofp/libg.a(lib_a-memcpy.o)
                              /usr/local/Caskroom/gcc-arm-embedded/9-2019-q4-major/gcc-arm-none-eabi-9-2019-q4-major/bin/../lib/gcc/arm-none-eabi/9.2.1/thumb/v7e-m/nofp/libgcc.a(unwind-arm.o) (memcpy)
/usr/local/Caskroom/gcc-arm-embedded/9-2019-q4-major/gcc-arm-none-eabi-9-2019-q4-major/bin/../lib/gcc/arm-none-eabi/9.2.1/../../../../arm-none-eabi/lib/thumb/v7e-m/nofp/libg.a(lib_a-memset.o)
                              /usr/local/Caskroom/gcc-arm-embedded/9-2019-q4-major/gcc-arm-none-eabi-9-2019-q4-major/bin/../lib/gcc/arm-none-eabi/9.2.1/../../../../arm-none-eabi/lib/thumb/v7e-m/nofp/crt0.o (memset)
[...]
Memory Configuration

Name             Origin             Length             Attributes
RAM              0x0000000020000000 0x0000000000020000 xrw
CCMRAM           0x0000000010000000 0x0000000000010000 xrw
FLASH            0x0000000008000000 0x0000000000080000 xr
*default*        0x0000000000000000 0xffffffffffffffff

Linker script and memory map

LOAD /usr/local/Caskroom/gcc-arm-embedded/9-2019-q4-major/gcc-arm-none-eabi-9-2019-q4-major/bin/../lib/gcc/arm-none-eabi/9.2.1/thumb/v7e-m/nofp/crti.o
LOAD /usr/local/Caskroom/gcc-arm-embedded/9-2019-q4-major/gcc-arm-none-eabi-9-2019-q4-major/bin/../lib/gcc/arm-none-eabi/9.2.1/thumb/v7e-m/nofp/crtbegin.o
LOAD /usr/local/Caskroom/gcc-arm-embedded/9-2019-q4-major/gcc-arm-none-eabi-9-2019-q4-major/bin/../lib/gcc/arm-none-eabi/9.2.1/../../../../arm-none-eabi/lib/thumb/v7e-m/nofp/crt0.o
LOAD CMakeFiles/testTFTforATKF4.elf.dir/Core/Src/fsmc.c.obj
LOAD CMakeFiles/testTFTforATKF4.elf.dir/Core/Src/gpio.c.obj
LOAD CMakeFiles/testTFTforATKF4.elf.dir/Core/Src/main.c.obj
LOAD CMakeFiles/testTFTforATKF4.elf.dir/Core/Src/main_cpp.cpp.obj
LOAD CMakeFiles/testTFTforATKF4.elf.dir/Core/Src/pic.c.obj
LOAD CMakeFiles/testTFTforATKF4.elf.dir/Core/Src/stm32f4xx_hal_msp.c.obj
LOAD CMakeFiles/testTFTforATKF4.elf.dir/Core/Src/stm32f4xx_it.c.obj
LOAD CMakeFiles/testTFTforATKF4.elf.dir/Core/Src/syscalls.c.obj
LOAD CMakeFiles/testTFTforATKF4.elf.dir/Core/Src/system_stm32f4xx.c.obj
LOAD CMakeFiles/testTFTforATKF4.elf.dir/Core/Src/usart.c.obj
LOAD CMakeFiles/testTFTforATKF4.elf.dir/Drivers/STM32F4xx_HAL_Driver/Src/stm32f4xx_hal.c.obj
LOAD CMakeFiles/testTFTforATKF4.elf.dir/Drivers/STM32F4xx_HAL_Driver/Src/stm32f4xx_hal_cortex.c.obj
LOAD CMakeFiles/testTFTforATKF4.elf.dir/Drivers/STM32F4xx_HAL_Driver/Src/stm32f4xx_hal_dma.c.obj
LOAD CMakeFiles/testTFTforATKF4.elf.dir/Drivers/STM32F4xx_HAL_Driver/Src/stm32f4xx_hal_dma_ex.c.obj
LOAD CMakeFiles/testTFTforATKF4.elf.dir/Drivers/STM32F4xx_HAL_Driver/Src/stm32f4xx_hal_exti.c.obj
LOAD CMakeFiles/testTFTforATKF4.elf.dir/Drivers/STM32F4xx_HAL_Driver/Src/stm32f4xx_hal_flash.c.obj
LOAD CMakeFiles/testTFTforATKF4.elf.dir/Drivers/STM32F4xx_HAL_Driver/Src/stm32f4xx_hal_flash_ex.c.obj
LOAD CMakeFiles/testTFTforATKF4.elf.dir/Drivers/STM32F4xx_HAL_Driver/Src/stm32f4xx_hal_flash_ramfunc.c.obj
LOAD CMakeFiles/testTFTforATKF4.elf.dir/Drivers/STM32F4xx_HAL_Driver/Src/stm32f4xx_hal_gpio.c.obj
LOAD CMakeFiles/testTFTforATKF4.elf.dir/Drivers/STM32F4xx_HAL_Driver/Src/stm32f4xx_hal_pwr.c.obj
LOAD CMakeFiles/testTFTforATKF4.elf.dir/Drivers/STM32F4xx_HAL_Driver/Src/stm32f4xx_hal_pwr_ex.c.obj
LOAD CMakeFiles/testTFTforATKF4.elf.dir/Drivers/STM32F4xx_HAL_Driver/Src/stm32f4xx_hal_rcc.c.obj
LOAD CMakeFiles/testTFTforATKF4.elf.dir/Drivers/STM32F4xx_HAL_Driver/Src/stm32f4xx_hal_rcc_ex.c.obj
LOAD CMakeFiles/testTFTforATKF4.elf.dir/Drivers/STM32F4xx_HAL_Driver/Src/stm32f4xx_hal_sram.c.obj
LOAD CMakeFiles/testTFTforATKF4.elf.dir/Drivers/STM32F4xx_HAL_Driver/Src/stm32f4xx_hal_tim.c.obj
LOAD CMakeFiles/testTFTforATKF4.elf.dir/Drivers/STM32F4xx_HAL_Driver/Src/stm32f4xx_hal_tim_ex.c.obj
LOAD CMakeFiles/testTFTforATKF4.elf.dir/Drivers/STM32F4xx_HAL_Driver/Src/stm32f4xx_hal_uart.c.obj
LOAD CMakeFiles/testTFTforATKF4.elf.dir/Drivers/STM32F4xx_HAL_Driver/Src/stm32f4xx_ll_fsmc.c.obj
LOAD CMakeFiles/testTFTforATKF4.elf.dir/Hardwares/LCD/lcd.c.obj
LOAD CMakeFiles/testTFTforATKF4.elf.dir/startup/startup_stm32f407xx.s.obj
LOAD /usr/local/Caskroom/gcc-arm-embedded/9-2019-q4-major/gcc-arm-none-eabi-9-2019-q4-major/bin/../lib/gcc/arm-none-eabi/9.2.1/../../../../arm-none-eabi/lib/thumb/v7e-m/nofp/libstdc++.a
LOAD /usr/local/Caskroom/gcc-arm-embedded/9-2019-q4-major/gcc-arm-none-eabi-9-2019-q4-major/bin/../lib/gcc/arm-none-eabi/9.2.1/../../../../arm-none-eabi/lib/thumb/v7e-m/nofp/libm.a
START GROUP
LOAD /usr/local/Caskroom/gcc-arm-embedded/9-2019-q4-major/gcc-arm-none-eabi-9-2019-q4-major/bin/../lib/gcc/arm-none-eabi/9.2.1/thumb/v7e-m/nofp/libgcc.a
LOAD /usr/local/Caskroom/gcc-arm-embedded/9-2019-q4-major/gcc-arm-none-eabi-9-2019-q4-major/bin/../lib/gcc/arm-none-eabi/9.2.1/../../../../arm-none-eabi/lib/thumb/v7e-m/nofp/libg.a
LOAD /usr/local/Caskroom/gcc-arm-embedded/9-2019-q4-major/gcc-arm-none-eabi-9-2019-q4-major/bin/../lib/gcc/arm-none-eabi/9.2.1/../../../../arm-none-eabi/lib/thumb/v7e-m/nofp/libc.a
END GROUP
LOAD /usr/local/Caskroom/gcc-arm-embedded/9-2019-q4-major/gcc-arm-none-eabi-9-2019-q4-major/bin/../lib/gcc/arm-none-eabi/9.2.1/thumb/v7e-m/nofp/crtend.o
LOAD /usr/local/Caskroom/gcc-arm-embedded/9-2019-q4-major/gcc-arm-none-eabi-9-2019-q4-major/bin/../lib/gcc/arm-none-eabi/9.2.1/thumb/v7e-m/nofp/crtn.o
                0x0000000020020000                _estack = 0x20020000
                0x0000000000000200                _Min_Heap_Size = 0x200
                0x0000000000000400                _Min_Stack_Size = 0x400

.isr_vector     0x0000000008000000      0x188
                0x0000000008000000                . = ALIGN (0x4)
 *(.isr_vector)
 .isr_vector    0x0000000008000000      0x188 CMakeFiles/testTFTforATKF4.elf.dir/startup/startup_stm32f407xx.s.obj
                0x0000000008000000                g_pfnVectors
                0x0000000008000188                . = ALIGN (0x4)

.text           0x0000000008000188     0x2d2c
                0x0000000008000188                . = ALIGN (0x4)
 *(.text)
 .text          0x0000000008000188       0x40 /usr/local/Caskroom/gcc-arm-embedded/9-2019-q4-major/gcc-arm-none-eabi-9-2019-q4-major/bin/../lib/gcc/arm-none-eabi/9.2.1/thumb/v7e-m/nofp/crtbegin.o
 .text          0x00000000080001c8       0x30 /usr/local/Caskroom/gcc-arm-embedded/9-2019-q4-major/gcc-arm-none-eabi-9-2019-q4-major/bin/../lib/gcc/arm-none-eabi/9.2.1/thumb/v7e-m/nofp/libgcc.a(_aeabi_uldivmod.o)
                0x00000000080001c8                __aeabi_uldivmod
 .text          0x00000000080001f8      0x2c0 /usr/local/Caskroom/gcc-arm-embedded/9-2019-q4-major/gcc-arm-none-eabi-9-2019-q4-major/bin/../lib/gcc/arm-none-eabi/9.2.1/thumb/v7e-m/nofp/libgcc.a(_udivmoddi4.o)
                0x00000000080001f8                __udivmoddi4
 .text          0x00000000080004b8      0x9b8 /usr/local/Caskroom/gcc-arm-embedded/9-2019-q4-major/gcc-arm-none-eabi-9-2019-q4-major/bin/../lib/gcc/arm-none-eabi/9.2.1/thumb/v7e-m/nofp/libgcc.a(unwind-arm.o)
                0x0000000008000760                _Unwind_GetCFA
                0x0000000008000764                __gnu_Unwind_RaiseException
                0x00000000080007c4                __gnu_Unwind_ForcedUnwind
                0x00000000080007d8                __gnu_Unwind_Resume
                0x000000000800081c                __gnu_Unwind_Resume_or_Rethrow
                0x000000000800082c                _Unwind_Complete
                0x0000000008000830                _Unwind_DeleteException
                0x000000000800083c                _Unwind_VRS_Get
                0x0000000008000884                _Unwind_VRS_Set
                0x00000000080008cc                __gnu_Unwind_Backtrace
                0x0000000008000bec                __aeabi_unwind_cpp_pr0
                0x0000000008000bf0                __aeabi_unwind_cpp_pr1
                0x0000000008000bf4                __aeabi_unwind_cpp_pr2
                0x0000000008000bf8                _Unwind_VRS_Pop
 .text          0x0000000008000e70      0x1ac /usr/local/Caskroom/gcc-arm-embedded/9-2019-q4-major/gcc-arm-none-eabi-9-2019-q4-major/bin/../lib/gcc/arm-none-eabi/9.2.1/thumb/v7e-m/nofp/libgcc.a(libunwind.o)
                0x0000000008000e70                __restore_core_regs
                0x0000000008000e70                restore_core_regs
                0x0000000008000e88                __gnu_Unwind_Restore_VFP
                0x0000000008000e90                __gnu_Unwind_Save_VFP
                0x0000000008000e98                __gnu_Unwind_Restore_VFP_D
                0x0000000008000ea0                __gnu_Unwind_Save_VFP_D
                0x0000000008000ea8                __gnu_Unwind_Restore_VFP_D_16_to_31
                0x0000000008000eb0                __gnu_Unwind_Save_VFP_D_16_to_31
                0x0000000008000eb8                __gnu_Unwind_Restore_WMMXD
                0x0000000008000efc                __gnu_Unwind_Save_WMMXD
                0x0000000008000f40                __gnu_Unwind_Restore_WMMXC
                0x0000000008000f54                __gnu_Unwind_Save_WMMXC
                0x0000000008000f68                _Unwind_RaiseException
                0x0000000008000f68                ___Unwind_RaiseException
                0x0000000008000f8c                ___Unwind_Resume
                0x0000000008000f8c                _Unwind_Resume
                0x0000000008000fb0                ___Unwind_Resume_or_Rethrow
                0x0000000008000fb0                _Unwind_Resume_or_Rethrow
                0x0000000008000fd4                _Unwind_ForcedUnwind
                0x0000000008000fd4                ___Unwind_ForcedUnwind
                0x0000000008000ff8                _Unwind_Backtrace
                0x0000000008000ff8                ___Unwind_Backtrace
 .text          0x000000000800101c      0x340 /usr/local/Caskroom/gcc-arm-embedded/9-2019-q4-major/gcc-arm-none-eabi-9-2019-q4-major/bin/../lib/gcc/arm-none-eabi/9.2.1/thumb/v7e-m/nofp/libgcc.a(pr-support.o)
                0x0000000008001074                __gnu_unwind_execute
                0x0000000008001310                __gnu_unwind_frame
                0x000000000800133c                _Unwind_GetRegionStart
                0x0000000008001348                _Unwind_GetLanguageSpecificData
 .text          0x000000000800135c        0x4 /usr/local/Caskroom/gcc-arm-embedded/9-2019-q4-major/gcc-arm-none-eabi-9-2019-q4-major/bin/../lib/gcc/arm-none-eabi/9.2.1/thumb/v7e-m/nofp/libgcc.a(_dvmd_tls.o)
                0x000000000800135c                __aeabi_ldiv0
                0x000000000800135c                __aeabi_idiv0
 .text          0x0000000008001360      0x134 /usr/local/Caskroom/gcc-arm-embedded/9-2019-q4-major/gcc-arm-none-eabi-9-2019-q4-major/bin/../lib/gcc/arm-none-eabi/9.2.1/../../../../arm-none-eabi/lib/thumb/v7e-m/nofp/libg.a(lib_a-memcpy.o)
                0x0000000008001360                memcpy
 *(.text*)
 .text.HAL_FSMC_MspInit
                0x0000000008001494       0xa8 CMakeFiles/testTFTforATKF4.elf.dir/Core/Src/fsmc.c.obj
 .text.MX_FSMC_Init_Fast
                0x000000000800153c       0x78 CMakeFiles/testTFTforATKF4.elf.dir/Core/Src/fsmc.c.obj
                0x000000000800153c                MX_FSMC_Init_Fast
 .text.MX_FSMC_Init
                0x00000000080015b4       0x7c CMakeFiles/testTFTforATKF4.elf.dir/Core/Src/fsmc.c.obj
                0x00000000080015b4                MX_FSMC_Init
 .text.HAL_SRAM_MspInit
                0x0000000008001630        0x8 CMakeFiles/testTFTforATKF4.elf.dir/Core/Src/fsmc.c.obj
                0x0000000008001630                HAL_SRAM_MspInit
 .text.MX_GPIO_Init
                0x0000000008001638       0xd0 CMakeFiles/testTFTforATKF4.elf.dir/Core/Src/gpio.c.obj
                0x0000000008001638                MX_GPIO_Init
 .text.Error_Handler
                0x0000000008001708        0x4 CMakeFiles/testTFTforATKF4.elf.dir/Core/Src/main.c.obj
                0x0000000008001708                Error_Handler
 .text.SystemClock_Config
                0x000000000800170c       0xa8 CMakeFiles/testTFTforATKF4.elf.dir/Core/Src/main.c.obj
                0x000000000800170c                SystemClock_Config
 .text.main     0x00000000080017b4       0x20 CMakeFiles/testTFTforATKF4.elf.dir/Core/Src/main.c.obj
                0x00000000080017b4                main
 .text._Z8main_cppv
                0x00000000080017d4       0x68 CMakeFiles/testTFTforATKF4.elf.dir/Core/Src/main_cpp.cpp.obj
                0x00000000080017d4                main_cpp()
 .text.JumpToCpp
                0x000000000800183c        0x6 CMakeFiles/testTFTforATKF4.elf.dir/Core/Src/main_cpp.cpp.obj
                0x000000000800183c                JumpToCpp
 *fill*         0x0000000008001842        0x2 
 .text.HAL_MspInit
                0x0000000008001844       0x38 CMakeFiles/testTFTforATKF4.elf.dir/Core/Src/stm32f4xx_hal_msp.c.obj
                0x0000000008001844                HAL_MspInit
 .text.NMI_Handler
                0x000000000800187c        0x2 CMakeFiles/testTFTforATKF4.elf.dir/Core/Src/stm32f4xx_it.c.obj
                0x000000000800187c                NMI_Handler
 .text.HardFault_Handler
                0x000000000800187e        0x2 CMakeFiles/testTFTforATKF4.elf.dir/Core/Src/stm32f4xx_it.c.obj
                0x000000000800187e                HardFault_Handler
 .text.MemManage_Handler
                0x0000000008001880        0x2 CMakeFiles/testTFTforATKF4.elf.dir/Core/Src/stm32f4xx_it.c.obj
                0x0000000008001880                MemManage_Handler
 .text.BusFault_Handler
                0x0000000008001882        0x2 CMakeFiles/testTFTforATKF4.elf.dir/Core/Src/stm32f4xx_it.c.obj
                0x0000000008001882                BusFault_Handler
 .text.UsageFault_Handler
                0x0000000008001884        0x2 CMakeFiles/testTFTforATKF4.elf.dir/Core/Src/stm32f4xx_it.c.obj
                0x0000000008001884                UsageFault_Handler
 .text.SVC_Handler
                0x0000000008001886        0x2 CMakeFiles/testTFTforATKF4.elf.dir/Core/Src/stm32f4xx_it.c.obj
                0x0000000008001886                SVC_Handler
 .text.DebugMon_Handler
                0x0000000008001888        0x2 CMakeFiles/testTFTforATKF4.elf.dir/Core/Src/stm32f4xx_it.c.obj
                0x0000000008001888                DebugMon_Handler
 .text.PendSV_Handler
                0x000000000800188a        0x2 CMakeFiles/testTFTforATKF4.elf.dir/Core/Src/stm32f4xx_it.c.obj
                0x000000000800188a                PendSV_Handler
 .text.SysTick_Handler
                0x000000000800188c        0x8 CMakeFiles/testTFTforATKF4.elf.dir/Core/Src/stm32f4xx_it.c.obj
                0x000000000800188c                SysTick_Handler
 .text._getpid  0x0000000008001894        0x4 CMakeFiles/testTFTforATKF4.elf.dir/Core/Src/syscalls.c.obj
                0x0000000008001894                _getpid
 .text._kill    0x0000000008001898       0x10 CMakeFiles/testTFTforATKF4.elf.dir/Core/Src/syscalls.c.obj
                0x0000000008001898                _kill
 .text._exit    0x00000000080018a8        0xc CMakeFiles/testTFTforATKF4.elf.dir/Core/Src/syscalls.c.obj
                0x00000000080018a8                _exit
 .text.SystemInit
                0x00000000080018b4        0x2 CMakeFiles/testTFTforATKF4.elf.dir/Core/Src/system_stm32f4xx.c.obj
                0x00000000080018b4                SystemInit
 *fill*         0x00000000080018b6        0x2 
 .text.MX_USART1_UART_Init
                0x00000000080018b8       0x34 CMakeFiles/testTFTforATKF4.elf.dir/Core/Src/usart.c.obj
                0x00000000080018b8                MX_USART1_UART_Init
 .text.HAL_UART_MspInit
                0x00000000080018ec       0x74 CMakeFiles/testTFTforATKF4.elf.dir/Core/Src/usart.c.obj
                0x00000000080018ec                HAL_UART_MspInit
 .text.HAL_InitTick
                0x0000000008001960       0x4c CMakeFiles/testTFTforATKF4.elf.dir/Drivers/STM32F4xx_HAL_Driver/Src/stm32f4xx_hal.c.obj
                0x0000000008001960                HAL_InitTick
 .text.HAL_Init
                0x00000000080019ac       0x34 CMakeFiles/testTFTforATKF4.elf.dir/Drivers/STM32F4xx_HAL_Driver/Src/stm32f4xx_hal.c.obj
                0x00000000080019ac                HAL_Init
 .text.HAL_IncTick
                0x00000000080019e0       0x18 CMakeFiles/testTFTforATKF4.elf.dir/Drivers/STM32F4xx_HAL_Driver/Src/stm32f4xx_hal.c.obj
                0x00000000080019e0                HAL_IncTick
 .text.HAL_GetTick
                0x00000000080019f8        0xc CMakeFiles/testTFTforATKF4.elf.dir/Drivers/STM32F4xx_HAL_Driver/Src/stm32f4xx_hal.c.obj
                0x00000000080019f8                HAL_GetTick
 .text.HAL_Delay
                0x0000000008001a04       0x28 CMakeFiles/testTFTforATKF4.elf.dir/Drivers/STM32F4xx_HAL_Driver/Src/stm32f4xx_hal.c.obj
                0x0000000008001a04                HAL_Delay
 .text.HAL_NVIC_SetPriorityGrouping
                0x0000000008001a2c       0x24 CMakeFiles/testTFTforATKF4.elf.dir/Drivers/STM32F4xx_HAL_Driver/Src/stm32f4xx_hal_cortex.c.obj
                0x0000000008001a2c                HAL_NVIC_SetPriorityGrouping
 .text.HAL_NVIC_SetPriority
                0x0000000008001a50       0x68 CMakeFiles/testTFTforATKF4.elf.dir/Drivers/STM32F4xx_HAL_Driver/Src/stm32f4xx_hal_cortex.c.obj
                0x0000000008001a50                HAL_NVIC_SetPriority
 .text.HAL_SYSTICK_Config
                0x0000000008001ab8       0x2c CMakeFiles/testTFTforATKF4.elf.dir/Drivers/STM32F4xx_HAL_Driver/Src/stm32f4xx_hal_cortex.c.obj
                0x0000000008001ab8                HAL_SYSTICK_Config
 .text.HAL_GPIO_Init
                0x0000000008001ae4      0x1d4 CMakeFiles/testTFTforATKF4.elf.dir/Drivers/STM32F4xx_HAL_Driver/Src/stm32f4xx_hal_gpio.c.obj
                0x0000000008001ae4                HAL_GPIO_Init
 .text.HAL_GPIO_WritePin
                0x0000000008001cb8        0xc CMakeFiles/testTFTforATKF4.elf.dir/Drivers/STM32F4xx_HAL_Driver/Src/stm32f4xx_hal_gpio.c.obj
                0x0000000008001cb8                HAL_GPIO_WritePin
 .text.HAL_RCC_OscConfig
                0x0000000008001cc4      0x3f8 CMakeFiles/testTFTforATKF4.elf.dir/Drivers/STM32F4xx_HAL_Driver/Src/stm32f4xx_hal_rcc.c.obj
                0x0000000008001cc4                HAL_RCC_OscConfig
 .text.HAL_RCC_GetSysClockFreq
                0x00000000080020bc       0xcc CMakeFiles/testTFTforATKF4.elf.dir/Drivers/STM32F4xx_HAL_Driver/Src/stm32f4xx_hal_rcc.c.obj
                0x00000000080020bc                HAL_RCC_GetSysClockFreq
 .text.HAL_RCC_ClockConfig
                0x0000000008002188      0x160 CMakeFiles/testTFTforATKF4.elf.dir/Drivers/STM32F4xx_HAL_Driver/Src/stm32f4xx_hal_rcc.c.obj
                0x0000000008002188                HAL_RCC_ClockConfig
 .text.HAL_RCC_GetHCLKFreq
                0x00000000080022e8        0xc CMakeFiles/testTFTforATKF4.elf.dir/Drivers/STM32F4xx_HAL_Driver/Src/stm32f4xx_hal_rcc.c.obj
                0x00000000080022e8                HAL_RCC_GetHCLKFreq
 .text.HAL_RCC_GetPCLK1Freq
                0x00000000080022f4       0x20 CMakeFiles/testTFTforATKF4.elf.dir/Drivers/STM32F4xx_HAL_Driver/Src/stm32f4xx_hal_rcc.c.obj
                0x00000000080022f4                HAL_RCC_GetPCLK1Freq
 .text.HAL_RCC_GetPCLK2Freq
                0x0000000008002314       0x20 CMakeFiles/testTFTforATKF4.elf.dir/Drivers/STM32F4xx_HAL_Driver/Src/stm32f4xx_hal_rcc.c.obj
                0x0000000008002314                HAL_RCC_GetPCLK2Freq
 .text.HAL_SRAM_Init
                0x0000000008002334       0x52 CMakeFiles/testTFTforATKF4.elf.dir/Drivers/STM32F4xx_HAL_Driver/Src/stm32f4xx_hal_sram.c.obj
                0x0000000008002334                HAL_SRAM_Init
 *fill*         0x0000000008002386        0x2 
 .text.UART_SetConfig
                0x0000000008002388      0x11c CMakeFiles/testTFTforATKF4.elf.dir/Drivers/STM32F4xx_HAL_Driver/Src/stm32f4xx_hal_uart.c.obj
 .text.HAL_UART_Init
                0x00000000080024a4       0x5e CMakeFiles/testTFTforATKF4.elf.dir/Drivers/STM32F4xx_HAL_Driver/Src/stm32f4xx_hal_uart.c.obj
                0x00000000080024a4                HAL_UART_Init
 *fill*         0x0000000008002502        0x2 
 .text.FSMC_NORSRAM_Init
                0x0000000008002504       0x5c CMakeFiles/testTFTforATKF4.elf.dir/Drivers/STM32F4xx_HAL_Driver/Src/stm32f4xx_ll_fsmc.c.obj
                0x0000000008002504                FSMC_NORSRAM_Init
 .text.FSMC_NORSRAM_Timing_Init
                0x0000000008002560       0x40 CMakeFiles/testTFTforATKF4.elf.dir/Drivers/STM32F4xx_HAL_Driver/Src/stm32f4xx_ll_fsmc.c.obj
                0x0000000008002560                FSMC_NORSRAM_Timing_Init
 .text.FSMC_NORSRAM_Extended_Timing_Init
                0x00000000080025a0       0x44 CMakeFiles/testTFTforATKF4.elf.dir/Drivers/STM32F4xx_HAL_Driver/Src/stm32f4xx_ll_fsmc.c.obj
                0x00000000080025a0                FSMC_NORSRAM_Extended_Timing_Init
 .text.LCD_WR_REG
                0x00000000080025e4       0x18 CMakeFiles/testTFTforATKF4.elf.dir/Hardwares/LCD/lcd.c.obj
                0x00000000080025e4                LCD_WR_REG
 .text.LCD_WR_DATA
                0x00000000080025fc       0x18 CMakeFiles/testTFTforATKF4.elf.dir/Hardwares/LCD/lcd.c.obj
                0x00000000080025fc                LCD_WR_DATA
 .text.LCD_RD_DATA
                0x0000000008002614       0x18 CMakeFiles/testTFTforATKF4.elf.dir/Hardwares/LCD/lcd.c.obj
                0x0000000008002614                LCD_RD_DATA
 .text.LCD_WriteReg
                0x000000000800262c        0xc CMakeFiles/testTFTforATKF4.elf.dir/Hardwares/LCD/lcd.c.obj
                0x000000000800262c                LCD_WriteReg
 .text.LCD_ReadReg
                0x0000000008002638        0xc CMakeFiles/testTFTforATKF4.elf.dir/Hardwares/LCD/lcd.c.obj
                0x0000000008002638                LCD_ReadReg
 .text.LCD_WriteRAM_Prepare
                0x0000000008002644       0x14 CMakeFiles/testTFTforATKF4.elf.dir/Hardwares/LCD/lcd.c.obj
                0x0000000008002644                LCD_WriteRAM_Prepare
 .text.LCD_Scan_Dir
                0x0000000008002658      0x134 CMakeFiles/testTFTforATKF4.elf.dir/Hardwares/LCD/lcd.c.obj
                0x0000000008002658                LCD_Scan_Dir
 .text.LCD_Display_Dir
                0x000000000800278c       0x84 CMakeFiles/testTFTforATKF4.elf.dir/Hardwares/LCD/lcd.c.obj
                0x000000000800278c                LCD_Display_Dir
 .text.LCD_SetCursor
                0x0000000008002810       0x40 CMakeFiles/testTFTforATKF4.elf.dir/Hardwares/LCD/lcd.c.obj
                0x0000000008002810                LCD_SetCursor
 .text.LCD_Clear
                0x0000000008002850       0x34 CMakeFiles/testTFTforATKF4.elf.dir/Hardwares/LCD/lcd.c.obj
                0x0000000008002850                LCD_Clear
 .text.LCD_Color_Fill
                0x0000000008002884       0x50 CMakeFiles/testTFTforATKF4.elf.dir/Hardwares/LCD/lcd.c.obj
                0x0000000008002884                LCD_Color_Fill
 .text.LCD_ShowImage
                0x00000000080028d4       0x58 CMakeFiles/testTFTforATKF4.elf.dir/Hardwares/LCD/lcd.c.obj
                0x00000000080028d4                LCD_ShowImage
 .text.LCD_Init
                0x000000000800292c      0x2a0 CMakeFiles/testTFTforATKF4.elf.dir/Hardwares/LCD/lcd.c.obj
                0x000000000800292c                LCD_Init
 .text.Reset_Handler
                0x0000000008002bcc       0x50 CMakeFiles/testTFTforATKF4.elf.dir/startup/startup_stm32f407xx.s.obj
                0x0000000008002bcc                Reset_Handler
 .text.Default_Handler
                0x0000000008002c1c        0x2 CMakeFiles/testTFTforATKF4.elf.dir/startup/startup_stm32f407xx.s.obj
                0x0000000008002c1c                DMA1_Stream3_IRQHandler
                0x0000000008002c1c                HASH_RNG_IRQHandler
                0x0000000008002c1c                EXTI2_IRQHandler
                0x0000000008002c1c                TIM8_CC_IRQHandler
                0x0000000008002c1c                TIM1_CC_IRQHandler
                0x0000000008002c1c                DMA2_Stream5_IRQHandler
                0x0000000008002c1c                DMA1_Stream5_IRQHandler
                0x0000000008002c1c                PVD_IRQHandler
                0x0000000008002c1c                SDIO_IRQHandler
                0x0000000008002c1c                TAMP_STAMP_IRQHandler
                0x0000000008002c1c                CAN2_RX1_IRQHandler
                0x0000000008002c1c                EXTI3_IRQHandler
                0x0000000008002c1c                TIM8_TRG_COM_TIM14_IRQHandler
                0x0000000008002c1c                TIM1_UP_TIM10_IRQHandler
                0x0000000008002c1c                TIM8_UP_TIM13_IRQHandler
                0x0000000008002c1c                I2C3_ER_IRQHandler
                0x0000000008002c1c                EXTI0_IRQHandler
                0x0000000008002c1c                I2C2_EV_IRQHandler
                0x0000000008002c1c                DMA1_Stream2_IRQHandler
                0x0000000008002c1c                CAN1_RX0_IRQHandler
                0x0000000008002c1c                FPU_IRQHandler
                0x0000000008002c1c                OTG_HS_WKUP_IRQHandler
                0x0000000008002c1c                CAN2_SCE_IRQHandler
                0x0000000008002c1c                DMA2_Stream2_IRQHandler
                0x0000000008002c1c                SPI1_IRQHandler
                0x0000000008002c1c                TIM6_DAC_IRQHandler
                0x0000000008002c1c                TIM1_BRK_TIM9_IRQHandler
                0x0000000008002c1c                DCMI_IRQHandler
                0x0000000008002c1c                CAN2_RX0_IRQHandler
                0x0000000008002c1c                DMA2_Stream3_IRQHandler
                0x0000000008002c1c                USART6_IRQHandler
                0x0000000008002c1c                USART3_IRQHandler
                0x0000000008002c1c                CAN1_RX1_IRQHandler
                0x0000000008002c1c                UART5_IRQHandler
                0x0000000008002c1c                DMA2_Stream0_IRQHandler
                0x0000000008002c1c                TIM4_IRQHandler
                0x0000000008002c1c                I2C1_EV_IRQHandler
                0x0000000008002c1c                DMA1_Stream6_IRQHandler
                0x0000000008002c1c                DMA1_Stream1_IRQHandler
                0x0000000008002c1c                UART4_IRQHandler
                0x0000000008002c1c                TIM3_IRQHandler
                0x0000000008002c1c                RCC_IRQHandler
                0x0000000008002c1c                TIM8_BRK_TIM12_IRQHandler
                0x0000000008002c1c                Default_Handler
                0x0000000008002c1c                EXTI15_10_IRQHandler
                0x0000000008002c1c                ADC_IRQHandler
                0x0000000008002c1c                DMA1_Stream7_IRQHandler
                0x0000000008002c1c                TIM7_IRQHandler
                0x0000000008002c1c                CAN2_TX_IRQHandler
                0x0000000008002c1c                TIM5_IRQHandler
                0x0000000008002c1c                DMA2_Stream7_IRQHandler
                0x0000000008002c1c                I2C3_EV_IRQHandler
                0x0000000008002c1c                EXTI9_5_IRQHandler
                0x0000000008002c1c                RTC_WKUP_IRQHandler
                0x0000000008002c1c                ETH_WKUP_IRQHandler
                0x0000000008002c1c                SPI2_IRQHandler
                0x0000000008002c1c                OTG_HS_EP1_IN_IRQHandler
                0x0000000008002c1c                DMA1_Stream0_IRQHandler
                0x0000000008002c1c                CAN1_TX_IRQHandler
                0x0000000008002c1c                EXTI4_IRQHandler
                0x0000000008002c1c                FSMC_IRQHandler
                0x0000000008002c1c                ETH_IRQHandler
                0x0000000008002c1c                OTG_HS_EP1_OUT_IRQHandler
                0x0000000008002c1c                WWDG_IRQHandler
                0x0000000008002c1c                TIM2_IRQHandler
                0x0000000008002c1c                OTG_FS_WKUP_IRQHandler
                0x0000000008002c1c                TIM1_TRG_COM_TIM11_IRQHandler
                0x0000000008002c1c                OTG_HS_IRQHandler
                0x0000000008002c1c                EXTI1_IRQHandler
                0x0000000008002c1c                USART2_IRQHandler
                0x0000000008002c1c                I2C2_ER_IRQHandler
                0x0000000008002c1c                DMA2_Stream1_IRQHandler
                0x0000000008002c1c                CAN1_SCE_IRQHandler
                0x0000000008002c1c                FLASH_IRQHandler
                0x0000000008002c1c                DMA2_Stream4_IRQHandler
                0x0000000008002c1c                USART1_IRQHandler
                0x0000000008002c1c                OTG_FS_IRQHandler
                0x0000000008002c1c                SPI3_IRQHandler
                0x0000000008002c1c                DMA1_Stream4_IRQHandler
                0x0000000008002c1c                I2C1_ER_IRQHandler
                0x0000000008002c1c                DMA2_Stream6_IRQHandler
                0x0000000008002c1c                RTC_Alarm_IRQHandler
 *fill*         0x0000000008002c1e        0x2 
 .text.abort    0x0000000008002c20       0x10 /usr/local/Caskroom/gcc-arm-embedded/9-2019-q4-major/gcc-arm-none-eabi-9-2019-q4-major/bin/../lib/gcc/arm-none-eabi/9.2.1/../../../../arm-none-eabi/lib/thumb/v7e-m/nofp/libg.a(lib_a-abort.o)
                0x0000000008002c20                abort
 .text.__errno  0x0000000008002c30        0xc /usr/local/Caskroom/gcc-arm-embedded/9-2019-q4-major/gcc-arm-none-eabi-9-2019-q4-major/bin/../lib/gcc/arm-none-eabi/9.2.1/../../../../arm-none-eabi/lib/thumb/v7e-m/nofp/libg.a(lib_a-errno.o)
                0x0000000008002c30                __errno
 .text.__libc_init_array
                0x0000000008002c3c       0x48 /usr/local/Caskroom/gcc-arm-embedded/9-2019-q4-major/gcc-arm-none-eabi-9-2019-q4-major/bin/../lib/gcc/arm-none-eabi/9.2.1/../../../../arm-none-eabi/lib/thumb/v7e-m/nofp/libg.a(lib_a-init.o)
                0x0000000008002c3c                __libc_init_array
 .text.memset   0x0000000008002c84       0xa0 /usr/local/Caskroom/gcc-arm-embedded/9-2019-q4-major/gcc-arm-none-eabi-9-2019-q4-major/bin/../lib/gcc/arm-none-eabi/9.2.1/../../../../arm-none-eabi/lib/thumb/v7e-m/nofp/libg.a(lib_a-memset.o)
                0x0000000008002c84                memset
 .text._raise_r
                0x0000000008002d24       0x58 /usr/local/Caskroom/gcc-arm-embedded/9-2019-q4-major/gcc-arm-none-eabi-9-2019-q4-major/bin/../lib/gcc/arm-none-eabi/9.2.1/../../../../arm-none-eabi/lib/thumb/v7e-m/nofp/libg.a(lib_a-signal.o)
                0x0000000008002d24                _raise_r
 .text.raise    0x0000000008002d7c       0x10 /usr/local/Caskroom/gcc-arm-embedded/9-2019-q4-major/gcc-arm-none-eabi-9-2019-q4-major/bin/../lib/gcc/arm-none-eabi/9.2.1/../../../../arm-none-eabi/lib/thumb/v7e-m/nofp/libg.a(lib_a-signal.o)
                0x0000000008002d7c                raise
 .text._kill_r  0x0000000008002d8c       0x2c /usr/local/Caskroom/gcc-arm-embedded/9-2019-q4-major/gcc-arm-none-eabi-9-2019-q4-major/bin/../lib/gcc/arm-none-eabi/9.2.1/../../../../arm-none-eabi/lib/thumb/v7e-m/nofp/libg.a(lib_a-signalr.o)
                0x0000000008002d8c                _kill_r
 .text._getpid_r
                0x0000000008002db8        0x4 /usr/local/Caskroom/gcc-arm-embedded/9-2019-q4-major/gcc-arm-none-eabi-9-2019-q4-major/bin/../lib/gcc/arm-none-eabi/9.2.1/../../../../arm-none-eabi/lib/thumb/v7e-m/nofp/libg.a(lib_a-signalr.o)
                0x0000000008002db8                _getpid_r
 .text.startup.register_fini
                0x0000000008002dbc       0x14 /usr/local/Caskroom/gcc-arm-embedded/9-2019-q4-major/gcc-arm-none-eabi-9-2019-q4-major/bin/../lib/gcc/arm-none-eabi/9.2.1/../../../../arm-none-eabi/lib/thumb/v7e-m/nofp/libg.a(lib_a-__call_atexit.o)
 .text.atexit   0x0000000008002dd0        0xc /usr/local/Caskroom/gcc-arm-embedded/9-2019-q4-major/gcc-arm-none-eabi-9-2019-q4-major/bin/../lib/gcc/arm-none-eabi/9.2.1/../../../../arm-none-eabi/lib/thumb/v7e-m/nofp/libg.a(lib_a-atexit.o)
                0x0000000008002dd0                atexit
 .text.__libc_fini_array
                0x0000000008002ddc       0x2c /usr/local/Caskroom/gcc-arm-embedded/9-2019-q4-major/gcc-arm-none-eabi-9-2019-q4-major/bin/../lib/gcc/arm-none-eabi/9.2.1/../../../../arm-none-eabi/lib/thumb/v7e-m/nofp/libg.a(lib_a-fini.o)
                0x0000000008002ddc                __libc_fini_array
 .text.__retarget_lock_acquire_recursive
                0x0000000008002e08        0x4 /usr/local/Caskroom/gcc-arm-embedded/9-2019-q4-major/gcc-arm-none-eabi-9-2019-q4-major/bin/../lib/gcc/arm-none-eabi/9.2.1/../../../../arm-none-eabi/lib/thumb/v7e-m/nofp/libg.a(lib_a-lock.o)
                0x0000000008002e08                __retarget_lock_acquire_recursive
 .text.__retarget_lock_release_recursive
                0x0000000008002e0c        0x4 /usr/local/Caskroom/gcc-arm-embedded/9-2019-q4-major/gcc-arm-none-eabi-9-2019-q4-major/bin/../lib/gcc/arm-none-eabi/9.2.1/../../../../arm-none-eabi/lib/thumb/v7e-m/nofp/libg.a(lib_a-lock.o)
                0x0000000008002e0c                __retarget_lock_release_recursive
 .text.__register_exitproc
                0x0000000008002e10       0x8c /usr/local/Caskroom/gcc-arm-embedded/9-2019-q4-major/gcc-arm-none-eabi-9-2019-q4-major/bin/../lib/gcc/arm-none-eabi/9.2.1/../../../../arm-none-eabi/lib/thumb/v7e-m/nofp/libg.a(lib_a-__atexit.o)
                0x0000000008002e10                __register_exitproc
 *(.glue_7)
 .glue_7        0x0000000008002e9c        0x0 linker stubs
 *(.glue_7t)
 .glue_7t       0x0000000008002e9c        0x0 linker stubs
 *(.eh_frame)
 .eh_frame      0x0000000008002e9c        0x0 /usr/local/Caskroom/gcc-arm-embedded/9-2019-q4-major/gcc-arm-none-eabi-9-2019-q4-major/bin/../lib/gcc/arm-none-eabi/9.2.1/thumb/v7e-m/nofp/crtbegin.o
 *(.init)
 .init          0x0000000008002e9c        0x4 /usr/local/Caskroom/gcc-arm-embedded/9-2019-q4-major/gcc-arm-none-eabi-9-2019-q4-major/bin/../lib/gcc/arm-none-eabi/9.2.1/thumb/v7e-m/nofp/crti.o
                0x0000000008002e9c                _init
 .init          0x0000000008002ea0        0x8 /usr/local/Caskroom/gcc-arm-embedded/9-2019-q4-major/gcc-arm-none-eabi-9-2019-q4-major/bin/../lib/gcc/arm-none-eabi/9.2.1/thumb/v7e-m/nofp/crtn.o
 *(.fini)
 .fini          0x0000000008002ea8        0x4 /usr/local/Caskroom/gcc-arm-embedded/9-2019-q4-major/gcc-arm-none-eabi-9-2019-q4-major/bin/../lib/gcc/arm-none-eabi/9.2.1/thumb/v7e-m/nofp/crti.o
                0x0000000008002ea8                _fini
 .fini          0x0000000008002eac        0x8 /usr/local/Caskroom/gcc-arm-embedded/9-2019-q4-major/gcc-arm-none-eabi-9-2019-q4-major/bin/../lib/gcc/arm-none-eabi/9.2.1/thumb/v7e-m/nofp/crtn.o
                0x0000000008002eb4                . = ALIGN (0x4)
                0x0000000008002eb4                _etext = .

.vfp11_veneer   0x0000000008002eb4        0x0
 .vfp11_veneer  0x0000000008002eb4        0x0 linker stubs

.v4_bx          0x0000000008002eb4        0x0
 .v4_bx         0x0000000008002eb4        0x0 linker stubs

.iplt           0x0000000008002eb4        0x0
 .iplt          0x0000000008002eb4        0x0 /usr/local/Caskroom/gcc-arm-embedded/9-2019-q4-major/gcc-arm-none-eabi-9-2019-q4-major/bin/../lib/gcc/arm-none-eabi/9.2.1/thumb/v7e-m/nofp/crtbegin.o

.rodata         0x0000000008002eb4     0x709c
                0x0000000008002eb4                . = ALIGN (0x4)
 *(.rodata)
 *(.rodata*)
 .rodata.touxiang_map
                0x0000000008002eb4     0x7080 CMakeFiles/testTFTforATKF4.elf.dir/Core/Src/pic.c.obj
                0x0000000008002eb4                touxiang_map
 .rodata.AHBPrescTable
                0x0000000008009f34       0x10 CMakeFiles/testTFTforATKF4.elf.dir/Core/Src/system_stm32f4xx.c.obj
                0x0000000008009f34                AHBPrescTable
 .rodata.APBPrescTable
                0x0000000008009f44        0x8 CMakeFiles/testTFTforATKF4.elf.dir/Core/Src/system_stm32f4xx.c.obj
                0x0000000008009f44                APBPrescTable
 .rodata._global_impure_ptr
                0x0000000008009f4c        0x4 /usr/local/Caskroom/gcc-arm-embedded/9-2019-q4-major/gcc-arm-none-eabi-9-2019-q4-major/bin/../lib/gcc/arm-none-eabi/9.2.1/../../../../arm-none-eabi/lib/thumb/v7e-m/nofp/libg.a(lib_a-impure.o)
                0x0000000008009f4c                _global_impure_ptr
                0x0000000008009f50                . = ALIGN (0x4)

.ARM.extab      0x0000000008009f50       0x24
 *(.ARM.extab* .gnu.linkonce.armextab.*)
 .ARM.extab.text.JumpToCpp
                0x0000000008009f50        0xc CMakeFiles/testTFTforATKF4.elf.dir/Core/Src/main_cpp.cpp.obj
 .ARM.extab     0x0000000008009f5c       0x18 /usr/local/Caskroom/gcc-arm-embedded/9-2019-q4-major/gcc-arm-none-eabi-9-2019-q4-major/bin/../lib/gcc/arm-none-eabi/9.2.1/thumb/v7e-m/nofp/libgcc.a(pr-support.o)

.ARM            0x0000000008009f74       0xd0
                0x0000000008009f74                __exidx_start = .
 *(.ARM.exidx*)
 .ARM.exidx.text._Z8main_cppv
                0x000000000800a02c        0x8 CMakeFiles/testTFTforATKF4.elf.dir/Core/Src/main_cpp.cpp.obj
 .ARM.exidx.text.JumpToCpp
                0x000000000800a034       0x10 CMakeFiles/testTFTforATKF4.elf.dir/Core/Src/main_cpp.cpp.obj
                                          0x8 (size before relaxing)
 .ARM.exidx     0x0000000008009f74        0x8 /usr/local/Caskroom/gcc-arm-embedded/9-2019-q4-major/gcc-arm-none-eabi-9-2019-q4-major/bin/../lib/gcc/arm-none-eabi/9.2.1/thumb/v7e-m/nofp/libgcc.a(_udivmoddi4.o)
 .ARM.exidx     0x0000000008009f7c       0x78 /usr/local/Caskroom/gcc-arm-embedded/9-2019-q4-major/gcc-arm-none-eabi-9-2019-q4-major/bin/../lib/gcc/arm-none-eabi/9.2.1/thumb/v7e-m/nofp/libgcc.a(unwind-arm.o)
                                         0xd8 (size before relaxing)
 .ARM.exidx     0x0000000008009ff4       0x38 /usr/local/Caskroom/gcc-arm-embedded/9-2019-q4-major/gcc-arm-none-eabi-9-2019-q4-major/bin/../lib/gcc/arm-none-eabi/9.2.1/thumb/v7e-m/nofp/libgcc.a(pr-support.o)
                0x000000000800a044                __exidx_end = .

.rel.dyn        0x000000000800a044        0x0
 .rel.iplt      0x000000000800a044        0x0 /usr/local/Caskroom/gcc-arm-embedded/9-2019-q4-major/gcc-arm-none-eabi-9-2019-q4-major/bin/../lib/gcc/arm-none-eabi/9.2.1/thumb/v7e-m/nofp/crtbegin.o

.preinit_array  0x000000000800a044        0x0
                0x000000000800a044                PROVIDE (__preinit_array_start = .)
 *(.preinit_array*)
                0x000000000800a044                PROVIDE (__preinit_array_end = .)

.init_array     0x000000000800a044        0x8
                0x000000000800a044                PROVIDE (__init_array_start = .)
 *(SORT_BY_NAME(.init_array.*))
 .init_array.00000
                0x000000000800a044        0x4 /usr/local/Caskroom/gcc-arm-embedded/9-2019-q4-major/gcc-arm-none-eabi-9-2019-q4-major/bin/../lib/gcc/arm-none-eabi/9.2.1/../../../../arm-none-eabi/lib/thumb/v7e-m/nofp/libg.a(lib_a-__call_atexit.o)
 *(.init_array*)
 .init_array    0x000000000800a048        0x4 /usr/local/Caskroom/gcc-arm-embedded/9-2019-q4-major/gcc-arm-none-eabi-9-2019-q4-major/bin/../lib/gcc/arm-none-eabi/9.2.1/thumb/v7e-m/nofp/crtbegin.o
                0x000000000800a04c                PROVIDE (__init_array_end = .)

.fini_array     0x000000000800a04c        0x4
                0x000000000800a04c                PROVIDE (__fini_array_start = .)
 *(SORT_BY_NAME(.fini_array.*))
 *(.fini_array*)
 .fini_array    0x000000000800a04c        0x4 /usr/local/Caskroom/gcc-arm-embedded/9-2019-q4-major/gcc-arm-none-eabi-9-2019-q4-major/bin/../lib/gcc/arm-none-eabi/9.2.1/thumb/v7e-m/nofp/crtbegin.o
                0x000000000800a050                PROVIDE (__fini_array_end = .)
                0x000000000800a050                _sidata = LOADADDR (.data)

.data           0x0000000020000000      0x43c load address 0x000000000800a050
                0x0000000020000000                . = ALIGN (0x4)
                0x0000000020000000                _sdata = .
 *(.data)
 *(.data*)
 .data.SystemCoreClock
                0x0000000020000000        0x4 CMakeFiles/testTFTforATKF4.elf.dir/Core/Src/system_stm32f4xx.c.obj
                0x0000000020000000                SystemCoreClock
 .data.uwTickFreq
                0x0000000020000004        0x1 CMakeFiles/testTFTforATKF4.elf.dir/Drivers/STM32F4xx_HAL_Driver/Src/stm32f4xx_hal.c.obj
                0x0000000020000004                uwTickFreq
 *fill*         0x0000000020000005        0x3 
 .data.uwTickPrio
                0x0000000020000008        0x4 CMakeFiles/testTFTforATKF4.elf.dir/Drivers/STM32F4xx_HAL_Driver/Src/stm32f4xx_hal.c.obj
                0x0000000020000008                uwTickPrio
 .data._impure_ptr
                0x000000002000000c        0x4 /usr/local/Caskroom/gcc-arm-embedded/9-2019-q4-major/gcc-arm-none-eabi-9-2019-q4-major/bin/../lib/gcc/arm-none-eabi/9.2.1/../../../../arm-none-eabi/lib/thumb/v7e-m/nofp/libg.a(lib_a-impure.o)
                0x000000002000000c                _impure_ptr
 .data.impure_data
                0x0000000020000010      0x428 /usr/local/Caskroom/gcc-arm-embedded/9-2019-q4-major/gcc-arm-none-eabi-9-2019-q4-major/bin/../lib/gcc/arm-none-eabi/9.2.1/../../../../arm-none-eabi/lib/thumb/v7e-m/nofp/libg.a(lib_a-impure.o)
 .data.__atexit_recursive_mutex
                0x0000000020000438        0x4 /usr/local/Caskroom/gcc-arm-embedded/9-2019-q4-major/gcc-arm-none-eabi-9-2019-q4-major/bin/../lib/gcc/arm-none-eabi/9.2.1/../../../../arm-none-eabi/lib/thumb/v7e-m/nofp/libg.a(lib_a-__call_atexit.o)
                0x0000000020000438                __atexit_recursive_mutex
                0x000000002000043c                . = ALIGN (0x4)
                0x000000002000043c                _edata = .
                0x000000000800a48c                _siccmram = LOADADDR (.ccmram)

.igot.plt       0x000000002000043c        0x0 load address 0x000000000800a48c
 .igot.plt      0x000000002000043c        0x0 /usr/local/Caskroom/gcc-arm-embedded/9-2019-q4-major/gcc-arm-none-eabi-9-2019-q4-major/bin/../lib/gcc/arm-none-eabi/9.2.1/thumb/v7e-m/nofp/crtbegin.o

.ccmram         0x0000000010000000        0x0 load address 0x000000000800a48c
                0x0000000010000000                . = ALIGN (0x4)
                0x0000000010000000                _sccmram = .
 *(.ccmram)
 *(.ccmram*)
                0x0000000010000000                . = ALIGN (0x4)
                0x0000000010000000                _eccmram = .
                0x0000000010000000                . = ALIGN (0x4)

.bss            0x000000002000043c       0xf0
                0x000000002000043c                _sbss = .
                0x000000002000043c                __bss_start__ = _sbss
 *(.bss)
 .bss           0x000000002000043c       0x1c /usr/local/Caskroom/gcc-arm-embedded/9-2019-q4-major/gcc-arm-none-eabi-9-2019-q4-major/bin/../lib/gcc/arm-none-eabi/9.2.1/thumb/v7e-m/nofp/crtbegin.o
 *(.bss*)
 .bss.FSMC_Initialized
                0x0000000020000458        0x4 CMakeFiles/testTFTforATKF4.elf.dir/Core/Src/fsmc.c.obj
 .bss.hsram1    0x000000002000045c       0x50 CMakeFiles/testTFTforATKF4.elf.dir/Core/Src/fsmc.c.obj
                0x000000002000045c                hsram1
 .bss.huart1    0x00000000200004ac       0x44 CMakeFiles/testTFTforATKF4.elf.dir/Core/Src/usart.c.obj
                0x00000000200004ac                huart1
 .bss.uwTick    0x00000000200004f0        0x4 CMakeFiles/testTFTforATKF4.elf.dir/Drivers/STM32F4xx_HAL_Driver/Src/stm32f4xx_hal.c.obj
                0x00000000200004f0                uwTick
 .bss.lcddev    0x00000000200004f4        0xe CMakeFiles/testTFTforATKF4.elf.dir/Hardwares/LCD/lcd.c.obj
                0x00000000200004f4                lcddev
 *(COMMON)
 *fill*         0x0000000020000502        0x2 
 COMMON         0x0000000020000504       0x21 /usr/local/Caskroom/gcc-arm-embedded/9-2019-q4-major/gcc-arm-none-eabi-9-2019-q4-major/bin/../lib/gcc/arm-none-eabi/9.2.1/../../../../arm-none-eabi/lib/thumb/v7e-m/nofp/libg.a(lib_a-lock.o)
                0x0000000020000504                __lock___atexit_recursive_mutex
                0x0000000020000508                __lock___arc4random_mutex
                0x000000002000050c                __lock___env_recursive_mutex
                0x0000000020000510                __lock___sinit_recursive_mutex
                0x0000000020000514                __lock___malloc_recursive_mutex
                0x0000000020000518                __lock___at_quick_exit_mutex
                0x000000002000051c                __lock___dd_hash_mutex
                0x0000000020000520                __lock___tz_mutex
                0x0000000020000524                __lock___sfp_recursive_mutex
 *fill*         0x0000000020000525        0x3 
 COMMON         0x0000000020000528        0x4 /usr/local/Caskroom/gcc-arm-embedded/9-2019-q4-major/gcc-arm-none-eabi-9-2019-q4-major/bin/../lib/gcc/arm-none-eabi/9.2.1/../../../../arm-none-eabi/lib/thumb/v7e-m/nofp/libg.a(lib_a-reent.o)
                0x0000000020000528                errno
                0x000000002000052c                . = ALIGN (0x4)
                0x000000002000052c                _ebss = .
                0x000000002000052c                __bss_end__ = _ebss

._user_heap_stack
                0x000000002000052c      0x604
                0x0000000020000530                . = ALIGN (0x8)
 *fill*         0x000000002000052c        0x4 
                0x0000000020000530                PROVIDE (end = .)
                [!provide]                        PROVIDE (_end = .)
                0x0000000020000730                . = (. + _Min_Heap_Size)
 *fill*         0x0000000020000530      0x200 
                0x0000000020000b30                . = (. + _Min_Stack_Size)
 *fill*         0x0000000020000730      0x400 
                0x0000000020000b30                . = ALIGN (0x8)

/DISCARD/
 libc.a(*)
 libm.a(*)
 libgcc.a(*)

.ARM.attributes
                0x0000000000000000       0x2a
 *(.ARM.attributes)
 .ARM.attributes
                0x0000000000000000       0x1e /usr/local/Caskroom/gcc-arm-embedded/9-2019-q4-major/gcc-arm-none-eabi-9-2019-q4-major/bin/../lib/gcc/arm-none-eabi/9.2.1/thumb/v7e-m/nofp/crti.o
 .ARM.attributes
                0x000000000000001e       0x2e /usr/local/Caskroom/gcc-arm-embedded/9-2019-q4-major/gcc-arm-none-eabi-9-2019-q4-major/bin/../lib/gcc/arm-none-eabi/9.2.1/thumb/v7e-m/nofp/crtbegin.o
 .ARM.attributes
                0x000000000000004c       0x2e CMakeFiles/testTFTforATKF4.elf.dir/Core/Src/fsmc.c.obj
 .ARM.attributes
                0x000000000000007a       0x2e CMakeFiles/testTFTforATKF4.elf.dir/Core/Src/gpio.c.obj
 .ARM.attributes
                0x00000000000000a8       0x2e CMakeFiles/testTFTforATKF4.elf.dir/Core/Src/main.c.obj
 .ARM.attributes
                0x00000000000000d6       0x2e CMakeFiles/testTFTforATKF4.elf.dir/Core/Src/main_cpp.cpp.obj
 .ARM.attributes
                0x0000000000000104       0x33 CMakeFiles/testTFTforATKF4.elf.dir/Core/Src/pic.c.obj
 .ARM.attributes
                0x0000000000000137       0x2e CMakeFiles/testTFTforATKF4.elf.dir/Core/Src/stm32f4xx_hal_msp.c.obj
 .ARM.attributes
                0x0000000000000165       0x2e CMakeFiles/testTFTforATKF4.elf.dir/Core/Src/stm32f4xx_it.c.obj
 .ARM.attributes
                0x0000000000000193       0x2e CMakeFiles/testTFTforATKF4.elf.dir/Core/Src/system_stm32f4xx.c.obj
 .ARM.attributes
                0x00000000000001c1       0x2e CMakeFiles/testTFTforATKF4.elf.dir/Core/Src/usart.c.obj
 .ARM.attributes
                0x00000000000001ef       0x2e CMakeFiles/testTFTforATKF4.elf.dir/Drivers/STM32F4xx_HAL_Driver/Src/stm32f4xx_hal.c.obj
 .ARM.attributes
                0x000000000000021d       0x2e CMakeFiles/testTFTforATKF4.elf.dir/Drivers/STM32F4xx_HAL_Driver/Src/stm32f4xx_hal_cortex.c.obj
 .ARM.attributes
                0x000000000000024b       0x2e CMakeFiles/testTFTforATKF4.elf.dir/Drivers/STM32F4xx_HAL_Driver/Src/stm32f4xx_hal_gpio.c.obj
 .ARM.attributes
                0x0000000000000279       0x2e CMakeFiles/testTFTforATKF4.elf.dir/Drivers/STM32F4xx_HAL_Driver/Src/stm32f4xx_hal_rcc.c.obj
 .ARM.attributes
                0x00000000000002a7       0x2e CMakeFiles/testTFTforATKF4.elf.dir/Drivers/STM32F4xx_HAL_Driver/Src/stm32f4xx_hal_sram.c.obj
 .ARM.attributes
                0x00000000000002d5       0x2e CMakeFiles/testTFTforATKF4.elf.dir/Drivers/STM32F4xx_HAL_Driver/Src/stm32f4xx_hal_uart.c.obj
 .ARM.attributes
                0x0000000000000303       0x2e CMakeFiles/testTFTforATKF4.elf.dir/Drivers/STM32F4xx_HAL_Driver/Src/stm32f4xx_ll_fsmc.c.obj
 .ARM.attributes
                0x0000000000000331       0x2e CMakeFiles/testTFTforATKF4.elf.dir/Hardwares/LCD/lcd.c.obj
 .ARM.attributes
                0x000000000000035f       0x21 CMakeFiles/testTFTforATKF4.elf.dir/startup/startup_stm32f407xx.s.obj
 .ARM.attributes
                0x0000000000000380       0x1e /usr/local/Caskroom/gcc-arm-embedded/9-2019-q4-major/gcc-arm-none-eabi-9-2019-q4-major/bin/../lib/gcc/arm-none-eabi/9.2.1/thumb/v7e-m/nofp/libgcc.a(_aeabi_uldivmod.o)
 .ARM.attributes
                0x000000000000039e       0x2e /usr/local/Caskroom/gcc-arm-embedded/9-2019-q4-major/gcc-arm-none-eabi-9-2019-q4-major/bin/../lib/gcc/arm-none-eabi/9.2.1/thumb/v7e-m/nofp/libgcc.a(_udivmoddi4.o)
 .ARM.attributes
                0x00000000000003cc       0x1e /usr/local/Caskroom/gcc-arm-embedded/9-2019-q4-major/gcc-arm-none-eabi-9-2019-q4-major/bin/../lib/gcc/arm-none-eabi/9.2.1/thumb/v7e-m/nofp/libgcc.a(_dvmd_tls.o)
 .ARM.attributes
                0x00000000000003ea       0x2e /usr/local/Caskroom/gcc-arm-embedded/9-2019-q4-major/gcc-arm-none-eabi-9-2019-q4-major/bin/../lib/gcc/arm-none-eabi/9.2.1/../../../../arm-none-eabi/lib/thumb/v7e-m/nofp/libg.a(lib_a-impure.o)
 .ARM.attributes
                0x0000000000000418       0x2e /usr/local/Caskroom/gcc-arm-embedded/9-2019-q4-major/gcc-arm-none-eabi-9-2019-q4-major/bin/../lib/gcc/arm-none-eabi/9.2.1/../../../../arm-none-eabi/lib/thumb/v7e-m/nofp/libg.a(lib_a-init.o)
 .ARM.attributes
                0x0000000000000446       0x2e /usr/local/Caskroom/gcc-arm-embedded/9-2019-q4-major/gcc-arm-none-eabi-9-2019-q4-major/bin/../lib/gcc/arm-none-eabi/9.2.1/../../../../arm-none-eabi/lib/thumb/v7e-m/nofp/libg.a(lib_a-memset.o)
 .ARM.attributes
                0x0000000000000474       0x2e /usr/local/Caskroom/gcc-arm-embedded/9-2019-q4-major/gcc-arm-none-eabi-9-2019-q4-major/bin/../lib/gcc/arm-none-eabi/9.2.1/../../../../arm-none-eabi/lib/thumb/v7e-m/nofp/libg.a(lib_a-__call_atexit.o)
 .ARM.attributes
                0x00000000000004a2       0x2e /usr/local/Caskroom/gcc-arm-embedded/9-2019-q4-major/gcc-arm-none-eabi-9-2019-q4-major/bin/../lib/gcc/arm-none-eabi/9.2.1/../../../../arm-none-eabi/lib/thumb/v7e-m/nofp/libg.a(lib_a-atexit.o)
 .ARM.attributes
                0x00000000000004d0       0x2e /usr/local/Caskroom/gcc-arm-embedded/9-2019-q4-major/gcc-arm-none-eabi-9-2019-q4-major/bin/../lib/gcc/arm-none-eabi/9.2.1/../../../../arm-none-eabi/lib/thumb/v7e-m/nofp/libg.a(lib_a-fini.o)
 .ARM.attributes
                0x00000000000004fe       0x2e /usr/local/Caskroom/gcc-arm-embedded/9-2019-q4-major/gcc-arm-none-eabi-9-2019-q4-major/bin/../lib/gcc/arm-none-eabi/9.2.1/../../../../arm-none-eabi/lib/thumb/v7e-m/nofp/libg.a(lib_a-lock.o)
 .ARM.attributes
                0x000000000000052c       0x2e /usr/local/Caskroom/gcc-arm-embedded/9-2019-q4-major/gcc-arm-none-eabi-9-2019-q4-major/bin/../lib/gcc/arm-none-eabi/9.2.1/../../../../arm-none-eabi/lib/thumb/v7e-m/nofp/libg.a(lib_a-__atexit.o)
 .ARM.attributes
                0x000000000000055a       0x1e /usr/local/Caskroom/gcc-arm-embedded/9-2019-q4-major/gcc-arm-none-eabi-9-2019-q4-major/bin/../lib/gcc/arm-none-eabi/9.2.1/thumb/v7e-m/nofp/crtn.o
OUTPUT(testTFTforATKF4.elf elf32-littlearm)

.debug_info     0x0000000000000000     0xc0d2
 .debug_info    0x0000000000000000      0xc60 CMakeFiles/testTFTforATKF4.elf.dir/Core/Src/fsmc.c.obj
 .debug_info    0x0000000000000c60      0x5bc CMakeFiles/testTFTforATKF4.elf.dir/Core/Src/gpio.c.obj
 .debug_info    0x000000000000121c      0xd89 CMakeFiles/testTFTforATKF4.elf.dir/Core/Src/main.c.obj
 .debug_info    0x0000000000001fa5      0x389 CMakeFiles/testTFTforATKF4.elf.dir/Core/Src/main_cpp.cpp.obj
 .debug_info    0x000000000000232e       0xa9 CMakeFiles/testTFTforATKF4.elf.dir/Core/Src/pic.c.obj
 .debug_info    0x00000000000023d7      0x390 CMakeFiles/testTFTforATKF4.elf.dir/Core/Src/stm32f4xx_hal_msp.c.obj
 .debug_info    0x0000000000002767      0x238 CMakeFiles/testTFTforATKF4.elf.dir/Core/Src/stm32f4xx_it.c.obj
 .debug_info    0x000000000000299f      0x3fe CMakeFiles/testTFTforATKF4.elf.dir/Core/Src/system_stm32f4xx.c.obj
 .debug_info    0x0000000000002d9d      0xa97 CMakeFiles/testTFTforATKF4.elf.dir/Core/Src/usart.c.obj
 .debug_info    0x0000000000003834      0xa79 CMakeFiles/testTFTforATKF4.elf.dir/Drivers/STM32F4xx_HAL_Driver/Src/stm32f4xx_hal.c.obj
 .debug_info    0x00000000000042ad     0x1154 CMakeFiles/testTFTforATKF4.elf.dir/Drivers/STM32F4xx_HAL_Driver/Src/stm32f4xx_hal_cortex.c.obj
 .debug_info    0x0000000000005401      0x884 CMakeFiles/testTFTforATKF4.elf.dir/Drivers/STM32F4xx_HAL_Driver/Src/stm32f4xx_hal_gpio.c.obj
 .debug_info    0x0000000000005c85      0xb5d CMakeFiles/testTFTforATKF4.elf.dir/Drivers/STM32F4xx_HAL_Driver/Src/stm32f4xx_hal_rcc.c.obj
 .debug_info    0x00000000000067e2      0xd8d CMakeFiles/testTFTforATKF4.elf.dir/Drivers/STM32F4xx_HAL_Driver/Src/stm32f4xx_hal_sram.c.obj
 .debug_info    0x000000000000756f     0x1dab CMakeFiles/testTFTforATKF4.elf.dir/Drivers/STM32F4xx_HAL_Driver/Src/stm32f4xx_hal_uart.c.obj
 .debug_info    0x000000000000931a      0xc2d CMakeFiles/testTFTforATKF4.elf.dir/Drivers/STM32F4xx_HAL_Driver/Src/stm32f4xx_ll_fsmc.c.obj
 .debug_info    0x0000000000009f47     0x2169 CMakeFiles/testTFTforATKF4.elf.dir/Hardwares/LCD/lcd.c.obj
 .debug_info    0x000000000000c0b0       0x22 CMakeFiles/testTFTforATKF4.elf.dir/startup/startup_stm32f407xx.s.obj

.debug_abbrev   0x0000000000000000     0x213e
 .debug_abbrev  0x0000000000000000      0x224 CMakeFiles/testTFTforATKF4.elf.dir/Core/Src/fsmc.c.obj
 .debug_abbrev  0x0000000000000224      0x17b CMakeFiles/testTFTforATKF4.elf.dir/Core/Src/gpio.c.obj
 .debug_abbrev  0x000000000000039f      0x215 CMakeFiles/testTFTforATKF4.elf.dir/Core/Src/main.c.obj
 .debug_abbrev  0x00000000000005b4      0x148 CMakeFiles/testTFTforATKF4.elf.dir/Core/Src/main_cpp.cpp.obj
 .debug_abbrev  0x00000000000006fc       0x61 CMakeFiles/testTFTforATKF4.elf.dir/Core/Src/pic.c.obj
 .debug_abbrev  0x000000000000075d      0x11a CMakeFiles/testTFTforATKF4.elf.dir/Core/Src/stm32f4xx_hal_msp.c.obj
 .debug_abbrev  0x0000000000000877       0xef CMakeFiles/testTFTforATKF4.elf.dir/Core/Src/stm32f4xx_it.c.obj
 .debug_abbrev  0x0000000000000966      0x148 CMakeFiles/testTFTforATKF4.elf.dir/Core/Src/system_stm32f4xx.c.obj
 .debug_abbrev  0x0000000000000aae      0x1ed CMakeFiles/testTFTforATKF4.elf.dir/Core/Src/usart.c.obj
 .debug_abbrev  0x0000000000000c9b      0x219 CMakeFiles/testTFTforATKF4.elf.dir/Drivers/STM32F4xx_HAL_Driver/Src/stm32f4xx_hal.c.obj
 .debug_abbrev  0x0000000000000eb4      0x390 CMakeFiles/testTFTforATKF4.elf.dir/Drivers/STM32F4xx_HAL_Driver/Src/stm32f4xx_hal_cortex.c.obj
 .debug_abbrev  0x0000000000001244      0x21c CMakeFiles/testTFTforATKF4.elf.dir/Drivers/STM32F4xx_HAL_Driver/Src/stm32f4xx_hal_gpio.c.obj
 .debug_abbrev  0x0000000000001460      0x2ae CMakeFiles/testTFTforATKF4.elf.dir/Drivers/STM32F4xx_HAL_Driver/Src/stm32f4xx_hal_rcc.c.obj
 .debug_abbrev  0x000000000000170e      0x240 CMakeFiles/testTFTforATKF4.elf.dir/Drivers/STM32F4xx_HAL_Driver/Src/stm32f4xx_hal_sram.c.obj
 .debug_abbrev  0x000000000000194e      0x2c0 CMakeFiles/testTFTforATKF4.elf.dir/Drivers/STM32F4xx_HAL_Driver/Src/stm32f4xx_hal_uart.c.obj
 .debug_abbrev  0x0000000000001c0e      0x1d9 CMakeFiles/testTFTforATKF4.elf.dir/Drivers/STM32F4xx_HAL_Driver/Src/stm32f4xx_ll_fsmc.c.obj
 .debug_abbrev  0x0000000000001de7      0x345 CMakeFiles/testTFTforATKF4.elf.dir/Hardwares/LCD/lcd.c.obj
 .debug_abbrev  0x000000000000212c       0x12 CMakeFiles/testTFTforATKF4.elf.dir/startup/startup_stm32f407xx.s.obj

.debug_loc      0x0000000000000000     0x4d54
 .debug_loc     0x0000000000000000       0x4a CMakeFiles/testTFTforATKF4.elf.dir/Core/Src/fsmc.c.obj
 .debug_loc     0x000000000000004a      0x16c CMakeFiles/testTFTforATKF4.elf.dir/Core/Src/system_stm32f4xx.c.obj
 .debug_loc     0x00000000000001b6       0x84 CMakeFiles/testTFTforATKF4.elf.dir/Core/Src/usart.c.obj
 .debug_loc     0x000000000000023a      0x141 CMakeFiles/testTFTforATKF4.elf.dir/Drivers/STM32F4xx_HAL_Driver/Src/stm32f4xx_hal.c.obj
 .debug_loc     0x000000000000037b      0x744 CMakeFiles/testTFTforATKF4.elf.dir/Drivers/STM32F4xx_HAL_Driver/Src/stm32f4xx_hal_cortex.c.obj
 .debug_loc     0x0000000000000abf      0x513 CMakeFiles/testTFTforATKF4.elf.dir/Drivers/STM32F4xx_HAL_Driver/Src/stm32f4xx_hal_gpio.c.obj
 .debug_loc     0x0000000000000fd2      0x56f CMakeFiles/testTFTforATKF4.elf.dir/Drivers/STM32F4xx_HAL_Driver/Src/stm32f4xx_hal_rcc.c.obj
 .debug_loc     0x0000000000001541      0x975 CMakeFiles/testTFTforATKF4.elf.dir/Drivers/STM32F4xx_HAL_Driver/Src/stm32f4xx_hal_sram.c.obj
 .debug_loc     0x0000000000001eb6     0x203b CMakeFiles/testTFTforATKF4.elf.dir/Drivers/STM32F4xx_HAL_Driver/Src/stm32f4xx_hal_uart.c.obj
 .debug_loc     0x0000000000003ef1      0x7b4 CMakeFiles/testTFTforATKF4.elf.dir/Drivers/STM32F4xx_HAL_Driver/Src/stm32f4xx_ll_fsmc.c.obj
 .debug_loc     0x00000000000046a5      0x6af CMakeFiles/testTFTforATKF4.elf.dir/Hardwares/LCD/lcd.c.obj

.debug_aranges  0x0000000000000000      0x828
 .debug_aranges
                0x0000000000000000       0x48 CMakeFiles/testTFTforATKF4.elf.dir/Core/Src/fsmc.c.obj
 .debug_aranges
                0x0000000000000048       0x20 CMakeFiles/testTFTforATKF4.elf.dir/Core/Src/gpio.c.obj
 .debug_aranges
                0x0000000000000068       0x30 CMakeFiles/testTFTforATKF4.elf.dir/Core/Src/main.c.obj
 .debug_aranges
                0x0000000000000098       0x28 CMakeFiles/testTFTforATKF4.elf.dir/Core/Src/main_cpp.cpp.obj
 .debug_aranges
                0x00000000000000c0       0x18 CMakeFiles/testTFTforATKF4.elf.dir/Core/Src/pic.c.obj
 .debug_aranges
                0x00000000000000d8       0x20 CMakeFiles/testTFTforATKF4.elf.dir/Core/Src/stm32f4xx_hal_msp.c.obj
 .debug_aranges
                0x00000000000000f8       0x60 CMakeFiles/testTFTforATKF4.elf.dir/Core/Src/stm32f4xx_it.c.obj
 .debug_aranges
                0x0000000000000158       0x28 CMakeFiles/testTFTforATKF4.elf.dir/Core/Src/system_stm32f4xx.c.obj
 .debug_aranges
                0x0000000000000180       0x30 CMakeFiles/testTFTforATKF4.elf.dir/Core/Src/usart.c.obj
 .debug_aranges
                0x00000000000001b0       0xf0 CMakeFiles/testTFTforATKF4.elf.dir/Drivers/STM32F4xx_HAL_Driver/Src/stm32f4xx_hal.c.obj
 .debug_aranges
                0x00000000000002a0       0xa8 CMakeFiles/testTFTforATKF4.elf.dir/Drivers/STM32F4xx_HAL_Driver/Src/stm32f4xx_hal_cortex.c.obj
 .debug_aranges
                0x0000000000000348       0x58 CMakeFiles/testTFTforATKF4.elf.dir/Drivers/STM32F4xx_HAL_Driver/Src/stm32f4xx_hal_gpio.c.obj
 .debug_aranges
                0x00000000000003a0       0x88 CMakeFiles/testTFTforATKF4.elf.dir/Drivers/STM32F4xx_HAL_Driver/Src/stm32f4xx_hal_rcc.c.obj
 .debug_aranges
                0x0000000000000428       0xa0 CMakeFiles/testTFTforATKF4.elf.dir/Drivers/STM32F4xx_HAL_Driver/Src/stm32f4xx_hal_sram.c.obj
 .debug_aranges
                0x00000000000004c8      0x200 CMakeFiles/testTFTforATKF4.elf.dir/Drivers/STM32F4xx_HAL_Driver/Src/stm32f4xx_hal_uart.c.obj
 .debug_aranges
                0x00000000000006c8       0xa8 CMakeFiles/testTFTforATKF4.elf.dir/Drivers/STM32F4xx_HAL_Driver/Src/stm32f4xx_ll_fsmc.c.obj
 .debug_aranges
                0x0000000000000770       0x90 CMakeFiles/testTFTforATKF4.elf.dir/Hardwares/LCD/lcd.c.obj
 .debug_aranges
                0x0000000000000800       0x28 CMakeFiles/testTFTforATKF4.elf.dir/startup/startup_stm32f407xx.s.obj

.debug_ranges   0x0000000000000000      0x780
 .debug_ranges  0x0000000000000000       0x38 CMakeFiles/testTFTforATKF4.elf.dir/Core/Src/fsmc.c.obj
 .debug_ranges  0x0000000000000038       0x10 CMakeFiles/testTFTforATKF4.elf.dir/Core/Src/gpio.c.obj
 .debug_ranges  0x0000000000000048       0x20 CMakeFiles/testTFTforATKF4.elf.dir/Core/Src/main.c.obj
 .debug_ranges  0x0000000000000068       0x18 CMakeFiles/testTFTforATKF4.elf.dir/Core/Src/main_cpp.cpp.obj
 .debug_ranges  0x0000000000000080       0x10 CMakeFiles/testTFTforATKF4.elf.dir/Core/Src/stm32f4xx_hal_msp.c.obj
 .debug_ranges  0x0000000000000090       0x50 CMakeFiles/testTFTforATKF4.elf.dir/Core/Src/stm32f4xx_it.c.obj
 .debug_ranges  0x00000000000000e0       0x18 CMakeFiles/testTFTforATKF4.elf.dir/Core/Src/system_stm32f4xx.c.obj
 .debug_ranges  0x00000000000000f8       0x20 CMakeFiles/testTFTforATKF4.elf.dir/Core/Src/usart.c.obj
 .debug_ranges  0x0000000000000118       0xe0 CMakeFiles/testTFTforATKF4.elf.dir/Drivers/STM32F4xx_HAL_Driver/Src/stm32f4xx_hal.c.obj
 .debug_ranges  0x00000000000001f8       0xf8 CMakeFiles/testTFTforATKF4.elf.dir/Drivers/STM32F4xx_HAL_Driver/Src/stm32f4xx_hal_cortex.c.obj
 .debug_ranges  0x00000000000002f0       0x48 CMakeFiles/testTFTforATKF4.elf.dir/Drivers/STM32F4xx_HAL_Driver/Src/stm32f4xx_hal_gpio.c.obj
 .debug_ranges  0x0000000000000338       0x90 CMakeFiles/testTFTforATKF4.elf.dir/Drivers/STM32F4xx_HAL_Driver/Src/stm32f4xx_hal_rcc.c.obj
 .debug_ranges  0x00000000000003c8       0x90 CMakeFiles/testTFTforATKF4.elf.dir/Drivers/STM32F4xx_HAL_Driver/Src/stm32f4xx_hal_sram.c.obj
 .debug_ranges  0x0000000000000458      0x1f0 CMakeFiles/testTFTforATKF4.elf.dir/Drivers/STM32F4xx_HAL_Driver/Src/stm32f4xx_hal_uart.c.obj
 .debug_ranges  0x0000000000000648       0x98 CMakeFiles/testTFTforATKF4.elf.dir/Drivers/STM32F4xx_HAL_Driver/Src/stm32f4xx_ll_fsmc.c.obj
 .debug_ranges  0x00000000000006e0       0x80 CMakeFiles/testTFTforATKF4.elf.dir/Hardwares/LCD/lcd.c.obj
 .debug_ranges  0x0000000000000760       0x20 CMakeFiles/testTFTforATKF4.elf.dir/startup/startup_stm32f407xx.s.obj

.debug_line     0x0000000000000000     0x89a4
 .debug_line    0x0000000000000000      0x716 CMakeFiles/testTFTforATKF4.elf.dir/Core/Src/fsmc.c.obj
 .debug_line    0x0000000000000716      0x34f CMakeFiles/testTFTforATKF4.elf.dir/Core/Src/gpio.c.obj
 .debug_line    0x0000000000000a65      0x56b CMakeFiles/testTFTforATKF4.elf.dir/Core/Src/main.c.obj
 .debug_line    0x0000000000000fd0      0x3ec CMakeFiles/testTFTforATKF4.elf.dir/Core/Src/main_cpp.cpp.obj
 .debug_line    0x00000000000013bc      0x171 CMakeFiles/testTFTforATKF4.elf.dir/Core/Src/pic.c.obj
 .debug_line    0x000000000000152d      0x2fd CMakeFiles/testTFTforATKF4.elf.dir/Core/Src/stm32f4xx_hal_msp.c.obj
 .debug_line    0x000000000000182a      0x3ce CMakeFiles/testTFTforATKF4.elf.dir/Core/Src/stm32f4xx_it.c.obj
 .debug_line    0x0000000000001bf8      0x3b1 CMakeFiles/testTFTforATKF4.elf.dir/Core/Src/system_stm32f4xx.c.obj
 .debug_line    0x0000000000001fa9      0x488 CMakeFiles/testTFTforATKF4.elf.dir/Core/Src/usart.c.obj
 .debug_line    0x0000000000002431      0x699 CMakeFiles/testTFTforATKF4.elf.dir/Drivers/STM32F4xx_HAL_Driver/Src/stm32f4xx_hal.c.obj
 .debug_line    0x0000000000002aca      0x8d6 CMakeFiles/testTFTforATKF4.elf.dir/Drivers/STM32F4xx_HAL_Driver/Src/stm32f4xx_hal_cortex.c.obj
 .debug_line    0x00000000000033a0      0x863 CMakeFiles/testTFTforATKF4.elf.dir/Drivers/STM32F4xx_HAL_Driver/Src/stm32f4xx_hal_gpio.c.obj
 .debug_line    0x0000000000003c03      0xc6a CMakeFiles/testTFTforATKF4.elf.dir/Drivers/STM32F4xx_HAL_Driver/Src/stm32f4xx_hal_rcc.c.obj
 .debug_line    0x000000000000486d      0xa11 CMakeFiles/testTFTforATKF4.elf.dir/Drivers/STM32F4xx_HAL_Driver/Src/stm32f4xx_hal_sram.c.obj
 .debug_line    0x000000000000527e     0x222c CMakeFiles/testTFTforATKF4.elf.dir/Drivers/STM32F4xx_HAL_Driver/Src/stm32f4xx_hal_uart.c.obj
 .debug_line    0x00000000000074aa      0x9c9 CMakeFiles/testTFTforATKF4.elf.dir/Drivers/STM32F4xx_HAL_Driver/Src/stm32f4xx_ll_fsmc.c.obj
 .debug_line    0x0000000000007e73      0xa78 CMakeFiles/testTFTforATKF4.elf.dir/Hardwares/LCD/lcd.c.obj
 .debug_line    0x00000000000088eb       0xb9 CMakeFiles/testTFTforATKF4.elf.dir/startup/startup_stm32f407xx.s.obj

.debug_str      0x0000000000000000     0x3456
 .debug_str     0x0000000000000000      0x946 CMakeFiles/testTFTforATKF4.elf.dir/Core/Src/fsmc.c.obj
                                        0xa1e (size before relaxing)
 .debug_str     0x0000000000000946       0x86 CMakeFiles/testTFTforATKF4.elf.dir/Core/Src/gpio.c.obj
                                        0x4ce (size before relaxing)
 .debug_str     0x00000000000009cc      0x3bb CMakeFiles/testTFTforATKF4.elf.dir/Core/Src/main.c.obj
                                        0xc04 (size before relaxing)
 .debug_str     0x0000000000000d87      0x20e CMakeFiles/testTFTforATKF4.elf.dir/Core/Src/main_cpp.cpp.obj
                                        0x406 (size before relaxing)
 .debug_str     0x0000000000000f95       0x4a CMakeFiles/testTFTforATKF4.elf.dir/Core/Src/pic.c.obj
                                        0x221 (size before relaxing)
 .debug_str     0x0000000000000fdf       0x64 CMakeFiles/testTFTforATKF4.elf.dir/Core/Src/stm32f4xx_hal_msp.c.obj
                                        0x41d (size before relaxing)
 .debug_str     0x0000000000001043       0xef CMakeFiles/testTFTforATKF4.elf.dir/Core/Src/stm32f4xx_it.c.obj
                                        0x3a5 (size before relaxing)
 .debug_str     0x0000000000001132       0x93 CMakeFiles/testTFTforATKF4.elf.dir/Core/Src/system_stm32f4xx.c.obj
                                        0x445 (size before relaxing)
 .debug_str     0x00000000000011c5       0x89 CMakeFiles/testTFTforATKF4.elf.dir/Core/Src/usart.c.obj
                                        0x94c (size before relaxing)
 .debug_str     0x000000000000124e      0x811 CMakeFiles/testTFTforATKF4.elf.dir/Drivers/STM32F4xx_HAL_Driver/Src/stm32f4xx_hal.c.obj
                                        0xc2b (size before relaxing)
 .debug_str     0x0000000000001a5f      0x4e0 CMakeFiles/testTFTforATKF4.elf.dir/Drivers/STM32F4xx_HAL_Driver/Src/stm32f4xx_hal_cortex.c.obj
                                        0xd6a (size before relaxing)
 .debug_str     0x0000000000001f3f      0x160 CMakeFiles/testTFTforATKF4.elf.dir/Drivers/STM32F4xx_HAL_Driver/Src/stm32f4xx_hal_gpio.c.obj
                                        0x630 (size before relaxing)
 .debug_str     0x000000000000209f      0x1cb CMakeFiles/testTFTforATKF4.elf.dir/Drivers/STM32F4xx_HAL_Driver/Src/stm32f4xx_hal_rcc.c.obj
                                        0x80e (size before relaxing)
 .debug_str     0x000000000000226a      0x297 CMakeFiles/testTFTforATKF4.elf.dir/Drivers/STM32F4xx_HAL_Driver/Src/stm32f4xx_hal_sram.c.obj
                                        0xa6c (size before relaxing)
 .debug_str     0x0000000000002501      0x659 CMakeFiles/testTFTforATKF4.elf.dir/Drivers/STM32F4xx_HAL_Driver/Src/stm32f4xx_hal_uart.c.obj
                                        0xe74 (size before relaxing)
 .debug_str     0x0000000000002b5a      0x2e1 CMakeFiles/testTFTforATKF4.elf.dir/Drivers/STM32F4xx_HAL_Driver/Src/stm32f4xx_ll_fsmc.c.obj
                                        0x886 (size before relaxing)
 .debug_str     0x0000000000002e3b      0x5b4 CMakeFiles/testTFTforATKF4.elf.dir/Hardwares/LCD/lcd.c.obj
                                        0xfaf (size before relaxing)
 .debug_str     0x00000000000033ef       0x67 CMakeFiles/testTFTforATKF4.elf.dir/startup/startup_stm32f407xx.s.obj
                                         0xb4 (size before relaxing)

.comment        0x0000000000000000       0x79
 .comment       0x0000000000000000       0x79 CMakeFiles/testTFTforATKF4.elf.dir/Core/Src/fsmc.c.obj
                                         0x7a (size before relaxing)
 .comment       0x0000000000000079       0x7a CMakeFiles/testTFTforATKF4.elf.dir/Core/Src/gpio.c.obj
 .comment       0x0000000000000079       0x7a CMakeFiles/testTFTforATKF4.elf.dir/Core/Src/main.c.obj
 .comment       0x0000000000000079       0x7a CMakeFiles/testTFTforATKF4.elf.dir/Core/Src/main_cpp.cpp.obj
 .comment       0x0000000000000079       0x7a CMakeFiles/testTFTforATKF4.elf.dir/Core/Src/pic.c.obj
 .comment       0x0000000000000079       0x7a CMakeFiles/testTFTforATKF4.elf.dir/Core/Src/stm32f4xx_hal_msp.c.obj
 .comment       0x0000000000000079       0x7a CMakeFiles/testTFTforATKF4.elf.dir/Core/Src/stm32f4xx_it.c.obj
 .comment       0x0000000000000079       0x7a CMakeFiles/testTFTforATKF4.elf.dir/Core/Src/system_stm32f4xx.c.obj
 .comment       0x0000000000000079       0x7a CMakeFiles/testTFTforATKF4.elf.dir/Core/Src/usart.c.obj
 .comment       0x0000000000000079       0x7a CMakeFiles/testTFTforATKF4.elf.dir/Drivers/STM32F4xx_HAL_Driver/Src/stm32f4xx_hal.c.obj
 .comment       0x0000000000000079       0x7a CMakeFiles/testTFTforATKF4.elf.dir/Drivers/STM32F4xx_HAL_Driver/Src/stm32f4xx_hal_cortex.c.obj
 .comment       0x0000000000000079       0x7a CMakeFiles/testTFTforATKF4.elf.dir/Drivers/STM32F4xx_HAL_Driver/Src/stm32f4xx_hal_gpio.c.obj
 .comment       0x0000000000000079       0x7a CMakeFiles/testTFTforATKF4.elf.dir/Drivers/STM32F4xx_HAL_Driver/Src/stm32f4xx_hal_rcc.c.obj
 .comment       0x0000000000000079       0x7a CMakeFiles/testTFTforATKF4.elf.dir/Drivers/STM32F4xx_HAL_Driver/Src/stm32f4xx_hal_sram.c.obj
 .comment       0x0000000000000079       0x7a CMakeFiles/testTFTforATKF4.elf.dir/Drivers/STM32F4xx_HAL_Driver/Src/stm32f4xx_hal_uart.c.obj
 .comment       0x0000000000000079       0x7a CMakeFiles/testTFTforATKF4.elf.dir/Drivers/STM32F4xx_HAL_Driver/Src/stm32f4xx_ll_fsmc.c.obj
 .comment       0x0000000000000079       0x7a CMakeFiles/testTFTforATKF4.elf.dir/Hardwares/LCD/lcd.c.obj

.debug_frame    0x0000000000000000     0x1580
 .debug_frame   0x0000000000000000       0xc8 CMakeFiles/testTFTforATKF4.elf.dir/Core/Src/fsmc.c.obj
 .debug_frame   0x00000000000000c8       0x30 CMakeFiles/testTFTforATKF4.elf.dir/Core/Src/gpio.c.obj
 .debug_frame   0x00000000000000f8       0x58 CMakeFiles/testTFTforATKF4.elf.dir/Core/Src/main.c.obj
 .debug_frame   0x0000000000000150       0x40 CMakeFiles/testTFTforATKF4.elf.dir/Core/Src/main_cpp.cpp.obj
 .debug_frame   0x0000000000000190       0x28 CMakeFiles/testTFTforATKF4.elf.dir/Core/Src/stm32f4xx_hal_msp.c.obj
 .debug_frame   0x00000000000001b8       0xa8 CMakeFiles/testTFTforATKF4.elf.dir/Core/Src/stm32f4xx_it.c.obj
 .debug_frame   0x0000000000000260       0x30 CMakeFiles/testTFTforATKF4.elf.dir/Core/Src/system_stm32f4xx.c.obj
 .debug_frame   0x0000000000000290       0x60 CMakeFiles/testTFTforATKF4.elf.dir/Core/Src/usart.c.obj
 .debug_frame   0x00000000000002f0      0x1ec CMakeFiles/testTFTforATKF4.elf.dir/Drivers/STM32F4xx_HAL_Driver/Src/stm32f4xx_hal.c.obj
 .debug_frame   0x00000000000004dc      0x15c CMakeFiles/testTFTforATKF4.elf.dir/Drivers/STM32F4xx_HAL_Driver/Src/stm32f4xx_hal_cortex.c.obj
 .debug_frame   0x0000000000000638       0xd8 CMakeFiles/testTFTforATKF4.elf.dir/Drivers/STM32F4xx_HAL_Driver/Src/stm32f4xx_hal_gpio.c.obj
 .debug_frame   0x0000000000000710      0x174 CMakeFiles/testTFTforATKF4.elf.dir/Drivers/STM32F4xx_HAL_Driver/Src/stm32f4xx_hal_rcc.c.obj
 .debug_frame   0x0000000000000884      0x1b4 CMakeFiles/testTFTforATKF4.elf.dir/Drivers/STM32F4xx_HAL_Driver/Src/stm32f4xx_hal_sram.c.obj
 .debug_frame   0x0000000000000a38      0x5c4 CMakeFiles/testTFTforATKF4.elf.dir/Drivers/STM32F4xx_HAL_Driver/Src/stm32f4xx_hal_uart.c.obj
 .debug_frame   0x0000000000000ffc      0x1b0 CMakeFiles/testTFTforATKF4.elf.dir/Drivers/STM32F4xx_HAL_Driver/Src/stm32f4xx_ll_fsmc.c.obj
 .debug_frame   0x00000000000011ac      0x17c CMakeFiles/testTFTforATKF4.elf.dir/Hardwares/LCD/lcd.c.obj
 .debug_frame   0x0000000000001328       0x2c /usr/local/Caskroom/gcc-arm-embedded/9-2019-q4-major/gcc-arm-none-eabi-9-2019-q4-major/bin/../lib/gcc/arm-none-eabi/9.2.1/thumb/v7e-m/nofp/libgcc.a(_aeabi_uldivmod.o)
 .debug_frame   0x0000000000001354       0x34 /usr/local/Caskroom/gcc-arm-embedded/9-2019-q4-major/gcc-arm-none-eabi-9-2019-q4-major/bin/../lib/gcc/arm-none-eabi/9.2.1/thumb/v7e-m/nofp/libgcc.a(_udivmoddi4.o)
 .debug_frame   0x0000000000001388       0x2c /usr/local/Caskroom/gcc-arm-embedded/9-2019-q4-major/gcc-arm-none-eabi-9-2019-q4-major/bin/../lib/gcc/arm-none-eabi/9.2.1/../../../../arm-none-eabi/lib/thumb/v7e-m/nofp/libg.a(lib_a-init.o)
 .debug_frame   0x00000000000013b4       0x38 /usr/local/Caskroom/gcc-arm-embedded/9-2019-q4-major/gcc-arm-none-eabi-9-2019-q4-major/bin/../lib/gcc/arm-none-eabi/9.2.1/../../../../arm-none-eabi/lib/thumb/v7e-m/nofp/libg.a(lib_a-memset.o)
 .debug_frame   0x00000000000013ec       0x5c /usr/local/Caskroom/gcc-arm-embedded/9-2019-q4-major/gcc-arm-none-eabi-9-2019-q4-major/bin/../lib/gcc/arm-none-eabi/9.2.1/../../../../arm-none-eabi/lib/thumb/v7e-m/nofp/libg.a(lib_a-__call_atexit.o)
 .debug_frame   0x0000000000001448       0x20 /usr/local/Caskroom/gcc-arm-embedded/9-2019-q4-major/gcc-arm-none-eabi-9-2019-q4-major/bin/../lib/gcc/arm-none-eabi/9.2.1/../../../../arm-none-eabi/lib/thumb/v7e-m/nofp/libg.a(lib_a-atexit.o)
 .debug_frame   0x0000000000001468       0x34 /usr/local/Caskroom/gcc-arm-embedded/9-2019-q4-major/gcc-arm-none-eabi-9-2019-q4-major/bin/../lib/gcc/arm-none-eabi/9.2.1/../../../../arm-none-eabi/lib/thumb/v7e-m/nofp/libg.a(lib_a-fini.o)
 .debug_frame   0x000000000000149c       0xb0 /usr/local/Caskroom/gcc-arm-embedded/9-2019-q4-major/gcc-arm-none-eabi-9-2019-q4-major/bin/../lib/gcc/arm-none-eabi/9.2.1/../../../../arm-none-eabi/lib/thumb/v7e-m/nofp/libg.a(lib_a-lock.o)
 .debug_frame   0x000000000000154c       0x34 /usr/local/Caskroom/gcc-arm-embedded/9-2019-q4-major/gcc-arm-none-eabi-9-2019-q4-major/bin/../lib/gcc/arm-none-eabi/9.2.1/../../../../arm-none-eabi/lib/thumb/v7e-m/nofp/libg.a(lib_a-__atexit.o)
