Archive member included to satisfy reference by file (symbol)

/usr/local/Caskroom/gcc-arm-embedded/9-2019-q4-major/gcc-arm-none-eabi-9-2019-q4-major/bin/../lib/gcc/arm-none-eabi/9.2.1/../../../../arm-none-eabi/lib/thumb/v7e-m/nofp/libm.a(lib_a-w_sqrt.o)
                              CMakeFiles/testTFTforATKF4.elf.dir/Hardwares/touch/touch.c.obj (sqrt)
/usr/local/Caskroom/gcc-arm-embedded/9-2019-q4-major/gcc-arm-none-eabi-9-2019-q4-major/bin/../lib/gcc/arm-none-eabi/9.2.1/../../../../arm-none-eabi/lib/thumb/v7e-m/nofp/libm.a(lib_a-e_sqrt.o)
                              /usr/local/Caskroom/gcc-arm-embedded/9-2019-q4-major/gcc-arm-none-eabi-9-2019-q4-major/bin/../lib/gcc/arm-none-eabi/9.2.1/../../../../arm-none-eabi/lib/thumb/v7e-m/nofp/libm.a(lib_a-w_sqrt.o) (__ieee754_sqrt)
/usr/local/Caskroom/gcc-arm-embedded/9-2019-q4-major/gcc-arm-none-eabi-9-2019-q4-major/bin/../lib/gcc/arm-none-eabi/9.2.1/../../../../arm-none-eabi/lib/thumb/v7e-m/nofp/libm.a(lib_a-s_lib_ver.o)
                              /usr/local/Caskroom/gcc-arm-embedded/9-2019-q4-major/gcc-arm-none-eabi-9-2019-q4-major/bin/../lib/gcc/arm-none-eabi/9.2.1/../../../../arm-none-eabi/lib/thumb/v7e-m/nofp/libm.a(lib_a-w_sqrt.o) (__fdlib_version)
/usr/local/Caskroom/gcc-arm-embedded/9-2019-q4-major/gcc-arm-none-eabi-9-2019-q4-major/bin/../lib/gcc/arm-none-eabi/9.2.1/../../../../arm-none-eabi/lib/thumb/v7e-m/nofp/libm.a(lib_a-s_matherr.o)
                              /usr/local/Caskroom/gcc-arm-embedded/9-2019-q4-major/gcc-arm-none-eabi-9-2019-q4-major/bin/../lib/gcc/arm-none-eabi/9.2.1/../../../../arm-none-eabi/lib/thumb/v7e-m/nofp/libm.a(lib_a-w_sqrt.o) (matherr)
/usr/local/Caskroom/gcc-arm-embedded/9-2019-q4-major/gcc-arm-none-eabi-9-2019-q4-major/bin/../lib/gcc/arm-none-eabi/9.2.1/thumb/v7e-m/nofp/libgcc.a(_arm_muldf3.o)
                              /usr/local/Caskroom/gcc-arm-embedded/9-2019-q4-major/gcc-arm-none-eabi-9-2019-q4-major/bin/../lib/gcc/arm-none-eabi/9.2.1/../../../../arm-none-eabi/lib/thumb/v7e-m/nofp/libm.a(lib_a-e_sqrt.o) (__aeabi_dmul)
/usr/local/Caskroom/gcc-arm-embedded/9-2019-q4-major/gcc-arm-none-eabi-9-2019-q4-major/bin/../lib/gcc/arm-none-eabi/9.2.1/thumb/v7e-m/nofp/libgcc.a(_arm_mulsf3.o)
                              CMakeFiles/testTFTforATKF4.elf.dir/Hardwares/touch/touch.c.obj (__aeabi_fmul)
/usr/local/Caskroom/gcc-arm-embedded/9-2019-q4-major/gcc-arm-none-eabi-9-2019-q4-major/bin/../lib/gcc/arm-none-eabi/9.2.1/thumb/v7e-m/nofp/libgcc.a(_arm_addsubdf3.o)
                              /usr/local/Caskroom/gcc-arm-embedded/9-2019-q4-major/gcc-arm-none-eabi-9-2019-q4-major/bin/../lib/gcc/arm-none-eabi/9.2.1/../../../../arm-none-eabi/lib/thumb/v7e-m/nofp/libm.a(lib_a-e_sqrt.o) (__aeabi_dsub)
/usr/local/Caskroom/gcc-arm-embedded/9-2019-q4-major/gcc-arm-none-eabi-9-2019-q4-major/bin/../lib/gcc/arm-none-eabi/9.2.1/thumb/v7e-m/nofp/libgcc.a(_arm_muldivdf3.o)
                              CMakeFiles/testTFTforATKF4.elf.dir/Hardwares/touch/touch.c.obj (__aeabi_ddiv)
/usr/local/Caskroom/gcc-arm-embedded/9-2019-q4-major/gcc-arm-none-eabi-9-2019-q4-major/bin/../lib/gcc/arm-none-eabi/9.2.1/thumb/v7e-m/nofp/libgcc.a(_arm_cmpdf2.o)
                              CMakeFiles/testTFTforATKF4.elf.dir/Hardwares/touch/touch.c.obj (__aeabi_dcmplt)
/usr/local/Caskroom/gcc-arm-embedded/9-2019-q4-major/gcc-arm-none-eabi-9-2019-q4-major/bin/../lib/gcc/arm-none-eabi/9.2.1/thumb/v7e-m/nofp/libgcc.a(_arm_unorddf2.o)
                              /usr/local/Caskroom/gcc-arm-embedded/9-2019-q4-major/gcc-arm-none-eabi-9-2019-q4-major/bin/../lib/gcc/arm-none-eabi/9.2.1/../../../../arm-none-eabi/lib/thumb/v7e-m/nofp/libm.a(lib_a-w_sqrt.o) (__aeabi_dcmpun)
/usr/local/Caskroom/gcc-arm-embedded/9-2019-q4-major/gcc-arm-none-eabi-9-2019-q4-major/bin/../lib/gcc/arm-none-eabi/9.2.1/thumb/v7e-m/nofp/libgcc.a(_arm_fixunsdfsi.o)
                              CMakeFiles/testTFTforATKF4.elf.dir/Hardwares/touch/touch.c.obj (__aeabi_d2uiz)
/usr/local/Caskroom/gcc-arm-embedded/9-2019-q4-major/gcc-arm-none-eabi-9-2019-q4-major/bin/../lib/gcc/arm-none-eabi/9.2.1/thumb/v7e-m/nofp/libgcc.a(_arm_truncdfsf2.o)
                              CMakeFiles/testTFTforATKF4.elf.dir/Hardwares/touch/touch.c.obj (__aeabi_d2f)
/usr/local/Caskroom/gcc-arm-embedded/9-2019-q4-major/gcc-arm-none-eabi-9-2019-q4-major/bin/../lib/gcc/arm-none-eabi/9.2.1/thumb/v7e-m/nofp/libgcc.a(_arm_addsubsf3.o)
                              CMakeFiles/testTFTforATKF4.elf.dir/Hardwares/touch/touch.c.obj (__aeabi_fsub)
/usr/local/Caskroom/gcc-arm-embedded/9-2019-q4-major/gcc-arm-none-eabi-9-2019-q4-major/bin/../lib/gcc/arm-none-eabi/9.2.1/thumb/v7e-m/nofp/libgcc.a(_arm_muldivsf3.o)
                              CMakeFiles/testTFTforATKF4.elf.dir/Hardwares/touch/touch.c.obj (__aeabi_fdiv)
/usr/local/Caskroom/gcc-arm-embedded/9-2019-q4-major/gcc-arm-none-eabi-9-2019-q4-major/bin/../lib/gcc/arm-none-eabi/9.2.1/thumb/v7e-m/nofp/libgcc.a(_arm_fixsfsi.o)
[...]
Memory Configuration

Name             Origin             Length             Attributes
RAM              0x0000000020000000 0x0000000000020000 xrw
CCMRAM           0x0000000010000000 0x0000000000010000 xrw
FLASH            0x0000000008000000 0x0000000000080000 xr
*default*        0x0000000000000000 0xffffffffffffffff

Linker script and memory map

LOAD /usr/local/Caskroom/gcc-arm-embedded/9-2019-q4-major/gcc-arm-none-eabi-9-2019-q4-major/bin/../lib/gcc/arm-none-eabi/9.2.1/thumb/v7e-m/nofp/crti.o
LOAD /usr/local/Caskroom/gcc-arm-embedded/9-2019-q4-major/gcc-arm-none-eabi-9-2019-q4-major/bin/../lib/gcc/arm-none-eabi/9.2.1/thumb/v7e-m/nofp/crtbegin.o
LOAD /usr/local/Caskroom/gcc-arm-embedded/9-2019-q4-major/gcc-arm-none-eabi-9-2019-q4-major/bin/../lib/gcc/arm-none-eabi/9.2.1/../../../../arm-none-eabi/lib/thumb/v7e-m/nofp/crt0.o
LOAD CMakeFiles/testTFTforATKF4.elf.dir/Core/Src/fsmc.c.obj
LOAD CMakeFiles/testTFTforATKF4.elf.dir/Core/Src/gpio.c.obj
LOAD CMakeFiles/testTFTforATKF4.elf.dir/Core/Src/i2c.c.obj
LOAD CMakeFiles/testTFTforATKF4.elf.dir/Core/Src/main.c.obj
LOAD CMakeFiles/testTFTforATKF4.elf.dir/Core/Src/main_cpp.cpp.obj
LOAD CMakeFiles/testTFTforATKF4.elf.dir/Core/Src/stm32f4xx_hal_msp.c.obj
LOAD CMakeFiles/testTFTforATKF4.elf.dir/Core/Src/stm32f4xx_it.c.obj
LOAD CMakeFiles/testTFTforATKF4.elf.dir/Core/Src/syscalls.c.obj
LOAD CMakeFiles/testTFTforATKF4.elf.dir/Core/Src/system_stm32f4xx.c.obj
LOAD CMakeFiles/testTFTforATKF4.elf.dir/Core/Src/usart.c.obj
LOAD CMakeFiles/testTFTforATKF4.elf.dir/Drivers/STM32F4xx_HAL_Driver/Src/stm32f4xx_hal.c.obj
LOAD CMakeFiles/testTFTforATKF4.elf.dir/Drivers/STM32F4xx_HAL_Driver/Src/stm32f4xx_hal_cortex.c.obj
LOAD CMakeFiles/testTFTforATKF4.elf.dir/Drivers/STM32F4xx_HAL_Driver/Src/stm32f4xx_hal_dma.c.obj
LOAD CMakeFiles/testTFTforATKF4.elf.dir/Drivers/STM32F4xx_HAL_Driver/Src/stm32f4xx_hal_dma_ex.c.obj
LOAD CMakeFiles/testTFTforATKF4.elf.dir/Drivers/STM32F4xx_HAL_Driver/Src/stm32f4xx_hal_exti.c.obj
LOAD CMakeFiles/testTFTforATKF4.elf.dir/Drivers/STM32F4xx_HAL_Driver/Src/stm32f4xx_hal_flash.c.obj
LOAD CMakeFiles/testTFTforATKF4.elf.dir/Drivers/STM32F4xx_HAL_Driver/Src/stm32f4xx_hal_flash_ex.c.obj
LOAD CMakeFiles/testTFTforATKF4.elf.dir/Drivers/STM32F4xx_HAL_Driver/Src/stm32f4xx_hal_flash_ramfunc.c.obj
LOAD CMakeFiles/testTFTforATKF4.elf.dir/Drivers/STM32F4xx_HAL_Driver/Src/stm32f4xx_hal_gpio.c.obj
LOAD CMakeFiles/testTFTforATKF4.elf.dir/Drivers/STM32F4xx_HAL_Driver/Src/stm32f4xx_hal_i2c.c.obj
LOAD CMakeFiles/testTFTforATKF4.elf.dir/Drivers/STM32F4xx_HAL_Driver/Src/stm32f4xx_hal_i2c_ex.c.obj
LOAD CMakeFiles/testTFTforATKF4.elf.dir/Drivers/STM32F4xx_HAL_Driver/Src/stm32f4xx_hal_pwr.c.obj
LOAD CMakeFiles/testTFTforATKF4.elf.dir/Drivers/STM32F4xx_HAL_Driver/Src/stm32f4xx_hal_pwr_ex.c.obj
LOAD CMakeFiles/testTFTforATKF4.elf.dir/Drivers/STM32F4xx_HAL_Driver/Src/stm32f4xx_hal_rcc.c.obj
LOAD CMakeFiles/testTFTforATKF4.elf.dir/Drivers/STM32F4xx_HAL_Driver/Src/stm32f4xx_hal_rcc_ex.c.obj
LOAD CMakeFiles/testTFTforATKF4.elf.dir/Drivers/STM32F4xx_HAL_Driver/Src/stm32f4xx_hal_sram.c.obj
LOAD CMakeFiles/testTFTforATKF4.elf.dir/Drivers/STM32F4xx_HAL_Driver/Src/stm32f4xx_hal_tim.c.obj
LOAD CMakeFiles/testTFTforATKF4.elf.dir/Drivers/STM32F4xx_HAL_Driver/Src/stm32f4xx_hal_tim_ex.c.obj
LOAD CMakeFiles/testTFTforATKF4.elf.dir/Drivers/STM32F4xx_HAL_Driver/Src/stm32f4xx_hal_uart.c.obj
LOAD CMakeFiles/testTFTforATKF4.elf.dir/Drivers/STM32F4xx_HAL_Driver/Src/stm32f4xx_ll_fsmc.c.obj
LOAD CMakeFiles/testTFTforATKF4.elf.dir/Hardwares/LCD/lcd.c.obj
LOAD CMakeFiles/testTFTforATKF4.elf.dir/Hardwares/LCD/pic.c.obj
LOAD CMakeFiles/testTFTforATKF4.elf.dir/Hardwares/touch/touch.c.obj
LOAD CMakeFiles/testTFTforATKF4.elf.dir/startup/startup_stm32f407xx.s.obj
LOAD /usr/local/Caskroom/gcc-arm-embedded/9-2019-q4-major/gcc-arm-none-eabi-9-2019-q4-major/bin/../lib/gcc/arm-none-eabi/9.2.1/../../../../arm-none-eabi/lib/thumb/v7e-m/nofp/libstdc++.a
LOAD /usr/local/Caskroom/gcc-arm-embedded/9-2019-q4-major/gcc-arm-none-eabi-9-2019-q4-major/bin/../lib/gcc/arm-none-eabi/9.2.1/../../../../arm-none-eabi/lib/thumb/v7e-m/nofp/libm.a
START GROUP
LOAD /usr/local/Caskroom/gcc-arm-embedded/9-2019-q4-major/gcc-arm-none-eabi-9-2019-q4-major/bin/../lib/gcc/arm-none-eabi/9.2.1/thumb/v7e-m/nofp/libgcc.a
LOAD /usr/local/Caskroom/gcc-arm-embedded/9-2019-q4-major/gcc-arm-none-eabi-9-2019-q4-major/bin/../lib/gcc/arm-none-eabi/9.2.1/../../../../arm-none-eabi/lib/thumb/v7e-m/nofp/libg.a
LOAD /usr/local/Caskroom/gcc-arm-embedded/9-2019-q4-major/gcc-arm-none-eabi-9-2019-q4-major/bin/../lib/gcc/arm-none-eabi/9.2.1/../../../../arm-none-eabi/lib/thumb/v7e-m/nofp/libc.a
END GROUP
LOAD /usr/local/Caskroom/gcc-arm-embedded/9-2019-q4-major/gcc-arm-none-eabi-9-2019-q4-major/bin/../lib/gcc/arm-none-eabi/9.2.1/thumb/v7e-m/nofp/crtend.o
LOAD /usr/local/Caskroom/gcc-arm-embedded/9-2019-q4-major/gcc-arm-none-eabi-9-2019-q4-major/bin/../lib/gcc/arm-none-eabi/9.2.1/thumb/v7e-m/nofp/crtn.o
                0x0000000020020000                _estack = 0x20020000
                0x0000000000000200                _Min_Heap_Size = 0x200
                0x0000000000000400                _Min_Stack_Size = 0x400

.isr_vector     0x0000000008000000      0x188
                0x0000000008000000                . = ALIGN (0x4)
 *(.isr_vector)
 .isr_vector    0x0000000008000000      0x188 CMakeFiles/testTFTforATKF4.elf.dir/startup/startup_stm32f407xx.s.obj
                0x0000000008000000                g_pfnVectors
                0x0000000008000188                . = ALIGN (0x4)

.text           0x00000000080001c0     0x7bd8
                0x00000000080001c0                . = ALIGN (0x4)
 *(.text)
 .text          0x00000000080001c0       0x40 /usr/local/Caskroom/gcc-arm-embedded/9-2019-q4-major/gcc-arm-none-eabi-9-2019-q4-major/bin/../lib/gcc/arm-none-eabi/9.2.1/thumb/v7e-m/nofp/crtbegin.o
 .text          0x0000000008000200      0x378 /usr/local/Caskroom/gcc-arm-embedded/9-2019-q4-major/gcc-arm-none-eabi-9-2019-q4-major/bin/../lib/gcc/arm-none-eabi/9.2.1/thumb/v7e-m/nofp/libgcc.a(_arm_addsubdf3.o)
                0x0000000008000200                __aeabi_drsub
                0x0000000008000208                __subdf3
                0x0000000008000208                __aeabi_dsub
                0x000000000800020c                __aeabi_dadd
                0x000000000800020c                __adddf3
                0x0000000008000484                __aeabi_ui2d
                0x0000000008000484                __floatunsidf
                0x00000000080004a4                __floatsidf
                0x00000000080004a4                __aeabi_i2d
                0x00000000080004c8                __extendsfdf2
                0x00000000080004c8                __aeabi_f2d
                0x000000000800050c                __aeabi_ul2d
                0x000000000800050c                __floatundidf
                0x000000000800051c                __aeabi_l2d
                0x000000000800051c                __floatdidf
 .text          0x0000000008000578      0x424 /usr/local/Caskroom/gcc-arm-embedded/9-2019-q4-major/gcc-arm-none-eabi-9-2019-q4-major/bin/../lib/gcc/arm-none-eabi/9.2.1/thumb/v7e-m/nofp/libgcc.a(_arm_muldivdf3.o)
                0x0000000008000578                __aeabi_dmul
                0x0000000008000578                __muldf3
                0x00000000080007cc                __aeabi_ddiv
                0x00000000080007cc                __divdf3
 .text          0x000000000800099c      0x110 /usr/local/Caskroom/gcc-arm-embedded/9-2019-q4-major/gcc-arm-none-eabi-9-2019-q4-major/bin/../lib/gcc/arm-none-eabi/9.2.1/thumb/v7e-m/nofp/libgcc.a(_arm_cmpdf2.o)
                0x000000000800099c                __gedf2
                0x000000000800099c                __gtdf2
                0x00000000080009a4                __ledf2
                0x00000000080009a4                __ltdf2
                0x00000000080009ac                __cmpdf2
                0x00000000080009ac                __eqdf2
                0x00000000080009ac                __nedf2
                0x0000000008000a28                __aeabi_cdrcmple
                0x0000000008000a38                __aeabi_cdcmple
                0x0000000008000a38                __aeabi_cdcmpeq
                0x0000000008000a48                __aeabi_dcmpeq
                0x0000000008000a5c                __aeabi_dcmplt
                0x0000000008000a70                __aeabi_dcmple
                0x0000000008000a84                __aeabi_dcmpge
                0x0000000008000a98                __aeabi_dcmpgt
 .text          0x0000000008000aac       0x2c /usr/local/Caskroom/gcc-arm-embedded/9-2019-q4-major/gcc-arm-none-eabi-9-2019-q4-major/bin/../lib/gcc/arm-none-eabi/9.2.1/thumb/v7e-m/nofp/libgcc.a(_arm_unorddf2.o)
                0x0000000008000aac                __aeabi_dcmpun
                0x0000000008000aac                __unorddf2
 .text          0x0000000008000ad8       0x30 /usr/local/Caskroom/gcc-arm-embedded/9-2019-q4-major/gcc-arm-none-eabi-9-2019-q4-major/bin/../lib/gcc/arm-none-eabi/9.2.1/thumb/v7e-m/nofp/libgcc.a(_aeabi_uldivmod.o)
                0x0000000008000ad8                __aeabi_uldivmod
 .text          0x0000000008000b08      0x2c0 /usr/local/Caskroom/gcc-arm-embedded/9-2019-q4-major/gcc-arm-none-eabi-9-2019-q4-major/bin/../lib/gcc/arm-none-eabi/9.2.1/thumb/v7e-m/nofp/libgcc.a(_udivmoddi4.o)
                0x0000000008000b08                __udivmoddi4
 .text          0x0000000008000dc8      0x9b8 /usr/local/Caskroom/gcc-arm-embedded/9-2019-q4-major/gcc-arm-none-eabi-9-2019-q4-major/bin/../lib/gcc/arm-none-eabi/9.2.1/thumb/v7e-m/nofp/libgcc.a(unwind-arm.o)
                0x0000000008001070                _Unwind_GetCFA
                0x0000000008001074                __gnu_Unwind_RaiseException
                0x00000000080010d4                __gnu_Unwind_ForcedUnwind
                0x00000000080010e8                __gnu_Unwind_Resume
                0x000000000800112c                __gnu_Unwind_Resume_or_Rethrow
                0x000000000800113c                _Unwind_Complete
                0x0000000008001140                _Unwind_DeleteException
                0x000000000800114c                _Unwind_VRS_Get
                0x0000000008001194                _Unwind_VRS_Set
                0x00000000080011dc                __gnu_Unwind_Backtrace
                0x00000000080014fc                __aeabi_unwind_cpp_pr0
                0x0000000008001500                __aeabi_unwind_cpp_pr1
                0x0000000008001504                __aeabi_unwind_cpp_pr2
                0x0000000008001508                _Unwind_VRS_Pop
 .text          0x0000000008001780      0x1ac /usr/local/Caskroom/gcc-arm-embedded/9-2019-q4-major/gcc-arm-none-eabi-9-2019-q4-major/bin/../lib/gcc/arm-none-eabi/9.2.1/thumb/v7e-m/nofp/libgcc.a(libunwind.o)
                0x0000000008001780                __restore_core_regs
                0x0000000008001780                restore_core_regs
                0x0000000008001798                __gnu_Unwind_Restore_VFP
                0x00000000080017a0                __gnu_Unwind_Save_VFP
                0x00000000080017a8                __gnu_Unwind_Restore_VFP_D
                0x00000000080017b0                __gnu_Unwind_Save_VFP_D
                0x00000000080017b8                __gnu_Unwind_Restore_VFP_D_16_to_31
                0x00000000080017c0                __gnu_Unwind_Save_VFP_D_16_to_31
                0x00000000080017c8                __gnu_Unwind_Restore_WMMXD
                0x000000000800180c                __gnu_Unwind_Save_WMMXD
                0x0000000008001850                __gnu_Unwind_Restore_WMMXC
                0x0000000008001864                __gnu_Unwind_Save_WMMXC
                0x0000000008001878                _Unwind_RaiseException
                0x0000000008001878                ___Unwind_RaiseException
                0x000000000800189c                ___Unwind_Resume
                0x000000000800189c                _Unwind_Resume
                0x00000000080018c0                ___Unwind_Resume_or_Rethrow
                0x00000000080018c0                _Unwind_Resume_or_Rethrow
                0x00000000080018e4                _Unwind_ForcedUnwind
                0x00000000080018e4                ___Unwind_ForcedUnwind
                0x0000000008001908                _Unwind_Backtrace
                0x0000000008001908                ___Unwind_Backtrace
 .text          0x000000000800192c      0x340 /usr/local/Caskroom/gcc-arm-embedded/9-2019-q4-major/gcc-arm-none-eabi-9-2019-q4-major/bin/../lib/gcc/arm-none-eabi/9.2.1/thumb/v7e-m/nofp/libgcc.a(pr-support.o)
                0x0000000008001984                __gnu_unwind_execute
                0x0000000008001c20                __gnu_unwind_frame
                0x0000000008001c4c                _Unwind_GetRegionStart
                0x0000000008001c58                _Unwind_GetLanguageSpecificData
 .text          0x0000000008001c6c        0x4 /usr/local/Caskroom/gcc-arm-embedded/9-2019-q4-major/gcc-arm-none-eabi-9-2019-q4-major/bin/../lib/gcc/arm-none-eabi/9.2.1/thumb/v7e-m/nofp/libgcc.a(_dvmd_tls.o)
                0x0000000008001c6c                __aeabi_ldiv0
                0x0000000008001c6c                __aeabi_idiv0
 .text          0x0000000008001c70      0x134 /usr/local/Caskroom/gcc-arm-embedded/9-2019-q4-major/gcc-arm-none-eabi-9-2019-q4-major/bin/../lib/gcc/arm-none-eabi/9.2.1/../../../../arm-none-eabi/lib/thumb/v7e-m/nofp/libg.a(lib_a-memcpy.o)
                0x0000000008001c70                memcpy
 *fill*         0x0000000008001da4       0x1c 
 .text          0x0000000008001dc0       0xdc /usr/local/Caskroom/gcc-arm-embedded/9-2019-q4-major/gcc-arm-none-eabi-9-2019-q4-major/bin/../lib/gcc/arm-none-eabi/9.2.1/../../../../arm-none-eabi/lib/thumb/v7e-m/nofp/libg.a(lib_a-strlen.o)
                0x0000000008001dc0                strlen
 *fill*         0x0000000008001e9c        0x4 
 .text          0x0000000008001ea0       0xa0 /usr/local/Caskroom/gcc-arm-embedded/9-2019-q4-major/gcc-arm-none-eabi-9-2019-q4-major/bin/../lib/gcc/arm-none-eabi/9.2.1/../../../../arm-none-eabi/lib/thumb/v7e-m/nofp/libg.a(lib_a-memchr.o)
                0x0000000008001ea0                memchr
 .text          0x0000000008001f40       0x50 /usr/local/Caskroom/gcc-arm-embedded/9-2019-q4-major/gcc-arm-none-eabi-9-2019-q4-major/bin/../lib/gcc/arm-none-eabi/9.2.1/thumb/v7e-m/nofp/libgcc.a(_arm_fixdfsi.o)
                0x0000000008001f40                __fixdfsi
                0x0000000008001f40                __aeabi_d2iz
 *(.text*)
 .text.HAL_FSMC_MspInit
                0x0000000008001f90       0xa8 CMakeFiles/testTFTforATKF4.elf.dir/Core/Src/fsmc.c.obj
 .text.MX_FSMC_Init
                0x0000000008002038       0x7c CMakeFiles/testTFTforATKF4.elf.dir/Core/Src/fsmc.c.obj
                0x0000000008002038                MX_FSMC_Init
 .text.HAL_SRAM_MspInit
                0x00000000080020b4        0x8 CMakeFiles/testTFTforATKF4.elf.dir/Core/Src/fsmc.c.obj
                0x00000000080020b4                HAL_SRAM_MspInit
 .text.MX_GPIO_Init
                0x00000000080020bc      0x144 CMakeFiles/testTFTforATKF4.elf.dir/Core/Src/gpio.c.obj
                0x00000000080020bc                MX_GPIO_Init
 .text.MX_I2C1_Init
                0x0000000008002200       0x3c CMakeFiles/testTFTforATKF4.elf.dir/Core/Src/i2c.c.obj
                0x0000000008002200                MX_I2C1_Init
 .text.HAL_I2C_MspInit
                0x000000000800223c       0x74 CMakeFiles/testTFTforATKF4.elf.dir/Core/Src/i2c.c.obj
                0x000000000800223c                HAL_I2C_MspInit
 .text.Error_Handler
                0x00000000080022b0        0x4 CMakeFiles/testTFTforATKF4.elf.dir/Core/Src/main.c.obj
                0x00000000080022b0                Error_Handler
 .text.SystemClock_Config
                0x00000000080022b4       0xa8 CMakeFiles/testTFTforATKF4.elf.dir/Core/Src/main.c.obj
                0x00000000080022b4                SystemClock_Config
 .text.main     0x000000000800235c       0x20 CMakeFiles/testTFTforATKF4.elf.dir/Core/Src/main.c.obj
                0x000000000800235c                main
 .text._Z8main_cppv
                0x000000000800237c       0x78 CMakeFiles/testTFTforATKF4.elf.dir/Core/Src/main_cpp.cpp.obj
                0x000000000800237c                main_cpp()
 .text.JumpToCpp
                0x00000000080023f4        0x6 CMakeFiles/testTFTforATKF4.elf.dir/Core/Src/main_cpp.cpp.obj
                0x00000000080023f4                JumpToCpp
 *fill*         0x00000000080023fa        0x2 
 .text.HAL_MspInit
                0x00000000080023fc       0x38 CMakeFiles/testTFTforATKF4.elf.dir/Core/Src/stm32f4xx_hal_msp.c.obj
                0x00000000080023fc                HAL_MspInit
 .text.NMI_Handler
                0x0000000008002434        0x2 CMakeFiles/testTFTforATKF4.elf.dir/Core/Src/stm32f4xx_it.c.obj
                0x0000000008002434                NMI_Handler
 .text.HardFault_Handler
                0x0000000008002436        0x2 CMakeFiles/testTFTforATKF4.elf.dir/Core/Src/stm32f4xx_it.c.obj
                0x0000000008002436                HardFault_Handler
 .text.MemManage_Handler
                0x0000000008002438        0x2 CMakeFiles/testTFTforATKF4.elf.dir/Core/Src/stm32f4xx_it.c.obj
                0x0000000008002438                MemManage_Handler
 .text.BusFault_Handler
                0x000000000800243a        0x2 CMakeFiles/testTFTforATKF4.elf.dir/Core/Src/stm32f4xx_it.c.obj
                0x000000000800243a                BusFault_Handler
 .text.UsageFault_Handler
                0x000000000800243c        0x2 CMakeFiles/testTFTforATKF4.elf.dir/Core/Src/stm32f4xx_it.c.obj
                0x000000000800243c                UsageFault_Handler
 .text.SVC_Handler
                0x000000000800243e        0x2 CMakeFiles/testTFTforATKF4.elf.dir/Core/Src/stm32f4xx_it.c.obj
                0x000000000800243e                SVC_Handler
 .text.DebugMon_Handler
                0x0000000008002440        0x2 CMakeFiles/testTFTforATKF4.elf.dir/Core/Src/stm32f4xx_it.c.obj
                0x0000000008002440                DebugMon_Handler
 .text.PendSV_Handler
                0x0000000008002442        0x2 CMakeFiles/testTFTforATKF4.elf.dir/Core/Src/stm32f4xx_it.c.obj
                0x0000000008002442                PendSV_Handler
 .text.SysTick_Handler
                0x0000000008002444        0x8 CMakeFiles/testTFTforATKF4.elf.dir/Core/Src/stm32f4xx_it.c.obj
                0x0000000008002444                SysTick_Handler
 .text._getpid  0x000000000800244c        0x4 CMakeFiles/testTFTforATKF4.elf.dir/Core/Src/syscalls.c.obj
                0x000000000800244c                _getpid
 .text._kill    0x0000000008002450       0x10 CMakeFiles/testTFTforATKF4.elf.dir/Core/Src/syscalls.c.obj
                0x0000000008002450                _kill
 .text._exit    0x0000000008002460        0xc CMakeFiles/testTFTforATKF4.elf.dir/Core/Src/syscalls.c.obj
                0x0000000008002460                _exit
 .text._sbrk    0x000000000800246c       0x3c CMakeFiles/testTFTforATKF4.elf.dir/Core/Src/syscalls.c.obj
                0x000000000800246c                _sbrk
 .text.SystemInit
                0x00000000080024a8        0x2 CMakeFiles/testTFTforATKF4.elf.dir/Core/Src/system_stm32f4xx.c.obj
                0x00000000080024a8                SystemInit
 *fill*         0x00000000080024aa        0x2 
 .text.MX_USART1_UART_Init
                0x00000000080024ac       0x34 CMakeFiles/testTFTforATKF4.elf.dir/Core/Src/usart.c.obj
                0x00000000080024ac                MX_USART1_UART_Init
 .text.HAL_UART_MspInit
                0x00000000080024e0       0x74 CMakeFiles/testTFTforATKF4.elf.dir/Core/Src/usart.c.obj
                0x00000000080024e0                HAL_UART_MspInit
 .text.HAL_InitTick
                0x0000000008002554       0x4c CMakeFiles/testTFTforATKF4.elf.dir/Drivers/STM32F4xx_HAL_Driver/Src/stm32f4xx_hal.c.obj
                0x0000000008002554                HAL_InitTick
 .text.HAL_Init
                0x00000000080025a0       0x34 CMakeFiles/testTFTforATKF4.elf.dir/Drivers/STM32F4xx_HAL_Driver/Src/stm32f4xx_hal.c.obj
                0x00000000080025a0                HAL_Init
 .text.HAL_IncTick
                0x00000000080025d4       0x18 CMakeFiles/testTFTforATKF4.elf.dir/Drivers/STM32F4xx_HAL_Driver/Src/stm32f4xx_hal.c.obj
                0x00000000080025d4                HAL_IncTick
 .text.HAL_GetTick
                0x00000000080025ec        0xc CMakeFiles/testTFTforATKF4.elf.dir/Drivers/STM32F4xx_HAL_Driver/Src/stm32f4xx_hal.c.obj
                0x00000000080025ec                HAL_GetTick
 .text.HAL_Delay
                0x00000000080025f8       0x28 CMakeFiles/testTFTforATKF4.elf.dir/Drivers/STM32F4xx_HAL_Driver/Src/stm32f4xx_hal.c.obj
                0x00000000080025f8                HAL_Delay
 .text.HAL_NVIC_SetPriorityGrouping
                0x0000000008002620       0x24 CMakeFiles/testTFTforATKF4.elf.dir/Drivers/STM32F4xx_HAL_Driver/Src/stm32f4xx_hal_cortex.c.obj
                0x0000000008002620                HAL_NVIC_SetPriorityGrouping
 .text.HAL_NVIC_SetPriority
                0x0000000008002644       0x68 CMakeFiles/testTFTforATKF4.elf.dir/Drivers/STM32F4xx_HAL_Driver/Src/stm32f4xx_hal_cortex.c.obj
                0x0000000008002644                HAL_NVIC_SetPriority
 .text.HAL_SYSTICK_Config
                0x00000000080026ac       0x2c CMakeFiles/testTFTforATKF4.elf.dir/Drivers/STM32F4xx_HAL_Driver/Src/stm32f4xx_hal_cortex.c.obj
                0x00000000080026ac                HAL_SYSTICK_Config
 .text.HAL_GPIO_Init
                0x00000000080026d8      0x1d4 CMakeFiles/testTFTforATKF4.elf.dir/Drivers/STM32F4xx_HAL_Driver/Src/stm32f4xx_hal_gpio.c.obj
                0x00000000080026d8                HAL_GPIO_Init
 .text.HAL_GPIO_WritePin
                0x00000000080028ac        0xc CMakeFiles/testTFTforATKF4.elf.dir/Drivers/STM32F4xx_HAL_Driver/Src/stm32f4xx_hal_gpio.c.obj
                0x00000000080028ac                HAL_GPIO_WritePin
 .text.HAL_I2C_Init
                0x00000000080028b8      0x1bc CMakeFiles/testTFTforATKF4.elf.dir/Drivers/STM32F4xx_HAL_Driver/Src/stm32f4xx_hal_i2c.c.obj
                0x00000000080028b8                HAL_I2C_Init
 .text.HAL_RCC_OscConfig
                0x0000000008002a74      0x3f8 CMakeFiles/testTFTforATKF4.elf.dir/Drivers/STM32F4xx_HAL_Driver/Src/stm32f4xx_hal_rcc.c.obj
                0x0000000008002a74                HAL_RCC_OscConfig
 .text.HAL_RCC_GetSysClockFreq
                0x0000000008002e6c       0xcc CMakeFiles/testTFTforATKF4.elf.dir/Drivers/STM32F4xx_HAL_Driver/Src/stm32f4xx_hal_rcc.c.obj
                0x0000000008002e6c                HAL_RCC_GetSysClockFreq
 .text.HAL_RCC_ClockConfig
                0x0000000008002f38      0x160 CMakeFiles/testTFTforATKF4.elf.dir/Drivers/STM32F4xx_HAL_Driver/Src/stm32f4xx_hal_rcc.c.obj
                0x0000000008002f38                HAL_RCC_ClockConfig
 .text.HAL_RCC_GetHCLKFreq
                0x0000000008003098        0xc CMakeFiles/testTFTforATKF4.elf.dir/Drivers/STM32F4xx_HAL_Driver/Src/stm32f4xx_hal_rcc.c.obj
                0x0000000008003098                HAL_RCC_GetHCLKFreq
 .text.HAL_RCC_GetPCLK1Freq
                0x00000000080030a4       0x20 CMakeFiles/testTFTforATKF4.elf.dir/Drivers/STM32F4xx_HAL_Driver/Src/stm32f4xx_hal_rcc.c.obj
                0x00000000080030a4                HAL_RCC_GetPCLK1Freq
 .text.HAL_RCC_GetPCLK2Freq
                0x00000000080030c4       0x20 CMakeFiles/testTFTforATKF4.elf.dir/Drivers/STM32F4xx_HAL_Driver/Src/stm32f4xx_hal_rcc.c.obj
                0x00000000080030c4                HAL_RCC_GetPCLK2Freq
 .text.HAL_SRAM_Init
                0x00000000080030e4       0x52 CMakeFiles/testTFTforATKF4.elf.dir/Drivers/STM32F4xx_HAL_Driver/Src/stm32f4xx_hal_sram.c.obj
                0x00000000080030e4                HAL_SRAM_Init
 *fill*         0x0000000008003136        0x2 
 .text.UART_SetConfig
                0x0000000008003138      0x11c CMakeFiles/testTFTforATKF4.elf.dir/Drivers/STM32F4xx_HAL_Driver/Src/stm32f4xx_hal_uart.c.obj
 .text.UART_WaitOnFlagUntilTimeout
                0x0000000008003254       0x68 CMakeFiles/testTFTforATKF4.elf.dir/Drivers/STM32F4xx_HAL_Driver/Src/stm32f4xx_hal_uart.c.obj
 .text.HAL_UART_Init
                0x00000000080032bc       0x5e CMakeFiles/testTFTforATKF4.elf.dir/Drivers/STM32F4xx_HAL_Driver/Src/stm32f4xx_hal_uart.c.obj
                0x00000000080032bc                HAL_UART_Init
 .text.HAL_UART_Transmit
                0x000000000800331a       0xd8 CMakeFiles/testTFTforATKF4.elf.dir/Drivers/STM32F4xx_HAL_Driver/Src/stm32f4xx_hal_uart.c.obj
                0x000000000800331a                HAL_UART_Transmit
 *fill*         0x00000000080033f2        0x2 
 .text.FSMC_NORSRAM_Init
                0x00000000080033f4       0x5c CMakeFiles/testTFTforATKF4.elf.dir/Drivers/STM32F4xx_HAL_Driver/Src/stm32f4xx_ll_fsmc.c.obj
                0x00000000080033f4                FSMC_NORSRAM_Init
 .text.FSMC_NORSRAM_Timing_Init
                0x0000000008003450       0x40 CMakeFiles/testTFTforATKF4.elf.dir/Drivers/STM32F4xx_HAL_Driver/Src/stm32f4xx_ll_fsmc.c.obj
                0x0000000008003450                FSMC_NORSRAM_Timing_Init
 .text.FSMC_NORSRAM_Extended_Timing_Init
                0x0000000008003490       0x44 CMakeFiles/testTFTforATKF4.elf.dir/Drivers/STM32F4xx_HAL_Driver/Src/stm32f4xx_ll_fsmc.c.obj
                0x0000000008003490                FSMC_NORSRAM_Extended_Timing_Init
 .text.LCD_WR_REG
                0x00000000080034d4       0x18 CMakeFiles/testTFTforATKF4.elf.dir/Hardwares/LCD/lcd.c.obj
                0x00000000080034d4                LCD_WR_REG
 .text.LCD_WR_DATA
                0x00000000080034ec       0x18 CMakeFiles/testTFTforATKF4.elf.dir/Hardwares/LCD/lcd.c.obj
                0x00000000080034ec                LCD_WR_DATA
 .text.LCD_RD_DATA
                0x0000000008003504       0x18 CMakeFiles/testTFTforATKF4.elf.dir/Hardwares/LCD/lcd.c.obj
                0x0000000008003504                LCD_RD_DATA
 .text.LCD_WriteReg
                0x000000000800351c        0xc CMakeFiles/testTFTforATKF4.elf.dir/Hardwares/LCD/lcd.c.obj
                0x000000000800351c                LCD_WriteReg
 .text.LCD_WriteRAM_Prepare
                0x0000000008003528       0x14 CMakeFiles/testTFTforATKF4.elf.dir/Hardwares/LCD/lcd.c.obj
                0x0000000008003528                LCD_WriteRAM_Prepare
 .text.LCD_Scan_Dir
                0x000000000800353c       0xc0 CMakeFiles/testTFTforATKF4.elf.dir/Hardwares/LCD/lcd.c.obj
                0x000000000800353c                LCD_Scan_Dir
 .text.LCD_Display_Dir
                0x00000000080035fc       0x58 CMakeFiles/testTFTforATKF4.elf.dir/Hardwares/LCD/lcd.c.obj
                0x00000000080035fc                LCD_Display_Dir
 .text.LCD_SetCursor
                0x0000000008003654       0x34 CMakeFiles/testTFTforATKF4.elf.dir/Hardwares/LCD/lcd.c.obj
                0x0000000008003654                LCD_SetCursor
 .text.LCD_Clear
                0x0000000008003688       0x38 CMakeFiles/testTFTforATKF4.elf.dir/Hardwares/LCD/lcd.c.obj
                0x0000000008003688                LCD_Clear
 .text.LCD_ShowImage
                0x00000000080036c0       0x60 CMakeFiles/testTFTforATKF4.elf.dir/Hardwares/LCD/lcd.c.obj
                0x00000000080036c0                LCD_ShowImage
 .text.LCD_Init
                0x0000000008003720      0x2b4 CMakeFiles/testTFTforATKF4.elf.dir/Hardwares/LCD/lcd.c.obj
                0x0000000008003720                LCD_Init
 .text.Reset_Handler
                0x00000000080039d4       0x50 CMakeFiles/testTFTforATKF4.elf.dir/startup/startup_stm32f407xx.s.obj
                0x00000000080039d4                Reset_Handler
 .text.Default_Handler
                0x0000000008003a24        0x2 CMakeFiles/testTFTforATKF4.elf.dir/startup/startup_stm32f407xx.s.obj
                0x0000000008003a24                DMA1_Stream3_IRQHandler
                0x0000000008003a24                HASH_RNG_IRQHandler
                0x0000000008003a24                EXTI2_IRQHandler
                0x0000000008003a24                TIM8_CC_IRQHandler
                0x0000000008003a24                TIM1_CC_IRQHandler
                0x0000000008003a24                DMA2_Stream5_IRQHandler
                0x0000000008003a24                DMA1_Stream5_IRQHandler
                0x0000000008003a24                PVD_IRQHandler
                0x0000000008003a24                SDIO_IRQHandler
                0x0000000008003a24                TAMP_STAMP_IRQHandler
                0x0000000008003a24                CAN2_RX1_IRQHandler
                0x0000000008003a24                EXTI3_IRQHandler
                0x0000000008003a24                TIM8_TRG_COM_TIM14_IRQHandler
                0x0000000008003a24                TIM1_UP_TIM10_IRQHandler
                0x0000000008003a24                TIM8_UP_TIM13_IRQHandler
                0x0000000008003a24                I2C3_ER_IRQHandler
                0x0000000008003a24                EXTI0_IRQHandler
                0x0000000008003a24                I2C2_EV_IRQHandler
                0x0000000008003a24                DMA1_Stream2_IRQHandler
                0x0000000008003a24                CAN1_RX0_IRQHandler
                0x0000000008003a24                FPU_IRQHandler
                0x0000000008003a24                OTG_HS_WKUP_IRQHandler
                0x0000000008003a24                CAN2_SCE_IRQHandler
                0x0000000008003a24                DMA2_Stream2_IRQHandler
                0x0000000008003a24                SPI1_IRQHandler
                0x0000000008003a24                TIM6_DAC_IRQHandler
                0x0000000008003a24                TIM1_BRK_TIM9_IRQHandler
                0x0000000008003a24                DCMI_IRQHandler
                0x0000000008003a24                CAN2_RX0_IRQHandler
                0x0000000008003a24                DMA2_Stream3_IRQHandler
                0x0000000008003a24                USART6_IRQHandler
                0x0000000008003a24                USART3_IRQHandler
                0x0000000008003a24                CAN1_RX1_IRQHandler
                0x0000000008003a24                UART5_IRQHandler
                0x0000000008003a24                DMA2_Stream0_IRQHandler
                0x0000000008003a24                TIM4_IRQHandler
                0x0000000008003a24                I2C1_EV_IRQHandler
                0x0000000008003a24                DMA1_Stream6_IRQHandler
                0x0000000008003a24                DMA1_Stream1_IRQHandler
                0x0000000008003a24                UART4_IRQHandler
                0x0000000008003a24                TIM3_IRQHandler
                0x0000000008003a24                RCC_IRQHandler
                0x0000000008003a24                TIM8_BRK_TIM12_IRQHandler
                0x0000000008003a24                Default_Handler
                0x0000000008003a24                EXTI15_10_IRQHandler
                0x0000000008003a24                ADC_IRQHandler
                0x0000000008003a24                DMA1_Stream7_IRQHandler
                0x0000000008003a24                TIM7_IRQHandler
                0x0000000008003a24                CAN2_TX_IRQHandler
                0x0000000008003a24                TIM5_IRQHandler
                0x0000000008003a24                DMA2_Stream7_IRQHandler
                0x0000000008003a24                I2C3_EV_IRQHandler
                0x0000000008003a24                EXTI9_5_IRQHandler
                0x0000000008003a24                RTC_WKUP_IRQHandler
                0x0000000008003a24                ETH_WKUP_IRQHandler
                0x0000000008003a24                SPI2_IRQHandler
                0x0000000008003a24                OTG_HS_EP1_IN_IRQHandler
                0x0000000008003a24                DMA1_Stream0_IRQHandler
                0x0000000008003a24                CAN1_TX_IRQHandler
                0x0000000008003a24                EXTI4_IRQHandler
                0x0000000008003a24                FSMC_IRQHandler
                0x0000000008003a24                ETH_IRQHandler
                0x0000000008003a24                OTG_HS_EP1_OUT_IRQHandler
                0x0000000008003a24                WWDG_IRQHandler
                0x0000000008003a24                TIM2_IRQHandler
                0x0000000008003a24                OTG_FS_WKUP_IRQHandler
                0x0000000008003a24                TIM1_TRG_COM_TIM11_IRQHandler
                0x0000000008003a24                OTG_HS_IRQHandler
                0x0000000008003a24                EXTI1_IRQHandler
                0x0000000008003a24                USART2_IRQHandler
                0x0000000008003a24                I2C2_ER_IRQHandler
                0x0000000008003a24                DMA2_Stream1_IRQHandler
                0x0000000008003a24                CAN1_SCE_IRQHandler
                0x0000000008003a24                FLASH_IRQHandler
                0x0000000008003a24                DMA2_Stream4_IRQHandler
                0x0000000008003a24                USART1_IRQHandler
                0x0000000008003a24                OTG_FS_IRQHandler
                0x0000000008003a24                SPI3_IRQHandler
                0x0000000008003a24                DMA1_Stream4_IRQHandler
                0x0000000008003a24                I2C1_ER_IRQHandler
                0x0000000008003a24                DMA2_Stream6_IRQHandler
                0x0000000008003a24                RTC_Alarm_IRQHandler
 *fill*         0x0000000008003a26        0x2 
 .text.abort    0x0000000008003a28       0x10 /usr/local/Caskroom/gcc-arm-embedded/9-2019-q4-major/gcc-arm-none-eabi-9-2019-q4-major/bin/../lib/gcc/arm-none-eabi/9.2.1/../../../../arm-none-eabi/lib/thumb/v7e-m/nofp/libg.a(lib_a-abort.o)
                0x0000000008003a28                abort
 .text.__errno  0x0000000008003a38        0xc /usr/local/Caskroom/gcc-arm-embedded/9-2019-q4-major/gcc-arm-none-eabi-9-2019-q4-major/bin/../lib/gcc/arm-none-eabi/9.2.1/../../../../arm-none-eabi/lib/thumb/v7e-m/nofp/libg.a(lib_a-errno.o)
                0x0000000008003a38                __errno
 .text.__libc_init_array
                0x0000000008003a44       0x48 /usr/local/Caskroom/gcc-arm-embedded/9-2019-q4-major/gcc-arm-none-eabi-9-2019-q4-major/bin/../lib/gcc/arm-none-eabi/9.2.1/../../../../arm-none-eabi/lib/thumb/v7e-m/nofp/libg.a(lib_a-init.o)
                0x0000000008003a44                __libc_init_array
 .text.memset   0x0000000008003a8c       0xa0 /usr/local/Caskroom/gcc-arm-embedded/9-2019-q4-major/gcc-arm-none-eabi-9-2019-q4-major/bin/../lib/gcc/arm-none-eabi/9.2.1/../../../../arm-none-eabi/lib/thumb/v7e-m/nofp/libg.a(lib_a-memset.o)
                0x0000000008003a8c                memset
 .text._raise_r
                0x0000000008003b2c       0x58 /usr/local/Caskroom/gcc-arm-embedded/9-2019-q4-major/gcc-arm-none-eabi-9-2019-q4-major/bin/../lib/gcc/arm-none-eabi/9.2.1/../../../../arm-none-eabi/lib/thumb/v7e-m/nofp/libg.a(lib_a-signal.o)
                0x0000000008003b2c                _raise_r
 .text.raise    0x0000000008003b84       0x10 /usr/local/Caskroom/gcc-arm-embedded/9-2019-q4-major/gcc-arm-none-eabi-9-2019-q4-major/bin/../lib/gcc/arm-none-eabi/9.2.1/../../../../arm-none-eabi/lib/thumb/v7e-m/nofp/libg.a(lib_a-signal.o)
                0x0000000008003b84                raise
 .text._kill_r  0x0000000008003b94       0x2c /usr/local/Caskroom/gcc-arm-embedded/9-2019-q4-major/gcc-arm-none-eabi-9-2019-q4-major/bin/../lib/gcc/arm-none-eabi/9.2.1/../../../../arm-none-eabi/lib/thumb/v7e-m/nofp/libg.a(lib_a-signalr.o)
                0x0000000008003b94                _kill_r
 .text._getpid_r
                0x0000000008003bc0        0x4 /usr/local/Caskroom/gcc-arm-embedded/9-2019-q4-major/gcc-arm-none-eabi-9-2019-q4-major/bin/../lib/gcc/arm-none-eabi/9.2.1/../../../../arm-none-eabi/lib/thumb/v7e-m/nofp/libg.a(lib_a-signalr.o)
                0x0000000008003bc0                _getpid_r
 .text.sprintf  0x0000000008003bc4       0x44 /usr/local/Caskroom/gcc-arm-embedded/9-2019-q4-major/gcc-arm-none-eabi-9-2019-q4-major/bin/../lib/gcc/arm-none-eabi/9.2.1/../../../../arm-none-eabi/lib/thumb/v7e-m/nofp/libg.a(lib_a-sprintf.o)
                0x0000000008003bc4                sprintf
 .text._svfprintf_r
                0x0000000008003c08     0x1acc /usr/local/Caskroom/gcc-arm-embedded/9-2019-q4-major/gcc-arm-none-eabi-9-2019-q4-major/bin/../lib/gcc/arm-none-eabi/9.2.1/../../../../arm-none-eabi/lib/thumb/v7e-m/nofp/libg.a(lib_a-svfprintf.o)
                0x0000000008003c08                _svfprintf_r
 .text.startup.register_fini
                0x00000000080056d4       0x14 /usr/local/Caskroom/gcc-arm-embedded/9-2019-q4-major/gcc-arm-none-eabi-9-2019-q4-major/bin/../lib/gcc/arm-none-eabi/9.2.1/../../../../arm-none-eabi/lib/thumb/v7e-m/nofp/libg.a(lib_a-__call_atexit.o)
 .text.atexit   0x00000000080056e8        0xc /usr/local/Caskroom/gcc-arm-embedded/9-2019-q4-major/gcc-arm-none-eabi-9-2019-q4-major/bin/../lib/gcc/arm-none-eabi/9.2.1/../../../../arm-none-eabi/lib/thumb/v7e-m/nofp/libg.a(lib_a-atexit.o)
                0x00000000080056e8                atexit
 .text.quorem   0x00000000080056f4      0x11c /usr/local/Caskroom/gcc-arm-embedded/9-2019-q4-major/gcc-arm-none-eabi-9-2019-q4-major/bin/../lib/gcc/arm-none-eabi/9.2.1/../../../../arm-none-eabi/lib/thumb/v7e-m/nofp/libg.a(lib_a-dtoa.o)
 .text._dtoa_r  0x0000000008005810      0xeb8 /usr/local/Caskroom/gcc-arm-embedded/9-2019-q4-major/gcc-arm-none-eabi-9-2019-q4-major/bin/../lib/gcc/arm-none-eabi/9.2.1/../../../../arm-none-eabi/lib/thumb/v7e-m/nofp/libg.a(lib_a-dtoa.o)
                0x0000000008005810                _dtoa_r
 .text.__libc_fini_array
                0x00000000080066c8       0x2c /usr/local/Caskroom/gcc-arm-embedded/9-2019-q4-major/gcc-arm-none-eabi-9-2019-q4-major/bin/../lib/gcc/arm-none-eabi/9.2.1/../../../../arm-none-eabi/lib/thumb/v7e-m/nofp/libg.a(lib_a-fini.o)
                0x00000000080066c8                __libc_fini_array
 .text._malloc_trim_r
                0x00000000080066f4       0xa0 /usr/local/Caskroom/gcc-arm-embedded/9-2019-q4-major/gcc-arm-none-eabi-9-2019-q4-major/bin/../lib/gcc/arm-none-eabi/9.2.1/../../../../arm-none-eabi/lib/thumb/v7e-m/nofp/libg.a(lib_a-freer.o)
                0x00000000080066f4                _malloc_trim_r
 .text._free_r  0x0000000008006794      0x208 /usr/local/Caskroom/gcc-arm-embedded/9-2019-q4-major/gcc-arm-none-eabi-9-2019-q4-major/bin/../lib/gcc/arm-none-eabi/9.2.1/../../../../arm-none-eabi/lib/thumb/v7e-m/nofp/libg.a(lib_a-freer.o)
                0x0000000008006794                _free_r
 .text._localeconv_r
                0x000000000800699c        0x8 /usr/local/Caskroom/gcc-arm-embedded/9-2019-q4-major/gcc-arm-none-eabi-9-2019-q4-major/bin/../lib/gcc/arm-none-eabi/9.2.1/../../../../arm-none-eabi/lib/thumb/v7e-m/nofp/libg.a(lib_a-localeconv.o)
                0x000000000800699c                _localeconv_r
 .text.__retarget_lock_acquire_recursive
                0x00000000080069a4        0x4 /usr/local/Caskroom/gcc-arm-embedded/9-2019-q4-major/gcc-arm-none-eabi-9-2019-q4-major/bin/../lib/gcc/arm-none-eabi/9.2.1/../../../../arm-none-eabi/lib/thumb/v7e-m/nofp/libg.a(lib_a-lock.o)
                0x00000000080069a4                __retarget_lock_acquire_recursive
 .text.__retarget_lock_release_recursive
                0x00000000080069a8        0x4 /usr/local/Caskroom/gcc-arm-embedded/9-2019-q4-major/gcc-arm-none-eabi-9-2019-q4-major/bin/../lib/gcc/arm-none-eabi/9.2.1/../../../../arm-none-eabi/lib/thumb/v7e-m/nofp/libg.a(lib_a-lock.o)
                0x00000000080069a8                __retarget_lock_release_recursive
 .text._malloc_r
                0x00000000080069ac      0x574 /usr/local/Caskroom/gcc-arm-embedded/9-2019-q4-major/gcc-arm-none-eabi-9-2019-q4-major/bin/../lib/gcc/arm-none-eabi/9.2.1/../../../../arm-none-eabi/lib/thumb/v7e-m/nofp/libg.a(lib_a-mallocr.o)
                0x00000000080069ac                _malloc_r
 .text.__malloc_lock
                0x0000000008006f20        0xc /usr/local/Caskroom/gcc-arm-embedded/9-2019-q4-major/gcc-arm-none-eabi-9-2019-q4-major/bin/../lib/gcc/arm-none-eabi/9.2.1/../../../../arm-none-eabi/lib/thumb/v7e-m/nofp/libg.a(lib_a-mlock.o)
                0x0000000008006f20                __malloc_lock
 .text.__malloc_unlock
                0x0000000008006f2c        0xc /usr/local/Caskroom/gcc-arm-embedded/9-2019-q4-major/gcc-arm-none-eabi-9-2019-q4-major/bin/../lib/gcc/arm-none-eabi/9.2.1/../../../../arm-none-eabi/lib/thumb/v7e-m/nofp/libg.a(lib_a-mlock.o)
                0x0000000008006f2c                __malloc_unlock
 .text._Balloc  0x0000000008006f38       0x4c /usr/local/Caskroom/gcc-arm-embedded/9-2019-q4-major/gcc-arm-none-eabi-9-2019-q4-major/bin/../lib/gcc/arm-none-eabi/9.2.1/../../../../arm-none-eabi/lib/thumb/v7e-m/nofp/libg.a(lib_a-mprec.o)
                0x0000000008006f38                _Balloc
 .text._Bfree   0x0000000008006f84       0x14 /usr/local/Caskroom/gcc-arm-embedded/9-2019-q4-major/gcc-arm-none-eabi-9-2019-q4-major/bin/../lib/gcc/arm-none-eabi/9.2.1/../../../../arm-none-eabi/lib/thumb/v7e-m/nofp/libg.a(lib_a-mprec.o)
                0x0000000008006f84                _Bfree
 .text.__multadd
                0x0000000008006f98       0x80 /usr/local/Caskroom/gcc-arm-embedded/9-2019-q4-major/gcc-arm-none-eabi-9-2019-q4-major/bin/../lib/gcc/arm-none-eabi/9.2.1/../../../../arm-none-eabi/lib/thumb/v7e-m/nofp/libg.a(lib_a-mprec.o)
                0x0000000008006f98                __multadd
 .text.__hi0bits
                0x0000000008007018       0x40 /usr/local/Caskroom/gcc-arm-embedded/9-2019-q4-major/gcc-arm-none-eabi-9-2019-q4-major/bin/../lib/gcc/arm-none-eabi/9.2.1/../../../../arm-none-eabi/lib/thumb/v7e-m/nofp/libg.a(lib_a-mprec.o)
                0x0000000008007018                __hi0bits
 .text.__lo0bits
                0x0000000008007058       0x60 /usr/local/Caskroom/gcc-arm-embedded/9-2019-q4-major/gcc-arm-none-eabi-9-2019-q4-major/bin/../lib/gcc/arm-none-eabi/9.2.1/../../../../arm-none-eabi/lib/thumb/v7e-m/nofp/libg.a(lib_a-mprec.o)
                0x0000000008007058                __lo0bits
 .text.__i2b    0x00000000080070b8       0x14 /usr/local/Caskroom/gcc-arm-embedded/9-2019-q4-major/gcc-arm-none-eabi-9-2019-q4-major/bin/../lib/gcc/arm-none-eabi/9.2.1/../../../../arm-none-eabi/lib/thumb/v7e-m/nofp/libg.a(lib_a-mprec.o)
                0x00000000080070b8                __i2b
 .text.__multiply
                0x00000000080070cc      0x144 /usr/local/Caskroom/gcc-arm-embedded/9-2019-q4-major/gcc-arm-none-eabi-9-2019-q4-major/bin/../lib/gcc/arm-none-eabi/9.2.1/../../../../arm-none-eabi/lib/thumb/v7e-m/nofp/libg.a(lib_a-mprec.o)
                0x00000000080070cc                __multiply
 .text.__pow5mult
                0x0000000008007210       0xa0 /usr/local/Caskroom/gcc-arm-embedded/9-2019-q4-major/gcc-arm-none-eabi-9-2019-q4-major/bin/../lib/gcc/arm-none-eabi/9.2.1/../../../../arm-none-eabi/lib/thumb/v7e-m/nofp/libg.a(lib_a-mprec.o)
                0x0000000008007210                __pow5mult
 .text.__lshift
                0x00000000080072b0       0xd4 /usr/local/Caskroom/gcc-arm-embedded/9-2019-q4-major/gcc-arm-none-eabi-9-2019-q4-major/bin/../lib/gcc/arm-none-eabi/9.2.1/../../../../arm-none-eabi/lib/thumb/v7e-m/nofp/libg.a(lib_a-mprec.o)
                0x00000000080072b0                __lshift
 .text.__mcmp   0x0000000008007384       0x3c /usr/local/Caskroom/gcc-arm-embedded/9-2019-q4-major/gcc-arm-none-eabi-9-2019-q4-major/bin/../lib/gcc/arm-none-eabi/9.2.1/../../../../arm-none-eabi/lib/thumb/v7e-m/nofp/libg.a(lib_a-mprec.o)
                0x0000000008007384                __mcmp
 .text.__mdiff  0x00000000080073c0      0x138 /usr/local/Caskroom/gcc-arm-embedded/9-2019-q4-major/gcc-arm-none-eabi-9-2019-q4-major/bin/../lib/gcc/arm-none-eabi/9.2.1/../../../../arm-none-eabi/lib/thumb/v7e-m/nofp/libg.a(lib_a-mprec.o)
                0x00000000080073c0                __mdiff
 .text.__d2b    0x00000000080074f8       0xa8 /usr/local/Caskroom/gcc-arm-embedded/9-2019-q4-major/gcc-arm-none-eabi-9-2019-q4-major/bin/../lib/gcc/arm-none-eabi/9.2.1/../../../../arm-none-eabi/lib/thumb/v7e-m/nofp/libg.a(lib_a-mprec.o)
                0x00000000080074f8                __d2b
 .text.frexp    0x00000000080075a0       0x70 /usr/local/Caskroom/gcc-arm-embedded/9-2019-q4-major/gcc-arm-none-eabi-9-2019-q4-major/bin/../lib/gcc/arm-none-eabi/9.2.1/../../../../arm-none-eabi/lib/thumb/v7e-m/nofp/libg.a(lib_a-s_frexp.o)
                0x00000000080075a0                frexp
 .text._sbrk_r  0x0000000008007610       0x24 /usr/local/Caskroom/gcc-arm-embedded/9-2019-q4-major/gcc-arm-none-eabi-9-2019-q4-major/bin/../lib/gcc/arm-none-eabi/9.2.1/../../../../arm-none-eabi/lib/thumb/v7e-m/nofp/libg.a(lib_a-sbrkr.o)
                0x0000000008007610                _sbrk_r
 .text.strncpy  0x0000000008007634       0x68 /usr/local/Caskroom/gcc-arm-embedded/9-2019-q4-major/gcc-arm-none-eabi-9-2019-q4-major/bin/../lib/gcc/arm-none-eabi/9.2.1/../../../../arm-none-eabi/lib/thumb/v7e-m/nofp/libg.a(lib_a-strncpy.o)
                0x0000000008007634                strncpy
 .text.__ssprint_r
                0x000000000800769c       0xf8 /usr/local/Caskroom/gcc-arm-embedded/9-2019-q4-major/gcc-arm-none-eabi-9-2019-q4-major/bin/../lib/gcc/arm-none-eabi/9.2.1/../../../../arm-none-eabi/lib/thumb/v7e-m/nofp/libg.a(lib_a-svfiprintf.o)
                0x000000000800769c                __ssprint_r
 .text.__register_exitproc
                0x0000000008007794       0x8c /usr/local/Caskroom/gcc-arm-embedded/9-2019-q4-major/gcc-arm-none-eabi-9-2019-q4-major/bin/../lib/gcc/arm-none-eabi/9.2.1/../../../../arm-none-eabi/lib/thumb/v7e-m/nofp/libg.a(lib_a-__atexit.o)
                0x0000000008007794                __register_exitproc
 .text._calloc_r
                0x0000000008007820       0x60 /usr/local/Caskroom/gcc-arm-embedded/9-2019-q4-major/gcc-arm-none-eabi-9-2019-q4-major/bin/../lib/gcc/arm-none-eabi/9.2.1/../../../../arm-none-eabi/lib/thumb/v7e-m/nofp/libg.a(lib_a-callocr.o)
                0x0000000008007820                _calloc_r
 .text.__ascii_mbtowc
                0x0000000008007880       0x2c /usr/local/Caskroom/gcc-arm-embedded/9-2019-q4-major/gcc-arm-none-eabi-9-2019-q4-major/bin/../lib/gcc/arm-none-eabi/9.2.1/../../../../arm-none-eabi/lib/thumb/v7e-m/nofp/libg.a(lib_a-mbtowc_r.o)
                0x0000000008007880                __ascii_mbtowc
 .text.memmove  0x00000000080078ac       0xd8 /usr/local/Caskroom/gcc-arm-embedded/9-2019-q4-major/gcc-arm-none-eabi-9-2019-q4-major/bin/../lib/gcc/arm-none-eabi/9.2.1/../../../../arm-none-eabi/lib/thumb/v7e-m/nofp/libg.a(lib_a-memmove.o)
                0x00000000080078ac                memmove
 .text._realloc_r
                0x0000000008007984      0x3e0 /usr/local/Caskroom/gcc-arm-embedded/9-2019-q4-major/gcc-arm-none-eabi-9-2019-q4-major/bin/../lib/gcc/arm-none-eabi/9.2.1/../../../../arm-none-eabi/lib/thumb/v7e-m/nofp/libg.a(lib_a-reallocr.o)
                0x0000000008007984                _realloc_r
 .text.__ascii_wctomb
                0x0000000008007d64       0x1c /usr/local/Caskroom/gcc-arm-embedded/9-2019-q4-major/gcc-arm-none-eabi-9-2019-q4-major/bin/../lib/gcc/arm-none-eabi/9.2.1/../../../../arm-none-eabi/lib/thumb/v7e-m/nofp/libg.a(lib_a-wctomb_r.o)
                0x0000000008007d64                __ascii_wctomb
 *(.glue_7)
 .glue_7        0x0000000008007d80        0x0 linker stubs
 *(.glue_7t)
 .glue_7t       0x0000000008007d80        0x0 linker stubs
 *(.eh_frame)
 .eh_frame      0x0000000008007d80        0x0 /usr/local/Caskroom/gcc-arm-embedded/9-2019-q4-major/gcc-arm-none-eabi-9-2019-q4-major/bin/../lib/gcc/arm-none-eabi/9.2.1/thumb/v7e-m/nofp/crtbegin.o
 *(.init)
 .init          0x0000000008007d80        0x4 /usr/local/Caskroom/gcc-arm-embedded/9-2019-q4-major/gcc-arm-none-eabi-9-2019-q4-major/bin/../lib/gcc/arm-none-eabi/9.2.1/thumb/v7e-m/nofp/crti.o
                0x0000000008007d80                _init
 .init          0x0000000008007d84        0x8 /usr/local/Caskroom/gcc-arm-embedded/9-2019-q4-major/gcc-arm-none-eabi-9-2019-q4-major/bin/../lib/gcc/arm-none-eabi/9.2.1/thumb/v7e-m/nofp/crtn.o
 *(.fini)
 .fini          0x0000000008007d8c        0x4 /usr/local/Caskroom/gcc-arm-embedded/9-2019-q4-major/gcc-arm-none-eabi-9-2019-q4-major/bin/../lib/gcc/arm-none-eabi/9.2.1/thumb/v7e-m/nofp/crti.o
                0x0000000008007d8c                _fini
 .fini          0x0000000008007d90        0x8 /usr/local/Caskroom/gcc-arm-embedded/9-2019-q4-major/gcc-arm-none-eabi-9-2019-q4-major/bin/../lib/gcc/arm-none-eabi/9.2.1/thumb/v7e-m/nofp/crtn.o
                0x0000000008007d98                . = ALIGN (0x4)
                0x0000000008007d98                _etext = .

.vfp11_veneer   0x0000000008007d98        0x0
 .vfp11_veneer  0x0000000008007d98        0x0 linker stubs

.v4_bx          0x0000000008007d98        0x0
 .v4_bx         0x0000000008007d98        0x0 linker stubs

.iplt           0x0000000008007d98        0x0
 .iplt          0x0000000008007d98        0x0 /usr/local/Caskroom/gcc-arm-embedded/9-2019-q4-major/gcc-arm-none-eabi-9-2019-q4-major/bin/../lib/gcc/arm-none-eabi/9.2.1/thumb/v7e-m/nofp/crtbegin.o

.rodata         0x0000000008007d98     0x7330
                0x0000000008007d98                . = ALIGN (0x4)
 *(.rodata)
 *(.rodata*)
 .rodata.AHBPrescTable
                0x0000000008007d98       0x10 CMakeFiles/testTFTforATKF4.elf.dir/Core/Src/system_stm32f4xx.c.obj
                0x0000000008007d98                AHBPrescTable
 .rodata.APBPrescTable
                0x0000000008007da8        0x8 CMakeFiles/testTFTforATKF4.elf.dir/Core/Src/system_stm32f4xx.c.obj
                0x0000000008007da8                APBPrescTable
 .rodata.LCD_Init.str1.4
                0x0000000008007db0        0xf CMakeFiles/testTFTforATKF4.elf.dir/Hardwares/LCD/lcd.c.obj
 *fill*         0x0000000008007dbf        0x1 
 .rodata.touxiang_map
                0x0000000008007dc0     0x7080 CMakeFiles/testTFTforATKF4.elf.dir/Hardwares/LCD/pic.c.obj
                0x0000000008007dc0                touxiang_map
 .rodata._global_impure_ptr
                0x000000000800ee40        0x4 /usr/local/Caskroom/gcc-arm-embedded/9-2019-q4-major/gcc-arm-none-eabi-9-2019-q4-major/bin/../lib/gcc/arm-none-eabi/9.2.1/../../../../arm-none-eabi/lib/thumb/v7e-m/nofp/libg.a(lib_a-impure.o)
                0x000000000800ee40                _global_impure_ptr
 .rodata._svfprintf_r.str1.4
                0x000000000800ee44       0x42 /usr/local/Caskroom/gcc-arm-embedded/9-2019-q4-major/gcc-arm-none-eabi-9-2019-q4-major/bin/../lib/gcc/arm-none-eabi/9.2.1/../../../../arm-none-eabi/lib/thumb/v7e-m/nofp/libg.a(lib_a-svfprintf.o)
 *fill*         0x000000000800ee86        0x2 
 .rodata.blanks.7345
                0x000000000800ee88       0x10 /usr/local/Caskroom/gcc-arm-embedded/9-2019-q4-major/gcc-arm-none-eabi-9-2019-q4-major/bin/../lib/gcc/arm-none-eabi/9.2.1/../../../../arm-none-eabi/lib/thumb/v7e-m/nofp/libg.a(lib_a-svfprintf.o)
 .rodata.zeroes.7346
                0x000000000800ee98       0x10 /usr/local/Caskroom/gcc-arm-embedded/9-2019-q4-major/gcc-arm-none-eabi-9-2019-q4-major/bin/../lib/gcc/arm-none-eabi/9.2.1/../../../../arm-none-eabi/lib/thumb/v7e-m/nofp/libg.a(lib_a-svfprintf.o)
 .rodata._dtoa_r.str1.4
                0x000000000800eea8        0xd /usr/local/Caskroom/gcc-arm-embedded/9-2019-q4-major/gcc-arm-none-eabi-9-2019-q4-major/bin/../lib/gcc/arm-none-eabi/9.2.1/../../../../arm-none-eabi/lib/thumb/v7e-m/nofp/libg.a(lib_a-dtoa.o)
                                         0x12 (size before relaxing)
 *fill*         0x000000000800eeb5        0x3 
 .rodata.__mprec_bigtens
                0x000000000800eeb8       0x28 /usr/local/Caskroom/gcc-arm-embedded/9-2019-q4-major/gcc-arm-none-eabi-9-2019-q4-major/bin/../lib/gcc/arm-none-eabi/9.2.1/../../../../arm-none-eabi/lib/thumb/v7e-m/nofp/libg.a(lib_a-mprec.o)
                0x000000000800eeb8                __mprec_bigtens
 .rodata.__mprec_tens
                0x000000000800eee0       0xc8 /usr/local/Caskroom/gcc-arm-embedded/9-2019-q4-major/gcc-arm-none-eabi-9-2019-q4-major/bin/../lib/gcc/arm-none-eabi/9.2.1/../../../../arm-none-eabi/lib/thumb/v7e-m/nofp/libg.a(lib_a-mprec.o)
                0x000000000800eee0                __mprec_tens
 .rodata.p05.6115
                0x000000000800efa8        0xc /usr/local/Caskroom/gcc-arm-embedded/9-2019-q4-major/gcc-arm-none-eabi-9-2019-q4-major/bin/../lib/gcc/arm-none-eabi/9.2.1/../../../../arm-none-eabi/lib/thumb/v7e-m/nofp/libg.a(lib_a-mprec.o)
 .rodata._setlocale_r.str1.4
                0x000000000800efb4        0xa /usr/local/Caskroom/gcc-arm-embedded/9-2019-q4-major/gcc-arm-none-eabi-9-2019-q4-major/bin/../lib/gcc/arm-none-eabi/9.2.1/../../../../arm-none-eabi/lib/thumb/v7e-m/nofp/libg.a(lib_a-locale.o)
                                          0xd (size before relaxing)
 *fill*         0x000000000800efbe        0x2 
 .rodata.str1.4
                0x000000000800efc0        0x2 /usr/local/Caskroom/gcc-arm-embedded/9-2019-q4-major/gcc-arm-none-eabi-9-2019-q4-major/bin/../lib/gcc/arm-none-eabi/9.2.1/../../../../arm-none-eabi/lib/thumb/v7e-m/nofp/libg.a(lib_a-locale.o)
 *fill*         0x000000000800efc2        0x2 
 .rodata._ctype_
                0x000000000800efc4      0x101 /usr/local/Caskroom/gcc-arm-embedded/9-2019-q4-major/gcc-arm-none-eabi-9-2019-q4-major/bin/../lib/gcc/arm-none-eabi/9.2.1/../../../../arm-none-eabi/lib/thumb/v7e-m/nofp/libg.a(lib_a-ctype_.o)
                0x000000000800efc4                _ctype_
                0x000000000800f0c8                . = ALIGN (0x4)
 *fill*         0x000000000800f0c5        0x3 

.ARM.extab      0x000000000800f0c8       0x24
 *(.ARM.extab* .gnu.linkonce.armextab.*)
 .ARM.extab.text.JumpToCpp
                0x000000000800f0c8        0xc CMakeFiles/testTFTforATKF4.elf.dir/Core/Src/main_cpp.cpp.obj
 .ARM.extab     0x000000000800f0d4       0x18 /usr/local/Caskroom/gcc-arm-embedded/9-2019-q4-major/gcc-arm-none-eabi-9-2019-q4-major/bin/../lib/gcc/arm-none-eabi/9.2.1/thumb/v7e-m/nofp/libgcc.a(pr-support.o)

.ARM            0x000000000800f0ec       0xd0
                0x000000000800f0ec                __exidx_start = .
 *(.ARM.exidx*)
 .ARM.exidx.text._Z8main_cppv
                0x000000000800f1a4        0x8 CMakeFiles/testTFTforATKF4.elf.dir/Core/Src/main_cpp.cpp.obj
 .ARM.exidx.text.JumpToCpp
                0x000000000800f1ac       0x10 CMakeFiles/testTFTforATKF4.elf.dir/Core/Src/main_cpp.cpp.obj
                                          0x8 (size before relaxing)
 .ARM.exidx     0x000000000800f0ec        0x8 /usr/local/Caskroom/gcc-arm-embedded/9-2019-q4-major/gcc-arm-none-eabi-9-2019-q4-major/bin/../lib/gcc/arm-none-eabi/9.2.1/thumb/v7e-m/nofp/libgcc.a(_udivmoddi4.o)
 .ARM.exidx     0x000000000800f0f4       0x78 /usr/local/Caskroom/gcc-arm-embedded/9-2019-q4-major/gcc-arm-none-eabi-9-2019-q4-major/bin/../lib/gcc/arm-none-eabi/9.2.1/thumb/v7e-m/nofp/libgcc.a(unwind-arm.o)
                                         0xd8 (size before relaxing)
 .ARM.exidx     0x000000000800f16c       0x38 /usr/local/Caskroom/gcc-arm-embedded/9-2019-q4-major/gcc-arm-none-eabi-9-2019-q4-major/bin/../lib/gcc/arm-none-eabi/9.2.1/thumb/v7e-m/nofp/libgcc.a(pr-support.o)
                0x000000000800f1bc                __exidx_end = .

.rel.dyn        0x000000000800f1bc        0x0
 .rel.iplt      0x000000000800f1bc        0x0 /usr/local/Caskroom/gcc-arm-embedded/9-2019-q4-major/gcc-arm-none-eabi-9-2019-q4-major/bin/../lib/gcc/arm-none-eabi/9.2.1/thumb/v7e-m/nofp/crtbegin.o

.preinit_array  0x000000000800f1bc        0x0
                0x000000000800f1bc                PROVIDE (__preinit_array_start = .)
 *(.preinit_array*)
                0x000000000800f1bc                PROVIDE (__preinit_array_end = .)

.init_array     0x000000000800f1bc        0x8
                0x000000000800f1bc                PROVIDE (__init_array_start = .)
 *(SORT_BY_NAME(.init_array.*))
 .init_array.00000
                0x000000000800f1bc        0x4 /usr/local/Caskroom/gcc-arm-embedded/9-2019-q4-major/gcc-arm-none-eabi-9-2019-q4-major/bin/../lib/gcc/arm-none-eabi/9.2.1/../../../../arm-none-eabi/lib/thumb/v7e-m/nofp/libg.a(lib_a-__call_atexit.o)
 *(.init_array*)
 .init_array    0x000000000800f1c0        0x4 /usr/local/Caskroom/gcc-arm-embedded/9-2019-q4-major/gcc-arm-none-eabi-9-2019-q4-major/bin/../lib/gcc/arm-none-eabi/9.2.1/thumb/v7e-m/nofp/crtbegin.o
                0x000000000800f1c4                PROVIDE (__init_array_end = .)

.fini_array     0x000000000800f1c4        0x4
                0x000000000800f1c4                PROVIDE (__fini_array_start = .)
 *(SORT_BY_NAME(.fini_array.*))
 *(.fini_array*)
 .fini_array    0x000000000800f1c4        0x4 /usr/local/Caskroom/gcc-arm-embedded/9-2019-q4-major/gcc-arm-none-eabi-9-2019-q4-major/bin/../lib/gcc/arm-none-eabi/9.2.1/thumb/v7e-m/nofp/crtbegin.o
                0x000000000800f1c8                PROVIDE (__fini_array_end = .)
                0x000000000800f1c8                _sidata = LOADADDR (.data)

.data           0x0000000020000000      0x9b8 load address 0x000000000800f1c8
                0x0000000020000000                . = ALIGN (0x4)
                0x0000000020000000                _sdata = .
 *(.data)
 *(.data*)
 .data.SystemCoreClock
                0x0000000020000000        0x4 CMakeFiles/testTFTforATKF4.elf.dir/Core/Src/system_stm32f4xx.c.obj
                0x0000000020000000                SystemCoreClock
 .data.uwTickFreq
                0x0000000020000004        0x1 CMakeFiles/testTFTforATKF4.elf.dir/Drivers/STM32F4xx_HAL_Driver/Src/stm32f4xx_hal.c.obj
                0x0000000020000004                uwTickFreq
 *fill*         0x0000000020000005        0x3 
 .data.uwTickPrio
                0x0000000020000008        0x4 CMakeFiles/testTFTforATKF4.elf.dir/Drivers/STM32F4xx_HAL_Driver/Src/stm32f4xx_hal.c.obj
                0x0000000020000008                uwTickPrio
 .data._impure_ptr
                0x000000002000000c        0x4 /usr/local/Caskroom/gcc-arm-embedded/9-2019-q4-major/gcc-arm-none-eabi-9-2019-q4-major/bin/../lib/gcc/arm-none-eabi/9.2.1/../../../../arm-none-eabi/lib/thumb/v7e-m/nofp/libg.a(lib_a-impure.o)
                0x000000002000000c                _impure_ptr
 .data.impure_data
                0x0000000020000010      0x428 /usr/local/Caskroom/gcc-arm-embedded/9-2019-q4-major/gcc-arm-none-eabi-9-2019-q4-major/bin/../lib/gcc/arm-none-eabi/9.2.1/../../../../arm-none-eabi/lib/thumb/v7e-m/nofp/libg.a(lib_a-impure.o)
 .data.__atexit_recursive_mutex
                0x0000000020000438        0x4 /usr/local/Caskroom/gcc-arm-embedded/9-2019-q4-major/gcc-arm-none-eabi-9-2019-q4-major/bin/../lib/gcc/arm-none-eabi/9.2.1/../../../../arm-none-eabi/lib/thumb/v7e-m/nofp/libg.a(lib_a-__call_atexit.o)
                0x0000000020000438                __atexit_recursive_mutex
 .data.__malloc_av_
                0x000000002000043c      0x408 /usr/local/Caskroom/gcc-arm-embedded/9-2019-q4-major/gcc-arm-none-eabi-9-2019-q4-major/bin/../lib/gcc/arm-none-eabi/9.2.1/../../../../arm-none-eabi/lib/thumb/v7e-m/nofp/libg.a(lib_a-mallocr.o)
                0x000000002000043c                __malloc_av_
 .data.__malloc_sbrk_base
                0x0000000020000844        0x4 /usr/local/Caskroom/gcc-arm-embedded/9-2019-q4-major/gcc-arm-none-eabi-9-2019-q4-major/bin/../lib/gcc/arm-none-eabi/9.2.1/../../../../arm-none-eabi/lib/thumb/v7e-m/nofp/libg.a(lib_a-mallocr.o)
                0x0000000020000844                __malloc_sbrk_base
 .data.__malloc_trim_threshold
                0x0000000020000848        0x4 /usr/local/Caskroom/gcc-arm-embedded/9-2019-q4-major/gcc-arm-none-eabi-9-2019-q4-major/bin/../lib/gcc/arm-none-eabi/9.2.1/../../../../arm-none-eabi/lib/thumb/v7e-m/nofp/libg.a(lib_a-mallocr.o)
                0x0000000020000848                __malloc_trim_threshold
 .data.__global_locale
                0x000000002000084c      0x16c /usr/local/Caskroom/gcc-arm-embedded/9-2019-q4-major/gcc-arm-none-eabi-9-2019-q4-major/bin/../lib/gcc/arm-none-eabi/9.2.1/../../../../arm-none-eabi/lib/thumb/v7e-m/nofp/libg.a(lib_a-locale.o)
                0x000000002000084c                __global_locale
                0x00000000200009b8                . = ALIGN (0x4)
                0x00000000200009b8                _edata = .
                0x000000000800fb80                _siccmram = LOADADDR (.ccmram)

.igot.plt       0x00000000200009b8        0x0 load address 0x000000000800fb80
 .igot.plt      0x00000000200009b8        0x0 /usr/local/Caskroom/gcc-arm-embedded/9-2019-q4-major/gcc-arm-none-eabi-9-2019-q4-major/bin/../lib/gcc/arm-none-eabi/9.2.1/thumb/v7e-m/nofp/crtbegin.o

.ccmram         0x0000000010000000        0x0 load address 0x000000000800fb80
                0x0000000010000000                . = ALIGN (0x4)
                0x0000000010000000                _sccmram = .
 *(.ccmram)
 *(.ccmram*)
                0x0000000010000000                . = ALIGN (0x4)
                0x0000000010000000                _eccmram = .
                0x0000000010000000                . = ALIGN (0x4)

.bss            0x00000000200009b8      0x17c
                0x00000000200009b8                _sbss = .
                0x00000000200009b8                __bss_start__ = _sbss
 *(.bss)
 .bss           0x00000000200009b8       0x1c /usr/local/Caskroom/gcc-arm-embedded/9-2019-q4-major/gcc-arm-none-eabi-9-2019-q4-major/bin/../lib/gcc/arm-none-eabi/9.2.1/thumb/v7e-m/nofp/crtbegin.o
 *(.bss*)
 .bss.FSMC_Initialized
                0x00000000200009d4        0x4 CMakeFiles/testTFTforATKF4.elf.dir/Core/Src/fsmc.c.obj
 .bss.hsram1    0x00000000200009d8       0x50 CMakeFiles/testTFTforATKF4.elf.dir/Core/Src/fsmc.c.obj
                0x00000000200009d8                hsram1
 .bss.hi2c1     0x0000000020000a28       0x54 CMakeFiles/testTFTforATKF4.elf.dir/Core/Src/i2c.c.obj
                0x0000000020000a28                hi2c1
 .bss.heap_end.6023
                0x0000000020000a7c        0x4 CMakeFiles/testTFTforATKF4.elf.dir/Core/Src/syscalls.c.obj
 .bss.huart1    0x0000000020000a80       0x44 CMakeFiles/testTFTforATKF4.elf.dir/Core/Src/usart.c.obj
                0x0000000020000a80                huart1
 .bss.uwTick    0x0000000020000ac4        0x4 CMakeFiles/testTFTforATKF4.elf.dir/Drivers/STM32F4xx_HAL_Driver/Src/stm32f4xx_hal.c.obj
                0x0000000020000ac4                uwTick
 .bss.DFT_SCAN_DIR
                0x0000000020000ac8        0x1 CMakeFiles/testTFTforATKF4.elf.dir/Hardwares/LCD/lcd.c.obj
                0x0000000020000ac8                DFT_SCAN_DIR
 *fill*         0x0000000020000ac9        0x3 
 .bss.lcddev    0x0000000020000acc        0xa CMakeFiles/testTFTforATKF4.elf.dir/Hardwares/LCD/lcd.c.obj
                0x0000000020000acc                lcddev
 *fill*         0x0000000020000ad6        0x2 
 .bss.__malloc_current_mallinfo
                0x0000000020000ad8       0x28 /usr/local/Caskroom/gcc-arm-embedded/9-2019-q4-major/gcc-arm-none-eabi-9-2019-q4-major/bin/../lib/gcc/arm-none-eabi/9.2.1/../../../../arm-none-eabi/lib/thumb/v7e-m/nofp/libg.a(lib_a-mallocr.o)
                0x0000000020000ad8                __malloc_current_mallinfo
 .bss.__malloc_max_sbrked_mem
                0x0000000020000b00        0x4 /usr/local/Caskroom/gcc-arm-embedded/9-2019-q4-major/gcc-arm-none-eabi-9-2019-q4-major/bin/../lib/gcc/arm-none-eabi/9.2.1/../../../../arm-none-eabi/lib/thumb/v7e-m/nofp/libg.a(lib_a-mallocr.o)
                0x0000000020000b00                __malloc_max_sbrked_mem
 .bss.__malloc_max_total_mem
                0x0000000020000b04        0x4 /usr/local/Caskroom/gcc-arm-embedded/9-2019-q4-major/gcc-arm-none-eabi-9-2019-q4-major/bin/../lib/gcc/arm-none-eabi/9.2.1/../../../../arm-none-eabi/lib/thumb/v7e-m/nofp/libg.a(lib_a-mallocr.o)
                0x0000000020000b04                __malloc_max_total_mem
 .bss.__malloc_top_pad
                0x0000000020000b08        0x4 /usr/local/Caskroom/gcc-arm-embedded/9-2019-q4-major/gcc-arm-none-eabi-9-2019-q4-major/bin/../lib/gcc/arm-none-eabi/9.2.1/../../../../arm-none-eabi/lib/thumb/v7e-m/nofp/libg.a(lib_a-mallocr.o)
                0x0000000020000b08                __malloc_top_pad
 *(COMMON)
 COMMON         0x0000000020000b0c       0x21 /usr/local/Caskroom/gcc-arm-embedded/9-2019-q4-major/gcc-arm-none-eabi-9-2019-q4-major/bin/../lib/gcc/arm-none-eabi/9.2.1/../../../../arm-none-eabi/lib/thumb/v7e-m/nofp/libg.a(lib_a-lock.o)
                0x0000000020000b0c                __lock___atexit_recursive_mutex
                0x0000000020000b10                __lock___arc4random_mutex
                0x0000000020000b14                __lock___env_recursive_mutex
                0x0000000020000b18                __lock___sinit_recursive_mutex
                0x0000000020000b1c                __lock___malloc_recursive_mutex
                0x0000000020000b20                __lock___at_quick_exit_mutex
                0x0000000020000b24                __lock___dd_hash_mutex
                0x0000000020000b28                __lock___tz_mutex
                0x0000000020000b2c                __lock___sfp_recursive_mutex
 *fill*         0x0000000020000b2d        0x3 
 COMMON         0x0000000020000b30        0x4 /usr/local/Caskroom/gcc-arm-embedded/9-2019-q4-major/gcc-arm-none-eabi-9-2019-q4-major/bin/../lib/gcc/arm-none-eabi/9.2.1/../../../../arm-none-eabi/lib/thumb/v7e-m/nofp/libg.a(lib_a-reent.o)
                0x0000000020000b30                errno
                0x0000000020000b34                . = ALIGN (0x4)
                0x0000000020000b34                _ebss = .
                0x0000000020000b34                __bss_end__ = _ebss

._user_heap_stack
                0x0000000020000b34      0x604
                0x0000000020000b38                . = ALIGN (0x8)
 *fill*         0x0000000020000b34        0x4 
                0x0000000020000b38                PROVIDE (end = .)
                [!provide]                        PROVIDE (_end = .)
                0x0000000020000d38                . = (. + _Min_Heap_Size)
 *fill*         0x0000000020000b38      0x200 
                0x0000000020001138                . = (. + _Min_Stack_Size)
 *fill*         0x0000000020000d38      0x400 
                0x0000000020001138                . = ALIGN (0x8)

/DISCARD/
 libc.a(*)
 libm.a(*)
 libgcc.a(*)

.ARM.attributes
                0x0000000000000000       0x2a
 *(.ARM.attributes)
 .ARM.attributes
                0x0000000000000000       0x1e /usr/local/Caskroom/gcc-arm-embedded/9-2019-q4-major/gcc-arm-none-eabi-9-2019-q4-major/bin/../lib/gcc/arm-none-eabi/9.2.1/thumb/v7e-m/nofp/crti.o
 .ARM.attributes
                0x000000000000001e       0x2e /usr/local/Caskroom/gcc-arm-embedded/9-2019-q4-major/gcc-arm-none-eabi-9-2019-q4-major/bin/../lib/gcc/arm-none-eabi/9.2.1/thumb/v7e-m/nofp/crtbegin.o
 .ARM.attributes
                0x000000000000004c       0x2e CMakeFiles/testTFTforATKF4.elf.dir/Core/Src/fsmc.c.obj
 .ARM.attributes
                0x000000000000007a       0x2e CMakeFiles/testTFTforATKF4.elf.dir/Core/Src/gpio.c.obj
 .ARM.attributes
                0x00000000000000a8       0x2e CMakeFiles/testTFTforATKF4.elf.dir/Core/Src/i2c.c.obj
 .ARM.attributes
                0x00000000000000d6       0x2e CMakeFiles/testTFTforATKF4.elf.dir/Core/Src/main.c.obj
 .ARM.attributes
                0x0000000000000104       0x2e CMakeFiles/testTFTforATKF4.elf.dir/Core/Src/main_cpp.cpp.obj
 .ARM.attributes
                0x0000000000000132       0x2e CMakeFiles/testTFTforATKF4.elf.dir/Core/Src/stm32f4xx_hal_msp.c.obj
 .ARM.attributes
                0x0000000000000160       0x2e CMakeFiles/testTFTforATKF4.elf.dir/Core/Src/stm32f4xx_it.c.obj
 .ARM.attributes
                0x000000000000018e       0x2e CMakeFiles/testTFTforATKF4.elf.dir/Core/Src/syscalls.c.obj
 .ARM.attributes
                0x00000000000001bc       0x2e CMakeFiles/testTFTforATKF4.elf.dir/Core/Src/system_stm32f4xx.c.obj
 .ARM.attributes
                0x00000000000001ea       0x2e CMakeFiles/testTFTforATKF4.elf.dir/Core/Src/usart.c.obj
 .ARM.attributes
                0x0000000000000218       0x2e CMakeFiles/testTFTforATKF4.elf.dir/Drivers/STM32F4xx_HAL_Driver/Src/stm32f4xx_hal.c.obj
 .ARM.attributes
                0x0000000000000246       0x2e CMakeFiles/testTFTforATKF4.elf.dir/Drivers/STM32F4xx_HAL_Driver/Src/stm32f4xx_hal_cortex.c.obj
 .ARM.attributes
                0x0000000000000274       0x2e CMakeFiles/testTFTforATKF4.elf.dir/Drivers/STM32F4xx_HAL_Driver/Src/stm32f4xx_hal_gpio.c.obj
 .ARM.attributes
                0x00000000000002a2       0x2e CMakeFiles/testTFTforATKF4.elf.dir/Drivers/STM32F4xx_HAL_Driver/Src/stm32f4xx_hal_i2c.c.obj
 .ARM.attributes
                0x00000000000002d0       0x2e CMakeFiles/testTFTforATKF4.elf.dir/Drivers/STM32F4xx_HAL_Driver/Src/stm32f4xx_hal_rcc.c.obj
 .ARM.attributes
                0x00000000000002fe       0x2e CMakeFiles/testTFTforATKF4.elf.dir/Drivers/STM32F4xx_HAL_Driver/Src/stm32f4xx_hal_sram.c.obj
 .ARM.attributes
                0x000000000000032c       0x2e CMakeFiles/testTFTforATKF4.elf.dir/Drivers/STM32F4xx_HAL_Driver/Src/stm32f4xx_hal_uart.c.obj
 .ARM.attributes
                0x000000000000035a       0x2e CMakeFiles/testTFTforATKF4.elf.dir/Drivers/STM32F4xx_HAL_Driver/Src/stm32f4xx_ll_fsmc.c.obj
 .ARM.attributes
                0x0000000000000388       0x2e CMakeFiles/testTFTforATKF4.elf.dir/Hardwares/LCD/lcd.c.obj
 .ARM.attributes
                0x00000000000003b6       0x33 CMakeFiles/testTFTforATKF4.elf.dir/Hardwares/LCD/pic.c.obj
 .ARM.attributes
                0x00000000000003e9       0x21 CMakeFiles/testTFTforATKF4.elf.dir/startup/startup_stm32f407xx.s.obj
 .ARM.attributes
                0x000000000000040a       0x1e /usr/local/Caskroom/gcc-arm-embedded/9-2019-q4-major/gcc-arm-none-eabi-9-2019-q4-major/bin/../lib/gcc/arm-none-eabi/9.2.1/thumb/v7e-m/nofp/libgcc.a(_arm_addsubdf3.o)
 .ARM.attributes
                0x0000000000000428       0x1e /usr/local/Caskroom/gcc-arm-embedded/9-2019-q4-major/gcc-arm-none-eabi-9-2019-q4-major/bin/../lib/gcc/arm-none-eabi/9.2.1/thumb/v7e-m/nofp/libgcc.a(_arm_muldivdf3.o)
 .ARM.attributes
                0x0000000000000446       0x1e /usr/local/Caskroom/gcc-arm-embedded/9-2019-q4-major/gcc-arm-none-eabi-9-2019-q4-major/bin/../lib/gcc/arm-none-eabi/9.2.1/thumb/v7e-m/nofp/libgcc.a(_arm_cmpdf2.o)
 .ARM.attributes
                0x0000000000000464       0x1e /usr/local/Caskroom/gcc-arm-embedded/9-2019-q4-major/gcc-arm-none-eabi-9-2019-q4-major/bin/../lib/gcc/arm-none-eabi/9.2.1/thumb/v7e-m/nofp/libgcc.a(_arm_unorddf2.o)
 .ARM.attributes
                0x0000000000000482       0x1e /usr/local/Caskroom/gcc-arm-embedded/9-2019-q4-major/gcc-arm-none-eabi-9-2019-q4-major/bin/../lib/gcc/arm-none-eabi/9.2.1/thumb/v7e-m/nofp/libgcc.a(_aeabi_uldivmod.o)
 .ARM.attributes
                0x00000000000004a0       0x2e /usr/local/Caskroom/gcc-arm-embedded/9-2019-q4-major/gcc-arm-none-eabi-9-2019-q4-major/bin/../lib/gcc/arm-none-eabi/9.2.1/thumb/v7e-m/nofp/libgcc.a(_udivmoddi4.o)
 .ARM.attributes
                0x00000000000004ce       0x1e /usr/local/Caskroom/gcc-arm-embedded/9-2019-q4-major/gcc-arm-none-eabi-9-2019-q4-major/bin/../lib/gcc/arm-none-eabi/9.2.1/thumb/v7e-m/nofp/libgcc.a(_dvmd_tls.o)
 .ARM.attributes
                0x00000000000004ec       0x2e /usr/local/Caskroom/gcc-arm-embedded/9-2019-q4-major/gcc-arm-none-eabi-9-2019-q4-major/bin/../lib/gcc/arm-none-eabi/9.2.1/../../../../arm-none-eabi/lib/thumb/v7e-m/nofp/libg.a(lib_a-errno.o)
 .ARM.attributes
                0x000000000000051a       0x2e /usr/local/Caskroom/gcc-arm-embedded/9-2019-q4-major/gcc-arm-none-eabi-9-2019-q4-major/bin/../lib/gcc/arm-none-eabi/9.2.1/../../../../arm-none-eabi/lib/thumb/v7e-m/nofp/libg.a(lib_a-impure.o)
 .ARM.attributes
                0x0000000000000548       0x2e /usr/local/Caskroom/gcc-arm-embedded/9-2019-q4-major/gcc-arm-none-eabi-9-2019-q4-major/bin/../lib/gcc/arm-none-eabi/9.2.1/../../../../arm-none-eabi/lib/thumb/v7e-m/nofp/libg.a(lib_a-init.o)
 .ARM.attributes
                0x0000000000000576       0x1c /usr/local/Caskroom/gcc-arm-embedded/9-2019-q4-major/gcc-arm-none-eabi-9-2019-q4-major/bin/../lib/gcc/arm-none-eabi/9.2.1/../../../../arm-none-eabi/lib/thumb/v7e-m/nofp/libg.a(lib_a-memcpy.o)
 .ARM.attributes
                0x0000000000000592       0x2e /usr/local/Caskroom/gcc-arm-embedded/9-2019-q4-major/gcc-arm-none-eabi-9-2019-q4-major/bin/../lib/gcc/arm-none-eabi/9.2.1/../../../../arm-none-eabi/lib/thumb/v7e-m/nofp/libg.a(lib_a-memset.o)
 .ARM.attributes
                0x00000000000005c0       0x2e /usr/local/Caskroom/gcc-arm-embedded/9-2019-q4-major/gcc-arm-none-eabi-9-2019-q4-major/bin/../lib/gcc/arm-none-eabi/9.2.1/../../../../arm-none-eabi/lib/thumb/v7e-m/nofp/libg.a(lib_a-sprintf.o)
 .ARM.attributes
                0x00000000000005ee       0x1c /usr/local/Caskroom/gcc-arm-embedded/9-2019-q4-major/gcc-arm-none-eabi-9-2019-q4-major/bin/../lib/gcc/arm-none-eabi/9.2.1/../../../../arm-none-eabi/lib/thumb/v7e-m/nofp/libg.a(lib_a-strlen.o)
 .ARM.attributes
                0x000000000000060a       0x2e /usr/local/Caskroom/gcc-arm-embedded/9-2019-q4-major/gcc-arm-none-eabi-9-2019-q4-major/bin/../lib/gcc/arm-none-eabi/9.2.1/../../../../arm-none-eabi/lib/thumb/v7e-m/nofp/libg.a(lib_a-svfprintf.o)
 .ARM.attributes
                0x0000000000000638       0x2e /usr/local/Caskroom/gcc-arm-embedded/9-2019-q4-major/gcc-arm-none-eabi-9-2019-q4-major/bin/../lib/gcc/arm-none-eabi/9.2.1/../../../../arm-none-eabi/lib/thumb/v7e-m/nofp/libg.a(lib_a-__call_atexit.o)
 .ARM.attributes
                0x0000000000000666       0x2e /usr/local/Caskroom/gcc-arm-embedded/9-2019-q4-major/gcc-arm-none-eabi-9-2019-q4-major/bin/../lib/gcc/arm-none-eabi/9.2.1/../../../../arm-none-eabi/lib/thumb/v7e-m/nofp/libg.a(lib_a-atexit.o)
 .ARM.attributes
                0x0000000000000694       0x2e /usr/local/Caskroom/gcc-arm-embedded/9-2019-q4-major/gcc-arm-none-eabi-9-2019-q4-major/bin/../lib/gcc/arm-none-eabi/9.2.1/../../../../arm-none-eabi/lib/thumb/v7e-m/nofp/libg.a(lib_a-dtoa.o)
 .ARM.attributes
                0x00000000000006c2       0x2e /usr/local/Caskroom/gcc-arm-embedded/9-2019-q4-major/gcc-arm-none-eabi-9-2019-q4-major/bin/../lib/gcc/arm-none-eabi/9.2.1/../../../../arm-none-eabi/lib/thumb/v7e-m/nofp/libg.a(lib_a-fini.o)
 .ARM.attributes
                0x00000000000006f0       0x2e /usr/local/Caskroom/gcc-arm-embedded/9-2019-q4-major/gcc-arm-none-eabi-9-2019-q4-major/bin/../lib/gcc/arm-none-eabi/9.2.1/../../../../arm-none-eabi/lib/thumb/v7e-m/nofp/libg.a(lib_a-freer.o)
 .ARM.attributes
                0x000000000000071e       0x2e /usr/local/Caskroom/gcc-arm-embedded/9-2019-q4-major/gcc-arm-none-eabi-9-2019-q4-major/bin/../lib/gcc/arm-none-eabi/9.2.1/../../../../arm-none-eabi/lib/thumb/v7e-m/nofp/libg.a(lib_a-localeconv.o)
 .ARM.attributes
                0x000000000000074c       0x2e /usr/local/Caskroom/gcc-arm-embedded/9-2019-q4-major/gcc-arm-none-eabi-9-2019-q4-major/bin/../lib/gcc/arm-none-eabi/9.2.1/../../../../arm-none-eabi/lib/thumb/v7e-m/nofp/libg.a(lib_a-lock.o)
 .ARM.attributes
                0x000000000000077a       0x2e /usr/local/Caskroom/gcc-arm-embedded/9-2019-q4-major/gcc-arm-none-eabi-9-2019-q4-major/bin/../lib/gcc/arm-none-eabi/9.2.1/../../../../arm-none-eabi/lib/thumb/v7e-m/nofp/libg.a(lib_a-mallocr.o)
 .ARM.attributes
                0x00000000000007a8       0x1c /usr/local/Caskroom/gcc-arm-embedded/9-2019-q4-major/gcc-arm-none-eabi-9-2019-q4-major/bin/../lib/gcc/arm-none-eabi/9.2.1/../../../../arm-none-eabi/lib/thumb/v7e-m/nofp/libg.a(lib_a-memchr.o)
 .ARM.attributes
                0x00000000000007c4       0x2e /usr/local/Caskroom/gcc-arm-embedded/9-2019-q4-major/gcc-arm-none-eabi-9-2019-q4-major/bin/../lib/gcc/arm-none-eabi/9.2.1/../../../../arm-none-eabi/lib/thumb/v7e-m/nofp/libg.a(lib_a-mlock.o)
 .ARM.attributes
                0x00000000000007f2       0x2e /usr/local/Caskroom/gcc-arm-embedded/9-2019-q4-major/gcc-arm-none-eabi-9-2019-q4-major/bin/../lib/gcc/arm-none-eabi/9.2.1/../../../../arm-none-eabi/lib/thumb/v7e-m/nofp/libg.a(lib_a-mprec.o)
 .ARM.attributes
                0x0000000000000820       0x2e /usr/local/Caskroom/gcc-arm-embedded/9-2019-q4-major/gcc-arm-none-eabi-9-2019-q4-major/bin/../lib/gcc/arm-none-eabi/9.2.1/../../../../arm-none-eabi/lib/thumb/v7e-m/nofp/libg.a(lib_a-reent.o)
 .ARM.attributes
                0x000000000000084e       0x2e /usr/local/Caskroom/gcc-arm-embedded/9-2019-q4-major/gcc-arm-none-eabi-9-2019-q4-major/bin/../lib/gcc/arm-none-eabi/9.2.1/../../../../arm-none-eabi/lib/thumb/v7e-m/nofp/libg.a(lib_a-s_frexp.o)
 .ARM.attributes
                0x000000000000087c       0x2e /usr/local/Caskroom/gcc-arm-embedded/9-2019-q4-major/gcc-arm-none-eabi-9-2019-q4-major/bin/../lib/gcc/arm-none-eabi/9.2.1/../../../../arm-none-eabi/lib/thumb/v7e-m/nofp/libg.a(lib_a-sbrkr.o)
 .ARM.attributes
                0x00000000000008aa       0x2e /usr/local/Caskroom/gcc-arm-embedded/9-2019-q4-major/gcc-arm-none-eabi-9-2019-q4-major/bin/../lib/gcc/arm-none-eabi/9.2.1/../../../../arm-none-eabi/lib/thumb/v7e-m/nofp/libg.a(lib_a-strncpy.o)
 .ARM.attributes
                0x00000000000008d8       0x2e /usr/local/Caskroom/gcc-arm-embedded/9-2019-q4-major/gcc-arm-none-eabi-9-2019-q4-major/bin/../lib/gcc/arm-none-eabi/9.2.1/../../../../arm-none-eabi/lib/thumb/v7e-m/nofp/libg.a(lib_a-svfiprintf.o)
 .ARM.attributes
                0x0000000000000906       0x2e /usr/local/Caskroom/gcc-arm-embedded/9-2019-q4-major/gcc-arm-none-eabi-9-2019-q4-major/bin/../lib/gcc/arm-none-eabi/9.2.1/../../../../arm-none-eabi/lib/thumb/v7e-m/nofp/libg.a(lib_a-__atexit.o)
 .ARM.attributes
                0x0000000000000934       0x2e /usr/local/Caskroom/gcc-arm-embedded/9-2019-q4-major/gcc-arm-none-eabi-9-2019-q4-major/bin/../lib/gcc/arm-none-eabi/9.2.1/../../../../arm-none-eabi/lib/thumb/v7e-m/nofp/libg.a(lib_a-callocr.o)
 .ARM.attributes
                0x0000000000000962       0x2e /usr/local/Caskroom/gcc-arm-embedded/9-2019-q4-major/gcc-arm-none-eabi-9-2019-q4-major/bin/../lib/gcc/arm-none-eabi/9.2.1/../../../../arm-none-eabi/lib/thumb/v7e-m/nofp/libg.a(lib_a-locale.o)
 .ARM.attributes
                0x0000000000000990       0x2e /usr/local/Caskroom/gcc-arm-embedded/9-2019-q4-major/gcc-arm-none-eabi-9-2019-q4-major/bin/../lib/gcc/arm-none-eabi/9.2.1/../../../../arm-none-eabi/lib/thumb/v7e-m/nofp/libg.a(lib_a-mbtowc_r.o)
 .ARM.attributes
                0x00000000000009be       0x2e /usr/local/Caskroom/gcc-arm-embedded/9-2019-q4-major/gcc-arm-none-eabi-9-2019-q4-major/bin/../lib/gcc/arm-none-eabi/9.2.1/../../../../arm-none-eabi/lib/thumb/v7e-m/nofp/libg.a(lib_a-memmove.o)
 .ARM.attributes
                0x00000000000009ec       0x2e /usr/local/Caskroom/gcc-arm-embedded/9-2019-q4-major/gcc-arm-none-eabi-9-2019-q4-major/bin/../lib/gcc/arm-none-eabi/9.2.1/../../../../arm-none-eabi/lib/thumb/v7e-m/nofp/libg.a(lib_a-reallocr.o)
 .ARM.attributes
                0x0000000000000a1a       0x2e /usr/local/Caskroom/gcc-arm-embedded/9-2019-q4-major/gcc-arm-none-eabi-9-2019-q4-major/bin/../lib/gcc/arm-none-eabi/9.2.1/../../../../arm-none-eabi/lib/thumb/v7e-m/nofp/libg.a(lib_a-wctomb_r.o)
 .ARM.attributes
                0x0000000000000a48       0x2e /usr/local/Caskroom/gcc-arm-embedded/9-2019-q4-major/gcc-arm-none-eabi-9-2019-q4-major/bin/../lib/gcc/arm-none-eabi/9.2.1/../../../../arm-none-eabi/lib/thumb/v7e-m/nofp/libg.a(lib_a-ctype_.o)
 .ARM.attributes
                0x0000000000000a76       0x1e /usr/local/Caskroom/gcc-arm-embedded/9-2019-q4-major/gcc-arm-none-eabi-9-2019-q4-major/bin/../lib/gcc/arm-none-eabi/9.2.1/thumb/v7e-m/nofp/libgcc.a(_arm_fixdfsi.o)
 .ARM.attributes
                0x0000000000000a94       0x1e /usr/local/Caskroom/gcc-arm-embedded/9-2019-q4-major/gcc-arm-none-eabi-9-2019-q4-major/bin/../lib/gcc/arm-none-eabi/9.2.1/thumb/v7e-m/nofp/crtn.o
OUTPUT(testTFTforATKF4.elf elf32-littlearm)

.debug_info     0x0000000000000000    0x134bf
 .debug_info    0x0000000000000000      0xc60 CMakeFiles/testTFTforATKF4.elf.dir/Core/Src/fsmc.c.obj
 .debug_info    0x0000000000000c60      0x66c CMakeFiles/testTFTforATKF4.elf.dir/Core/Src/gpio.c.obj
 .debug_info    0x00000000000012cc      0xb28 CMakeFiles/testTFTforATKF4.elf.dir/Core/Src/i2c.c.obj
 .debug_info    0x0000000000001df4     0x10cf CMakeFiles/testTFTforATKF4.elf.dir/Core/Src/main.c.obj
 .debug_info    0x0000000000002ec3     0x1a02 CMakeFiles/testTFTforATKF4.elf.dir/Core/Src/main_cpp.cpp.obj
 .debug_info    0x00000000000048c5      0x390 CMakeFiles/testTFTforATKF4.elf.dir/Core/Src/stm32f4xx_hal_msp.c.obj
 .debug_info    0x0000000000004c55      0x238 CMakeFiles/testTFTforATKF4.elf.dir/Core/Src/stm32f4xx_it.c.obj
 .debug_info    0x0000000000004e8d     0x112a CMakeFiles/testTFTforATKF4.elf.dir/Core/Src/syscalls.c.obj
 .debug_info    0x0000000000005fb7      0x3fe CMakeFiles/testTFTforATKF4.elf.dir/Core/Src/system_stm32f4xx.c.obj
 .debug_info    0x00000000000063b5      0xa97 CMakeFiles/testTFTforATKF4.elf.dir/Core/Src/usart.c.obj
 .debug_info    0x0000000000006e4c      0xa79 CMakeFiles/testTFTforATKF4.elf.dir/Drivers/STM32F4xx_HAL_Driver/Src/stm32f4xx_hal.c.obj
 .debug_info    0x00000000000078c5     0x1154 CMakeFiles/testTFTforATKF4.elf.dir/Drivers/STM32F4xx_HAL_Driver/Src/stm32f4xx_hal_cortex.c.obj
 .debug_info    0x0000000000008a19      0x884 CMakeFiles/testTFTforATKF4.elf.dir/Drivers/STM32F4xx_HAL_Driver/Src/stm32f4xx_hal_gpio.c.obj
 .debug_info    0x000000000000929d     0x39d9 CMakeFiles/testTFTforATKF4.elf.dir/Drivers/STM32F4xx_HAL_Driver/Src/stm32f4xx_hal_i2c.c.obj
 .debug_info    0x000000000000cc76      0xb5d CMakeFiles/testTFTforATKF4.elf.dir/Drivers/STM32F4xx_HAL_Driver/Src/stm32f4xx_hal_rcc.c.obj
 .debug_info    0x000000000000d7d3      0xd8d CMakeFiles/testTFTforATKF4.elf.dir/Drivers/STM32F4xx_HAL_Driver/Src/stm32f4xx_hal_sram.c.obj
 .debug_info    0x000000000000e560     0x1dab CMakeFiles/testTFTforATKF4.elf.dir/Drivers/STM32F4xx_HAL_Driver/Src/stm32f4xx_hal_uart.c.obj
 .debug_info    0x000000000001030b      0xc2d CMakeFiles/testTFTforATKF4.elf.dir/Drivers/STM32F4xx_HAL_Driver/Src/stm32f4xx_ll_fsmc.c.obj
 .debug_info    0x0000000000010f38     0x24bc CMakeFiles/testTFTforATKF4.elf.dir/Hardwares/LCD/lcd.c.obj
 .debug_info    0x00000000000133f4       0xa9 CMakeFiles/testTFTforATKF4.elf.dir/Hardwares/LCD/pic.c.obj
 .debug_info    0x000000000001349d       0x22 CMakeFiles/testTFTforATKF4.elf.dir/startup/startup_stm32f407xx.s.obj

.debug_abbrev   0x0000000000000000     0x2b78
 .debug_abbrev  0x0000000000000000      0x224 CMakeFiles/testTFTforATKF4.elf.dir/Core/Src/fsmc.c.obj
 .debug_abbrev  0x0000000000000224      0x17b CMakeFiles/testTFTforATKF4.elf.dir/Core/Src/gpio.c.obj
 .debug_abbrev  0x000000000000039f      0x1ed CMakeFiles/testTFTforATKF4.elf.dir/Core/Src/i2c.c.obj
 .debug_abbrev  0x000000000000058c      0x215 CMakeFiles/testTFTforATKF4.elf.dir/Core/Src/main.c.obj
 .debug_abbrev  0x00000000000007a1      0x346 CMakeFiles/testTFTforATKF4.elf.dir/Core/Src/main_cpp.cpp.obj
 .debug_abbrev  0x0000000000000ae7      0x11a CMakeFiles/testTFTforATKF4.elf.dir/Core/Src/stm32f4xx_hal_msp.c.obj
 .debug_abbrev  0x0000000000000c01       0xef CMakeFiles/testTFTforATKF4.elf.dir/Core/Src/stm32f4xx_it.c.obj
 .debug_abbrev  0x0000000000000cf0      0x31e CMakeFiles/testTFTforATKF4.elf.dir/Core/Src/syscalls.c.obj
 .debug_abbrev  0x000000000000100e      0x148 CMakeFiles/testTFTforATKF4.elf.dir/Core/Src/system_stm32f4xx.c.obj
 .debug_abbrev  0x0000000000001156      0x1ed CMakeFiles/testTFTforATKF4.elf.dir/Core/Src/usart.c.obj
 .debug_abbrev  0x0000000000001343      0x219 CMakeFiles/testTFTforATKF4.elf.dir/Drivers/STM32F4xx_HAL_Driver/Src/stm32f4xx_hal.c.obj
 .debug_abbrev  0x000000000000155c      0x390 CMakeFiles/testTFTforATKF4.elf.dir/Drivers/STM32F4xx_HAL_Driver/Src/stm32f4xx_hal_cortex.c.obj
 .debug_abbrev  0x00000000000018ec      0x21c CMakeFiles/testTFTforATKF4.elf.dir/Drivers/STM32F4xx_HAL_Driver/Src/stm32f4xx_hal_gpio.c.obj
 .debug_abbrev  0x0000000000001b08      0x2ab CMakeFiles/testTFTforATKF4.elf.dir/Drivers/STM32F4xx_HAL_Driver/Src/stm32f4xx_hal_i2c.c.obj
 .debug_abbrev  0x0000000000001db3      0x2ae CMakeFiles/testTFTforATKF4.elf.dir/Drivers/STM32F4xx_HAL_Driver/Src/stm32f4xx_hal_rcc.c.obj
 .debug_abbrev  0x0000000000002061      0x240 CMakeFiles/testTFTforATKF4.elf.dir/Drivers/STM32F4xx_HAL_Driver/Src/stm32f4xx_hal_sram.c.obj
 .debug_abbrev  0x00000000000022a1      0x2c0 CMakeFiles/testTFTforATKF4.elf.dir/Drivers/STM32F4xx_HAL_Driver/Src/stm32f4xx_hal_uart.c.obj
 .debug_abbrev  0x0000000000002561      0x1d9 CMakeFiles/testTFTforATKF4.elf.dir/Drivers/STM32F4xx_HAL_Driver/Src/stm32f4xx_ll_fsmc.c.obj
 .debug_abbrev  0x000000000000273a      0x3cb CMakeFiles/testTFTforATKF4.elf.dir/Hardwares/LCD/lcd.c.obj
 .debug_abbrev  0x0000000000002b05       0x61 CMakeFiles/testTFTforATKF4.elf.dir/Hardwares/LCD/pic.c.obj
 .debug_abbrev  0x0000000000002b66       0x12 CMakeFiles/testTFTforATKF4.elf.dir/startup/startup_stm32f407xx.s.obj

.debug_loc      0x0000000000000000     0x9464
 .debug_loc     0x0000000000000000       0x4a CMakeFiles/testTFTforATKF4.elf.dir/Core/Src/fsmc.c.obj
 .debug_loc     0x000000000000004a       0x67 CMakeFiles/testTFTforATKF4.elf.dir/Core/Src/i2c.c.obj
 .debug_loc     0x00000000000000b1      0x436 CMakeFiles/testTFTforATKF4.elf.dir/Core/Src/syscalls.c.obj
 .debug_loc     0x00000000000004e7      0x16c CMakeFiles/testTFTforATKF4.elf.dir/Core/Src/system_stm32f4xx.c.obj
 .debug_loc     0x0000000000000653       0x84 CMakeFiles/testTFTforATKF4.elf.dir/Core/Src/usart.c.obj
 .debug_loc     0x00000000000006d7      0x141 CMakeFiles/testTFTforATKF4.elf.dir/Drivers/STM32F4xx_HAL_Driver/Src/stm32f4xx_hal.c.obj
 .debug_loc     0x0000000000000818      0x744 CMakeFiles/testTFTforATKF4.elf.dir/Drivers/STM32F4xx_HAL_Driver/Src/stm32f4xx_hal_cortex.c.obj
 .debug_loc     0x0000000000000f5c      0x513 CMakeFiles/testTFTforATKF4.elf.dir/Drivers/STM32F4xx_HAL_Driver/Src/stm32f4xx_hal_gpio.c.obj
 .debug_loc     0x000000000000146f     0x404f CMakeFiles/testTFTforATKF4.elf.dir/Drivers/STM32F4xx_HAL_Driver/Src/stm32f4xx_hal_i2c.c.obj
 .debug_loc     0x00000000000054be      0x56f CMakeFiles/testTFTforATKF4.elf.dir/Drivers/STM32F4xx_HAL_Driver/Src/stm32f4xx_hal_rcc.c.obj
 .debug_loc     0x0000000000005a2d      0x975 CMakeFiles/testTFTforATKF4.elf.dir/Drivers/STM32F4xx_HAL_Driver/Src/stm32f4xx_hal_sram.c.obj
 .debug_loc     0x00000000000063a2     0x203b CMakeFiles/testTFTforATKF4.elf.dir/Drivers/STM32F4xx_HAL_Driver/Src/stm32f4xx_hal_uart.c.obj
 .debug_loc     0x00000000000083dd      0x7b4 CMakeFiles/testTFTforATKF4.elf.dir/Drivers/STM32F4xx_HAL_Driver/Src/stm32f4xx_ll_fsmc.c.obj
 .debug_loc     0x0000000000008b91      0x8d3 CMakeFiles/testTFTforATKF4.elf.dir/Hardwares/LCD/lcd.c.obj

.debug_aranges  0x0000000000000000      0xbc0
 .debug_aranges
                0x0000000000000000       0x48 CMakeFiles/testTFTforATKF4.elf.dir/Core/Src/fsmc.c.obj
 .debug_aranges
                0x0000000000000048       0x20 CMakeFiles/testTFTforATKF4.elf.dir/Core/Src/gpio.c.obj
 .debug_aranges
                0x0000000000000068       0x30 CMakeFiles/testTFTforATKF4.elf.dir/Core/Src/i2c.c.obj
 .debug_aranges
                0x0000000000000098       0x30 CMakeFiles/testTFTforATKF4.elf.dir/Core/Src/main.c.obj
 .debug_aranges
                0x00000000000000c8       0x28 CMakeFiles/testTFTforATKF4.elf.dir/Core/Src/main_cpp.cpp.obj
 .debug_aranges
                0x00000000000000f0       0x20 CMakeFiles/testTFTforATKF4.elf.dir/Core/Src/stm32f4xx_hal_msp.c.obj
 .debug_aranges
                0x0000000000000110       0x60 CMakeFiles/testTFTforATKF4.elf.dir/Core/Src/stm32f4xx_it.c.obj
 .debug_aranges
                0x0000000000000170       0xb0 CMakeFiles/testTFTforATKF4.elf.dir/Core/Src/syscalls.c.obj
 .debug_aranges
                0x0000000000000220       0x28 CMakeFiles/testTFTforATKF4.elf.dir/Core/Src/system_stm32f4xx.c.obj
 .debug_aranges
                0x0000000000000248       0x30 CMakeFiles/testTFTforATKF4.elf.dir/Core/Src/usart.c.obj
 .debug_aranges
                0x0000000000000278       0xf0 CMakeFiles/testTFTforATKF4.elf.dir/Drivers/STM32F4xx_HAL_Driver/Src/stm32f4xx_hal.c.obj
 .debug_aranges
                0x0000000000000368       0xa8 CMakeFiles/testTFTforATKF4.elf.dir/Drivers/STM32F4xx_HAL_Driver/Src/stm32f4xx_hal_cortex.c.obj
 .debug_aranges
                0x0000000000000410       0x58 CMakeFiles/testTFTforATKF4.elf.dir/Drivers/STM32F4xx_HAL_Driver/Src/stm32f4xx_hal_gpio.c.obj
 .debug_aranges
                0x0000000000000468      0x2a0 CMakeFiles/testTFTforATKF4.elf.dir/Drivers/STM32F4xx_HAL_Driver/Src/stm32f4xx_hal_i2c.c.obj
 .debug_aranges
                0x0000000000000708       0x88 CMakeFiles/testTFTforATKF4.elf.dir/Drivers/STM32F4xx_HAL_Driver/Src/stm32f4xx_hal_rcc.c.obj
 .debug_aranges
                0x0000000000000790       0xa0 CMakeFiles/testTFTforATKF4.elf.dir/Drivers/STM32F4xx_HAL_Driver/Src/stm32f4xx_hal_sram.c.obj
 .debug_aranges
                0x0000000000000830      0x200 CMakeFiles/testTFTforATKF4.elf.dir/Drivers/STM32F4xx_HAL_Driver/Src/stm32f4xx_hal_uart.c.obj
 .debug_aranges
                0x0000000000000a30       0xa8 CMakeFiles/testTFTforATKF4.elf.dir/Drivers/STM32F4xx_HAL_Driver/Src/stm32f4xx_ll_fsmc.c.obj
 .debug_aranges
                0x0000000000000ad8       0xa8 CMakeFiles/testTFTforATKF4.elf.dir/Hardwares/LCD/lcd.c.obj
 .debug_aranges
                0x0000000000000b80       0x18 CMakeFiles/testTFTforATKF4.elf.dir/Hardwares/LCD/pic.c.obj
 .debug_aranges
                0x0000000000000b98       0x28 CMakeFiles/testTFTforATKF4.elf.dir/startup/startup_stm32f407xx.s.obj

.debug_ranges   0x0000000000000000      0xb00
 .debug_ranges  0x0000000000000000       0x38 CMakeFiles/testTFTforATKF4.elf.dir/Core/Src/fsmc.c.obj
 .debug_ranges  0x0000000000000038       0x10 CMakeFiles/testTFTforATKF4.elf.dir/Core/Src/gpio.c.obj
 .debug_ranges  0x0000000000000048       0x20 CMakeFiles/testTFTforATKF4.elf.dir/Core/Src/i2c.c.obj
 .debug_ranges  0x0000000000000068       0x20 CMakeFiles/testTFTforATKF4.elf.dir/Core/Src/main.c.obj
 .debug_ranges  0x0000000000000088       0x18 CMakeFiles/testTFTforATKF4.elf.dir/Core/Src/main_cpp.cpp.obj
 .debug_ranges  0x00000000000000a0       0x10 CMakeFiles/testTFTforATKF4.elf.dir/Core/Src/stm32f4xx_hal_msp.c.obj
 .debug_ranges  0x00000000000000b0       0x50 CMakeFiles/testTFTforATKF4.elf.dir/Core/Src/stm32f4xx_it.c.obj
 .debug_ranges  0x0000000000000100       0xa0 CMakeFiles/testTFTforATKF4.elf.dir/Core/Src/syscalls.c.obj
 .debug_ranges  0x00000000000001a0       0x18 CMakeFiles/testTFTforATKF4.elf.dir/Core/Src/system_stm32f4xx.c.obj
 .debug_ranges  0x00000000000001b8       0x20 CMakeFiles/testTFTforATKF4.elf.dir/Core/Src/usart.c.obj
 .debug_ranges  0x00000000000001d8       0xe0 CMakeFiles/testTFTforATKF4.elf.dir/Drivers/STM32F4xx_HAL_Driver/Src/stm32f4xx_hal.c.obj
 .debug_ranges  0x00000000000002b8       0xf8 CMakeFiles/testTFTforATKF4.elf.dir/Drivers/STM32F4xx_HAL_Driver/Src/stm32f4xx_hal_cortex.c.obj
 .debug_ranges  0x00000000000003b0       0x48 CMakeFiles/testTFTforATKF4.elf.dir/Drivers/STM32F4xx_HAL_Driver/Src/stm32f4xx_hal_gpio.c.obj
 .debug_ranges  0x00000000000003f8      0x2a8 CMakeFiles/testTFTforATKF4.elf.dir/Drivers/STM32F4xx_HAL_Driver/Src/stm32f4xx_hal_i2c.c.obj
 .debug_ranges  0x00000000000006a0       0x90 CMakeFiles/testTFTforATKF4.elf.dir/Drivers/STM32F4xx_HAL_Driver/Src/stm32f4xx_hal_rcc.c.obj
 .debug_ranges  0x0000000000000730       0x90 CMakeFiles/testTFTforATKF4.elf.dir/Drivers/STM32F4xx_HAL_Driver/Src/stm32f4xx_hal_sram.c.obj
 .debug_ranges  0x00000000000007c0      0x1f0 CMakeFiles/testTFTforATKF4.elf.dir/Drivers/STM32F4xx_HAL_Driver/Src/stm32f4xx_hal_uart.c.obj
 .debug_ranges  0x00000000000009b0       0x98 CMakeFiles/testTFTforATKF4.elf.dir/Drivers/STM32F4xx_HAL_Driver/Src/stm32f4xx_ll_fsmc.c.obj
 .debug_ranges  0x0000000000000a48       0x98 CMakeFiles/testTFTforATKF4.elf.dir/Hardwares/LCD/lcd.c.obj
 .debug_ranges  0x0000000000000ae0       0x20 CMakeFiles/testTFTforATKF4.elf.dir/startup/startup_stm32f407xx.s.obj

.debug_line     0x0000000000000000     0xe6a9
 .debug_line    0x0000000000000000      0x6b2 CMakeFiles/testTFTforATKF4.elf.dir/Core/Src/fsmc.c.obj
 .debug_line    0x00000000000006b2      0x362 CMakeFiles/testTFTforATKF4.elf.dir/Core/Src/gpio.c.obj
 .debug_line    0x0000000000000a14      0x425 CMakeFiles/testTFTforATKF4.elf.dir/Core/Src/i2c.c.obj
 .debug_line    0x0000000000000e39      0x515 CMakeFiles/testTFTforATKF4.elf.dir/Core/Src/main.c.obj
 .debug_line    0x000000000000134e      0x6ca CMakeFiles/testTFTforATKF4.elf.dir/Core/Src/main_cpp.cpp.obj
 .debug_line    0x0000000000001a18      0x2ad CMakeFiles/testTFTforATKF4.elf.dir/Core/Src/stm32f4xx_hal_msp.c.obj
 .debug_line    0x0000000000001cc5      0x37e CMakeFiles/testTFTforATKF4.elf.dir/Core/Src/stm32f4xx_it.c.obj
 .debug_line    0x0000000000002043      0x5d0 CMakeFiles/testTFTforATKF4.elf.dir/Core/Src/syscalls.c.obj
 .debug_line    0x0000000000002613      0x361 CMakeFiles/testTFTforATKF4.elf.dir/Core/Src/system_stm32f4xx.c.obj
 .debug_line    0x0000000000002974      0x424 CMakeFiles/testTFTforATKF4.elf.dir/Core/Src/usart.c.obj
 .debug_line    0x0000000000002d98      0x649 CMakeFiles/testTFTforATKF4.elf.dir/Drivers/STM32F4xx_HAL_Driver/Src/stm32f4xx_hal.c.obj
 .debug_line    0x00000000000033e1      0x886 CMakeFiles/testTFTforATKF4.elf.dir/Drivers/STM32F4xx_HAL_Driver/Src/stm32f4xx_hal_cortex.c.obj
 .debug_line    0x0000000000003c67      0x813 CMakeFiles/testTFTforATKF4.elf.dir/Drivers/STM32F4xx_HAL_Driver/Src/stm32f4xx_hal_gpio.c.obj
 .debug_line    0x000000000000447a     0x53de CMakeFiles/testTFTforATKF4.elf.dir/Drivers/STM32F4xx_HAL_Driver/Src/stm32f4xx_hal_i2c.c.obj
 .debug_line    0x0000000000009858      0xc1a CMakeFiles/testTFTforATKF4.elf.dir/Drivers/STM32F4xx_HAL_Driver/Src/stm32f4xx_hal_rcc.c.obj
 .debug_line    0x000000000000a472      0x9c1 CMakeFiles/testTFTforATKF4.elf.dir/Drivers/STM32F4xx_HAL_Driver/Src/stm32f4xx_hal_sram.c.obj
 .debug_line    0x000000000000ae33     0x21dc CMakeFiles/testTFTforATKF4.elf.dir/Drivers/STM32F4xx_HAL_Driver/Src/stm32f4xx_hal_uart.c.obj
 .debug_line    0x000000000000d00f      0x979 CMakeFiles/testTFTforATKF4.elf.dir/Drivers/STM32F4xx_HAL_Driver/Src/stm32f4xx_ll_fsmc.c.obj
 .debug_line    0x000000000000d988      0xb1a CMakeFiles/testTFTforATKF4.elf.dir/Hardwares/LCD/lcd.c.obj
 .debug_line    0x000000000000e4a2      0x162 CMakeFiles/testTFTforATKF4.elf.dir/Hardwares/LCD/pic.c.obj