Archive member included to satisfy reference by file (symbol)

/usr/local/Caskroom/gcc-arm-embedded/9-2019-q4-major/gcc-arm-none-eabi-9-2019-q4-major/bin/../lib/gcc/arm-none-eabi/9.2.1/../../../../arm-none-eabi/lib/thumb/v7e-m/nofp/libm.a(lib_a-w_sqrt.o)
                              CMakeFiles/testTFTforATKF4.elf.dir/Hardwares/touch/touch.c.obj (sqrt)
/usr/local/Caskroom/gcc-arm-embedded/9-2019-q4-major/gcc-arm-none-eabi-9-2019-q4-major/bin/../lib/gcc/arm-none-eabi/9.2.1/../../../../arm-none-eabi/lib/thumb/v7e-m/nofp/libm.a(lib_a-e_sqrt.o)
                              /usr/local/Caskroom/gcc-arm-embedded/9-2019-q4-major/gcc-arm-none-eabi-9-2019-q4-major/bin/../lib/gcc/arm-none-eabi/9.2.1/../../../../arm-none-eabi/lib/thumb/v7e-m/nofp/libm.a(lib_a-w_sqrt.o) (__ieee754_sqrt)
/usr/local/Caskroom/gcc-arm-embedded/9-2019-q4-major/gcc-arm-none-eabi-9-2019-q4-major/bin/../lib/gcc/arm-none-eabi/9.2.1/../../../../arm-none-eabi/lib/thumb/v7e-m/nofp/libm.a(lib_a-s_lib_ver.o)
                              /usr/local/Caskroom/gcc-arm-embedded/9-2019-q4-major/gcc-arm-none-eabi-9-2019-q4-major/bin/../lib/gcc/arm-none-eabi/9.2.1/../../../../arm-none-eabi/lib/thumb/v7e-m/nofp/libm.a(lib_a-w_sqrt.o) (__fdlib_version)
/usr/local/Caskroom/gcc-arm-embedded/9-2019-q4-major/gcc-arm-none-eabi-9-2019-q4-major/bin/../lib/gcc/arm-none-eabi/9.2.1/../../../../arm-none-eabi/lib/thumb/v7e-m/nofp/libm.a(lib_a-s_matherr.o)
                              /usr/local/Caskroom/gcc-arm-embedded/9-2019-q4-major/gcc-arm-none-eabi-9-2019-q4-major/bin/../lib/gcc/arm-none-eabi/9.2.1/../../../../arm-none-eabi/lib/thumb/v7e-m/nofp/libm.a(lib_a-w_sqrt.o) (matherr)
/usr/local/Caskroom/gcc-arm-embedded/9-2019-q4-major/gcc-arm-none-eabi-9-2019-q4-major/bin/../lib/gcc/arm-none-eabi/9.2.1/thumb/v7e-m/nofp/libgcc.a(_arm_muldf3.o)
                              /usr/local/Caskroom/gcc-arm-embedded/9-2019-q4-major/gcc-arm-none-eabi-9-2019-q4-major/bin/../lib/gcc/arm-none-eabi/9.2.1/../../../../arm-none-eabi/lib/thumb/v7e-m/nofp/libm.a(lib_a-e_sqrt.o) (__aeabi_dmul)
/usr/local/Caskroom/gcc-arm-embedded/9-2019-q4-major/gcc-arm-none-eabi-9-2019-q4-major/bin/../lib/gcc/arm-none-eabi/9.2.1/thumb/v7e-m/nofp/libgcc.a(_arm_mulsf3.o)
                              CMakeFiles/testTFTforATKF4.elf.dir/Hardwares/touch/touch.c.obj (__aeabi_fmul)
/usr/local/Caskroom/gcc-arm-embedded/9-2019-q4-major/gcc-arm-none-eabi-9-2019-q4-major/bin/../lib/gcc/arm-none-eabi/9.2.1/thumb/v7e-m/nofp/libgcc.a(_arm_addsubdf3.o)
                              /usr/local/Caskroom/gcc-arm-embedded/9-2019-q4-major/gcc-arm-none-eabi-9-2019-q4-major/bin/../lib/gcc/arm-none-eabi/9.2.1/../../../../arm-none-eabi/lib/thumb/v7e-m/nofp/libm.a(lib_a-e_sqrt.o) (__aeabi_dsub)
/usr/local/Caskroom/gcc-arm-embedded/9-2019-q4-major/gcc-arm-none-eabi-9-2019-q4-major/bin/../lib/gcc/arm-none-eabi/9.2.1/thumb/v7e-m/nofp/libgcc.a(_arm_muldivdf3.o)
                              CMakeFiles/testTFTforATKF4.elf.dir/Hardwares/touch/touch.c.obj (__aeabi_ddiv)
/usr/local/Caskroom/gcc-arm-embedded/9-2019-q4-major/gcc-arm-none-eabi-9-2019-q4-major/bin/../lib/gcc/arm-none-eabi/9.2.1/thumb/v7e-m/nofp/libgcc.a(_arm_cmpdf2.o)
                              CMakeFiles/testTFTforATKF4.elf.dir/Hardwares/touch/touch.c.obj (__aeabi_dcmplt)
/usr/local/Caskroom/gcc-arm-embedded/9-2019-q4-major/gcc-arm-none-eabi-9-2019-q4-major/bin/../lib/gcc/arm-none-eabi/9.2.1/thumb/v7e-m/nofp/libgcc.a(_arm_unorddf2.o)
                              /usr/local/Caskroom/gcc-arm-embedded/9-2019-q4-major/gcc-arm-none-eabi-9-2019-q4-major/bin/../lib/gcc/arm-none-eabi/9.2.1/../../../../arm-none-eabi/lib/thumb/v7e-m/nofp/libm.a(lib_a-w_sqrt.o) (__aeabi_dcmpun)
/usr/local/Caskroom/gcc-arm-embedded/9-2019-q4-major/gcc-arm-none-eabi-9-2019-q4-major/bin/../lib/gcc/arm-none-eabi/9.2.1/thumb/v7e-m/nofp/libgcc.a(_arm_fixunsdfsi.o)
                              CMakeFiles/testTFTforATKF4.elf.dir/Hardwares/touch/touch.c.obj (__aeabi_d2uiz)
/usr/local/Caskroom/gcc-arm-embedded/9-2019-q4-major/gcc-arm-none-eabi-9-2019-q4-major/bin/../lib/gcc/arm-none-eabi/9.2.1/thumb/v7e-m/nofp/libgcc.a(_arm_truncdfsf2.o)
                              CMakeFiles/testTFTforATKF4.elf.dir/Hardwares/touch/touch.c.obj (__aeabi_d2f)
/usr/local/Caskroom/gcc-arm-embedded/9-2019-q4-major/gcc-arm-none-eabi-9-2019-q4-major/bin/../lib/gcc/arm-none-eabi/9.2.1/thumb/v7e-m/nofp/libgcc.a(_arm_addsubsf3.o)
                              CMakeFiles/testTFTforATKF4.elf.dir/Hardwares/touch/touch.c.obj (__aeabi_fsub)
/usr/local/Caskroom/gcc-arm-embedded/9-2019-q4-major/gcc-arm-none-eabi-9-2019-q4-major/bin/../lib/gcc/arm-none-eabi/9.2.1/thumb/v7e-m/nofp/libgcc.a(_arm_muldivsf3.o)
                              CMakeFiles/testTFTforATKF4.elf.dir/Hardwares/touch/touch.c.obj (__aeabi_fdiv)
/usr/local/Caskroom/gcc-arm-embedded/9-2019-q4-major/gcc-arm-none-eabi-9-2019-q4-major/bin/../lib/gcc/arm-none-eabi/9.2.1/thumb/v7e-m/nofp/libgcc.a(_arm_fixsfsi.o)
[...]
Memory Configuration

Name             Origin             Length             Attributes
RAM              0x0000000020000000 0x0000000000020000 xrw
CCMRAM           0x0000000010000000 0x0000000000010000 xrw
FLASH            0x0000000008000000 0x0000000000080000 xr
*default*        0x0000000000000000 0xffffffffffffffff

Linker script and memory map

LOAD /usr/local/Caskroom/gcc-arm-embedded/9-2019-q4-major/gcc-arm-none-eabi-9-2019-q4-major/bin/../lib/gcc/arm-none-eabi/9.2.1/thumb/v7e-m/nofp/crti.o
LOAD /usr/local/Caskroom/gcc-arm-embedded/9-2019-q4-major/gcc-arm-none-eabi-9-2019-q4-major/bin/../lib/gcc/arm-none-eabi/9.2.1/thumb/v7e-m/nofp/crtbegin.o
LOAD /usr/local/Caskroom/gcc-arm-embedded/9-2019-q4-major/gcc-arm-none-eabi-9-2019-q4-major/bin/../lib/gcc/arm-none-eabi/9.2.1/../../../../arm-none-eabi/lib/thumb/v7e-m/nofp/crt0.o
LOAD CMakeFiles/testTFTforATKF4.elf.dir/Core/Src/fsmc.c.obj
LOAD CMakeFiles/testTFTforATKF4.elf.dir/Core/Src/gpio.c.obj
LOAD CMakeFiles/testTFTforATKF4.elf.dir/Core/Src/i2c.c.obj
LOAD CMakeFiles/testTFTforATKF4.elf.dir/Core/Src/main.c.obj
LOAD CMakeFiles/testTFTforATKF4.elf.dir/Core/Src/main_cpp.cpp.obj
LOAD CMakeFiles/testTFTforATKF4.elf.dir/Core/Src/pic.c.obj
LOAD CMakeFiles/testTFTforATKF4.elf.dir/Core/Src/stm32f4xx_hal_msp.c.obj
LOAD CMakeFiles/testTFTforATKF4.elf.dir/Core/Src/stm32f4xx_it.c.obj
LOAD CMakeFiles/testTFTforATKF4.elf.dir/Core/Src/syscalls.c.obj
LOAD CMakeFiles/testTFTforATKF4.elf.dir/Core/Src/system_stm32f4xx.c.obj
LOAD CMakeFiles/testTFTforATKF4.elf.dir/Core/Src/usart.c.obj
LOAD CMakeFiles/testTFTforATKF4.elf.dir/Drivers/STM32F4xx_HAL_Driver/Src/stm32f4xx_hal.c.obj
LOAD CMakeFiles/testTFTforATKF4.elf.dir/Drivers/STM32F4xx_HAL_Driver/Src/stm32f4xx_hal_cortex.c.obj
LOAD CMakeFiles/testTFTforATKF4.elf.dir/Drivers/STM32F4xx_HAL_Driver/Src/stm32f4xx_hal_dma.c.obj
LOAD CMakeFiles/testTFTforATKF4.elf.dir/Drivers/STM32F4xx_HAL_Driver/Src/stm32f4xx_hal_dma_ex.c.obj
LOAD CMakeFiles/testTFTforATKF4.elf.dir/Drivers/STM32F4xx_HAL_Driver/Src/stm32f4xx_hal_exti.c.obj
LOAD CMakeFiles/testTFTforATKF4.elf.dir/Drivers/STM32F4xx_HAL_Driver/Src/stm32f4xx_hal_flash.c.obj
LOAD CMakeFiles/testTFTforATKF4.elf.dir/Drivers/STM32F4xx_HAL_Driver/Src/stm32f4xx_hal_flash_ex.c.obj
LOAD CMakeFiles/testTFTforATKF4.elf.dir/Drivers/STM32F4xx_HAL_Driver/Src/stm32f4xx_hal_flash_ramfunc.c.obj
LOAD CMakeFiles/testTFTforATKF4.elf.dir/Drivers/STM32F4xx_HAL_Driver/Src/stm32f4xx_hal_gpio.c.obj
LOAD CMakeFiles/testTFTforATKF4.elf.dir/Drivers/STM32F4xx_HAL_Driver/Src/stm32f4xx_hal_i2c.c.obj
LOAD CMakeFiles/testTFTforATKF4.elf.dir/Drivers/STM32F4xx_HAL_Driver/Src/stm32f4xx_hal_i2c_ex.c.obj
LOAD CMakeFiles/testTFTforATKF4.elf.dir/Drivers/STM32F4xx_HAL_Driver/Src/stm32f4xx_hal_pwr.c.obj
LOAD CMakeFiles/testTFTforATKF4.elf.dir/Drivers/STM32F4xx_HAL_Driver/Src/stm32f4xx_hal_pwr_ex.c.obj
LOAD CMakeFiles/testTFTforATKF4.elf.dir/Drivers/STM32F4xx_HAL_Driver/Src/stm32f4xx_hal_rcc.c.obj
LOAD CMakeFiles/testTFTforATKF4.elf.dir/Drivers/STM32F4xx_HAL_Driver/Src/stm32f4xx_hal_rcc_ex.c.obj
LOAD CMakeFiles/testTFTforATKF4.elf.dir/Drivers/STM32F4xx_HAL_Driver/Src/stm32f4xx_hal_sram.c.obj
LOAD CMakeFiles/testTFTforATKF4.elf.dir/Drivers/STM32F4xx_HAL_Driver/Src/stm32f4xx_hal_tim.c.obj
LOAD CMakeFiles/testTFTforATKF4.elf.dir/Drivers/STM32F4xx_HAL_Driver/Src/stm32f4xx_hal_tim_ex.c.obj
LOAD CMakeFiles/testTFTforATKF4.elf.dir/Drivers/STM32F4xx_HAL_Driver/Src/stm32f4xx_hal_uart.c.obj
LOAD CMakeFiles/testTFTforATKF4.elf.dir/Drivers/STM32F4xx_HAL_Driver/Src/stm32f4xx_ll_fsmc.c.obj
LOAD CMakeFiles/testTFTforATKF4.elf.dir/Hardwares/LCD/lcd.c.obj
LOAD CMakeFiles/testTFTforATKF4.elf.dir/Hardwares/touch/touch.c.obj
LOAD CMakeFiles/testTFTforATKF4.elf.dir/startup/startup_stm32f407xx.s.obj
LOAD /usr/local/Caskroom/gcc-arm-embedded/9-2019-q4-major/gcc-arm-none-eabi-9-2019-q4-major/bin/../lib/gcc/arm-none-eabi/9.2.1/../../../../arm-none-eabi/lib/thumb/v7e-m/nofp/libstdc++.a
LOAD /usr/local/Caskroom/gcc-arm-embedded/9-2019-q4-major/gcc-arm-none-eabi-9-2019-q4-major/bin/../lib/gcc/arm-none-eabi/9.2.1/../../../../arm-none-eabi/lib/thumb/v7e-m/nofp/libm.a
START GROUP
LOAD /usr/local/Caskroom/gcc-arm-embedded/9-2019-q4-major/gcc-arm-none-eabi-9-2019-q4-major/bin/../lib/gcc/arm-none-eabi/9.2.1/thumb/v7e-m/nofp/libgcc.a
LOAD /usr/local/Caskroom/gcc-arm-embedded/9-2019-q4-major/gcc-arm-none-eabi-9-2019-q4-major/bin/../lib/gcc/arm-none-eabi/9.2.1/../../../../arm-none-eabi/lib/thumb/v7e-m/nofp/libg.a
LOAD /usr/local/Caskroom/gcc-arm-embedded/9-2019-q4-major/gcc-arm-none-eabi-9-2019-q4-major/bin/../lib/gcc/arm-none-eabi/9.2.1/../../../../arm-none-eabi/lib/thumb/v7e-m/nofp/libc.a
END GROUP
LOAD /usr/local/Caskroom/gcc-arm-embedded/9-2019-q4-major/gcc-arm-none-eabi-9-2019-q4-major/bin/../lib/gcc/arm-none-eabi/9.2.1/thumb/v7e-m/nofp/crtend.o
LOAD /usr/local/Caskroom/gcc-arm-embedded/9-2019-q4-major/gcc-arm-none-eabi-9-2019-q4-major/bin/../lib/gcc/arm-none-eabi/9.2.1/thumb/v7e-m/nofp/crtn.o
                0x0000000020020000                _estack = 0x20020000
                0x0000000000000200                _Min_Heap_Size = 0x200
                0x0000000000000400                _Min_Stack_Size = 0x400

.isr_vector     0x0000000008000000      0x188
                0x0000000008000000                . = ALIGN (0x4)
 *(.isr_vector)
 .isr_vector    0x0000000008000000      0x188 CMakeFiles/testTFTforATKF4.elf.dir/startup/startup_stm32f407xx.s.obj
                0x0000000008000000                g_pfnVectors
                0x0000000008000188                . = ALIGN (0x4)

.text           0x00000000080001c0     0xa090
                0x00000000080001c0                . = ALIGN (0x4)
 *(.text)
 .text          0x00000000080001c0       0x40 /usr/local/Caskroom/gcc-arm-embedded/9-2019-q4-major/gcc-arm-none-eabi-9-2019-q4-major/bin/../lib/gcc/arm-none-eabi/9.2.1/thumb/v7e-m/nofp/crtbegin.o
 .text          0x0000000008000200      0x378 /usr/local/Caskroom/gcc-arm-embedded/9-2019-q4-major/gcc-arm-none-eabi-9-2019-q4-major/bin/../lib/gcc/arm-none-eabi/9.2.1/thumb/v7e-m/nofp/libgcc.a(_arm_addsubdf3.o)
                0x0000000008000200                __aeabi_drsub
                0x0000000008000208                __subdf3
                0x0000000008000208                __aeabi_dsub
                0x000000000800020c                __aeabi_dadd
                0x000000000800020c                __adddf3
                0x0000000008000484                __aeabi_ui2d
                0x0000000008000484                __floatunsidf
                0x00000000080004a4                __floatsidf
                0x00000000080004a4                __aeabi_i2d
                0x00000000080004c8                __extendsfdf2
                0x00000000080004c8                __aeabi_f2d
                0x000000000800050c                __aeabi_ul2d
                0x000000000800050c                __floatundidf
                0x000000000800051c                __aeabi_l2d
                0x000000000800051c                __floatdidf
 .text          0x0000000008000578      0x424 /usr/local/Caskroom/gcc-arm-embedded/9-2019-q4-major/gcc-arm-none-eabi-9-2019-q4-major/bin/../lib/gcc/arm-none-eabi/9.2.1/thumb/v7e-m/nofp/libgcc.a(_arm_muldivdf3.o)
                0x0000000008000578                __aeabi_dmul
                0x0000000008000578                __muldf3
                0x00000000080007cc                __aeabi_ddiv
                0x00000000080007cc                __divdf3
 .text          0x000000000800099c      0x110 /usr/local/Caskroom/gcc-arm-embedded/9-2019-q4-major/gcc-arm-none-eabi-9-2019-q4-major/bin/../lib/gcc/arm-none-eabi/9.2.1/thumb/v7e-m/nofp/libgcc.a(_arm_cmpdf2.o)
                0x000000000800099c                __gedf2
                0x000000000800099c                __gtdf2
                0x00000000080009a4                __ledf2
                0x00000000080009a4                __ltdf2
                0x00000000080009ac                __cmpdf2
                0x00000000080009ac                __eqdf2
                0x00000000080009ac                __nedf2
                0x0000000008000a28                __aeabi_cdrcmple
                0x0000000008000a38                __aeabi_cdcmple
                0x0000000008000a38                __aeabi_cdcmpeq
                0x0000000008000a48                __aeabi_dcmpeq
                0x0000000008000a5c                __aeabi_dcmplt
                0x0000000008000a70                __aeabi_dcmple
                0x0000000008000a84                __aeabi_dcmpge
                0x0000000008000a98                __aeabi_dcmpgt
 .text          0x0000000008000aac       0x2c /usr/local/Caskroom/gcc-arm-embedded/9-2019-q4-major/gcc-arm-none-eabi-9-2019-q4-major/bin/../lib/gcc/arm-none-eabi/9.2.1/thumb/v7e-m/nofp/libgcc.a(_arm_unorddf2.o)
                0x0000000008000aac                __aeabi_dcmpun
                0x0000000008000aac                __unorddf2
 .text          0x0000000008000ad8       0x40 /usr/local/Caskroom/gcc-arm-embedded/9-2019-q4-major/gcc-arm-none-eabi-9-2019-q4-major/bin/../lib/gcc/arm-none-eabi/9.2.1/thumb/v7e-m/nofp/libgcc.a(_arm_fixunsdfsi.o)
                0x0000000008000ad8                __fixunsdfsi
                0x0000000008000ad8                __aeabi_d2uiz
 .text          0x0000000008000b18       0xa0 /usr/local/Caskroom/gcc-arm-embedded/9-2019-q4-major/gcc-arm-none-eabi-9-2019-q4-major/bin/../lib/gcc/arm-none-eabi/9.2.1/thumb/v7e-m/nofp/libgcc.a(_arm_truncdfsf2.o)
                0x0000000008000b18                __aeabi_d2f
                0x0000000008000b18                __truncdfsf2
 .text          0x0000000008000bb8      0x21c /usr/local/Caskroom/gcc-arm-embedded/9-2019-q4-major/gcc-arm-none-eabi-9-2019-q4-major/bin/../lib/gcc/arm-none-eabi/9.2.1/thumb/v7e-m/nofp/libgcc.a(_arm_addsubsf3.o)
                0x0000000008000bb8                __aeabi_frsub
                0x0000000008000bc0                __aeabi_fsub
                0x0000000008000bc0                __subsf3
                0x0000000008000bc4                __aeabi_fadd
                0x0000000008000bc4                __addsf3
                0x0000000008000d24                __aeabi_ui2f
                0x0000000008000d24                __floatunsisf
                0x0000000008000d2c                __floatsisf
                0x0000000008000d2c                __aeabi_i2f
                0x0000000008000d48                __aeabi_ul2f
                0x0000000008000d48                __floatundisf
                0x0000000008000d58                __aeabi_l2f
                0x0000000008000d58                __floatdisf
 .text          0x0000000008000dd4      0x2a0 /usr/local/Caskroom/gcc-arm-embedded/9-2019-q4-major/gcc-arm-none-eabi-9-2019-q4-major/bin/../lib/gcc/arm-none-eabi/9.2.1/thumb/v7e-m/nofp/libgcc.a(_arm_muldivsf3.o)
                0x0000000008000dd4                __mulsf3
                0x0000000008000dd4                __aeabi_fmul
                0x0000000008000f3c                __divsf3
                0x0000000008000f3c                __aeabi_fdiv
 .text          0x0000000008001074       0x4c /usr/local/Caskroom/gcc-arm-embedded/9-2019-q4-major/gcc-arm-none-eabi-9-2019-q4-major/bin/../lib/gcc/arm-none-eabi/9.2.1/thumb/v7e-m/nofp/libgcc.a(_arm_fixsfsi.o)
                0x0000000008001074                __fixsfsi
                0x0000000008001074                __aeabi_f2iz
 .text          0x00000000080010c0       0x40 /usr/local/Caskroom/gcc-arm-embedded/9-2019-q4-major/gcc-arm-none-eabi-9-2019-q4-major/bin/../lib/gcc/arm-none-eabi/9.2.1/thumb/v7e-m/nofp/libgcc.a(_arm_fixunssfsi.o)
                0x00000000080010c0                __aeabi_f2uiz
                0x00000000080010c0                __fixunssfsi
 .text          0x0000000008001100       0x30 /usr/local/Caskroom/gcc-arm-embedded/9-2019-q4-major/gcc-arm-none-eabi-9-2019-q4-major/bin/../lib/gcc/arm-none-eabi/9.2.1/thumb/v7e-m/nofp/libgcc.a(_aeabi_uldivmod.o)
                0x0000000008001100                __aeabi_uldivmod
 .text          0x0000000008001130      0x2c0 /usr/local/Caskroom/gcc-arm-embedded/9-2019-q4-major/gcc-arm-none-eabi-9-2019-q4-major/bin/../lib/gcc/arm-none-eabi/9.2.1/thumb/v7e-m/nofp/libgcc.a(_udivmoddi4.o)
                0x0000000008001130                __udivmoddi4
 .text          0x00000000080013f0      0x9b8 /usr/local/Caskroom/gcc-arm-embedded/9-2019-q4-major/gcc-arm-none-eabi-9-2019-q4-major/bin/../lib/gcc/arm-none-eabi/9.2.1/thumb/v7e-m/nofp/libgcc.a(unwind-arm.o)
                0x0000000008001698                _Unwind_GetCFA
                0x000000000800169c                __gnu_Unwind_RaiseException
                0x00000000080016fc                __gnu_Unwind_ForcedUnwind
                0x0000000008001710                __gnu_Unwind_Resume
                0x0000000008001754                __gnu_Unwind_Resume_or_Rethrow
                0x0000000008001764                _Unwind_Complete
                0x0000000008001768                _Unwind_DeleteException
                0x0000000008001774                _Unwind_VRS_Get
                0x00000000080017bc                _Unwind_VRS_Set
                0x0000000008001804                __gnu_Unwind_Backtrace
                0x0000000008001b24                __aeabi_unwind_cpp_pr0
                0x0000000008001b28                __aeabi_unwind_cpp_pr1
                0x0000000008001b2c                __aeabi_unwind_cpp_pr2
                0x0000000008001b30                _Unwind_VRS_Pop
 .text          0x0000000008001da8      0x1ac /usr/local/Caskroom/gcc-arm-embedded/9-2019-q4-major/gcc-arm-none-eabi-9-2019-q4-major/bin/../lib/gcc/arm-none-eabi/9.2.1/thumb/v7e-m/nofp/libgcc.a(libunwind.o)
                0x0000000008001da8                __restore_core_regs
                0x0000000008001da8                restore_core_regs
                0x0000000008001dc0                __gnu_Unwind_Restore_VFP
                0x0000000008001dc8                __gnu_Unwind_Save_VFP
                0x0000000008001dd0                __gnu_Unwind_Restore_VFP_D
                0x0000000008001dd8                __gnu_Unwind_Save_VFP_D
                0x0000000008001de0                __gnu_Unwind_Restore_VFP_D_16_to_31
                0x0000000008001de8                __gnu_Unwind_Save_VFP_D_16_to_31
                0x0000000008001df0                __gnu_Unwind_Restore_WMMXD
                0x0000000008001e34                __gnu_Unwind_Save_WMMXD
                0x0000000008001e78                __gnu_Unwind_Restore_WMMXC
                0x0000000008001e8c                __gnu_Unwind_Save_WMMXC
                0x0000000008001ea0                _Unwind_RaiseException
                0x0000000008001ea0                ___Unwind_RaiseException
                0x0000000008001ec4                ___Unwind_Resume
                0x0000000008001ec4                _Unwind_Resume
                0x0000000008001ee8                ___Unwind_Resume_or_Rethrow
                0x0000000008001ee8                _Unwind_Resume_or_Rethrow
                0x0000000008001f0c                _Unwind_ForcedUnwind
                0x0000000008001f0c                ___Unwind_ForcedUnwind
                0x0000000008001f30                _Unwind_Backtrace
                0x0000000008001f30                ___Unwind_Backtrace
 .text          0x0000000008001f54      0x340 /usr/local/Caskroom/gcc-arm-embedded/9-2019-q4-major/gcc-arm-none-eabi-9-2019-q4-major/bin/../lib/gcc/arm-none-eabi/9.2.1/thumb/v7e-m/nofp/libgcc.a(pr-support.o)
                0x0000000008001fac                __gnu_unwind_execute
                0x0000000008002248                __gnu_unwind_frame
                0x0000000008002274                _Unwind_GetRegionStart
                0x0000000008002280                _Unwind_GetLanguageSpecificData
 .text          0x0000000008002294        0x4 /usr/local/Caskroom/gcc-arm-embedded/9-2019-q4-major/gcc-arm-none-eabi-9-2019-q4-major/bin/../lib/gcc/arm-none-eabi/9.2.1/thumb/v7e-m/nofp/libgcc.a(_dvmd_tls.o)
                0x0000000008002294                __aeabi_ldiv0
                0x0000000008002294                __aeabi_idiv0
 .text          0x0000000008002298      0x134 /usr/local/Caskroom/gcc-arm-embedded/9-2019-q4-major/gcc-arm-none-eabi-9-2019-q4-major/bin/../lib/gcc/arm-none-eabi/9.2.1/../../../../arm-none-eabi/lib/thumb/v7e-m/nofp/libg.a(lib_a-memcpy.o)
                0x0000000008002298                memcpy
 *fill*         0x00000000080023cc       0x34 
 .text          0x0000000008002400       0xdc /usr/local/Caskroom/gcc-arm-embedded/9-2019-q4-major/gcc-arm-none-eabi-9-2019-q4-major/bin/../lib/gcc/arm-none-eabi/9.2.1/../../../../arm-none-eabi/lib/thumb/v7e-m/nofp/libg.a(lib_a-strlen.o)
                0x0000000008002400                strlen
 *fill*         0x00000000080024dc        0x4 
 .text          0x00000000080024e0       0xa0 /usr/local/Caskroom/gcc-arm-embedded/9-2019-q4-major/gcc-arm-none-eabi-9-2019-q4-major/bin/../lib/gcc/arm-none-eabi/9.2.1/../../../../arm-none-eabi/lib/thumb/v7e-m/nofp/libg.a(lib_a-memchr.o)
                0x00000000080024e0                memchr
 .text          0x0000000008002580       0x50 /usr/local/Caskroom/gcc-arm-embedded/9-2019-q4-major/gcc-arm-none-eabi-9-2019-q4-major/bin/../lib/gcc/arm-none-eabi/9.2.1/thumb/v7e-m/nofp/libgcc.a(_arm_fixdfsi.o)
                0x0000000008002580                __fixdfsi
                0x0000000008002580                __aeabi_d2iz
 *(.text*)
 .text.HAL_FSMC_MspInit
                0x00000000080025d0       0xa8 CMakeFiles/testTFTforATKF4.elf.dir/Core/Src/fsmc.c.obj
 .text.MX_FSMC_Init_Fast
                0x0000000008002678       0x78 CMakeFiles/testTFTforATKF4.elf.dir/Core/Src/fsmc.c.obj
                0x0000000008002678                MX_FSMC_Init_Fast
 .text.MX_FSMC_Init
                0x00000000080026f0       0x7c CMakeFiles/testTFTforATKF4.elf.dir/Core/Src/fsmc.c.obj
                0x00000000080026f0                MX_FSMC_Init
 .text.HAL_SRAM_MspInit
                0x000000000800276c        0x8 CMakeFiles/testTFTforATKF4.elf.dir/Core/Src/fsmc.c.obj
                0x000000000800276c                HAL_SRAM_MspInit
 .text.MX_GPIO_Init
                0x0000000008002774      0x144 CMakeFiles/testTFTforATKF4.elf.dir/Core/Src/gpio.c.obj
                0x0000000008002774                MX_GPIO_Init
 .text.MX_I2C1_Init
                0x00000000080028b8       0x3c CMakeFiles/testTFTforATKF4.elf.dir/Core/Src/i2c.c.obj
                0x00000000080028b8                MX_I2C1_Init
 .text.HAL_I2C_MspInit
                0x00000000080028f4       0x74 CMakeFiles/testTFTforATKF4.elf.dir/Core/Src/i2c.c.obj
                0x00000000080028f4                HAL_I2C_MspInit
 .text.Error_Handler
                0x0000000008002968        0x4 CMakeFiles/testTFTforATKF4.elf.dir/Core/Src/main.c.obj
                0x0000000008002968                Error_Handler
 .text.SystemClock_Config
                0x000000000800296c       0xa8 CMakeFiles/testTFTforATKF4.elf.dir/Core/Src/main.c.obj
                0x000000000800296c                SystemClock_Config
 .text.main     0x0000000008002a14       0x24 CMakeFiles/testTFTforATKF4.elf.dir/Core/Src/main.c.obj
                0x0000000008002a14                main
 .text._Z8main_cppv
                0x0000000008002a38       0x5c CMakeFiles/testTFTforATKF4.elf.dir/Core/Src/main_cpp.cpp.obj
                0x0000000008002a38                main_cpp()
 .text.JumpToCpp
                0x0000000008002a94        0x6 CMakeFiles/testTFTforATKF4.elf.dir/Core/Src/main_cpp.cpp.obj
                0x0000000008002a94                JumpToCpp
 *fill*         0x0000000008002a9a        0x2 
 .text.HAL_MspInit
                0x0000000008002a9c       0x38 CMakeFiles/testTFTforATKF4.elf.dir/Core/Src/stm32f4xx_hal_msp.c.obj
                0x0000000008002a9c                HAL_MspInit
 .text.NMI_Handler
                0x0000000008002ad4        0x2 CMakeFiles/testTFTforATKF4.elf.dir/Core/Src/stm32f4xx_it.c.obj
                0x0000000008002ad4                NMI_Handler
 .text.HardFault_Handler
                0x0000000008002ad6        0x2 CMakeFiles/testTFTforATKF4.elf.dir/Core/Src/stm32f4xx_it.c.obj
                0x0000000008002ad6                HardFault_Handler
 .text.MemManage_Handler
                0x0000000008002ad8        0x2 CMakeFiles/testTFTforATKF4.elf.dir/Core/Src/stm32f4xx_it.c.obj
                0x0000000008002ad8                MemManage_Handler
 .text.BusFault_Handler
                0x0000000008002ada        0x2 CMakeFiles/testTFTforATKF4.elf.dir/Core/Src/stm32f4xx_it.c.obj
                0x0000000008002ada                BusFault_Handler
 .text.UsageFault_Handler
                0x0000000008002adc        0x2 CMakeFiles/testTFTforATKF4.elf.dir/Core/Src/stm32f4xx_it.c.obj
                0x0000000008002adc                UsageFault_Handler
 .text.SVC_Handler
                0x0000000008002ade        0x2 CMakeFiles/testTFTforATKF4.elf.dir/Core/Src/stm32f4xx_it.c.obj
                0x0000000008002ade                SVC_Handler
 .text.DebugMon_Handler
                0x0000000008002ae0        0x2 CMakeFiles/testTFTforATKF4.elf.dir/Core/Src/stm32f4xx_it.c.obj
                0x0000000008002ae0                DebugMon_Handler
 .text.PendSV_Handler
                0x0000000008002ae2        0x2 CMakeFiles/testTFTforATKF4.elf.dir/Core/Src/stm32f4xx_it.c.obj
                0x0000000008002ae2                PendSV_Handler
 .text.SysTick_Handler
                0x0000000008002ae4        0x8 CMakeFiles/testTFTforATKF4.elf.dir/Core/Src/stm32f4xx_it.c.obj
                0x0000000008002ae4                SysTick_Handler
 .text._getpid  0x0000000008002aec        0x4 CMakeFiles/testTFTforATKF4.elf.dir/Core/Src/syscalls.c.obj
                0x0000000008002aec                _getpid
 .text._kill    0x0000000008002af0       0x10 CMakeFiles/testTFTforATKF4.elf.dir/Core/Src/syscalls.c.obj
                0x0000000008002af0                _kill
 .text._exit    0x0000000008002b00        0xc CMakeFiles/testTFTforATKF4.elf.dir/Core/Src/syscalls.c.obj
                0x0000000008002b00                _exit
 .text._sbrk    0x0000000008002b0c       0x3c CMakeFiles/testTFTforATKF4.elf.dir/Core/Src/syscalls.c.obj
                0x0000000008002b0c                _sbrk
 .text.SystemInit
                0x0000000008002b48        0x2 CMakeFiles/testTFTforATKF4.elf.dir/Core/Src/system_stm32f4xx.c.obj
                0x0000000008002b48                SystemInit
 *fill*         0x0000000008002b4a        0x2 
 .text.MX_USART1_UART_Init
                0x0000000008002b4c       0x34 CMakeFiles/testTFTforATKF4.elf.dir/Core/Src/usart.c.obj
                0x0000000008002b4c                MX_USART1_UART_Init
 .text.HAL_UART_MspInit
                0x0000000008002b80       0x74 CMakeFiles/testTFTforATKF4.elf.dir/Core/Src/usart.c.obj
                0x0000000008002b80                HAL_UART_MspInit
 .text.HAL_InitTick
                0x0000000008002bf4       0x4c CMakeFiles/testTFTforATKF4.elf.dir/Drivers/STM32F4xx_HAL_Driver/Src/stm32f4xx_hal.c.obj
                0x0000000008002bf4                HAL_InitTick
 .text.HAL_Init
                0x0000000008002c40       0x34 CMakeFiles/testTFTforATKF4.elf.dir/Drivers/STM32F4xx_HAL_Driver/Src/stm32f4xx_hal.c.obj
                0x0000000008002c40                HAL_Init
 .text.HAL_IncTick
                0x0000000008002c74       0x18 CMakeFiles/testTFTforATKF4.elf.dir/Drivers/STM32F4xx_HAL_Driver/Src/stm32f4xx_hal.c.obj
                0x0000000008002c74                HAL_IncTick
 .text.HAL_GetTick
                0x0000000008002c8c        0xc CMakeFiles/testTFTforATKF4.elf.dir/Drivers/STM32F4xx_HAL_Driver/Src/stm32f4xx_hal.c.obj
                0x0000000008002c8c                HAL_GetTick
 .text.HAL_Delay
                0x0000000008002c98       0x28 CMakeFiles/testTFTforATKF4.elf.dir/Drivers/STM32F4xx_HAL_Driver/Src/stm32f4xx_hal.c.obj
                0x0000000008002c98                HAL_Delay
 .text.HAL_NVIC_SetPriorityGrouping
                0x0000000008002cc0       0x24 CMakeFiles/testTFTforATKF4.elf.dir/Drivers/STM32F4xx_HAL_Driver/Src/stm32f4xx_hal_cortex.c.obj
                0x0000000008002cc0                HAL_NVIC_SetPriorityGrouping
 .text.HAL_NVIC_SetPriority
                0x0000000008002ce4       0x68 CMakeFiles/testTFTforATKF4.elf.dir/Drivers/STM32F4xx_HAL_Driver/Src/stm32f4xx_hal_cortex.c.obj
                0x0000000008002ce4                HAL_NVIC_SetPriority
 .text.HAL_SYSTICK_Config
                0x0000000008002d4c       0x2c CMakeFiles/testTFTforATKF4.elf.dir/Drivers/STM32F4xx_HAL_Driver/Src/stm32f4xx_hal_cortex.c.obj
                0x0000000008002d4c                HAL_SYSTICK_Config
 .text.HAL_GPIO_Init
                0x0000000008002d78      0x1d4 CMakeFiles/testTFTforATKF4.elf.dir/Drivers/STM32F4xx_HAL_Driver/Src/stm32f4xx_hal_gpio.c.obj
                0x0000000008002d78                HAL_GPIO_Init
 .text.HAL_GPIO_ReadPin
                0x0000000008002f4c        0xe CMakeFiles/testTFTforATKF4.elf.dir/Drivers/STM32F4xx_HAL_Driver/Src/stm32f4xx_hal_gpio.c.obj
                0x0000000008002f4c                HAL_GPIO_ReadPin
 .text.HAL_GPIO_WritePin
                0x0000000008002f5a        0xc CMakeFiles/testTFTforATKF4.elf.dir/Drivers/STM32F4xx_HAL_Driver/Src/stm32f4xx_hal_gpio.c.obj
                0x0000000008002f5a                HAL_GPIO_WritePin
 .text.I2C_IsAcknowledgeFailed
                0x0000000008002f66       0x32 CMakeFiles/testTFTforATKF4.elf.dir/Drivers/STM32F4xx_HAL_Driver/Src/stm32f4xx_hal_i2c.c.obj
 .text.I2C_WaitOnFlagUntilTimeout
                0x0000000008002f98       0x74 CMakeFiles/testTFTforATKF4.elf.dir/Drivers/STM32F4xx_HAL_Driver/Src/stm32f4xx_hal_i2c.c.obj
 .text.I2C_WaitOnMasterAddressFlagUntilTimeout
                0x000000000800300c       0xaa CMakeFiles/testTFTforATKF4.elf.dir/Drivers/STM32F4xx_HAL_Driver/Src/stm32f4xx_hal_i2c.c.obj
 .text.I2C_WaitOnTXEFlagUntilTimeout
                0x00000000080030b6       0x54 CMakeFiles/testTFTforATKF4.elf.dir/Drivers/STM32F4xx_HAL_Driver/Src/stm32f4xx_hal_i2c.c.obj
 *fill*         0x000000000800310a        0x2 
 .text.I2C_RequestMemoryWrite
                0x000000000800310c       0xd8 CMakeFiles/testTFTforATKF4.elf.dir/Drivers/STM32F4xx_HAL_Driver/Src/stm32f4xx_hal_i2c.c.obj
 .text.I2C_RequestMemoryRead
                0x00000000080031e4      0x154 CMakeFiles/testTFTforATKF4.elf.dir/Drivers/STM32F4xx_HAL_Driver/Src/stm32f4xx_hal_i2c.c.obj
 .text.I2C_WaitOnBTFFlagUntilTimeout
                0x0000000008003338       0x54 CMakeFiles/testTFTforATKF4.elf.dir/Drivers/STM32F4xx_HAL_Driver/Src/stm32f4xx_hal_i2c.c.obj
 .text.I2C_WaitOnRXNEFlagUntilTimeout
                0x000000000800338c       0x6a CMakeFiles/testTFTforATKF4.elf.dir/Drivers/STM32F4xx_HAL_Driver/Src/stm32f4xx_hal_i2c.c.obj
 *fill*         0x00000000080033f6        0x2 
 .text.HAL_I2C_Init
                0x00000000080033f8      0x1bc CMakeFiles/testTFTforATKF4.elf.dir/Drivers/STM32F4xx_HAL_Driver/Src/stm32f4xx_hal_i2c.c.obj
                0x00000000080033f8                HAL_I2C_Init
 .text.HAL_I2C_Mem_Write
                0x00000000080035b4      0x164 CMakeFiles/testTFTforATKF4.elf.dir/Drivers/STM32F4xx_HAL_Driver/Src/stm32f4xx_hal_i2c.c.obj
                0x00000000080035b4                HAL_I2C_Mem_Write
 .text.HAL_I2C_Mem_Read
                0x0000000008003718      0x2e4 CMakeFiles/testTFTforATKF4.elf.dir/Drivers/STM32F4xx_HAL_Driver/Src/stm32f4xx_hal_i2c.c.obj
                0x0000000008003718                HAL_I2C_Mem_Read
 .text.HAL_RCC_OscConfig
                0x00000000080039fc      0x3f8 CMakeFiles/testTFTforATKF4.elf.dir/Drivers/STM32F4xx_HAL_Driver/Src/stm32f4xx_hal_rcc.c.obj
                0x00000000080039fc                HAL_RCC_OscConfig
 .text.HAL_RCC_GetSysClockFreq
                0x0000000008003df4       0xcc CMakeFiles/testTFTforATKF4.elf.dir/Drivers/STM32F4xx_HAL_Driver/Src/stm32f4xx_hal_rcc.c.obj
                0x0000000008003df4                HAL_RCC_GetSysClockFreq
 .text.HAL_RCC_ClockConfig
                0x0000000008003ec0      0x160 CMakeFiles/testTFTforATKF4.elf.dir/Drivers/STM32F4xx_HAL_Driver/Src/stm32f4xx_hal_rcc.c.obj
                0x0000000008003ec0                HAL_RCC_ClockConfig
 .text.HAL_RCC_GetHCLKFreq
                0x0000000008004020        0xc CMakeFiles/testTFTforATKF4.elf.dir/Drivers/STM32F4xx_HAL_Driver/Src/stm32f4xx_hal_rcc.c.obj
                0x0000000008004020                HAL_RCC_GetHCLKFreq
 .text.HAL_RCC_GetPCLK1Freq
                0x000000000800402c       0x20 CMakeFiles/testTFTforATKF4.elf.dir/Drivers/STM32F4xx_HAL_Driver/Src/stm32f4xx_hal_rcc.c.obj
                0x000000000800402c                HAL_RCC_GetPCLK1Freq
 .text.HAL_RCC_GetPCLK2Freq
                0x000000000800404c       0x20 CMakeFiles/testTFTforATKF4.elf.dir/Drivers/STM32F4xx_HAL_Driver/Src/stm32f4xx_hal_rcc.c.obj
                0x000000000800404c                HAL_RCC_GetPCLK2Freq
 .text.HAL_SRAM_Init
                0x000000000800406c       0x52 CMakeFiles/testTFTforATKF4.elf.dir/Drivers/STM32F4xx_HAL_Driver/Src/stm32f4xx_hal_sram.c.obj
                0x000000000800406c                HAL_SRAM_Init
 *fill*         0x00000000080040be        0x2 
 .text.UART_SetConfig
                0x00000000080040c0      0x11c CMakeFiles/testTFTforATKF4.elf.dir/Drivers/STM32F4xx_HAL_Driver/Src/stm32f4xx_hal_uart.c.obj
 .text.UART_WaitOnFlagUntilTimeout
                0x00000000080041dc       0x68 CMakeFiles/testTFTforATKF4.elf.dir/Drivers/STM32F4xx_HAL_Driver/Src/stm32f4xx_hal_uart.c.obj
 .text.HAL_UART_Init
                0x0000000008004244       0x5e CMakeFiles/testTFTforATKF4.elf.dir/Drivers/STM32F4xx_HAL_Driver/Src/stm32f4xx_hal_uart.c.obj
                0x0000000008004244                HAL_UART_Init
 .text.HAL_UART_Transmit
                0x00000000080042a2       0xd8 CMakeFiles/testTFTforATKF4.elf.dir/Drivers/STM32F4xx_HAL_Driver/Src/stm32f4xx_hal_uart.c.obj
                0x00000000080042a2                HAL_UART_Transmit
 *fill*         0x000000000800437a        0x2 
 .text.FSMC_NORSRAM_Init
                0x000000000800437c       0x5c CMakeFiles/testTFTforATKF4.elf.dir/Drivers/STM32F4xx_HAL_Driver/Src/stm32f4xx_ll_fsmc.c.obj
                0x000000000800437c                FSMC_NORSRAM_Init
 .text.FSMC_NORSRAM_Timing_Init
                0x00000000080043d8       0x40 CMakeFiles/testTFTforATKF4.elf.dir/Drivers/STM32F4xx_HAL_Driver/Src/stm32f4xx_ll_fsmc.c.obj
                0x00000000080043d8                FSMC_NORSRAM_Timing_Init
 .text.FSMC_NORSRAM_Extended_Timing_Init
                0x0000000008004418       0x44 CMakeFiles/testTFTforATKF4.elf.dir/Drivers/STM32F4xx_HAL_Driver/Src/stm32f4xx_ll_fsmc.c.obj
                0x0000000008004418                FSMC_NORSRAM_Extended_Timing_Init
 .text.LCD_WR_REG
                0x000000000800445c       0x18 CMakeFiles/testTFTforATKF4.elf.dir/Hardwares/LCD/lcd.c.obj
                0x000000000800445c                LCD_WR_REG
 .text.LCD_WR_DATA
                0x0000000008004474       0x18 CMakeFiles/testTFTforATKF4.elf.dir/Hardwares/LCD/lcd.c.obj
                0x0000000008004474                LCD_WR_DATA
 .text.LCD_RD_DATA
                0x000000000800448c       0x18 CMakeFiles/testTFTforATKF4.elf.dir/Hardwares/LCD/lcd.c.obj
                0x000000000800448c                LCD_RD_DATA
 .text.LCD_WriteReg
                0x00000000080044a4        0xc CMakeFiles/testTFTforATKF4.elf.dir/Hardwares/LCD/lcd.c.obj
                0x00000000080044a4                LCD_WriteReg
 .text.LCD_ReadReg
                0x00000000080044b0        0xc CMakeFiles/testTFTforATKF4.elf.dir/Hardwares/LCD/lcd.c.obj
                0x00000000080044b0                LCD_ReadReg
 .text.LCD_WriteRAM_Prepare
                0x00000000080044bc       0x14 CMakeFiles/testTFTforATKF4.elf.dir/Hardwares/LCD/lcd.c.obj
                0x00000000080044bc                LCD_WriteRAM_Prepare
 .text.LCD_Scan_Dir
                0x00000000080044d0      0x134 CMakeFiles/testTFTforATKF4.elf.dir/Hardwares/LCD/lcd.c.obj
                0x00000000080044d0                LCD_Scan_Dir
 .text.LCD_Display_Dir
                0x0000000008004604       0x84 CMakeFiles/testTFTforATKF4.elf.dir/Hardwares/LCD/lcd.c.obj
                0x0000000008004604                LCD_Display_Dir
 .text.LCD_SetCursor
                0x0000000008004688       0x40 CMakeFiles/testTFTforATKF4.elf.dir/Hardwares/LCD/lcd.c.obj
                0x0000000008004688                LCD_SetCursor
 .text.LCD_Clear
                0x00000000080046c8       0x34 CMakeFiles/testTFTforATKF4.elf.dir/Hardwares/LCD/lcd.c.obj
                0x00000000080046c8                LCD_Clear
 .text.LCD_DrawPoint
                0x00000000080046fc       0x1c CMakeFiles/testTFTforATKF4.elf.dir/Hardwares/LCD/lcd.c.obj
                0x00000000080046fc                LCD_DrawPoint
 .text.LCD_DrawLine
                0x0000000008004718       0x9e CMakeFiles/testTFTforATKF4.elf.dir/Hardwares/LCD/lcd.c.obj
                0x0000000008004718                LCD_DrawLine
 .text.LCD_Draw_Circle
                0x00000000080047b6       0xc6 CMakeFiles/testTFTforATKF4.elf.dir/Hardwares/LCD/lcd.c.obj
                0x00000000080047b6                LCD_Draw_Circle
 .text.LCD_Init
                0x000000000800487c      0x2a0 CMakeFiles/testTFTforATKF4.elf.dir/Hardwares/LCD/lcd.c.obj
                0x000000000800487c                LCD_Init
 .text.cmp      0x0000000008004b1c        0x8 CMakeFiles/testTFTforATKF4.elf.dir/Hardwares/touch/touch.c.obj
                0x0000000008004b1c                cmp
 .text.Set_CS_High
                0x0000000008004b24       0x14 CMakeFiles/testTFTforATKF4.elf.dir/Hardwares/touch/touch.c.obj
                0x0000000008004b24                Set_CS_High
 .text.Set_CS_Low
                0x0000000008004b38       0x14 CMakeFiles/testTFTforATKF4.elf.dir/Hardwares/touch/touch.c.obj
                0x0000000008004b38                Set_CS_Low
 .text.Set_MOSI_High
                0x0000000008004b4c       0x14 CMakeFiles/testTFTforATKF4.elf.dir/Hardwares/touch/touch.c.obj
                0x0000000008004b4c                Set_MOSI_High
 .text.Set_MOSI_Low
                0x0000000008004b60       0x14 CMakeFiles/testTFTforATKF4.elf.dir/Hardwares/touch/touch.c.obj
                0x0000000008004b60                Set_MOSI_Low
 .text.Set_SCK_High
                0x0000000008004b74       0x14 CMakeFiles/testTFTforATKF4.elf.dir/Hardwares/touch/touch.c.obj
                0x0000000008004b74                Set_SCK_High
 .text.Set_SCK_Low
                0x0000000008004b88       0x14 CMakeFiles/testTFTforATKF4.elf.dir/Hardwares/touch/touch.c.obj
                0x0000000008004b88                Set_SCK_Low
 .text.Read_MISO
                0x0000000008004b9c       0x18 CMakeFiles/testTFTforATKF4.elf.dir/Hardwares/touch/touch.c.obj
                0x0000000008004b9c                Read_MISO
 .text.Read_PEN
                0x0000000008004bb4       0x18 CMakeFiles/testTFTforATKF4.elf.dir/Hardwares/touch/touch.c.obj
                0x0000000008004bb4                Read_PEN
 .text.delay_us
                0x0000000008004bcc       0x9c CMakeFiles/testTFTforATKF4.elf.dir/Hardwares/touch/touch.c.obj
                0x0000000008004bcc                delay_us
 .text.SPI_WriteByte
                0x0000000008004c68       0x34 CMakeFiles/testTFTforATKF4.elf.dir/Hardwares/touch/touch.c.obj
                0x0000000008004c68                SPI_WriteByte
 .text.TP_Read_AD
                0x0000000008004c9c       0x6c CMakeFiles/testTFTforATKF4.elf.dir/Hardwares/touch/touch.c.obj
                0x0000000008004c9c                TP_Read_AD
 .text.TP_Read_XOrY
                0x0000000008004d08       0x70 CMakeFiles/testTFTforATKF4.elf.dir/Hardwares/touch/touch.c.obj
                0x0000000008004d08                TP_Read_XOrY
 .text.TP_Read_XY
                0x0000000008004d78       0x20 CMakeFiles/testTFTforATKF4.elf.dir/Hardwares/touch/touch.c.obj
                0x0000000008004d78                TP_Read_XY
 .text.TP_Read_XY_Twice
                0x0000000008004d98       0x74 CMakeFiles/testTFTforATKF4.elf.dir/Hardwares/touch/touch.c.obj
                0x0000000008004d98                TP_Read_XY_Twice
 .text.TP_Scan  0x0000000008004e0c       0x80 CMakeFiles/testTFTforATKF4.elf.dir/Hardwares/touch/touch.c.obj
                0x0000000008004e0c                TP_Scan
 *fill*         0x0000000008004e8c        0x4 
 .text.TP_Get_Adjdata
                0x0000000008004e90      0x108 CMakeFiles/testTFTforATKF4.elf.dir/Hardwares/touch/touch.c.obj
                0x0000000008004e90                TP_Get_Adjdata
 .text.TP_Save_Adjdata
                0x0000000008004f98       0xcc CMakeFiles/testTFTforATKF4.elf.dir/Hardwares/touch/touch.c.obj
                0x0000000008004f98                TP_Save_Adjdata
 .text.TP_Drow_Touch_Point
                0x0000000008005064       0x78 CMakeFiles/testTFTforATKF4.elf.dir/Hardwares/touch/touch.c.obj
                0x0000000008005064                TP_Drow_Touch_Point
 *fill*         0x00000000080050dc        0x4 
 .text.TP_Adjust
                0x00000000080050e0      0x4ec CMakeFiles/testTFTforATKF4.elf.dir/Hardwares/touch/touch.c.obj
                0x00000000080050e0                TP_Adjust
 .text.TP_Init  0x00000000080055cc       0x28 CMakeFiles/testTFTforATKF4.elf.dir/Hardwares/touch/touch.c.obj
                0x00000000080055cc                TP_Init
 .text.Reset_Handler
                0x00000000080055f4       0x50 CMakeFiles/testTFTforATKF4.elf.dir/startup/startup_stm32f407xx.s.obj
                0x00000000080055f4                Reset_Handler
 .text.Default_Handler
                0x0000000008005644        0x2 CMakeFiles/testTFTforATKF4.elf.dir/startup/startup_stm32f407xx.s.obj
                0x0000000008005644                DMA1_Stream3_IRQHandler
                0x0000000008005644                HASH_RNG_IRQHandler
                0x0000000008005644                EXTI2_IRQHandler
                0x0000000008005644                TIM8_CC_IRQHandler
                0x0000000008005644                TIM1_CC_IRQHandler
                0x0000000008005644                DMA2_Stream5_IRQHandler
                0x0000000008005644                DMA1_Stream5_IRQHandler
                0x0000000008005644                PVD_IRQHandler
                0x0000000008005644                SDIO_IRQHandler
                0x0000000008005644                TAMP_STAMP_IRQHandler
                0x0000000008005644                CAN2_RX1_IRQHandler
                0x0000000008005644                EXTI3_IRQHandler
                0x0000000008005644                TIM8_TRG_COM_TIM14_IRQHandler
                0x0000000008005644                TIM1_UP_TIM10_IRQHandler
                0x0000000008005644                TIM8_UP_TIM13_IRQHandler
                0x0000000008005644                I2C3_ER_IRQHandler
                0x0000000008005644                EXTI0_IRQHandler
                0x0000000008005644                I2C2_EV_IRQHandler
                0x0000000008005644                DMA1_Stream2_IRQHandler
                0x0000000008005644                CAN1_RX0_IRQHandler
                0x0000000008005644                FPU_IRQHandler
                0x0000000008005644                OTG_HS_WKUP_IRQHandler
                0x0000000008005644                CAN2_SCE_IRQHandler
                0x0000000008005644                DMA2_Stream2_IRQHandler
                0x0000000008005644                SPI1_IRQHandler
                0x0000000008005644                TIM6_DAC_IRQHandler
                0x0000000008005644                TIM1_BRK_TIM9_IRQHandler
                0x0000000008005644                DCMI_IRQHandler
                0x0000000008005644                CAN2_RX0_IRQHandler
                0x0000000008005644                DMA2_Stream3_IRQHandler
                0x0000000008005644                USART6_IRQHandler
                0x0000000008005644                USART3_IRQHandler
                0x0000000008005644                CAN1_RX1_IRQHandler
                0x0000000008005644                UART5_IRQHandler
                0x0000000008005644                DMA2_Stream0_IRQHandler
                0x0000000008005644                TIM4_IRQHandler
                0x0000000008005644                I2C1_EV_IRQHandler
                0x0000000008005644                DMA1_Stream6_IRQHandler
                0x0000000008005644                DMA1_Stream1_IRQHandler
                0x0000000008005644                UART4_IRQHandler
                0x0000000008005644                TIM3_IRQHandler
                0x0000000008005644                RCC_IRQHandler
                0x0000000008005644                TIM8_BRK_TIM12_IRQHandler
                0x0000000008005644                Default_Handler
                0x0000000008005644                EXTI15_10_IRQHandler
                0x0000000008005644                ADC_IRQHandler
                0x0000000008005644                DMA1_Stream7_IRQHandler
                0x0000000008005644                TIM7_IRQHandler
                0x0000000008005644                CAN2_TX_IRQHandler
                0x0000000008005644                TIM5_IRQHandler
                0x0000000008005644                DMA2_Stream7_IRQHandler
                0x0000000008005644                I2C3_EV_IRQHandler
                0x0000000008005644                EXTI9_5_IRQHandler
                0x0000000008005644                RTC_WKUP_IRQHandler
                0x0000000008005644                ETH_WKUP_IRQHandler
                0x0000000008005644                SPI2_IRQHandler
                0x0000000008005644                OTG_HS_EP1_IN_IRQHandler
                0x0000000008005644                DMA1_Stream0_IRQHandler
                0x0000000008005644                CAN1_TX_IRQHandler
                0x0000000008005644                EXTI4_IRQHandler
                0x0000000008005644                FSMC_IRQHandler
                0x0000000008005644                ETH_IRQHandler
                0x0000000008005644                OTG_HS_EP1_OUT_IRQHandler
                0x0000000008005644                WWDG_IRQHandler
                0x0000000008005644                TIM2_IRQHandler
                0x0000000008005644                OTG_FS_WKUP_IRQHandler
                0x0000000008005644                TIM1_TRG_COM_TIM11_IRQHandler
                0x0000000008005644                OTG_HS_IRQHandler
                0x0000000008005644                EXTI1_IRQHandler
                0x0000000008005644                USART2_IRQHandler
                0x0000000008005644                I2C2_ER_IRQHandler
                0x0000000008005644                DMA2_Stream1_IRQHandler
                0x0000000008005644                CAN1_SCE_IRQHandler
                0x0000000008005644                FLASH_IRQHandler
                0x0000000008005644                DMA2_Stream4_IRQHandler
                0x0000000008005644                USART1_IRQHandler
                0x0000000008005644                OTG_FS_IRQHandler
                0x0000000008005644                SPI3_IRQHandler
                0x0000000008005644                DMA1_Stream4_IRQHandler
                0x0000000008005644                I2C1_ER_IRQHandler
                0x0000000008005644                DMA2_Stream6_IRQHandler
                0x0000000008005644                RTC_Alarm_IRQHandler
 *fill*         0x0000000008005646        0x2 
 .text.sqrt     0x0000000008005648       0xc0 /usr/local/Caskroom/gcc-arm-embedded/9-2019-q4-major/gcc-arm-none-eabi-9-2019-q4-major/bin/../lib/gcc/arm-none-eabi/9.2.1/../../../../arm-none-eabi/lib/thumb/v7e-m/nofp/libm.a(lib_a-w_sqrt.o)
                0x0000000008005648                sqrt
 .text.__ieee754_sqrt
                0x0000000008005708      0x188 /usr/local/Caskroom/gcc-arm-embedded/9-2019-q4-major/gcc-arm-none-eabi-9-2019-q4-major/bin/../lib/gcc/arm-none-eabi/9.2.1/../../../../arm-none-eabi/lib/thumb/v7e-m/nofp/libm.a(lib_a-e_sqrt.o)
                0x0000000008005708                __ieee754_sqrt
 .text.matherr  0x0000000008005890        0x4 /usr/local/Caskroom/gcc-arm-embedded/9-2019-q4-major/gcc-arm-none-eabi-9-2019-q4-major/bin/../lib/gcc/arm-none-eabi/9.2.1/../../../../arm-none-eabi/lib/thumb/v7e-m/nofp/libm.a(lib_a-s_matherr.o)
                0x0000000008005890                matherr
 .text.abort    0x0000000008005894       0x10 /usr/local/Caskroom/gcc-arm-embedded/9-2019-q4-major/gcc-arm-none-eabi-9-2019-q4-major/bin/../lib/gcc/arm-none-eabi/9.2.1/../../../../arm-none-eabi/lib/thumb/v7e-m/nofp/libg.a(lib_a-abort.o)
                0x0000000008005894                abort
 .text.__errno  0x00000000080058a4        0xc /usr/local/Caskroom/gcc-arm-embedded/9-2019-q4-major/gcc-arm-none-eabi-9-2019-q4-major/bin/../lib/gcc/arm-none-eabi/9.2.1/../../../../arm-none-eabi/lib/thumb/v7e-m/nofp/libg.a(lib_a-errno.o)
                0x00000000080058a4                __errno
 .text.__libc_init_array
                0x00000000080058b0       0x48 /usr/local/Caskroom/gcc-arm-embedded/9-2019-q4-major/gcc-arm-none-eabi-9-2019-q4-major/bin/../lib/gcc/arm-none-eabi/9.2.1/../../../../arm-none-eabi/lib/thumb/v7e-m/nofp/libg.a(lib_a-init.o)
                0x00000000080058b0                __libc_init_array
 .text.memset   0x00000000080058f8       0xa0 /usr/local/Caskroom/gcc-arm-embedded/9-2019-q4-major/gcc-arm-none-eabi-9-2019-q4-major/bin/../lib/gcc/arm-none-eabi/9.2.1/../../../../arm-none-eabi/lib/thumb/v7e-m/nofp/libg.a(lib_a-memset.o)
                0x00000000080058f8                memset
 .text.qsort    0x0000000008005998      0x64c /usr/local/Caskroom/gcc-arm-embedded/9-2019-q4-major/gcc-arm-none-eabi-9-2019-q4-major/bin/../lib/gcc/arm-none-eabi/9.2.1/../../../../arm-none-eabi/lib/thumb/v7e-m/nofp/libg.a(lib_a-qsort.o)
                0x0000000008005998                qsort
 .text._raise_r
                0x0000000008005fe4       0x58 /usr/local/Caskroom/gcc-arm-embedded/9-2019-q4-major/gcc-arm-none-eabi-9-2019-q4-major/bin/../lib/gcc/arm-none-eabi/9.2.1/../../../../arm-none-eabi/lib/thumb/v7e-m/nofp/libg.a(lib_a-signal.o)
                0x0000000008005fe4                _raise_r
 .text.raise    0x000000000800603c       0x10 /usr/local/Caskroom/gcc-arm-embedded/9-2019-q4-major/gcc-arm-none-eabi-9-2019-q4-major/bin/../lib/gcc/arm-none-eabi/9.2.1/../../../../arm-none-eabi/lib/thumb/v7e-m/nofp/libg.a(lib_a-signal.o)
                0x000000000800603c                raise
 .text._kill_r  0x000000000800604c       0x2c /usr/local/Caskroom/gcc-arm-embedded/9-2019-q4-major/gcc-arm-none-eabi-9-2019-q4-major/bin/../lib/gcc/arm-none-eabi/9.2.1/../../../../arm-none-eabi/lib/thumb/v7e-m/nofp/libg.a(lib_a-signalr.o)
                0x000000000800604c                _kill_r
 .text._getpid_r
                0x0000000008006078        0x4 /usr/local/Caskroom/gcc-arm-embedded/9-2019-q4-major/gcc-arm-none-eabi-9-2019-q4-major/bin/../lib/gcc/arm-none-eabi/9.2.1/../../../../arm-none-eabi/lib/thumb/v7e-m/nofp/libg.a(lib_a-signalr.o)
                0x0000000008006078                _getpid_r
 .text.sprintf  0x000000000800607c       0x44 /usr/local/Caskroom/gcc-arm-embedded/9-2019-q4-major/gcc-arm-none-eabi-9-2019-q4-major/bin/../lib/gcc/arm-none-eabi/9.2.1/../../../../arm-none-eabi/lib/thumb/v7e-m/nofp/libg.a(lib_a-sprintf.o)
                0x000000000800607c                sprintf
 .text._svfprintf_r
                0x00000000080060c0     0x1acc /usr/local/Caskroom/gcc-arm-embedded/9-2019-q4-major/gcc-arm-none-eabi-9-2019-q4-major/bin/../lib/gcc/arm-none-eabi/9.2.1/../../../../arm-none-eabi/lib/thumb/v7e-m/nofp/libg.a(lib_a-svfprintf.o)
                0x00000000080060c0                _svfprintf_r
 .text.startup.register_fini
                0x0000000008007b8c       0x14 /usr/local/Caskroom/gcc-arm-embedded/9-2019-q4-major/gcc-arm-none-eabi-9-2019-q4-major/bin/../lib/gcc/arm-none-eabi/9.2.1/../../../../arm-none-eabi/lib/thumb/v7e-m/nofp/libg.a(lib_a-__call_atexit.o)
 .text.atexit   0x0000000008007ba0        0xc /usr/local/Caskroom/gcc-arm-embedded/9-2019-q4-major/gcc-arm-none-eabi-9-2019-q4-major/bin/../lib/gcc/arm-none-eabi/9.2.1/../../../../arm-none-eabi/lib/thumb/v7e-m/nofp/libg.a(lib_a-atexit.o)
                0x0000000008007ba0                atexit
 .text.quorem   0x0000000008007bac      0x11c /usr/local/Caskroom/gcc-arm-embedded/9-2019-q4-major/gcc-arm-none-eabi-9-2019-q4-major/bin/../lib/gcc/arm-none-eabi/9.2.1/../../../../arm-none-eabi/lib/thumb/v7e-m/nofp/libg.a(lib_a-dtoa.o)
 .text._dtoa_r  0x0000000008007cc8      0xeb8 /usr/local/Caskroom/gcc-arm-embedded/9-2019-q4-major/gcc-arm-none-eabi-9-2019-q4-major/bin/../lib/gcc/arm-none-eabi/9.2.1/../../../../arm-none-eabi/lib/thumb/v7e-m/nofp/libg.a(lib_a-dtoa.o)
                0x0000000008007cc8                _dtoa_r
 .text.__libc_fini_array
                0x0000000008008b80       0x2c /usr/local/Caskroom/gcc-arm-embedded/9-2019-q4-major/gcc-arm-none-eabi-9-2019-q4-major/bin/../lib/gcc/arm-none-eabi/9.2.1/../../../../arm-none-eabi/lib/thumb/v7e-m/nofp/libg.a(lib_a-fini.o)
                0x0000000008008b80                __libc_fini_array
 .text._malloc_trim_r
                0x0000000008008bac       0xa0 /usr/local/Caskroom/gcc-arm-embedded/9-2019-q4-major/gcc-arm-none-eabi-9-2019-q4-major/bin/../lib/gcc/arm-none-eabi/9.2.1/../../../../arm-none-eabi/lib/thumb/v7e-m/nofp/libg.a(lib_a-freer.o)
                0x0000000008008bac                _malloc_trim_r
 .text._free_r  0x0000000008008c4c      0x208 /usr/local/Caskroom/gcc-arm-embedded/9-2019-q4-major/gcc-arm-none-eabi-9-2019-q4-major/bin/../lib/gcc/arm-none-eabi/9.2.1/../../../../arm-none-eabi/lib/thumb/v7e-m/nofp/libg.a(lib_a-freer.o)
                0x0000000008008c4c                _free_r
 .text._localeconv_r
                0x0000000008008e54        0x8 /usr/local/Caskroom/gcc-arm-embedded/9-2019-q4-major/gcc-arm-none-eabi-9-2019-q4-major/bin/../lib/gcc/arm-none-eabi/9.2.1/../../../../arm-none-eabi/lib/thumb/v7e-m/nofp/libg.a(lib_a-localeconv.o)
                0x0000000008008e54                _localeconv_r
 .text.__retarget_lock_acquire_recursive
                0x0000000008008e5c        0x4 /usr/local/Caskroom/gcc-arm-embedded/9-2019-q4-major/gcc-arm-none-eabi-9-2019-q4-major/bin/../lib/gcc/arm-none-eabi/9.2.1/../../../../arm-none-eabi/lib/thumb/v7e-m/nofp/libg.a(lib_a-lock.o)
                0x0000000008008e5c                __retarget_lock_acquire_recursive
 .text.__retarget_lock_release_recursive
                0x0000000008008e60        0x4 /usr/local/Caskroom/gcc-arm-embedded/9-2019-q4-major/gcc-arm-none-eabi-9-2019-q4-major/bin/../lib/gcc/arm-none-eabi/9.2.1/../../../../arm-none-eabi/lib/thumb/v7e-m/nofp/libg.a(lib_a-lock.o)
                0x0000000008008e60                __retarget_lock_release_recursive
 .text._malloc_r
                0x0000000008008e64      0x574 /usr/local/Caskroom/gcc-arm-embedded/9-2019-q4-major/gcc-arm-none-eabi-9-2019-q4-major/bin/../lib/gcc/arm-none-eabi/9.2.1/../../../../arm-none-eabi/lib/thumb/v7e-m/nofp/libg.a(lib_a-mallocr.o)
                0x0000000008008e64                _malloc_r
 .text.__malloc_lock
                0x00000000080093d8        0xc /usr/local/Caskroom/gcc-arm-embedded/9-2019-q4-major/gcc-arm-none-eabi-9-2019-q4-major/bin/../lib/gcc/arm-none-eabi/9.2.1/../../../../arm-none-eabi/lib/thumb/v7e-m/nofp/libg.a(lib_a-mlock.o)
                0x00000000080093d8                __malloc_lock
 .text.__malloc_unlock
                0x00000000080093e4        0xc /usr/local/Caskroom/gcc-arm-embedded/9-2019-q4-major/gcc-arm-none-eabi-9-2019-q4-major/bin/../lib/gcc/arm-none-eabi/9.2.1/../../../../arm-none-eabi/lib/thumb/v7e-m/nofp/libg.a(lib_a-mlock.o)
                0x00000000080093e4                __malloc_unlock
 .text._Balloc  0x00000000080093f0       0x4c /usr/local/Caskroom/gcc-arm-embedded/9-2019-q4-major/gcc-arm-none-eabi-9-2019-q4-major/bin/../lib/gcc/arm-none-eabi/9.2.1/../../../../arm-none-eabi/lib/thumb/v7e-m/nofp/libg.a(lib_a-mprec.o)
                0x00000000080093f0                _Balloc
 .text._Bfree   0x000000000800943c       0x14 /usr/local/Caskroom/gcc-arm-embedded/9-2019-q4-major/gcc-arm-none-eabi-9-2019-q4-major/bin/../lib/gcc/arm-none-eabi/9.2.1/../../../../arm-none-eabi/lib/thumb/v7e-m/nofp/libg.a(lib_a-mprec.o)
                0x000000000800943c                _Bfree
 .text.__multadd
                0x0000000008009450       0x80 /usr/local/Caskroom/gcc-arm-embedded/9-2019-q4-major/gcc-arm-none-eabi-9-2019-q4-major/bin/../lib/gcc/arm-none-eabi/9.2.1/../../../../arm-none-eabi/lib/thumb/v7e-m/nofp/libg.a(lib_a-mprec.o)
                0x0000000008009450                __multadd
 .text.__hi0bits
                0x00000000080094d0       0x40 /usr/local/Caskroom/gcc-arm-embedded/9-2019-q4-major/gcc-arm-none-eabi-9-2019-q4-major/bin/../lib/gcc/arm-none-eabi/9.2.1/../../../../arm-none-eabi/lib/thumb/v7e-m/nofp/libg.a(lib_a-mprec.o)
                0x00000000080094d0                __hi0bits
 .text.__lo0bits
                0x0000000008009510       0x60 /usr/local/Caskroom/gcc-arm-embedded/9-2019-q4-major/gcc-arm-none-eabi-9-2019-q4-major/bin/../lib/gcc/arm-none-eabi/9.2.1/../../../../arm-none-eabi/lib/thumb/v7e-m/nofp/libg.a(lib_a-mprec.o)
                0x0000000008009510                __lo0bits
 .text.__i2b    0x0000000008009570       0x14 /usr/local/Caskroom/gcc-arm-embedded/9-2019-q4-major/gcc-arm-none-eabi-9-2019-q4-major/bin/../lib/gcc/arm-none-eabi/9.2.1/../../../../arm-none-eabi/lib/thumb/v7e-m/nofp/libg.a(lib_a-mprec.o)
                0x0000000008009570                __i2b
 .text.__multiply
                0x0000000008009584      0x144 /usr/local/Caskroom/gcc-arm-embedded/9-2019-q4-major/gcc-arm-none-eabi-9-2019-q4-major/bin/../lib/gcc/arm-none-eabi/9.2.1/../../../../arm-none-eabi/lib/thumb/v7e-m/nofp/libg.a(lib_a-mprec.o)
                0x0000000008009584                __multiply
 .text.__pow5mult
                0x00000000080096c8       0xa0 /usr/local/Caskroom/gcc-arm-embedded/9-2019-q4-major/gcc-arm-none-eabi-9-2019-q4-major/bin/../lib/gcc/arm-none-eabi/9.2.1/../../../../arm-none-eabi/lib/thumb/v7e-m/nofp/libg.a(lib_a-mprec.o)
                0x00000000080096c8                __pow5mult
 .text.__lshift
                0x0000000008009768       0xd4 /usr/local/Caskroom/gcc-arm-embedded/9-2019-q4-major/gcc-arm-none-eabi-9-2019-q4-major/bin/../lib/gcc/arm-none-eabi/9.2.1/../../../../arm-none-eabi/lib/thumb/v7e-m/nofp/libg.a(lib_a-mprec.o)
                0x0000000008009768                __lshift
 .text.__mcmp   0x000000000800983c       0x3c /usr/local/Caskroom/gcc-arm-embedded/9-2019-q4-major/gcc-arm-none-eabi-9-2019-q4-major/bin/../lib/gcc/arm-none-eabi/9.2.1/../../../../arm-none-eabi/lib/thumb/v7e-m/nofp/libg.a(lib_a-mprec.o)
                0x000000000800983c                __mcmp
 .text.__mdiff  0x0000000008009878      0x138 /usr/local/Caskroom/gcc-arm-embedded/9-2019-q4-major/gcc-arm-none-eabi-9-2019-q4-major/bin/../lib/gcc/arm-none-eabi/9.2.1/../../../../arm-none-eabi/lib/thumb/v7e-m/nofp/libg.a(lib_a-mprec.o)
                0x0000000008009878                __mdiff
 .text.__d2b    0x00000000080099b0       0xa8 /usr/local/Caskroom/gcc-arm-embedded/9-2019-q4-major/gcc-arm-none-eabi-9-2019-q4-major/bin/../lib/gcc/arm-none-eabi/9.2.1/../../../../arm-none-eabi/lib/thumb/v7e-m/nofp/libg.a(lib_a-mprec.o)
                0x00000000080099b0                __d2b
 .text.frexp    0x0000000008009a58       0x70 /usr/local/Caskroom/gcc-arm-embedded/9-2019-q4-major/gcc-arm-none-eabi-9-2019-q4-major/bin/../lib/gcc/arm-none-eabi/9.2.1/../../../../arm-none-eabi/lib/thumb/v7e-m/nofp/libg.a(lib_a-s_frexp.o)
                0x0000000008009a58                frexp
 .text._sbrk_r  0x0000000008009ac8       0x24 /usr/local/Caskroom/gcc-arm-embedded/9-2019-q4-major/gcc-arm-none-eabi-9-2019-q4-major/bin/../lib/gcc/arm-none-eabi/9.2.1/../../../../arm-none-eabi/lib/thumb/v7e-m/nofp/libg.a(lib_a-sbrkr.o)
                0x0000000008009ac8                _sbrk_r
 .text.strncpy  0x0000000008009aec       0x68 /usr/local/Caskroom/gcc-arm-embedded/9-2019-q4-major/gcc-arm-none-eabi-9-2019-q4-major/bin/../lib/gcc/arm-none-eabi/9.2.1/../../../../arm-none-eabi/lib/thumb/v7e-m/nofp/libg.a(lib_a-strncpy.o)
                0x0000000008009aec                strncpy
 .text.__ssprint_r
                0x0000000008009b54       0xf8 /usr/local/Caskroom/gcc-arm-embedded/9-2019-q4-major/gcc-arm-none-eabi-9-2019-q4-major/bin/../lib/gcc/arm-none-eabi/9.2.1/../../../../arm-none-eabi/lib/thumb/v7e-m/nofp/libg.a(lib_a-svfiprintf.o)
                0x0000000008009b54                __ssprint_r
 .text.__register_exitproc
                0x0000000008009c4c       0x8c /usr/local/Caskroom/gcc-arm-embedded/9-2019-q4-major/gcc-arm-none-eabi-9-2019-q4-major/bin/../lib/gcc/arm-none-eabi/9.2.1/../../../../arm-none-eabi/lib/thumb/v7e-m/nofp/libg.a(lib_a-__atexit.o)
                0x0000000008009c4c                __register_exitproc
 .text._calloc_r
                0x0000000008009cd8       0x60 /usr/local/Caskroom/gcc-arm-embedded/9-2019-q4-major/gcc-arm-none-eabi-9-2019-q4-major/bin/../lib/gcc/arm-none-eabi/9.2.1/../../../../arm-none-eabi/lib/thumb/v7e-m/nofp/libg.a(lib_a-callocr.o)
                0x0000000008009cd8                _calloc_r
 .text.__ascii_mbtowc
                0x0000000008009d38       0x2c /usr/local/Caskroom/gcc-arm-embedded/9-2019-q4-major/gcc-arm-none-eabi-9-2019-q4-major/bin/../lib/gcc/arm-none-eabi/9.2.1/../../../../arm-none-eabi/lib/thumb/v7e-m/nofp/libg.a(lib_a-mbtowc_r.o)
                0x0000000008009d38                __ascii_mbtowc
 .text.memmove  0x0000000008009d64       0xd8 /usr/local/Caskroom/gcc-arm-embedded/9-2019-q4-major/gcc-arm-none-eabi-9-2019-q4-major/bin/../lib/gcc/arm-none-eabi/9.2.1/../../../../arm-none-eabi/lib/thumb/v7e-m/nofp/libg.a(lib_a-memmove.o)
                0x0000000008009d64                memmove
 .text._realloc_r
                0x0000000008009e3c      0x3e0 /usr/local/Caskroom/gcc-arm-embedded/9-2019-q4-major/gcc-arm-none-eabi-9-2019-q4-major/bin/../lib/gcc/arm-none-eabi/9.2.1/../../../../arm-none-eabi/lib/thumb/v7e-m/nofp/libg.a(lib_a-reallocr.o)
                0x0000000008009e3c                _realloc_r
 .text.__ascii_wctomb
                0x000000000800a21c       0x1c /usr/local/Caskroom/gcc-arm-embedded/9-2019-q4-major/gcc-arm-none-eabi-9-2019-q4-major/bin/../lib/gcc/arm-none-eabi/9.2.1/../../../../arm-none-eabi/lib/thumb/v7e-m/nofp/libg.a(lib_a-wctomb_r.o)
                0x000000000800a21c                __ascii_wctomb
 *(.glue_7)
 .glue_7        0x000000000800a238        0x0 linker stubs
 *(.glue_7t)
 .glue_7t       0x000000000800a238        0x0 linker stubs
 *(.eh_frame)
 .eh_frame      0x000000000800a238        0x0 /usr/local/Caskroom/gcc-arm-embedded/9-2019-q4-major/gcc-arm-none-eabi-9-2019-q4-major/bin/../lib/gcc/arm-none-eabi/9.2.1/thumb/v7e-m/nofp/crtbegin.o
 *(.init)
 .init          0x000000000800a238        0x4 /usr/local/Caskroom/gcc-arm-embedded/9-2019-q4-major/gcc-arm-none-eabi-9-2019-q4-major/bin/../lib/gcc/arm-none-eabi/9.2.1/thumb/v7e-m/nofp/crti.o
                0x000000000800a238                _init
 .init          0x000000000800a23c        0x8 /usr/local/Caskroom/gcc-arm-embedded/9-2019-q4-major/gcc-arm-none-eabi-9-2019-q4-major/bin/../lib/gcc/arm-none-eabi/9.2.1/thumb/v7e-m/nofp/crtn.o
 *(.fini)
 .fini          0x000000000800a244        0x4 /usr/local/Caskroom/gcc-arm-embedded/9-2019-q4-major/gcc-arm-none-eabi-9-2019-q4-major/bin/../lib/gcc/arm-none-eabi/9.2.1/thumb/v7e-m/nofp/crti.o
                0x000000000800a244                _fini
 .fini          0x000000000800a248        0x8 /usr/local/Caskroom/gcc-arm-embedded/9-2019-q4-major/gcc-arm-none-eabi-9-2019-q4-major/bin/../lib/gcc/arm-none-eabi/9.2.1/thumb/v7e-m/nofp/crtn.o
                0x000000000800a250                . = ALIGN (0x4)
                0x000000000800a250                _etext = .

.vfp11_veneer   0x000000000800a250        0x0
 .vfp11_veneer  0x000000000800a250        0x0 linker stubs

.v4_bx          0x000000000800a250        0x0
 .v4_bx         0x000000000800a250        0x0 linker stubs

.iplt           0x000000000800a250        0x0
 .iplt          0x000000000800a250        0x0 /usr/local/Caskroom/gcc-arm-embedded/9-2019-q4-major/gcc-arm-none-eabi-9-2019-q4-major/bin/../lib/gcc/arm-none-eabi/9.2.1/thumb/v7e-m/nofp/crtbegin.o

.rodata         0x000000000800a250      0x2b8
                0x000000000800a250                . = ALIGN (0x4)
 *(.rodata)
 *(.rodata*)
 .rodata._Z8main_cppv.str1.4
                0x000000000800a250        0xb CMakeFiles/testTFTforATKF4.elf.dir/Core/Src/main_cpp.cpp.obj
 *fill*         0x000000000800a25b        0x1 
 .rodata.AHBPrescTable
                0x000000000800a25c       0x10 CMakeFiles/testTFTforATKF4.elf.dir/Core/Src/system_stm32f4xx.c.obj
                0x000000000800a25c                AHBPrescTable
 .rodata.APBPrescTable
                0x000000000800a26c        0x8 CMakeFiles/testTFTforATKF4.elf.dir/Core/Src/system_stm32f4xx.c.obj
                0x000000000800a26c                APBPrescTable
 .rodata.sqrt.str1.4
                0x000000000800a274        0x5 /usr/local/Caskroom/gcc-arm-embedded/9-2019-q4-major/gcc-arm-none-eabi-9-2019-q4-major/bin/../lib/gcc/arm-none-eabi/9.2.1/../../../../arm-none-eabi/lib/thumb/v7e-m/nofp/libm.a(lib_a-w_sqrt.o)
 *fill*         0x000000000800a279        0x3 
 .rodata._global_impure_ptr
                0x000000000800a27c        0x4 /usr/local/Caskroom/gcc-arm-embedded/9-2019-q4-major/gcc-arm-none-eabi-9-2019-q4-major/bin/../lib/gcc/arm-none-eabi/9.2.1/../../../../arm-none-eabi/lib/thumb/v7e-m/nofp/libg.a(lib_a-impure.o)
                0x000000000800a27c                _global_impure_ptr
 .rodata._svfprintf_r.str1.4
                0x000000000800a280       0x42 /usr/local/Caskroom/gcc-arm-embedded/9-2019-q4-major/gcc-arm-none-eabi-9-2019-q4-major/bin/../lib/gcc/arm-none-eabi/9.2.1/../../../../arm-none-eabi/lib/thumb/v7e-m/nofp/libg.a(lib_a-svfprintf.o)
 *fill*         0x000000000800a2c2        0x2 
 .rodata.blanks.7345
                0x000000000800a2c4       0x10 /usr/local/Caskroom/gcc-arm-embedded/9-2019-q4-major/gcc-arm-none-eabi-9-2019-q4-major/bin/../lib/gcc/arm-none-eabi/9.2.1/../../../../arm-none-eabi/lib/thumb/v7e-m/nofp/libg.a(lib_a-svfprintf.o)
 .rodata.zeroes.7346
                0x000000000800a2d4       0x10 /usr/local/Caskroom/gcc-arm-embedded/9-2019-q4-major/gcc-arm-none-eabi-9-2019-q4-major/bin/../lib/gcc/arm-none-eabi/9.2.1/../../../../arm-none-eabi/lib/thumb/v7e-m/nofp/libg.a(lib_a-svfprintf.o)
 .rodata._dtoa_r.str1.4
                0x000000000800a2e4        0xd /usr/local/Caskroom/gcc-arm-embedded/9-2019-q4-major/gcc-arm-none-eabi-9-2019-q4-major/bin/../lib/gcc/arm-none-eabi/9.2.1/../../../../arm-none-eabi/lib/thumb/v7e-m/nofp/libg.a(lib_a-dtoa.o)
                                         0x12 (size before relaxing)
 *fill*         0x000000000800a2f1        0x7 
 .rodata.__mprec_bigtens
                0x000000000800a2f8       0x28 /usr/local/Caskroom/gcc-arm-embedded/9-2019-q4-major/gcc-arm-none-eabi-9-2019-q4-major/bin/../lib/gcc/arm-none-eabi/9.2.1/../../../../arm-none-eabi/lib/thumb/v7e-m/nofp/libg.a(lib_a-mprec.o)
                0x000000000800a2f8                __mprec_bigtens
 .rodata.__mprec_tens
                0x000000000800a320       0xc8 /usr/local/Caskroom/gcc-arm-embedded/9-2019-q4-major/gcc-arm-none-eabi-9-2019-q4-major/bin/../lib/gcc/arm-none-eabi/9.2.1/../../../../arm-none-eabi/lib/thumb/v7e-m/nofp/libg.a(lib_a-mprec.o)
                0x000000000800a320                __mprec_tens
 .rodata.p05.6115
                0x000000000800a3e8        0xc /usr/local/Caskroom/gcc-arm-embedded/9-2019-q4-major/gcc-arm-none-eabi-9-2019-q4-major/bin/../lib/gcc/arm-none-eabi/9.2.1/../../../../arm-none-eabi/lib/thumb/v7e-m/nofp/libg.a(lib_a-mprec.o)
 .rodata._setlocale_r.str1.4
                0x000000000800a3f4        0xa /usr/local/Caskroom/gcc-arm-embedded/9-2019-q4-major/gcc-arm-none-eabi-9-2019-q4-major/bin/../lib/gcc/arm-none-eabi/9.2.1/../../../../arm-none-eabi/lib/thumb/v7e-m/nofp/libg.a(lib_a-locale.o)
                                          0xd (size before relaxing)
 *fill*         0x000000000800a3fe        0x2 
 .rodata.str1.4
                0x000000000800a400        0x2 /usr/local/Caskroom/gcc-arm-embedded/9-2019-q4-major/gcc-arm-none-eabi-9-2019-q4-major/bin/../lib/gcc/arm-none-eabi/9.2.1/../../../../arm-none-eabi/lib/thumb/v7e-m/nofp/libg.a(lib_a-locale.o)
 *fill*         0x000000000800a402        0x2 
 .rodata._ctype_
                0x000000000800a404      0x101 /usr/local/Caskroom/gcc-arm-embedded/9-2019-q4-major/gcc-arm-none-eabi-9-2019-q4-major/bin/../lib/gcc/arm-none-eabi/9.2.1/../../../../arm-none-eabi/lib/thumb/v7e-m/nofp/libg.a(lib_a-ctype_.o)
                0x000000000800a404                _ctype_
                0x000000000800a508                . = ALIGN (0x4)
 *fill*         0x000000000800a505        0x3 

.ARM.extab      0x000000000800a508       0x24
 *(.ARM.extab* .gnu.linkonce.armextab.*)
 .ARM.extab.text.JumpToCpp
                0x000000000800a508        0xc CMakeFiles/testTFTforATKF4.elf.dir/Core/Src/main_cpp.cpp.obj
 .ARM.extab     0x000000000800a514       0x18 /usr/local/Caskroom/gcc-arm-embedded/9-2019-q4-major/gcc-arm-none-eabi-9-2019-q4-major/bin/../lib/gcc/arm-none-eabi/9.2.1/thumb/v7e-m/nofp/libgcc.a(pr-support.o)

.ARM            0x000000000800a52c       0xd0
                0x000000000800a52c                __exidx_start = .
 *(.ARM.exidx*)
 .ARM.exidx.text._Z8main_cppv
                0x000000000800a5e4        0x8 CMakeFiles/testTFTforATKF4.elf.dir/Core/Src/main_cpp.cpp.obj
 .ARM.exidx.text.JumpToCpp
                0x000000000800a5ec       0x10 CMakeFiles/testTFTforATKF4.elf.dir/Core/Src/main_cpp.cpp.obj
                                          0x8 (size before relaxing)
 .ARM.exidx     0x000000000800a52c        0x8 /usr/local/Caskroom/gcc-arm-embedded/9-2019-q4-major/gcc-arm-none-eabi-9-2019-q4-major/bin/../lib/gcc/arm-none-eabi/9.2.1/thumb/v7e-m/nofp/libgcc.a(_udivmoddi4.o)
 .ARM.exidx     0x000000000800a534       0x78 /usr/local/Caskroom/gcc-arm-embedded/9-2019-q4-major/gcc-arm-none-eabi-9-2019-q4-major/bin/../lib/gcc/arm-none-eabi/9.2.1/thumb/v7e-m/nofp/libgcc.a(unwind-arm.o)
                                         0xd8 (size before relaxing)
 .ARM.exidx     0x000000000800a5ac       0x38 /usr/local/Caskroom/gcc-arm-embedded/9-2019-q4-major/gcc-arm-none-eabi-9-2019-q4-major/bin/../lib/gcc/arm-none-eabi/9.2.1/thumb/v7e-m/nofp/libgcc.a(pr-support.o)
                0x000000000800a5fc                __exidx_end = .

.rel.dyn        0x000000000800a5fc        0x0
 .rel.iplt      0x000000000800a5fc        0x0 /usr/local/Caskroom/gcc-arm-embedded/9-2019-q4-major/gcc-arm-none-eabi-9-2019-q4-major/bin/../lib/gcc/arm-none-eabi/9.2.1/thumb/v7e-m/nofp/crtbegin.o

.preinit_array  0x000000000800a5fc        0x0
                0x000000000800a5fc                PROVIDE (__preinit_array_start = .)
 *(.preinit_array*)
                0x000000000800a5fc                PROVIDE (__preinit_array_end = .)

.init_array     0x000000000800a5fc        0x8
                0x000000000800a5fc                PROVIDE (__init_array_start = .)
 *(SORT_BY_NAME(.init_array.*))
 .init_array.00000
                0x000000000800a5fc        0x4 /usr/local/Caskroom/gcc-arm-embedded/9-2019-q4-major/gcc-arm-none-eabi-9-2019-q4-major/bin/../lib/gcc/arm-none-eabi/9.2.1/../../../../arm-none-eabi/lib/thumb/v7e-m/nofp/libg.a(lib_a-__call_atexit.o)
 *(.init_array*)
 .init_array    0x000000000800a600        0x4 /usr/local/Caskroom/gcc-arm-embedded/9-2019-q4-major/gcc-arm-none-eabi-9-2019-q4-major/bin/../lib/gcc/arm-none-eabi/9.2.1/thumb/v7e-m/nofp/crtbegin.o
                0x000000000800a604                PROVIDE (__init_array_end = .)

.fini_array     0x000000000800a604        0x4
                0x000000000800a604                PROVIDE (__fini_array_start = .)
 *(SORT_BY_NAME(.fini_array.*))
 *(.fini_array*)
 .fini_array    0x000000000800a604        0x4 /usr/local/Caskroom/gcc-arm-embedded/9-2019-q4-major/gcc-arm-none-eabi-9-2019-q4-major/bin/../lib/gcc/arm-none-eabi/9.2.1/thumb/v7e-m/nofp/crtbegin.o
                0x000000000800a608                PROVIDE (__fini_array_end = .)
                0x000000000800a608                _sidata = LOADADDR (.data)

.data           0x0000000020000000      0x9c0 load address 0x000000000800a608
                0x0000000020000000                . = ALIGN (0x4)
                0x0000000020000000                _sdata = .
 *(.data)
 *(.data*)
 .data.SystemCoreClock
                0x0000000020000000        0x4 CMakeFiles/testTFTforATKF4.elf.dir/Core/Src/system_stm32f4xx.c.obj
                0x0000000020000000                SystemCoreClock
 .data.uwTickFreq
                0x0000000020000004        0x1 CMakeFiles/testTFTforATKF4.elf.dir/Drivers/STM32F4xx_HAL_Driver/Src/stm32f4xx_hal.c.obj
                0x0000000020000004                uwTickFreq
 *fill*         0x0000000020000005        0x3 
 .data.uwTickPrio
                0x0000000020000008        0x4 CMakeFiles/testTFTforATKF4.elf.dir/Drivers/STM32F4xx_HAL_Driver/Src/stm32f4xx_hal.c.obj
                0x0000000020000008                uwTickPrio
 .data.BACK_COLOR
                0x000000002000000c        0x2 CMakeFiles/testTFTforATKF4.elf.dir/Hardwares/LCD/lcd.c.obj
                0x000000002000000c                BACK_COLOR
 .data.__fdlib_version
                0x000000002000000e        0x1 /usr/local/Caskroom/gcc-arm-embedded/9-2019-q4-major/gcc-arm-none-eabi-9-2019-q4-major/bin/../lib/gcc/arm-none-eabi/9.2.1/../../../../arm-none-eabi/lib/thumb/v7e-m/nofp/libm.a(lib_a-s_lib_ver.o)
                0x000000002000000e                __fdlib_version
 *fill*         0x000000002000000f        0x1 
 .data._impure_ptr
                0x0000000020000010        0x4 /usr/local/Caskroom/gcc-arm-embedded/9-2019-q4-major/gcc-arm-none-eabi-9-2019-q4-major/bin/../lib/gcc/arm-none-eabi/9.2.1/../../../../arm-none-eabi/lib/thumb/v7e-m/nofp/libg.a(lib_a-impure.o)
                0x0000000020000010                _impure_ptr
 *fill*         0x0000000020000014        0x4 
 .data.impure_data
                0x0000000020000018      0x428 /usr/local/Caskroom/gcc-arm-embedded/9-2019-q4-major/gcc-arm-none-eabi-9-2019-q4-major/bin/../lib/gcc/arm-none-eabi/9.2.1/../../../../arm-none-eabi/lib/thumb/v7e-m/nofp/libg.a(lib_a-impure.o)
 .data.__atexit_recursive_mutex
                0x0000000020000440        0x4 /usr/local/Caskroom/gcc-arm-embedded/9-2019-q4-major/gcc-arm-none-eabi-9-2019-q4-major/bin/../lib/gcc/arm-none-eabi/9.2.1/../../../../arm-none-eabi/lib/thumb/v7e-m/nofp/libg.a(lib_a-__call_atexit.o)
                0x0000000020000440                __atexit_recursive_mutex
 .data.__malloc_av_
                0x0000000020000444      0x408 /usr/local/Caskroom/gcc-arm-embedded/9-2019-q4-major/gcc-arm-none-eabi-9-2019-q4-major/bin/../lib/gcc/arm-none-eabi/9.2.1/../../../../arm-none-eabi/lib/thumb/v7e-m/nofp/libg.a(lib_a-mallocr.o)
                0x0000000020000444                __malloc_av_
 .data.__malloc_sbrk_base
                0x000000002000084c        0x4 /usr/local/Caskroom/gcc-arm-embedded/9-2019-q4-major/gcc-arm-none-eabi-9-2019-q4-major/bin/../lib/gcc/arm-none-eabi/9.2.1/../../../../arm-none-eabi/lib/thumb/v7e-m/nofp/libg.a(lib_a-mallocr.o)
                0x000000002000084c                __malloc_sbrk_base
 .data.__malloc_trim_threshold
                0x0000000020000850        0x4 /usr/local/Caskroom/gcc-arm-embedded/9-2019-q4-major/gcc-arm-none-eabi-9-2019-q4-major/bin/../lib/gcc/arm-none-eabi/9.2.1/../../../../arm-none-eabi/lib/thumb/v7e-m/nofp/libg.a(lib_a-mallocr.o)
                0x0000000020000850                __malloc_trim_threshold
 .data.__global_locale
                0x0000000020000854      0x16c /usr/local/Caskroom/gcc-arm-embedded/9-2019-q4-major/gcc-arm-none-eabi-9-2019-q4-major/bin/../lib/gcc/arm-none-eabi/9.2.1/../../../../arm-none-eabi/lib/thumb/v7e-m/nofp/libg.a(lib_a-locale.o)
                0x0000000020000854                __global_locale
                0x00000000200009c0                . = ALIGN (0x4)
                0x00000000200009c0                _edata = .
                0x000000000800afc8                _siccmram = LOADADDR (.ccmram)

.igot.plt       0x00000000200009c0        0x0 load address 0x000000000800afc8
 .igot.plt      0x00000000200009c0        0x0 /usr/local/Caskroom/gcc-arm-embedded/9-2019-q4-major/gcc-arm-none-eabi-9-2019-q4-major/bin/../lib/gcc/arm-none-eabi/9.2.1/thumb/v7e-m/nofp/crtbegin.o

.ccmram         0x0000000010000000        0x0 load address 0x000000000800afc8
                0x0000000010000000                . = ALIGN (0x4)
                0x0000000010000000                _sccmram = .
 *(.ccmram)
 *(.ccmram*)
                0x0000000010000000                . = ALIGN (0x4)
                0x0000000010000000                _eccmram = .
                0x0000000010000000                . = ALIGN (0x4)

.bss            0x00000000200009c0      0x198
                0x00000000200009c0                _sbss = .
                0x00000000200009c0                __bss_start__ = _sbss
 *(.bss)
 .bss           0x00000000200009c0       0x1c /usr/local/Caskroom/gcc-arm-embedded/9-2019-q4-major/gcc-arm-none-eabi-9-2019-q4-major/bin/../lib/gcc/arm-none-eabi/9.2.1/thumb/v7e-m/nofp/crtbegin.o
 *(.bss*)
 .bss.FSMC_Initialized
                0x00000000200009dc        0x4 CMakeFiles/testTFTforATKF4.elf.dir/Core/Src/fsmc.c.obj
 .bss.hsram1    0x00000000200009e0       0x50 CMakeFiles/testTFTforATKF4.elf.dir/Core/Src/fsmc.c.obj
                0x00000000200009e0                hsram1
 .bss.hi2c1     0x0000000020000a30       0x54 CMakeFiles/testTFTforATKF4.elf.dir/Core/Src/i2c.c.obj
                0x0000000020000a30                hi2c1
 .bss.heap_end.6023
                0x0000000020000a84        0x4 CMakeFiles/testTFTforATKF4.elf.dir/Core/Src/syscalls.c.obj
 .bss.huart1    0x0000000020000a88       0x44 CMakeFiles/testTFTforATKF4.elf.dir/Core/Src/usart.c.obj
                0x0000000020000a88                huart1
 .bss.uwTick    0x0000000020000acc        0x4 CMakeFiles/testTFTforATKF4.elf.dir/Drivers/STM32F4xx_HAL_Driver/Src/stm32f4xx_hal.c.obj
                0x0000000020000acc                uwTick
 .bss.POINT_COLOR
                0x0000000020000ad0        0x2 CMakeFiles/testTFTforATKF4.elf.dir/Hardwares/LCD/lcd.c.obj
                0x0000000020000ad0                POINT_COLOR
 *fill*         0x0000000020000ad2        0x2 
 .bss.lcddev    0x0000000020000ad4        0xe CMakeFiles/testTFTforATKF4.elf.dir/Hardwares/LCD/lcd.c.obj
                0x0000000020000ad4                lcddev
 *fill*         0x0000000020000ae2        0x2 
 .bss.pos       0x0000000020000ae4        0x4 CMakeFiles/testTFTforATKF4.elf.dir/Hardwares/touch/touch.c.obj
                0x0000000020000ae4                pos
 .bss.sta       0x0000000020000ae8        0x1 CMakeFiles/testTFTforATKF4.elf.dir/Hardwares/touch/touch.c.obj
                0x0000000020000ae8                sta
 .bss.touchtype
                0x0000000020000ae9        0x1 CMakeFiles/testTFTforATKF4.elf.dir/Hardwares/touch/touch.c.obj
                0x0000000020000ae9                touchtype
 *fill*         0x0000000020000aea        0x2 
 .bss.xfac      0x0000000020000aec        0x4 CMakeFiles/testTFTforATKF4.elf.dir/Hardwares/touch/touch.c.obj
                0x0000000020000aec                xfac
 .bss.xoff      0x0000000020000af0        0x2 CMakeFiles/testTFTforATKF4.elf.dir/Hardwares/touch/touch.c.obj
                0x0000000020000af0                xoff
 *fill*         0x0000000020000af2        0x2 
 .bss.yfac      0x0000000020000af4        0x4 CMakeFiles/testTFTforATKF4.elf.dir/Hardwares/touch/touch.c.obj
                0x0000000020000af4                yfac
 .bss.yoff      0x0000000020000af8        0x2 CMakeFiles/testTFTforATKF4.elf.dir/Hardwares/touch/touch.c.obj
                0x0000000020000af8                yoff
 *fill*         0x0000000020000afa        0x2 
 .bss.__malloc_current_mallinfo
                0x0000000020000afc       0x28 /usr/local/Caskroom/gcc-arm-embedded/9-2019-q4-major/gcc-arm-none-eabi-9-2019-q4-major/bin/../lib/gcc/arm-none-eabi/9.2.1/../../../../arm-none-eabi/lib/thumb/v7e-m/nofp/libg.a(lib_a-mallocr.o)
                0x0000000020000afc                __malloc_current_mallinfo
 .bss.__malloc_max_sbrked_mem
                0x0000000020000b24        0x4 /usr/local/Caskroom/gcc-arm-embedded/9-2019-q4-major/gcc-arm-none-eabi-9-2019-q4-major/bin/../lib/gcc/arm-none-eabi/9.2.1/../../../../arm-none-eabi/lib/thumb/v7e-m/nofp/libg.a(lib_a-mallocr.o)
                0x0000000020000b24                __malloc_max_sbrked_mem
 .bss.__malloc_max_total_mem
                0x0000000020000b28        0x4 /usr/local/Caskroom/gcc-arm-embedded/9-2019-q4-major/gcc-arm-none-eabi-9-2019-q4-major/bin/../lib/gcc/arm-none-eabi/9.2.1/../../../../arm-none-eabi/lib/thumb/v7e-m/nofp/libg.a(lib_a-mallocr.o)
                0x0000000020000b28                __malloc_max_total_mem
 .bss.__malloc_top_pad
                0x0000000020000b2c        0x4 /usr/local/Caskroom/gcc-arm-embedded/9-2019-q4-major/gcc-arm-none-eabi-9-2019-q4-major/bin/../lib/gcc/arm-none-eabi/9.2.1/../../../../arm-none-eabi/lib/thumb/v7e-m/nofp/libg.a(lib_a-mallocr.o)
                0x0000000020000b2c                __malloc_top_pad
 *(COMMON)
 COMMON         0x0000000020000b30       0x21 /usr/local/Caskroom/gcc-arm-embedded/9-2019-q4-major/gcc-arm-none-eabi-9-2019-q4-major/bin/../lib/gcc/arm-none-eabi/9.2.1/../../../../arm-none-eabi/lib/thumb/v7e-m/nofp/libg.a(lib_a-lock.o)
                0x0000000020000b30                __lock___atexit_recursive_mutex
                0x0000000020000b34                __lock___arc4random_mutex
                0x0000000020000b38                __lock___env_recursive_mutex
                0x0000000020000b3c                __lock___sinit_recursive_mutex
                0x0000000020000b40                __lock___malloc_recursive_mutex
                0x0000000020000b44                __lock___at_quick_exit_mutex
                0x0000000020000b48                __lock___dd_hash_mutex
                0x0000000020000b4c                __lock___tz_mutex
                0x0000000020000b50                __lock___sfp_recursive_mutex
 *fill*         0x0000000020000b51        0x3 
 COMMON         0x0000000020000b54        0x4 /usr/local/Caskroom/gcc-arm-embedded/9-2019-q4-major/gcc-arm-none-eabi-9-2019-q4-major/bin/../lib/gcc/arm-none-eabi/9.2.1/../../../../arm-none-eabi/lib/thumb/v7e-m/nofp/libg.a(lib_a-reent.o)
                0x0000000020000b54                errno
                0x0000000020000b58                . = ALIGN (0x4)
                0x0000000020000b58                _ebss = .
                0x0000000020000b58                __bss_end__ = _ebss

._user_heap_stack
                0x0000000020000b58      0x600
                0x0000000020000b58                . = ALIGN (0x8)
                0x0000000020000b58                PROVIDE (end = .)
                [!provide]                        PROVIDE (_end = .)
                0x0000000020000d58                . = (. + _Min_Heap_Size)
 *fill*         0x0000000020000b58      0x200 
                0x0000000020001158                . = (. + _Min_Stack_Size)
 *fill*         0x0000000020000d58      0x400 
                0x0000000020001158                . = ALIGN (0x8)

/DISCARD/
 libc.a(*)
 libm.a(*)
 libgcc.a(*)

.ARM.attributes
                0x0000000000000000       0x2a
 *(.ARM.attributes)
 .ARM.attributes
                0x0000000000000000       0x1e /usr/local/Caskroom/gcc-arm-embedded/9-2019-q4-major/gcc-arm-none-eabi-9-2019-q4-major/bin/../lib/gcc/arm-none-eabi/9.2.1/thumb/v7e-m/nofp/crti.o
 .ARM.attributes
                0x000000000000001e       0x2e /usr/local/Caskroom/gcc-arm-embedded/9-2019-q4-major/gcc-arm-none-eabi-9-2019-q4-major/bin/../lib/gcc/arm-none-eabi/9.2.1/thumb/v7e-m/nofp/crtbegin.o
 .ARM.attributes
                0x000000000000004c       0x2e CMakeFiles/testTFTforATKF4.elf.dir/Core/Src/fsmc.c.obj
 .ARM.attributes
                0x000000000000007a       0x2e CMakeFiles/testTFTforATKF4.elf.dir/Core/Src/gpio.c.obj
 .ARM.attributes
                0x00000000000000a8       0x2e CMakeFiles/testTFTforATKF4.elf.dir/Core/Src/i2c.c.obj
 .ARM.attributes
                0x00000000000000d6       0x2e CMakeFiles/testTFTforATKF4.elf.dir/Core/Src/main.c.obj
 .ARM.attributes
                0x0000000000000104       0x2e CMakeFiles/testTFTforATKF4.elf.dir/Core/Src/main_cpp.cpp.obj
 .ARM.attributes
                0x0000000000000132       0x2e CMakeFiles/testTFTforATKF4.elf.dir/Core/Src/stm32f4xx_hal_msp.c.obj
 .ARM.attributes
                0x0000000000000160       0x2e CMakeFiles/testTFTforATKF4.elf.dir/Core/Src/stm32f4xx_it.c.obj
 .ARM.attributes
                0x000000000000018e       0x2e CMakeFiles/testTFTforATKF4.elf.dir/Core/Src/syscalls.c.obj
 .ARM.attributes
                0x00000000000001bc       0x2e CMakeFiles/testTFTforATKF4.elf.dir/Core/Src/system_stm32f4xx.c.obj
 .ARM.attributes
                0x00000000000001ea       0x2e CMakeFiles/testTFTforATKF4.elf.dir/Core/Src/usart.c.obj
 .ARM.attributes
                0x0000000000000218       0x2e CMakeFiles/testTFTforATKF4.elf.dir/Drivers/STM32F4xx_HAL_Driver/Src/stm32f4xx_hal.c.obj
 .ARM.attributes
                0x0000000000000246       0x2e CMakeFiles/testTFTforATKF4.elf.dir/Drivers/STM32F4xx_HAL_Driver/Src/stm32f4xx_hal_cortex.c.obj
 .ARM.attributes
                0x0000000000000274       0x2e CMakeFiles/testTFTforATKF4.elf.dir/Drivers/STM32F4xx_HAL_Driver/Src/stm32f4xx_hal_gpio.c.obj
 .ARM.attributes
                0x00000000000002a2       0x2e CMakeFiles/testTFTforATKF4.elf.dir/Drivers/STM32F4xx_HAL_Driver/Src/stm32f4xx_hal_i2c.c.obj
 .ARM.attributes
                0x00000000000002d0       0x2e CMakeFiles/testTFTforATKF4.elf.dir/Drivers/STM32F4xx_HAL_Driver/Src/stm32f4xx_hal_rcc.c.obj
 .ARM.attributes
                0x00000000000002fe       0x2e CMakeFiles/testTFTforATKF4.elf.dir/Drivers/STM32F4xx_HAL_Driver/Src/stm32f4xx_hal_sram.c.obj
 .ARM.attributes
                0x000000000000032c       0x2e CMakeFiles/testTFTforATKF4.elf.dir/Drivers/STM32F4xx_HAL_Driver/Src/stm32f4xx_hal_uart.c.obj
 .ARM.attributes
                0x000000000000035a       0x2e CMakeFiles/testTFTforATKF4.elf.dir/Drivers/STM32F4xx_HAL_Driver/Src/stm32f4xx_ll_fsmc.c.obj
 .ARM.attributes
                0x0000000000000388       0x2e CMakeFiles/testTFTforATKF4.elf.dir/Hardwares/LCD/lcd.c.obj
 .ARM.attributes
                0x00000000000003b6       0x2e CMakeFiles/testTFTforATKF4.elf.dir/Hardwares/touch/touch.c.obj
 .ARM.attributes
                0x00000000000003e4       0x21 CMakeFiles/testTFTforATKF4.elf.dir/startup/startup_stm32f407xx.s.obj
 .ARM.attributes
                0x0000000000000405       0x2e /usr/local/Caskroom/gcc-arm-embedded/9-2019-q4-major/gcc-arm-none-eabi-9-2019-q4-major/bin/../lib/gcc/arm-none-eabi/9.2.1/../../../../arm-none-eabi/lib/thumb/v7e-m/nofp/libm.a(lib_a-w_sqrt.o)
 .ARM.attributes
                0x0000000000000433       0x2e /usr/local/Caskroom/gcc-arm-embedded/9-2019-q4-major/gcc-arm-none-eabi-9-2019-q4-major/bin/../lib/gcc/arm-none-eabi/9.2.1/../../../../arm-none-eabi/lib/thumb/v7e-m/nofp/libm.a(lib_a-e_sqrt.o)
 .ARM.attributes
                0x0000000000000461       0x2e /usr/local/Caskroom/gcc-arm-embedded/9-2019-q4-major/gcc-arm-none-eabi-9-2019-q4-major/bin/../lib/gcc/arm-none-eabi/9.2.1/../../../../arm-none-eabi/lib/thumb/v7e-m/nofp/libm.a(lib_a-s_lib_ver.o)
 .ARM.attributes
                0x000000000000048f       0x2e /usr/local/Caskroom/gcc-arm-embedded/9-2019-q4-major/gcc-arm-none-eabi-9-2019-q4-major/bin/../lib/gcc/arm-none-eabi/9.2.1/../../../../arm-none-eabi/lib/thumb/v7e-m/nofp/libm.a(lib_a-s_matherr.o)
 .ARM.attributes
                0x00000000000004bd       0x1e /usr/local/Caskroom/gcc-arm-embedded/9-2019-q4-major/gcc-arm-none-eabi-9-2019-q4-major/bin/../lib/gcc/arm-none-eabi/9.2.1/thumb/v7e-m/nofp/libgcc.a(_arm_addsubdf3.o)
 .ARM.attributes
                0x00000000000004db       0x1e /usr/local/Caskroom/gcc-arm-embedded/9-2019-q4-major/gcc-arm-none-eabi-9-2019-q4-major/bin/../lib/gcc/arm-none-eabi/9.2.1/thumb/v7e-m/nofp/libgcc.a(_arm_muldivdf3.o)
 .ARM.attributes
                0x00000000000004f9       0x1e /usr/local/Caskroom/gcc-arm-embedded/9-2019-q4-major/gcc-arm-none-eabi-9-2019-q4-major/bin/../lib/gcc/arm-none-eabi/9.2.1/thumb/v7e-m/nofp/libgcc.a(_arm_cmpdf2.o)
 .ARM.attributes
                0x0000000000000517       0x1e /usr/local/Caskroom/gcc-arm-embedded/9-2019-q4-major/gcc-arm-none-eabi-9-2019-q4-major/bin/../lib/gcc/arm-none-eabi/9.2.1/thumb/v7e-m/nofp/libgcc.a(_arm_unorddf2.o)
 .ARM.attributes
                0x0000000000000535       0x1e /usr/local/Caskroom/gcc-arm-embedded/9-2019-q4-major/gcc-arm-none-eabi-9-2019-q4-major/bin/../lib/gcc/arm-none-eabi/9.2.1/thumb/v7e-m/nofp/libgcc.a(_arm_fixunsdfsi.o)
 .ARM.attributes
                0x0000000000000553       0x1e /usr/local/Caskroom/gcc-arm-embedded/9-2019-q4-major/gcc-arm-none-eabi-9-2019-q4-major/bin/../lib/gcc/arm-none-eabi/9.2.1/thumb/v7e-m/nofp/libgcc.a(_arm_truncdfsf2.o)
 .ARM.attributes
                0x0000000000000571       0x1e /usr/local/Caskroom/gcc-arm-embedded/9-2019-q4-major/gcc-arm-none-eabi-9-2019-q4-major/bin/../lib/gcc/arm-none-eabi/9.2.1/thumb/v7e-m/nofp/libgcc.a(_arm_addsubsf3.o)
 .ARM.attributes
                0x000000000000058f       0x1e /usr/local/Caskroom/gcc-arm-embedded/9-2019-q4-major/gcc-arm-none-eabi-9-2019-q4-major/bin/../lib/gcc/arm-none-eabi/9.2.1/thumb/v7e-m/nofp/libgcc.a(_arm_muldivsf3.o)
 .ARM.attributes
                0x00000000000005ad       0x1e /usr/local/Caskroom/gcc-arm-embedded/9-2019-q4-major/gcc-arm-none-eabi-9-2019-q4-major/bin/../lib/gcc/arm-none-eabi/9.2.1/thumb/v7e-m/nofp/libgcc.a(_arm_fixsfsi.o)
 .ARM.attributes
                0x00000000000005cb       0x1e /usr/local/Caskroom/gcc-arm-embedded/9-2019-q4-major/gcc-arm-none-eabi-9-2019-q4-major/bin/../lib/gcc/arm-none-eabi/9.2.1/thumb/v7e-m/nofp/libgcc.a(_arm_fixunssfsi.o)
 .ARM.attributes
                0x00000000000005e9       0x1e /usr/local/Caskroom/gcc-arm-embedded/9-2019-q4-major/gcc-arm-none-eabi-9-2019-q4-major/bin/../lib/gcc/arm-none-eabi/9.2.1/thumb/v7e-m/nofp/libgcc.a(_aeabi_uldivmod.o)
 .ARM.attributes
                0x0000000000000607       0x2e /usr/local/Caskroom/gcc-arm-embedded/9-2019-q4-major/gcc-arm-none-eabi-9-2019-q4-major/bin/../lib/gcc/arm-none-eabi/9.2.1/thumb/v7e-m/nofp/libgcc.a(_udivmoddi4.o)
 .ARM.attributes
                0x0000000000000635       0x1e /usr/local/Caskroom/gcc-arm-embedded/9-2019-q4-major/gcc-arm-none-eabi-9-2019-q4-major/bin/../lib/gcc/arm-none-eabi/9.2.1/thumb/v7e-m/nofp/libgcc.a(_dvmd_tls.o)
 .ARM.attributes
                0x0000000000000653       0x2e /usr/local/Caskroom/gcc-arm-embedded/9-2019-q4-major/gcc-arm-none-eabi-9-2019-q4-major/bin/../lib/gcc/arm-none-eabi/9.2.1/../../../../arm-none-eabi/lib/thumb/v7e-m/nofp/libg.a(lib_a-errno.o)
 .ARM.attributes
                0x0000000000000681       0x2e /usr/local/Caskroom/gcc-arm-embedded/9-2019-q4-major/gcc-arm-none-eabi-9-2019-q4-major/bin/../lib/gcc/arm-none-eabi/9.2.1/../../../../arm-none-eabi/lib/thumb/v7e-m/nofp/libg.a(lib_a-impure.o)
 .ARM.attributes
                0x00000000000006af       0x2e /usr/local/Caskroom/gcc-arm-embedded/9-2019-q4-major/gcc-arm-none-eabi-9-2019-q4-major/bin/../lib/gcc/arm-none-eabi/9.2.1/../../../../arm-none-eabi/lib/thumb/v7e-m/nofp/libg.a(lib_a-init.o)
 .ARM.attributes
                0x00000000000006dd       0x1c /usr/local/Caskroom/gcc-arm-embedded/9-2019-q4-major/gcc-arm-none-eabi-9-2019-q4-major/bin/../lib/gcc/arm-none-eabi/9.2.1/../../../../arm-none-eabi/lib/thumb/v7e-m/nofp/libg.a(lib_a-memcpy.o)
 .ARM.attributes
                0x00000000000006f9       0x2e /usr/local/Caskroom/gcc-arm-embedded/9-2019-q4-major/gcc-arm-none-eabi-9-2019-q4-major/bin/../lib/gcc/arm-none-eabi/9.2.1/../../../../arm-none-eabi/lib/thumb/v7e-m/nofp/libg.a(lib_a-memset.o)
 .ARM.attributes
                0x0000000000000727       0x2e /usr/local/Caskroom/gcc-arm-embedded/9-2019-q4-major/gcc-arm-none-eabi-9-2019-q4-major/bin/../lib/gcc/arm-none-eabi/9.2.1/../../../../arm-none-eabi/lib/thumb/v7e-m/nofp/libg.a(lib_a-qsort.o)
 .ARM.attributes
                0x0000000000000755       0x2e /usr/local/Caskroom/gcc-arm-embedded/9-2019-q4-major/gcc-arm-none-eabi-9-2019-q4-major/bin/../lib/gcc/arm-none-eabi/9.2.1/../../../../arm-none-eabi/lib/thumb/v7e-m/nofp/libg.a(lib_a-sprintf.o)
 .ARM.attributes
                0x0000000000000783       0x1c /usr/local/Caskroom/gcc-arm-embedded/9-2019-q4-major/gcc-arm-none-eabi-9-2019-q4-major/bin/../lib/gcc/arm-none-eabi/9.2.1/../../../../arm-none-eabi/lib/thumb/v7e-m/nofp/libg.a(lib_a-strlen.o)
 .ARM.attributes
                0x000000000000079f       0x2e /usr/local/Caskroom/gcc-arm-embedded/9-2019-q4-major/gcc-arm-none-eabi-9-2019-q4-major/bin/../lib/gcc/arm-none-eabi/9.2.1/../../../../arm-none-eabi/lib/thumb/v7e-m/nofp/libg.a(lib_a-svfprintf.o)
 .ARM.attributes
                0x00000000000007cd       0x2e /usr/local/Caskroom/gcc-arm-embedded/9-2019-q4-major/gcc-arm-none-eabi-9-2019-q4-major/bin/../lib/gcc/arm-none-eabi/9.2.1/../../../../arm-none-eabi/lib/thumb/v7e-m/nofp/libg.a(lib_a-__call_atexit.o)
 .ARM.attributes
                0x00000000000007fb       0x2e /usr/local/Caskroom/gcc-arm-embedded/9-2019-q4-major/gcc-arm-none-eabi-9-2019-q4-major/bin/../lib/gcc/arm-none-eabi/9.2.1/../../../../arm-none-eabi/lib/thumb/v7e-m/nofp/libg.a(lib_a-atexit.o)
 .ARM.attributes
                0x0000000000000829       0x2e /usr/local/Caskroom/gcc-arm-embedded/9-2019-q4-major/gcc-arm-none-eabi-9-2019-q4-major/bin/../lib/gcc/arm-none-eabi/9.2.1/../../../../arm-none-eabi/lib/thumb/v7e-m/nofp/libg.a(lib_a-dtoa.o)
 .ARM.attributes
                0x0000000000000857       0x2e /usr/local/Caskroom/gcc-arm-embedded/9-2019-q4-major/gcc-arm-none-eabi-9-2019-q4-major/bin/../lib/gcc/arm-none-eabi/9.2.1/../../../../arm-none-eabi/lib/thumb/v7e-m/nofp/libg.a(lib_a-fini.o)
 .ARM.attributes
                0x0000000000000885       0x2e /usr/local/Caskroom/gcc-arm-embedded/9-2019-q4-major/gcc-arm-none-eabi-9-2019-q4-major/bin/../lib/gcc/arm-none-eabi/9.2.1/../../../../arm-none-eabi/lib/thumb/v7e-m/nofp/libg.a(lib_a-freer.o)
 .ARM.attributes
                0x00000000000008b3       0x2e /usr/local/Caskroom/gcc-arm-embedded/9-2019-q4-major/gcc-arm-none-eabi-9-2019-q4-major/bin/../lib/gcc/arm-none-eabi/9.2.1/../../../../arm-none-eabi/lib/thumb/v7e-m/nofp/libg.a(lib_a-localeconv.o)
 .ARM.attributes
                0x00000000000008e1       0x2e /usr/local/Caskroom/gcc-arm-embedded/9-2019-q4-major/gcc-arm-none-eabi-9-2019-q4-major/bin/../lib/gcc/arm-none-eabi/9.2.1/../../../../arm-none-eabi/lib/thumb/v7e-m/nofp/libg.a(lib_a-lock.o)
 .ARM.attributes
                0x000000000000090f       0x2e /usr/local/Caskroom/gcc-arm-embedded/9-2019-q4-major/gcc-arm-none-eabi-9-2019-q4-major/bin/../lib/gcc/arm-none-eabi/9.2.1/../../../../arm-none-eabi/lib/thumb/v7e-m/nofp/libg.a(lib_a-mallocr.o)
 .ARM.attributes
                0x000000000000093d       0x1c /usr/local/Caskroom/gcc-arm-embedded/9-2019-q4-major/gcc-arm-none-eabi-9-2019-q4-major/bin/../lib/gcc/arm-none-eabi/9.2.1/../../../../arm-none-eabi/lib/thumb/v7e-m/nofp/libg.a(lib_a-memchr.o)
 .ARM.attributes
                0x0000000000000959       0x2e /usr/local/Caskroom/gcc-arm-embedded/9-2019-q4-major/gcc-arm-none-eabi-9-2019-q4-major/bin/../lib/gcc/arm-none-eabi/9.2.1/../../../../arm-none-eabi/lib/thumb/v7e-m/nofp/libg.a(lib_a-mlock.o)
 .ARM.attributes
                0x0000000000000987       0x2e /usr/local/Caskroom/gcc-arm-embedded/9-2019-q4-major/gcc-arm-none-eabi-9-2019-q4-major/bin/../lib/gcc/arm-none-eabi/9.2.1/../../../../arm-none-eabi/lib/thumb/v7e-m/nofp/libg.a(lib_a-mprec.o)
 .ARM.attributes
                0x00000000000009b5       0x2e /usr/local/Caskroom/gcc-arm-embedded/9-2019-q4-major/gcc-arm-none-eabi-9-2019-q4-major/bin/../lib/gcc/arm-none-eabi/9.2.1/../../../../arm-none-eabi/lib/thumb/v7e-m/nofp/libg.a(lib_a-reent.o)
 .ARM.attributes
                0x00000000000009e3       0x2e /usr/local/Caskroom/gcc-arm-embedded/9-2019-q4-major/gcc-arm-none-eabi-9-2019-q4-major/bin/../lib/gcc/arm-none-eabi/9.2.1/../../../../arm-none-eabi/lib/thumb/v7e-m/nofp/libg.a(lib_a-s_frexp.o)
 .ARM.attributes
                0x0000000000000a11       0x2e /usr/local/Caskroom/gcc-arm-embedded/9-2019-q4-major/gcc-arm-none-eabi-9-2019-q4-major/bin/../lib/gcc/arm-none-eabi/9.2.1/../../../../arm-none-eabi/lib/thumb/v7e-m/nofp/libg.a(lib_a-sbrkr.o)
 .ARM.attributes
                0x0000000000000a3f       0x2e /usr/local/Caskroom/gcc-arm-embedded/9-2019-q4-major/gcc-arm-none-eabi-9-2019-q4-major/bin/../lib/gcc/arm-none-eabi/9.2.1/../../../../arm-none-eabi/lib/thumb/v7e-m/nofp/libg.a(lib_a-strncpy.o)
 .ARM.attributes
                0x0000000000000a6d       0x2e /usr/local/Caskroom/gcc-arm-embedded/9-2019-q4-major/gcc-arm-none-eabi-9-2019-q4-major/bin/../lib/gcc/arm-none-eabi/9.2.1/../../../../arm-none-eabi/lib/thumb/v7e-m/nofp/libg.a(lib_a-svfiprintf.o)
 .ARM.attributes
                0x0000000000000a9b       0x2e /usr/local/Caskroom/gcc-arm-embedded/9-2019-q4-major/gcc-arm-none-eabi-9-2019-q4-major/bin/../lib/gcc/arm-none-eabi/9.2.1/../../../../arm-none-eabi/lib/thumb/v7e-m/nofp/libg.a(lib_a-__atexit.o)
 .ARM.attributes
                0x0000000000000ac9       0x2e /usr/local/Caskroom/gcc-arm-embedded/9-2019-q4-major/gcc-arm-none-eabi-9-2019-q4-major/bin/../lib/gcc/arm-none-eabi/9.2.1/../../../../arm-none-eabi/lib/thumb/v7e-m/nofp/libg.a(lib_a-callocr.o)
 .ARM.attributes
                0x0000000000000af7       0x2e /usr/local/Caskroom/gcc-arm-embedded/9-2019-q4-major/gcc-arm-none-eabi-9-2019-q4-major/bin/../lib/gcc/arm-none-eabi/9.2.1/../../../../arm-none-eabi/lib/thumb/v7e-m/nofp/libg.a(lib_a-locale.o)
 .ARM.attributes
                0x0000000000000b25       0x2e /usr/local/Caskroom/gcc-arm-embedded/9-2019-q4-major/gcc-arm-none-eabi-9-2019-q4-major/bin/../lib/gcc/arm-none-eabi/9.2.1/../../../../arm-none-eabi/lib/thumb/v7e-m/nofp/libg.a(lib_a-mbtowc_r.o)
 .ARM.attributes
                0x0000000000000b53       0x2e /usr/local/Caskroom/gcc-arm-embedded/9-2019-q4-major/gcc-arm-none-eabi-9-2019-q4-major/bin/../lib/gcc/arm-none-eabi/9.2.1/../../../../arm-none-eabi/lib/thumb/v7e-m/nofp/libg.a(lib_a-memmove.o)
 .ARM.attributes