Archive member included to satisfy reference by file (symbol)

/usr/local/Caskroom/gcc-arm-embedded/9-2019-q4-major/gcc-arm-none-eabi-9-2019-q4-major/bin/../lib/gcc/arm-none-eabi/9.2.1/thumb/v7e-m/nofp/libgcc.a(_aeabi_ldivmod.o)
                              CMakeFiles/testTFTforATKF4.elf.dir/Drivers/STM32F4xx_HAL_Driver/Src/stm32f4xx_hal_rcc.c.obj (__aeabi_ldivmod)
/usr/local/Caskroom/gcc-arm-embedded/9-2019-q4-major/gcc-arm-none-eabi-9-2019-q4-major/bin/../lib/gcc/arm-none-eabi/9.2.1/thumb/v7e-m/nofp/libgcc.a(_aeabi_uldivmod.o)
                              CMakeFiles/testTFTforATKF4.elf.dir/Drivers/STM32F4xx_HAL_Driver/Src/stm32f4xx_hal_rcc.c.obj (__aeabi_uldivmod)
/usr/local/Caskroom/gcc-arm-embedded/9-2019-q4-major/gcc-arm-none-eabi-9-2019-q4-major/bin/../lib/gcc/arm-none-eabi/9.2.1/thumb/v7e-m/nofp/libgcc.a(_udivmoddi4.o)
                              /usr/local/Caskroom/gcc-arm-embedded/9-2019-q4-major/gcc-arm-none-eabi-9-2019-q4-major/bin/../lib/gcc/arm-none-eabi/9.2.1/thumb/v7e-m/nofp/libgcc.a(_aeabi_ldivmod.o) (__udivmoddi4)
/usr/local/Caskroom/gcc-arm-embedded/9-2019-q4-major/gcc-arm-none-eabi-9-2019-q4-major/bin/../lib/gcc/arm-none-eabi/9.2.1/thumb/v7e-m/nofp/libgcc.a(_dvmd_tls.o)
                              /usr/local/Caskroom/gcc-arm-embedded/9-2019-q4-major/gcc-arm-none-eabi-9-2019-q4-major/bin/../lib/gcc/arm-none-eabi/9.2.1/thumb/v7e-m/nofp/libgcc.a(_aeabi_ldivmod.o) (__aeabi_ldiv0)
/usr/local/Caskroom/gcc-arm-embedded/9-2019-q4-major/gcc-arm-none-eabi-9-2019-q4-major/bin/../lib/gcc/arm-none-eabi/9.2.1/../../../../arm-none-eabi/lib/thumb/v7e-m/nofp/libc.a(lib_a-errno.o)
                              CMakeFiles/testTFTforATKF4.elf.dir/Core/Src/syscalls.c.obj (__errno)
/usr/local/Caskroom/gcc-arm-embedded/9-2019-q4-major/gcc-arm-none-eabi-9-2019-q4-major/bin/../lib/gcc/arm-none-eabi/9.2.1/../../../../arm-none-eabi/lib/thumb/v7e-m/nofp/libc.a(lib_a-exit.o)
                              /usr/local/Caskroom/gcc-arm-embedded/9-2019-q4-major/gcc-arm-none-eabi-9-2019-q4-major/bin/../lib/gcc/arm-none-eabi/9.2.1/../../../../arm-none-eabi/lib/thumb/v7e-m/nofp/crt0.o (exit)
/usr/local/Caskroom/gcc-arm-embedded/9-2019-q4-major/gcc-arm-none-eabi-9-2019-q4-major/bin/../lib/gcc/arm-none-eabi/9.2.1/../../../../arm-none-eabi/lib/thumb/v7e-m/nofp/libc.a(lib_a-impure.o)
                              /usr/local/Caskroom/gcc-arm-embedded/9-2019-q4-major/gcc-arm-none-eabi-9-2019-q4-major/bin/../lib/gcc/arm-none-eabi/9.2.1/../../../../arm-none-eabi/lib/thumb/v7e-m/nofp/libc.a(lib_a-exit.o) (_global_impure_ptr)
/usr/local/Caskroom/gcc-arm-embedded/9-2019-q4-major/gcc-arm-none-eabi-9-2019-q4-major/bin/../lib/gcc/arm-none-eabi/9.2.1/../../../../arm-none-eabi/lib/thumb/v7e-m/nofp/libc.a(lib_a-init.o)
                              /usr/local/Caskroom/gcc-arm-embedded/9-2019-q4-major/gcc-arm-none-eabi-9-2019-q4-major/bin/../lib/gcc/arm-none-eabi/9.2.1/../../../../arm-none-eabi/lib/thumb/v7e-m/nofp/crt0.o (__libc_init_array)
/usr/local/Caskroom/gcc-arm-embedded/9-2019-q4-major/gcc-arm-none-eabi-9-2019-q4-major/bin/../lib/gcc/arm-none-eabi/9.2.1/../../../../arm-none-eabi/lib/thumb/v7e-m/nofp/libc.a(lib_a-memset.o)
                              /usr/local/Caskroom/gcc-arm-embedded/9-2019-q4-major/gcc-arm-none-eabi-9-2019-q4-major/bin/../lib/gcc/arm-none-eabi/9.2.1/../../../../arm-none-eabi/lib/thumb/v7e-m/nofp/crt0.o (memset)
/usr/local/Caskroom/gcc-arm-embedded/9-2019-q4-major/gcc-arm-none-eabi-9-2019-q4-major/bin/../lib/gcc/arm-none-eabi/9.2.1/../../../../arm-none-eabi/lib/thumb/v7e-m/nofp/libc.a(lib_a-__call_atexit.o)
                              /usr/local/Caskroom/gcc-arm-embedded/9-2019-q4-major/gcc-arm-none-eabi-9-2019-q4-major/bin/../lib/gcc/arm-none-eabi/9.2.1/../../../../arm-none-eabi/lib/thumb/v7e-m/nofp/libc.a(lib_a-exit.o) (__call_exitprocs)
/usr/local/Caskroom/gcc-arm-embedded/9-2019-q4-major/gcc-arm-none-eabi-9-2019-q4-major/bin/../lib/gcc/arm-none-eabi/9.2.1/../../../../arm-none-eabi/lib/thumb/v7e-m/nofp/libc.a(lib_a-atexit.o)
                              /usr/local/Caskroom/gcc-arm-embedded/9-2019-q4-major/gcc-arm-none-eabi-9-2019-q4-major/bin/../lib/gcc/arm-none-eabi/9.2.1/../../../../arm-none-eabi/lib/thumb/v7e-m/nofp/libc.a(lib_a-__call_atexit.o) (atexit)
/usr/local/Caskroom/gcc-arm-embedded/9-2019-q4-major/gcc-arm-none-eabi-9-2019-q4-major/bin/../lib/gcc/arm-none-eabi/9.2.1/../../../../arm-none-eabi/lib/thumb/v7e-m/nofp/libc.a(lib_a-fini.o)
                              /usr/local/Caskroom/gcc-arm-embedded/9-2019-q4-major/gcc-arm-none-eabi-9-2019-q4-major/bin/../lib/gcc/arm-none-eabi/9.2.1/../../../../arm-none-eabi/lib/thumb/v7e-m/nofp/libc.a(lib_a-__call_atexit.o) (__libc_fini_array)
/usr/local/Caskroom/gcc-arm-embedded/9-2019-q4-major/gcc-arm-none-eabi-9-2019-q4-major/bin/../lib/gcc/arm-none-eabi/9.2.1/../../../../arm-none-eabi/lib/thumb/v7e-m/nofp/libc.a(lib_a-lock.o)
[...]
Memory Configuration

Name             Origin             Length             Attributes
RAM              0x0000000020000000 0x0000000000020000 xrw
CCMRAM           0x0000000010000000 0x0000000000010000 xrw
FLASH            0x0000000008000000 0x0000000000080000 xr
*default*        0x0000000000000000 0xffffffffffffffff

Linker script and memory map

LOAD /usr/local/Caskroom/gcc-arm-embedded/9-2019-q4-major/gcc-arm-none-eabi-9-2019-q4-major/bin/../lib/gcc/arm-none-eabi/9.2.1/thumb/v7e-m/nofp/crti.o
LOAD /usr/local/Caskroom/gcc-arm-embedded/9-2019-q4-major/gcc-arm-none-eabi-9-2019-q4-major/bin/../lib/gcc/arm-none-eabi/9.2.1/thumb/v7e-m/nofp/crtbegin.o
LOAD /usr/local/Caskroom/gcc-arm-embedded/9-2019-q4-major/gcc-arm-none-eabi-9-2019-q4-major/bin/../lib/gcc/arm-none-eabi/9.2.1/../../../../arm-none-eabi/lib/thumb/v7e-m/nofp/crt0.o
LOAD CMakeFiles/testTFTforATKF4.elf.dir/Core/Src/fsmc.c.obj
LOAD CMakeFiles/testTFTforATKF4.elf.dir/Core/Src/gpio.c.obj
LOAD CMakeFiles/testTFTforATKF4.elf.dir/Core/Src/main.c.obj
LOAD CMakeFiles/testTFTforATKF4.elf.dir/Core/Src/stm32f4xx_hal_msp.c.obj
LOAD CMakeFiles/testTFTforATKF4.elf.dir/Core/Src/stm32f4xx_it.c.obj
LOAD CMakeFiles/testTFTforATKF4.elf.dir/Core/Src/syscalls.c.obj
LOAD CMakeFiles/testTFTforATKF4.elf.dir/Core/Src/system_stm32f4xx.c.obj
LOAD CMakeFiles/testTFTforATKF4.elf.dir/Core/Src/usart.c.obj
LOAD CMakeFiles/testTFTforATKF4.elf.dir/Drivers/STM32F4xx_HAL_Driver/Src/stm32f4xx_hal.c.obj
LOAD CMakeFiles/testTFTforATKF4.elf.dir/Drivers/STM32F4xx_HAL_Driver/Src/stm32f4xx_hal_cortex.c.obj
LOAD CMakeFiles/testTFTforATKF4.elf.dir/Drivers/STM32F4xx_HAL_Driver/Src/stm32f4xx_hal_dma.c.obj
LOAD CMakeFiles/testTFTforATKF4.elf.dir/Drivers/STM32F4xx_HAL_Driver/Src/stm32f4xx_hal_dma_ex.c.obj
LOAD CMakeFiles/testTFTforATKF4.elf.dir/Drivers/STM32F4xx_HAL_Driver/Src/stm32f4xx_hal_exti.c.obj
LOAD CMakeFiles/testTFTforATKF4.elf.dir/Drivers/STM32F4xx_HAL_Driver/Src/stm32f4xx_hal_flash.c.obj
LOAD CMakeFiles/testTFTforATKF4.elf.dir/Drivers/STM32F4xx_HAL_Driver/Src/stm32f4xx_hal_flash_ex.c.obj
LOAD CMakeFiles/testTFTforATKF4.elf.dir/Drivers/STM32F4xx_HAL_Driver/Src/stm32f4xx_hal_flash_ramfunc.c.obj
LOAD CMakeFiles/testTFTforATKF4.elf.dir/Drivers/STM32F4xx_HAL_Driver/Src/stm32f4xx_hal_gpio.c.obj
LOAD CMakeFiles/testTFTforATKF4.elf.dir/Drivers/STM32F4xx_HAL_Driver/Src/stm32f4xx_hal_pwr.c.obj
LOAD CMakeFiles/testTFTforATKF4.elf.dir/Drivers/STM32F4xx_HAL_Driver/Src/stm32f4xx_hal_pwr_ex.c.obj
LOAD CMakeFiles/testTFTforATKF4.elf.dir/Drivers/STM32F4xx_HAL_Driver/Src/stm32f4xx_hal_rcc.c.obj
LOAD CMakeFiles/testTFTforATKF4.elf.dir/Drivers/STM32F4xx_HAL_Driver/Src/stm32f4xx_hal_rcc_ex.c.obj
LOAD CMakeFiles/testTFTforATKF4.elf.dir/Drivers/STM32F4xx_HAL_Driver/Src/stm32f4xx_hal_sram.c.obj
LOAD CMakeFiles/testTFTforATKF4.elf.dir/Drivers/STM32F4xx_HAL_Driver/Src/stm32f4xx_hal_tim.c.obj
LOAD CMakeFiles/testTFTforATKF4.elf.dir/Drivers/STM32F4xx_HAL_Driver/Src/stm32f4xx_hal_tim_ex.c.obj
LOAD CMakeFiles/testTFTforATKF4.elf.dir/Drivers/STM32F4xx_HAL_Driver/Src/stm32f4xx_hal_uart.c.obj
LOAD CMakeFiles/testTFTforATKF4.elf.dir/Drivers/STM32F4xx_HAL_Driver/Src/stm32f4xx_ll_fsmc.c.obj
LOAD CMakeFiles/testTFTforATKF4.elf.dir/Hardwares/LCD/lcd.c.obj
LOAD CMakeFiles/testTFTforATKF4.elf.dir/startup/startup_stm32f407xx.s.obj
START GROUP
LOAD /usr/local/Caskroom/gcc-arm-embedded/9-2019-q4-major/gcc-arm-none-eabi-9-2019-q4-major/bin/../lib/gcc/arm-none-eabi/9.2.1/thumb/v7e-m/nofp/libgcc.a
LOAD /usr/local/Caskroom/gcc-arm-embedded/9-2019-q4-major/gcc-arm-none-eabi-9-2019-q4-major/bin/../lib/gcc/arm-none-eabi/9.2.1/../../../../arm-none-eabi/lib/thumb/v7e-m/nofp/libc.a
END GROUP
LOAD /usr/local/Caskroom/gcc-arm-embedded/9-2019-q4-major/gcc-arm-none-eabi-9-2019-q4-major/bin/../lib/gcc/arm-none-eabi/9.2.1/thumb/v7e-m/nofp/crtend.o
LOAD /usr/local/Caskroom/gcc-arm-embedded/9-2019-q4-major/gcc-arm-none-eabi-9-2019-q4-major/bin/../lib/gcc/arm-none-eabi/9.2.1/thumb/v7e-m/nofp/crtn.o
                0x0000000020020000                _estack = 0x20020000
                0x0000000000000200                _Min_Heap_Size = 0x200
                0x0000000000000400                _Min_Stack_Size = 0x400

.isr_vector     0x0000000008000000      0x188
                0x0000000008000000                . = ALIGN (0x4)
 *(.isr_vector)
 .isr_vector    0x0000000008000000      0x188 CMakeFiles/testTFTforATKF4.elf.dir/startup/startup_stm32f407xx.s.obj
                0x0000000008000000                g_pfnVectors
                0x0000000008000188                . = ALIGN (0x4)

.text           0x0000000008000188     0x16a0
                0x0000000008000188                . = ALIGN (0x4)
 *(.text)
 .text          0x0000000008000188       0x40 /usr/local/Caskroom/gcc-arm-embedded/9-2019-q4-major/gcc-arm-none-eabi-9-2019-q4-major/bin/../lib/gcc/arm-none-eabi/9.2.1/thumb/v7e-m/nofp/crtbegin.o
 .text          0x00000000080001c8       0x30 /usr/local/Caskroom/gcc-arm-embedded/9-2019-q4-major/gcc-arm-none-eabi-9-2019-q4-major/bin/../lib/gcc/arm-none-eabi/9.2.1/thumb/v7e-m/nofp/libgcc.a(_aeabi_uldivmod.o)
                0x00000000080001c8                __aeabi_uldivmod
 .text          0x00000000080001f8      0x2c0 /usr/local/Caskroom/gcc-arm-embedded/9-2019-q4-major/gcc-arm-none-eabi-9-2019-q4-major/bin/../lib/gcc/arm-none-eabi/9.2.1/thumb/v7e-m/nofp/libgcc.a(_udivmoddi4.o)
                0x00000000080001f8                __udivmoddi4
 .text          0x00000000080004b8        0x4 /usr/local/Caskroom/gcc-arm-embedded/9-2019-q4-major/gcc-arm-none-eabi-9-2019-q4-major/bin/../lib/gcc/arm-none-eabi/9.2.1/thumb/v7e-m/nofp/libgcc.a(_dvmd_tls.o)
                0x00000000080004b8                __aeabi_ldiv0
                0x00000000080004b8                __aeabi_idiv0
 *(.text*)
 .text.MX_FSMC_Init_Fast
                0x00000000080004bc       0x94 CMakeFiles/testTFTforATKF4.elf.dir/Core/Src/fsmc.c.obj
                0x00000000080004bc                MX_FSMC_Init_Fast
 .text.MX_FSMC_Init
                0x0000000008000550       0x94 CMakeFiles/testTFTforATKF4.elf.dir/Core/Src/fsmc.c.obj
                0x0000000008000550                MX_FSMC_Init
 .text.HAL_SRAM_MspInit
                0x00000000080005e4       0xa8 CMakeFiles/testTFTforATKF4.elf.dir/Core/Src/fsmc.c.obj
                0x00000000080005e4                HAL_SRAM_MspInit
 .text.MX_GPIO_Init
                0x000000000800068c       0xd0 CMakeFiles/testTFTforATKF4.elf.dir/Core/Src/gpio.c.obj
                0x000000000800068c                MX_GPIO_Init
 .text.SystemClock_Config
                0x000000000800075c       0xa8 CMakeFiles/testTFTforATKF4.elf.dir/Core/Src/main.c.obj
                0x000000000800075c                SystemClock_Config
 .text.startup.main
                0x0000000008000804       0x48 CMakeFiles/testTFTforATKF4.elf.dir/Core/Src/main.c.obj
                0x0000000008000804                main
 .text.Error_Handler
                0x000000000800084c        0x4 CMakeFiles/testTFTforATKF4.elf.dir/Core/Src/main.c.obj
                0x000000000800084c                Error_Handler
 .text.HAL_MspInit
                0x0000000008000850       0x38 CMakeFiles/testTFTforATKF4.elf.dir/Core/Src/stm32f4xx_hal_msp.c.obj
                0x0000000008000850                HAL_MspInit
 .text.NMI_Handler
                0x0000000008000888        0x4 CMakeFiles/testTFTforATKF4.elf.dir/Core/Src/stm32f4xx_it.c.obj
                0x0000000008000888                NMI_Handler
 .text.HardFault_Handler
                0x000000000800088c        0x4 CMakeFiles/testTFTforATKF4.elf.dir/Core/Src/stm32f4xx_it.c.obj
                0x000000000800088c                HardFault_Handler
 .text.MemManage_Handler
                0x0000000008000890        0x4 CMakeFiles/testTFTforATKF4.elf.dir/Core/Src/stm32f4xx_it.c.obj
                0x0000000008000890                MemManage_Handler
 .text.BusFault_Handler
                0x0000000008000894        0x4 CMakeFiles/testTFTforATKF4.elf.dir/Core/Src/stm32f4xx_it.c.obj
                0x0000000008000894                BusFault_Handler
 .text.UsageFault_Handler
                0x0000000008000898        0x4 CMakeFiles/testTFTforATKF4.elf.dir/Core/Src/stm32f4xx_it.c.obj
                0x0000000008000898                UsageFault_Handler
 .text.SVC_Handler
                0x000000000800089c        0x4 CMakeFiles/testTFTforATKF4.elf.dir/Core/Src/stm32f4xx_it.c.obj
                0x000000000800089c                SVC_Handler
 .text.DebugMon_Handler
                0x00000000080008a0        0x4 CMakeFiles/testTFTforATKF4.elf.dir/Core/Src/stm32f4xx_it.c.obj
                0x00000000080008a0                DebugMon_Handler
 .text.PendSV_Handler
                0x00000000080008a4        0x4 CMakeFiles/testTFTforATKF4.elf.dir/Core/Src/stm32f4xx_it.c.obj
                0x00000000080008a4                PendSV_Handler
 .text.SysTick_Handler
                0x00000000080008a8        0x4 CMakeFiles/testTFTforATKF4.elf.dir/Core/Src/stm32f4xx_it.c.obj
                0x00000000080008a8                SysTick_Handler
 .text.SystemInit
                0x00000000080008ac        0x4 CMakeFiles/testTFTforATKF4.elf.dir/Core/Src/system_stm32f4xx.c.obj
                0x00000000080008ac                SystemInit
 .text.MX_USART1_UART_Init
                0x00000000080008b0       0x38 CMakeFiles/testTFTforATKF4.elf.dir/Core/Src/usart.c.obj
                0x00000000080008b0                MX_USART1_UART_Init
 .text.HAL_UART_MspInit
                0x00000000080008e8       0x74 CMakeFiles/testTFTforATKF4.elf.dir/Core/Src/usart.c.obj
                0x00000000080008e8                HAL_UART_MspInit
 .text.HAL_InitTick
                0x000000000800095c       0x48 CMakeFiles/testTFTforATKF4.elf.dir/Drivers/STM32F4xx_HAL_Driver/Src/stm32f4xx_hal.c.obj
                0x000000000800095c                HAL_InitTick
 .text.HAL_Init
                0x00000000080009a4       0x34 CMakeFiles/testTFTforATKF4.elf.dir/Drivers/STM32F4xx_HAL_Driver/Src/stm32f4xx_hal.c.obj
                0x00000000080009a4                HAL_Init
 .text.HAL_IncTick
                0x00000000080009d8       0x18 CMakeFiles/testTFTforATKF4.elf.dir/Drivers/STM32F4xx_HAL_Driver/Src/stm32f4xx_hal.c.obj
                0x00000000080009d8                HAL_IncTick
 .text.HAL_GetTick
                0x00000000080009f0        0xc CMakeFiles/testTFTforATKF4.elf.dir/Drivers/STM32F4xx_HAL_Driver/Src/stm32f4xx_hal.c.obj
                0x00000000080009f0                HAL_GetTick
 .text.HAL_Delay
                0x00000000080009fc       0x24 CMakeFiles/testTFTforATKF4.elf.dir/Drivers/STM32F4xx_HAL_Driver/Src/stm32f4xx_hal.c.obj
                0x00000000080009fc                HAL_Delay
 .text.HAL_NVIC_SetPriorityGrouping
                0x0000000008000a20       0x24 CMakeFiles/testTFTforATKF4.elf.dir/Drivers/STM32F4xx_HAL_Driver/Src/stm32f4xx_hal_cortex.c.obj
                0x0000000008000a20                HAL_NVIC_SetPriorityGrouping
 .text.HAL_NVIC_SetPriority
                0x0000000008000a44       0x70 CMakeFiles/testTFTforATKF4.elf.dir/Drivers/STM32F4xx_HAL_Driver/Src/stm32f4xx_hal_cortex.c.obj
                0x0000000008000a44                HAL_NVIC_SetPriority
 .text.HAL_SYSTICK_Config
                0x0000000008000ab4       0x30 CMakeFiles/testTFTforATKF4.elf.dir/Drivers/STM32F4xx_HAL_Driver/Src/stm32f4xx_hal_cortex.c.obj
                0x0000000008000ab4                HAL_SYSTICK_Config
 .text.HAL_GPIO_Init
                0x0000000008000ae4      0x220 CMakeFiles/testTFTforATKF4.elf.dir/Drivers/STM32F4xx_HAL_Driver/Src/stm32f4xx_hal_gpio.c.obj
                0x0000000008000ae4                HAL_GPIO_Init
 .text.HAL_GPIO_WritePin
                0x0000000008000d04        0x8 CMakeFiles/testTFTforATKF4.elf.dir/Drivers/STM32F4xx_HAL_Driver/Src/stm32f4xx_hal_gpio.c.obj
                0x0000000008000d04                HAL_GPIO_WritePin
 .text.HAL_RCC_OscConfig
                0x0000000008000d0c      0x3cc CMakeFiles/testTFTforATKF4.elf.dir/Drivers/STM32F4xx_HAL_Driver/Src/stm32f4xx_hal_rcc.c.obj
                0x0000000008000d0c                HAL_RCC_OscConfig
 .text.HAL_RCC_GetSysClockFreq
                0x00000000080010d8       0x6c CMakeFiles/testTFTforATKF4.elf.dir/Drivers/STM32F4xx_HAL_Driver/Src/stm32f4xx_hal_rcc.c.obj
                0x00000000080010d8                HAL_RCC_GetSysClockFreq
 .text.HAL_RCC_ClockConfig
                0x0000000008001144      0x13c CMakeFiles/testTFTforATKF4.elf.dir/Drivers/STM32F4xx_HAL_Driver/Src/stm32f4xx_hal_rcc.c.obj
                0x0000000008001144                HAL_RCC_ClockConfig
 .text.HAL_RCC_GetPCLK1Freq
                0x0000000008001280       0x20 CMakeFiles/testTFTforATKF4.elf.dir/Drivers/STM32F4xx_HAL_Driver/Src/stm32f4xx_hal_rcc.c.obj
                0x0000000008001280                HAL_RCC_GetPCLK1Freq
 .text.HAL_RCC_GetPCLK2Freq
                0x00000000080012a0       0x20 CMakeFiles/testTFTforATKF4.elf.dir/Drivers/STM32F4xx_HAL_Driver/Src/stm32f4xx_hal_rcc.c.obj
                0x00000000080012a0                HAL_RCC_GetPCLK2Freq
 .text.HAL_SRAM_Init
                0x00000000080012c0       0x58 CMakeFiles/testTFTforATKF4.elf.dir/Drivers/STM32F4xx_HAL_Driver/Src/stm32f4xx_hal_sram.c.obj
                0x00000000080012c0                HAL_SRAM_Init
 .text.HAL_UART_Init
                0x0000000008001318      0x138 CMakeFiles/testTFTforATKF4.elf.dir/Drivers/STM32F4xx_HAL_Driver/Src/stm32f4xx_hal_uart.c.obj
                0x0000000008001318                HAL_UART_Init
 .text.FSMC_NORSRAM_Init
                0x0000000008001450       0x58 CMakeFiles/testTFTforATKF4.elf.dir/Drivers/STM32F4xx_HAL_Driver/Src/stm32f4xx_ll_fsmc.c.obj
                0x0000000008001450                FSMC_NORSRAM_Init
 .text.FSMC_NORSRAM_Timing_Init
                0x00000000080014a8       0x40 CMakeFiles/testTFTforATKF4.elf.dir/Drivers/STM32F4xx_HAL_Driver/Src/stm32f4xx_ll_fsmc.c.obj
                0x00000000080014a8                FSMC_NORSRAM_Timing_Init
 .text.FSMC_NORSRAM_Extended_Timing_Init
                0x00000000080014e8       0x44 CMakeFiles/testTFTforATKF4.elf.dir/Drivers/STM32F4xx_HAL_Driver/Src/stm32f4xx_ll_fsmc.c.obj
                0x00000000080014e8                FSMC_NORSRAM_Extended_Timing_Init
 .text.LCD_Display_Dir
                0x000000000800152c       0x74 CMakeFiles/testTFTforATKF4.elf.dir/Hardwares/LCD/lcd.c.obj
                0x000000000800152c                LCD_Display_Dir
 .text.LCD_Clear
                0x00000000080015a0       0x34 CMakeFiles/testTFTforATKF4.elf.dir/Hardwares/LCD/lcd.c.obj
                0x00000000080015a0                LCD_Clear
 .text.LCD_Init
                0x00000000080015d4       0xc0 CMakeFiles/testTFTforATKF4.elf.dir/Hardwares/LCD/lcd.c.obj
                0x00000000080015d4                LCD_Init
 .text.Reset_Handler
                0x0000000008001694       0x50 CMakeFiles/testTFTforATKF4.elf.dir/startup/startup_stm32f407xx.s.obj
                0x0000000008001694                Reset_Handler
 .text.Default_Handler
                0x00000000080016e4        0x2 CMakeFiles/testTFTforATKF4.elf.dir/startup/startup_stm32f407xx.s.obj
                0x00000000080016e4                DMA1_Stream3_IRQHandler
                0x00000000080016e4                HASH_RNG_IRQHandler
                0x00000000080016e4                EXTI2_IRQHandler
                0x00000000080016e4                TIM8_CC_IRQHandler
                0x00000000080016e4                TIM1_CC_IRQHandler
                0x00000000080016e4                DMA2_Stream5_IRQHandler
                0x00000000080016e4                DMA1_Stream5_IRQHandler
                0x00000000080016e4                PVD_IRQHandler
                0x00000000080016e4                SDIO_IRQHandler
                0x00000000080016e4                TAMP_STAMP_IRQHandler
                0x00000000080016e4                CAN2_RX1_IRQHandler
                0x00000000080016e4                EXTI3_IRQHandler
                0x00000000080016e4                TIM8_TRG_COM_TIM14_IRQHandler
                0x00000000080016e4                TIM1_UP_TIM10_IRQHandler
                0x00000000080016e4                TIM8_UP_TIM13_IRQHandler
                0x00000000080016e4                I2C3_ER_IRQHandler
                0x00000000080016e4                EXTI0_IRQHandler
                0x00000000080016e4                I2C2_EV_IRQHandler
                0x00000000080016e4                DMA1_Stream2_IRQHandler
                0x00000000080016e4                CAN1_RX0_IRQHandler
                0x00000000080016e4                FPU_IRQHandler
                0x00000000080016e4                OTG_HS_WKUP_IRQHandler
                0x00000000080016e4                CAN2_SCE_IRQHandler
                0x00000000080016e4                DMA2_Stream2_IRQHandler
                0x00000000080016e4                SPI1_IRQHandler
                0x00000000080016e4                TIM6_DAC_IRQHandler
                0x00000000080016e4                TIM1_BRK_TIM9_IRQHandler
                0x00000000080016e4                DCMI_IRQHandler
                0x00000000080016e4                CAN2_RX0_IRQHandler
                0x00000000080016e4                DMA2_Stream3_IRQHandler
                0x00000000080016e4                USART6_IRQHandler
                0x00000000080016e4                USART3_IRQHandler
                0x00000000080016e4                CAN1_RX1_IRQHandler
                0x00000000080016e4                UART5_IRQHandler
                0x00000000080016e4                DMA2_Stream0_IRQHandler
                0x00000000080016e4                TIM4_IRQHandler
                0x00000000080016e4                I2C1_EV_IRQHandler
                0x00000000080016e4                DMA1_Stream6_IRQHandler
                0x00000000080016e4                DMA1_Stream1_IRQHandler
                0x00000000080016e4                UART4_IRQHandler
                0x00000000080016e4                TIM3_IRQHandler
                0x00000000080016e4                RCC_IRQHandler
                0x00000000080016e4                TIM8_BRK_TIM12_IRQHandler
                0x00000000080016e4                Default_Handler
                0x00000000080016e4                EXTI15_10_IRQHandler
                0x00000000080016e4                ADC_IRQHandler
                0x00000000080016e4                DMA1_Stream7_IRQHandler
                0x00000000080016e4                TIM7_IRQHandler
                0x00000000080016e4                CAN2_TX_IRQHandler
                0x00000000080016e4                TIM5_IRQHandler
                0x00000000080016e4                DMA2_Stream7_IRQHandler
                0x00000000080016e4                I2C3_EV_IRQHandler
                0x00000000080016e4                EXTI9_5_IRQHandler
                0x00000000080016e4                RTC_WKUP_IRQHandler
                0x00000000080016e4                ETH_WKUP_IRQHandler
                0x00000000080016e4                SPI2_IRQHandler
                0x00000000080016e4                OTG_HS_EP1_IN_IRQHandler
                0x00000000080016e4                DMA1_Stream0_IRQHandler
                0x00000000080016e4                CAN1_TX_IRQHandler
                0x00000000080016e4                EXTI4_IRQHandler
                0x00000000080016e4                FSMC_IRQHandler
                0x00000000080016e4                ETH_IRQHandler
                0x00000000080016e4                OTG_HS_EP1_OUT_IRQHandler
                0x00000000080016e4                WWDG_IRQHandler
                0x00000000080016e4                TIM2_IRQHandler
                0x00000000080016e4                OTG_FS_WKUP_IRQHandler
                0x00000000080016e4                TIM1_TRG_COM_TIM11_IRQHandler
                0x00000000080016e4                OTG_HS_IRQHandler
                0x00000000080016e4                EXTI1_IRQHandler
                0x00000000080016e4                USART2_IRQHandler
                0x00000000080016e4                I2C2_ER_IRQHandler
                0x00000000080016e4                DMA2_Stream1_IRQHandler
                0x00000000080016e4                CAN1_SCE_IRQHandler
                0x00000000080016e4                FLASH_IRQHandler
                0x00000000080016e4                DMA2_Stream4_IRQHandler
                0x00000000080016e4                USART1_IRQHandler
                0x00000000080016e4                OTG_FS_IRQHandler
                0x00000000080016e4                SPI3_IRQHandler
                0x00000000080016e4                DMA1_Stream4_IRQHandler
                0x00000000080016e4                I2C1_ER_IRQHandler
                0x00000000080016e4                DMA2_Stream6_IRQHandler
                0x00000000080016e4                RTC_Alarm_IRQHandler
 *fill*         0x00000000080016e6        0x2 
 .text.__libc_init_array
                0x00000000080016e8       0x48 /usr/local/Caskroom/gcc-arm-embedded/9-2019-q4-major/gcc-arm-none-eabi-9-2019-q4-major/bin/../lib/gcc/arm-none-eabi/9.2.1/../../../../arm-none-eabi/lib/thumb/v7e-m/nofp/libc.a(lib_a-init.o)
                0x00000000080016e8                __libc_init_array
 .text.startup.register_fini
                0x0000000008001730       0x14 /usr/local/Caskroom/gcc-arm-embedded/9-2019-q4-major/gcc-arm-none-eabi-9-2019-q4-major/bin/../lib/gcc/arm-none-eabi/9.2.1/../../../../arm-none-eabi/lib/thumb/v7e-m/nofp/libc.a(lib_a-__call_atexit.o)
 .text.atexit   0x0000000008001744        0xc /usr/local/Caskroom/gcc-arm-embedded/9-2019-q4-major/gcc-arm-none-eabi-9-2019-q4-major/bin/../lib/gcc/arm-none-eabi/9.2.1/../../../../arm-none-eabi/lib/thumb/v7e-m/nofp/libc.a(lib_a-atexit.o)
                0x0000000008001744                atexit
 .text.__libc_fini_array
                0x0000000008001750       0x2c /usr/local/Caskroom/gcc-arm-embedded/9-2019-q4-major/gcc-arm-none-eabi-9-2019-q4-major/bin/../lib/gcc/arm-none-eabi/9.2.1/../../../../arm-none-eabi/lib/thumb/v7e-m/nofp/libc.a(lib_a-fini.o)
                0x0000000008001750                __libc_fini_array
 .text.__retarget_lock_acquire_recursive
                0x000000000800177c        0x4 /usr/local/Caskroom/gcc-arm-embedded/9-2019-q4-major/gcc-arm-none-eabi-9-2019-q4-major/bin/../lib/gcc/arm-none-eabi/9.2.1/../../../../arm-none-eabi/lib/thumb/v7e-m/nofp/libc.a(lib_a-lock.o)
                0x000000000800177c                __retarget_lock_acquire_recursive
 .text.__retarget_lock_release_recursive
                0x0000000008001780        0x4 /usr/local/Caskroom/gcc-arm-embedded/9-2019-q4-major/gcc-arm-none-eabi-9-2019-q4-major/bin/../lib/gcc/arm-none-eabi/9.2.1/../../../../arm-none-eabi/lib/thumb/v7e-m/nofp/libc.a(lib_a-lock.o)
                0x0000000008001780                __retarget_lock_release_recursive
 .text.__register_exitproc
                0x0000000008001784       0x8c /usr/local/Caskroom/gcc-arm-embedded/9-2019-q4-major/gcc-arm-none-eabi-9-2019-q4-major/bin/../lib/gcc/arm-none-eabi/9.2.1/../../../../arm-none-eabi/lib/thumb/v7e-m/nofp/libc.a(lib_a-__atexit.o)
                0x0000000008001784                __register_exitproc
 *(.glue_7)
 .glue_7        0x0000000008001810        0x0 linker stubs
 *(.glue_7t)
 .glue_7t       0x0000000008001810        0x0 linker stubs
 *(.eh_frame)
 .eh_frame      0x0000000008001810        0x0 /usr/local/Caskroom/gcc-arm-embedded/9-2019-q4-major/gcc-arm-none-eabi-9-2019-q4-major/bin/../lib/gcc/arm-none-eabi/9.2.1/thumb/v7e-m/nofp/crtbegin.o
 *(.init)
 .init          0x0000000008001810        0x4 /usr/local/Caskroom/gcc-arm-embedded/9-2019-q4-major/gcc-arm-none-eabi-9-2019-q4-major/bin/../lib/gcc/arm-none-eabi/9.2.1/thumb/v7e-m/nofp/crti.o
                0x0000000008001810                _init
 .init          0x0000000008001814        0x8 /usr/local/Caskroom/gcc-arm-embedded/9-2019-q4-major/gcc-arm-none-eabi-9-2019-q4-major/bin/../lib/gcc/arm-none-eabi/9.2.1/thumb/v7e-m/nofp/crtn.o
 *(.fini)
 .fini          0x000000000800181c        0x4 /usr/local/Caskroom/gcc-arm-embedded/9-2019-q4-major/gcc-arm-none-eabi-9-2019-q4-major/bin/../lib/gcc/arm-none-eabi/9.2.1/thumb/v7e-m/nofp/crti.o
                0x000000000800181c                _fini
 .fini          0x0000000008001820        0x8 /usr/local/Caskroom/gcc-arm-embedded/9-2019-q4-major/gcc-arm-none-eabi-9-2019-q4-major/bin/../lib/gcc/arm-none-eabi/9.2.1/thumb/v7e-m/nofp/crtn.o
                0x0000000008001828                . = ALIGN (0x4)
                0x0000000008001828                _etext = .

.vfp11_veneer   0x0000000008001828        0x0
 .vfp11_veneer  0x0000000008001828        0x0 linker stubs

.v4_bx          0x0000000008001828        0x0
 .v4_bx         0x0000000008001828        0x0 linker stubs

.iplt           0x0000000008001828        0x0
 .iplt          0x0000000008001828        0x0 /usr/local/Caskroom/gcc-arm-embedded/9-2019-q4-major/gcc-arm-none-eabi-9-2019-q4-major/bin/../lib/gcc/arm-none-eabi/9.2.1/thumb/v7e-m/nofp/crtbegin.o

.rodata         0x0000000008001828       0x1c
                0x0000000008001828                . = ALIGN (0x4)
 *(.rodata)
 *(.rodata*)
 .rodata.AHBPrescTable
                0x0000000008001828       0x10 CMakeFiles/testTFTforATKF4.elf.dir/Core/Src/system_stm32f4xx.c.obj
                0x0000000008001828                AHBPrescTable
 .rodata.APBPrescTable
                0x0000000008001838        0x8 CMakeFiles/testTFTforATKF4.elf.dir/Core/Src/system_stm32f4xx.c.obj
                0x0000000008001838                APBPrescTable
 .rodata._global_impure_ptr
                0x0000000008001840        0x4 /usr/local/Caskroom/gcc-arm-embedded/9-2019-q4-major/gcc-arm-none-eabi-9-2019-q4-major/bin/../lib/gcc/arm-none-eabi/9.2.1/../../../../arm-none-eabi/lib/thumb/v7e-m/nofp/libc.a(lib_a-impure.o)
                0x0000000008001840                _global_impure_ptr
                0x0000000008001844                . = ALIGN (0x4)

.ARM.extab
 *(.ARM.extab* .gnu.linkonce.armextab.*)

.ARM            0x0000000008001844        0x8
                0x0000000008001844                __exidx_start = .
 *(.ARM.exidx*)
 .ARM.exidx     0x0000000008001844        0x8 /usr/local/Caskroom/gcc-arm-embedded/9-2019-q4-major/gcc-arm-none-eabi-9-2019-q4-major/bin/../lib/gcc/arm-none-eabi/9.2.1/thumb/v7e-m/nofp/libgcc.a(_udivmoddi4.o)
                0x000000000800184c                __exidx_end = .

.rel.dyn        0x000000000800184c        0x0
 .rel.iplt      0x000000000800184c        0x0 /usr/local/Caskroom/gcc-arm-embedded/9-2019-q4-major/gcc-arm-none-eabi-9-2019-q4-major/bin/../lib/gcc/arm-none-eabi/9.2.1/thumb/v7e-m/nofp/crtbegin.o

.preinit_array  0x000000000800184c        0x0
                0x000000000800184c                PROVIDE (__preinit_array_start = .)
 *(.preinit_array*)
                0x000000000800184c                PROVIDE (__preinit_array_end = .)

.init_array     0x000000000800184c        0x8
                0x000000000800184c                PROVIDE (__init_array_start = .)
 *(SORT_BY_NAME(.init_array.*))
 .init_array.00000
                0x000000000800184c        0x4 /usr/local/Caskroom/gcc-arm-embedded/9-2019-q4-major/gcc-arm-none-eabi-9-2019-q4-major/bin/../lib/gcc/arm-none-eabi/9.2.1/../../../../arm-none-eabi/lib/thumb/v7e-m/nofp/libc.a(lib_a-__call_atexit.o)
 *(.init_array*)
 .init_array    0x0000000008001850        0x4 /usr/local/Caskroom/gcc-arm-embedded/9-2019-q4-major/gcc-arm-none-eabi-9-2019-q4-major/bin/../lib/gcc/arm-none-eabi/9.2.1/thumb/v7e-m/nofp/crtbegin.o
                0x0000000008001854                PROVIDE (__init_array_end = .)

.fini_array     0x0000000008001854        0x4
                0x0000000008001854                PROVIDE (__fini_array_start = .)
 *(SORT_BY_NAME(.fini_array.*))
 *(.fini_array*)
 .fini_array    0x0000000008001854        0x4 /usr/local/Caskroom/gcc-arm-embedded/9-2019-q4-major/gcc-arm-none-eabi-9-2019-q4-major/bin/../lib/gcc/arm-none-eabi/9.2.1/thumb/v7e-m/nofp/crtbegin.o
                0x0000000008001858                PROVIDE (__fini_array_end = .)
                0x0000000008001858                _sidata = LOADADDR (.data)

.data           0x0000000020000000      0x43c load address 0x0000000008001858
                0x0000000020000000                . = ALIGN (0x4)
                0x0000000020000000                _sdata = .
 *(.data)
 *(.data*)
 .data.SystemCoreClock
                0x0000000020000000        0x4 CMakeFiles/testTFTforATKF4.elf.dir/Core/Src/system_stm32f4xx.c.obj
                0x0000000020000000                SystemCoreClock
 .data.uwTickFreq
                0x0000000020000004        0x1 CMakeFiles/testTFTforATKF4.elf.dir/Drivers/STM32F4xx_HAL_Driver/Src/stm32f4xx_hal.c.obj
                0x0000000020000004                uwTickFreq
 *fill*         0x0000000020000005        0x3 
 .data.uwTickPrio
                0x0000000020000008        0x4 CMakeFiles/testTFTforATKF4.elf.dir/Drivers/STM32F4xx_HAL_Driver/Src/stm32f4xx_hal.c.obj
                0x0000000020000008                uwTickPrio
 *fill*         0x000000002000000c        0x4 
 .data.impure_data
                0x0000000020000010      0x428 /usr/local/Caskroom/gcc-arm-embedded/9-2019-q4-major/gcc-arm-none-eabi-9-2019-q4-major/bin/../lib/gcc/arm-none-eabi/9.2.1/../../../../arm-none-eabi/lib/thumb/v7e-m/nofp/libc.a(lib_a-impure.o)
 .data.__atexit_recursive_mutex
                0x0000000020000438        0x4 /usr/local/Caskroom/gcc-arm-embedded/9-2019-q4-major/gcc-arm-none-eabi-9-2019-q4-major/bin/../lib/gcc/arm-none-eabi/9.2.1/../../../../arm-none-eabi/lib/thumb/v7e-m/nofp/libc.a(lib_a-__call_atexit.o)
                0x0000000020000438                __atexit_recursive_mutex
                0x000000002000043c                . = ALIGN (0x4)
                0x000000002000043c                _edata = .
                0x0000000008001c94                _siccmram = LOADADDR (.ccmram)

.igot.plt       0x000000002000043c        0x0 load address 0x0000000008001c94
 .igot.plt      0x000000002000043c        0x0 /usr/local/Caskroom/gcc-arm-embedded/9-2019-q4-major/gcc-arm-none-eabi-9-2019-q4-major/bin/../lib/gcc/arm-none-eabi/9.2.1/thumb/v7e-m/nofp/crtbegin.o

.ccmram         0x0000000010000000        0x0 load address 0x0000000008001c94
                0x0000000010000000                . = ALIGN (0x4)
                0x0000000010000000                _sccmram = .
 *(.ccmram)
 *(.ccmram*)
                0x0000000010000000                . = ALIGN (0x4)
                0x0000000010000000                _eccmram = .
                0x0000000010000000                . = ALIGN (0x4)

.bss            0x0000000020000440       0xec
                0x0000000020000440                _sbss = .
                0x0000000020000440                __bss_start__ = _sbss
 *(.bss)
 .bss           0x0000000020000440       0x1c /usr/local/Caskroom/gcc-arm-embedded/9-2019-q4-major/gcc-arm-none-eabi-9-2019-q4-major/bin/../lib/gcc/arm-none-eabi/9.2.1/thumb/v7e-m/nofp/crtbegin.o
 *(.bss*)
 .bss.FSMC_Initialized
                0x000000002000045c        0x4 CMakeFiles/testTFTforATKF4.elf.dir/Core/Src/fsmc.c.obj
 .bss.hsram1    0x0000000020000460       0x50 CMakeFiles/testTFTforATKF4.elf.dir/Core/Src/fsmc.c.obj
                0x0000000020000460                hsram1
 .bss.huart1    0x00000000200004b0       0x44 CMakeFiles/testTFTforATKF4.elf.dir/Core/Src/usart.c.obj
                0x00000000200004b0                huart1
 .bss.uwTick    0x00000000200004f4        0x4 CMakeFiles/testTFTforATKF4.elf.dir/Drivers/STM32F4xx_HAL_Driver/Src/stm32f4xx_hal.c.obj
                0x00000000200004f4                uwTick
 .bss.lcddev    0x00000000200004f8        0xe CMakeFiles/testTFTforATKF4.elf.dir/Hardwares/LCD/lcd.c.obj
                0x00000000200004f8                lcddev
 *(COMMON)
 *fill*         0x0000000020000506        0x2 
 COMMON         0x0000000020000508       0x21 /usr/local/Caskroom/gcc-arm-embedded/9-2019-q4-major/gcc-arm-none-eabi-9-2019-q4-major/bin/../lib/gcc/arm-none-eabi/9.2.1/../../../../arm-none-eabi/lib/thumb/v7e-m/nofp/libc.a(lib_a-lock.o)
                0x0000000020000508                __lock___atexit_recursive_mutex
                0x000000002000050c                __lock___arc4random_mutex
                0x0000000020000510                __lock___env_recursive_mutex
                0x0000000020000514                __lock___sinit_recursive_mutex
                0x0000000020000518                __lock___malloc_recursive_mutex
                0x000000002000051c                __lock___at_quick_exit_mutex
                0x0000000020000520                __lock___dd_hash_mutex
                0x0000000020000524                __lock___tz_mutex
                0x0000000020000528                __lock___sfp_recursive_mutex
                0x000000002000052c                . = ALIGN (0x4)
 *fill*         0x0000000020000529        0x3 
                0x000000002000052c                _ebss = .
                0x000000002000052c                __bss_end__ = _ebss

._user_heap_stack
                0x000000002000052c      0x604
                0x0000000020000530                . = ALIGN (0x8)
 *fill*         0x000000002000052c        0x4 
                0x0000000020000530                PROVIDE (end = .)
                [!provide]                        PROVIDE (_end = .)
                0x0000000020000730                . = (. + _Min_Heap_Size)
 *fill*         0x0000000020000530      0x200 
                0x0000000020000b30                . = (. + _Min_Stack_Size)
 *fill*         0x0000000020000730      0x400 
                0x0000000020000b30                . = ALIGN (0x8)

/DISCARD/
 libc.a(*)
 libm.a(*)
 libgcc.a(*)

.ARM.attributes
                0x0000000000000000       0x2a
 *(.ARM.attributes)
 .ARM.attributes
                0x0000000000000000       0x1e /usr/local/Caskroom/gcc-arm-embedded/9-2019-q4-major/gcc-arm-none-eabi-9-2019-q4-major/bin/../lib/gcc/arm-none-eabi/9.2.1/thumb/v7e-m/nofp/crti.o
 .ARM.attributes
                0x000000000000001e       0x2e /usr/local/Caskroom/gcc-arm-embedded/9-2019-q4-major/gcc-arm-none-eabi-9-2019-q4-major/bin/../lib/gcc/arm-none-eabi/9.2.1/thumb/v7e-m/nofp/crtbegin.o
 .ARM.attributes
                0x000000000000004c       0x2a CMakeFiles/testTFTforATKF4.elf.dir/Core/Src/fsmc.c.obj
 .ARM.attributes
                0x0000000000000076       0x2a CMakeFiles/testTFTforATKF4.elf.dir/Core/Src/gpio.c.obj
 .ARM.attributes
                0x00000000000000a0       0x2a CMakeFiles/testTFTforATKF4.elf.dir/Core/Src/main.c.obj
 .ARM.attributes
                0x00000000000000ca       0x2a CMakeFiles/testTFTforATKF4.elf.dir/Core/Src/stm32f4xx_hal_msp.c.obj
 .ARM.attributes
                0x00000000000000f4       0x2a CMakeFiles/testTFTforATKF4.elf.dir/Core/Src/stm32f4xx_it.c.obj
 .ARM.attributes
                0x000000000000011e       0x2a CMakeFiles/testTFTforATKF4.elf.dir/Core/Src/system_stm32f4xx.c.obj
 .ARM.attributes
                0x0000000000000148       0x2a CMakeFiles/testTFTforATKF4.elf.dir/Core/Src/usart.c.obj
 .ARM.attributes
                0x0000000000000172       0x2a CMakeFiles/testTFTforATKF4.elf.dir/Drivers/STM32F4xx_HAL_Driver/Src/stm32f4xx_hal.c.obj
 .ARM.attributes
                0x000000000000019c       0x2a CMakeFiles/testTFTforATKF4.elf.dir/Drivers/STM32F4xx_HAL_Driver/Src/stm32f4xx_hal_cortex.c.obj
 .ARM.attributes
                0x00000000000001c6       0x2a CMakeFiles/testTFTforATKF4.elf.dir/Drivers/STM32F4xx_HAL_Driver/Src/stm32f4xx_hal_gpio.c.obj
 .ARM.attributes
                0x00000000000001f0       0x2a CMakeFiles/testTFTforATKF4.elf.dir/Drivers/STM32F4xx_HAL_Driver/Src/stm32f4xx_hal_rcc.c.obj
 .ARM.attributes
                0x000000000000021a       0x2a CMakeFiles/testTFTforATKF4.elf.dir/Drivers/STM32F4xx_HAL_Driver/Src/stm32f4xx_hal_sram.c.obj
 .ARM.attributes
                0x0000000000000244       0x2a CMakeFiles/testTFTforATKF4.elf.dir/Drivers/STM32F4xx_HAL_Driver/Src/stm32f4xx_hal_uart.c.obj
 .ARM.attributes
                0x000000000000026e       0x2a CMakeFiles/testTFTforATKF4.elf.dir/Drivers/STM32F4xx_HAL_Driver/Src/stm32f4xx_ll_fsmc.c.obj
 .ARM.attributes
                0x0000000000000298       0x2a CMakeFiles/testTFTforATKF4.elf.dir/Hardwares/LCD/lcd.c.obj
 .ARM.attributes
                0x00000000000002c2       0x21 CMakeFiles/testTFTforATKF4.elf.dir/startup/startup_stm32f407xx.s.obj
 .ARM.attributes
                0x00000000000002e3       0x1e /usr/local/Caskroom/gcc-arm-embedded/9-2019-q4-major/gcc-arm-none-eabi-9-2019-q4-major/bin/../lib/gcc/arm-none-eabi/9.2.1/thumb/v7e-m/nofp/libgcc.a(_aeabi_uldivmod.o)
 .ARM.attributes
                0x0000000000000301       0x2e /usr/local/Caskroom/gcc-arm-embedded/9-2019-q4-major/gcc-arm-none-eabi-9-2019-q4-major/bin/../lib/gcc/arm-none-eabi/9.2.1/thumb/v7e-m/nofp/libgcc.a(_udivmoddi4.o)
 .ARM.attributes
                0x000000000000032f       0x1e /usr/local/Caskroom/gcc-arm-embedded/9-2019-q4-major/gcc-arm-none-eabi-9-2019-q4-major/bin/../lib/gcc/arm-none-eabi/9.2.1/thumb/v7e-m/nofp/libgcc.a(_dvmd_tls.o)
 .ARM.attributes
                0x000000000000034d       0x2e /usr/local/Caskroom/gcc-arm-embedded/9-2019-q4-major/gcc-arm-none-eabi-9-2019-q4-major/bin/../lib/gcc/arm-none-eabi/9.2.1/../../../../arm-none-eabi/lib/thumb/v7e-m/nofp/libc.a(lib_a-impure.o)
 .ARM.attributes
                0x000000000000037b       0x2e /usr/local/Caskroom/gcc-arm-embedded/9-2019-q4-major/gcc-arm-none-eabi-9-2019-q4-major/bin/../lib/gcc/arm-none-eabi/9.2.1/../../../../arm-none-eabi/lib/thumb/v7e-m/nofp/libc.a(lib_a-init.o)
 .ARM.attributes
                0x00000000000003a9       0x2e /usr/local/Caskroom/gcc-arm-embedded/9-2019-q4-major/gcc-arm-none-eabi-9-2019-q4-major/bin/../lib/gcc/arm-none-eabi/9.2.1/../../../../arm-none-eabi/lib/thumb/v7e-m/nofp/libc.a(lib_a-__call_atexit.o)
 .ARM.attributes
                0x00000000000003d7       0x2e /usr/local/Caskroom/gcc-arm-embedded/9-2019-q4-major/gcc-arm-none-eabi-9-2019-q4-major/bin/../lib/gcc/arm-none-eabi/9.2.1/../../../../arm-none-eabi/lib/thumb/v7e-m/nofp/libc.a(lib_a-atexit.o)
 .ARM.attributes
                0x0000000000000405       0x2e /usr/local/Caskroom/gcc-arm-embedded/9-2019-q4-major/gcc-arm-none-eabi-9-2019-q4-major/bin/../lib/gcc/arm-none-eabi/9.2.1/../../../../arm-none-eabi/lib/thumb/v7e-m/nofp/libc.a(lib_a-fini.o)
 .ARM.attributes
                0x0000000000000433       0x2e /usr/local/Caskroom/gcc-arm-embedded/9-2019-q4-major/gcc-arm-none-eabi-9-2019-q4-major/bin/../lib/gcc/arm-none-eabi/9.2.1/../../../../arm-none-eabi/lib/thumb/v7e-m/nofp/libc.a(lib_a-lock.o)
 .ARM.attributes
                0x0000000000000461       0x2e /usr/local/Caskroom/gcc-arm-embedded/9-2019-q4-major/gcc-arm-none-eabi-9-2019-q4-major/bin/../lib/gcc/arm-none-eabi/9.2.1/../../../../arm-none-eabi/lib/thumb/v7e-m/nofp/libc.a(lib_a-__atexit.o)
 .ARM.attributes
                0x000000000000048f       0x1e /usr/local/Caskroom/gcc-arm-embedded/9-2019-q4-major/gcc-arm-none-eabi-9-2019-q4-major/bin/../lib/gcc/arm-none-eabi/9.2.1/thumb/v7e-m/nofp/crtn.o
OUTPUT(testTFTforATKF4.elf elf32-littlearm)

.comment        0x0000000000000000       0x79
 .comment       0x0000000000000000       0x79 CMakeFiles/testTFTforATKF4.elf.dir/Core/Src/fsmc.c.obj
                                         0x7a (size before relaxing)
 .comment       0x0000000000000079       0x7a CMakeFiles/testTFTforATKF4.elf.dir/Core/Src/gpio.c.obj
 .comment       0x0000000000000079       0x7a CMakeFiles/testTFTforATKF4.elf.dir/Core/Src/main.c.obj
 .comment       0x0000000000000079       0x7a CMakeFiles/testTFTforATKF4.elf.dir/Core/Src/stm32f4xx_hal_msp.c.obj
 .comment       0x0000000000000079       0x7a CMakeFiles/testTFTforATKF4.elf.dir/Core/Src/stm32f4xx_it.c.obj
 .comment       0x0000000000000079       0x7a CMakeFiles/testTFTforATKF4.elf.dir/Core/Src/system_stm32f4xx.c.obj
 .comment       0x0000000000000079       0x7a CMakeFiles/testTFTforATKF4.elf.dir/Core/Src/usart.c.obj
 .comment       0x0000000000000079       0x7a CMakeFiles/testTFTforATKF4.elf.dir/Drivers/STM32F4xx_HAL_Driver/Src/stm32f4xx_hal.c.obj
 .comment       0x0000000000000079       0x7a CMakeFiles/testTFTforATKF4.elf.dir/Drivers/STM32F4xx_HAL_Driver/Src/stm32f4xx_hal_cortex.c.obj
 .comment       0x0000000000000079       0x7a CMakeFiles/testTFTforATKF4.elf.dir/Drivers/STM32F4xx_HAL_Driver/Src/stm32f4xx_hal_gpio.c.obj
 .comment       0x0000000000000079       0x7a CMakeFiles/testTFTforATKF4.elf.dir/Drivers/STM32F4xx_HAL_Driver/Src/stm32f4xx_hal_rcc.c.obj
 .comment       0x0000000000000079       0x7a CMakeFiles/testTFTforATKF4.elf.dir/Drivers/STM32F4xx_HAL_Driver/Src/stm32f4xx_hal_sram.c.obj
 .comment       0x0000000000000079       0x7a CMakeFiles/testTFTforATKF4.elf.dir/Drivers/STM32F4xx_HAL_Driver/Src/stm32f4xx_hal_uart.c.obj
 .comment       0x0000000000000079       0x7a CMakeFiles/testTFTforATKF4.elf.dir/Drivers/STM32F4xx_HAL_Driver/Src/stm32f4xx_ll_fsmc.c.obj
 .comment       0x0000000000000079       0x7a CMakeFiles/testTFTforATKF4.elf.dir/Hardwares/LCD/lcd.c.obj

.debug_frame    0x0000000000000000      0x220
 .debug_frame   0x0000000000000000       0x2c /usr/local/Caskroom/gcc-arm-embedded/9-2019-q4-major/gcc-arm-none-eabi-9-2019-q4-major/bin/../lib/gcc/arm-none-eabi/9.2.1/thumb/v7e-m/nofp/libgcc.a(_aeabi_uldivmod.o)
 .debug_frame   0x000000000000002c       0x34 /usr/local/Caskroom/gcc-arm-embedded/9-2019-q4-major/gcc-arm-none-eabi-9-2019-q4-major/bin/../lib/gcc/arm-none-eabi/9.2.1/thumb/v7e-m/nofp/libgcc.a(_udivmoddi4.o)
 .debug_frame   0x0000000000000060       0x2c /usr/local/Caskroom/gcc-arm-embedded/9-2019-q4-major/gcc-arm-none-eabi-9-2019-q4-major/bin/../lib/gcc/arm-none-eabi/9.2.1/../../../../arm-none-eabi/lib/thumb/v7e-m/nofp/libc.a(lib_a-init.o)
 .debug_frame   0x000000000000008c       0x5c /usr/local/Caskroom/gcc-arm-embedded/9-2019-q4-major/gcc-arm-none-eabi-9-2019-q4-major/bin/../lib/gcc/arm-none-eabi/9.2.1/../../../../arm-none-eabi/lib/thumb/v7e-m/nofp/libc.a(lib_a-__call_atexit.o)
 .debug_frame   0x00000000000000e8       0x20 /usr/local/Caskroom/gcc-arm-embedded/9-2019-q4-major/gcc-arm-none-eabi-9-2019-q4-major/bin/../lib/gcc/arm-none-eabi/9.2.1/../../../../arm-none-eabi/lib/thumb/v7e-m/nofp/libc.a(lib_a-atexit.o)
 .debug_frame   0x0000000000000108       0x34 /usr/local/Caskroom/gcc-arm-embedded/9-2019-q4-major/gcc-arm-none-eabi-9-2019-q4-major/bin/../lib/gcc/arm-none-eabi/9.2.1/../../../../arm-none-eabi/lib/thumb/v7e-m/nofp/libc.a(lib_a-fini.o)
 .debug_frame   0x000000000000013c       0xb0 /usr/local/Caskroom/gcc-arm-embedded/9-2019-q4-major/gcc-arm-none-eabi-9-2019-q4-major/bin/../lib/gcc/arm-none-eabi/9.2.1/../../../../arm-none-eabi/lib/thumb/v7e-m/nofp/libc.a(lib_a-lock.o)
 .debug_frame   0x00000000000001ec       0x34 /usr/local/Caskroom/gcc-arm-embedded/9-2019-q4-major/gcc-arm-none-eabi-9-2019-q4-major/bin/../lib/gcc/arm-none-eabi/9.2.1/../../../../arm-none-eabi/lib/thumb/v7e-m/nofp/libc.a(lib_a-__atexit.o)
